ARM GAS  /tmp/ccN04DPh.s 			page 1


   1              		.cpu cortex-m4
   2              		.arch armv7e-m
   3              		.fpu fpv4-sp-d16
   4              		.eabi_attribute 27, 1
   5              		.eabi_attribute 28, 1
   6              		.eabi_attribute 20, 1
   7              		.eabi_attribute 21, 1
   8              		.eabi_attribute 23, 3
   9              		.eabi_attribute 24, 1
  10              		.eabi_attribute 25, 1
  11              		.eabi_attribute 26, 1
  12              		.eabi_attribute 30, 1
  13              		.eabi_attribute 34, 1
  14              		.eabi_attribute 18, 4
  15              		.file	"adc.c"
  16              		.text
  17              	.Ltext0:
  18              		.cfi_sections	.debug_frame
  19              		.file 1 "Core/Src/adc.c"
  20              		.section	.text.MX_ADC1_Init,"ax",%progbits
  21              		.align	1
  22              		.global	MX_ADC1_Init
  23              		.syntax unified
  24              		.thumb
  25              		.thumb_func
  27              	MX_ADC1_Init:
  28              	.LFB220:
   1:Core/Src/adc.c **** /* USER CODE BEGIN Header */
   2:Core/Src/adc.c **** /**
   3:Core/Src/adc.c ****   ******************************************************************************
   4:Core/Src/adc.c ****   * @file    adc.c
   5:Core/Src/adc.c ****   * @brief   This file provides code for the configuration
   6:Core/Src/adc.c ****   *          of the ADC instances.
   7:Core/Src/adc.c ****   ******************************************************************************
   8:Core/Src/adc.c ****   * @attention
   9:Core/Src/adc.c ****   *
  10:Core/Src/adc.c ****   * Copyright (c) 2026 STMicroelectronics.
  11:Core/Src/adc.c ****   * All rights reserved.
  12:Core/Src/adc.c ****   *
  13:Core/Src/adc.c ****   * This software is licensed under terms that can be found in the LICENSE file
  14:Core/Src/adc.c ****   * in the root directory of this software component.
  15:Core/Src/adc.c ****   * If no LICENSE file comes with this software, it is provided AS-IS.
  16:Core/Src/adc.c ****   *
  17:Core/Src/adc.c ****   ******************************************************************************
  18:Core/Src/adc.c ****   */
  19:Core/Src/adc.c **** /* USER CODE END Header */
  20:Core/Src/adc.c **** /* Includes ------------------------------------------------------------------*/
  21:Core/Src/adc.c **** #include "adc.h"
  22:Core/Src/adc.c **** 
  23:Core/Src/adc.c **** /* USER CODE BEGIN 0 */
  24:Core/Src/adc.c **** 
  25:Core/Src/adc.c **** /* USER CODE END 0 */
  26:Core/Src/adc.c **** 
  27:Core/Src/adc.c **** ADC_HandleTypeDef hadc1;
  28:Core/Src/adc.c **** 
  29:Core/Src/adc.c **** /* ADC1 init function */
  30:Core/Src/adc.c **** void MX_ADC1_Init(void)
ARM GAS  /tmp/ccN04DPh.s 			page 2


  31:Core/Src/adc.c **** {
  29              		.loc 1 31 1 view -0
  30              		.cfi_startproc
  31              		@ args = 0, pretend = 0, frame = 16
  32              		@ frame_needed = 0, uses_anonymous_args = 0
  33 0000 00B5     		push	{lr}
  34              	.LCFI0:
  35              		.cfi_def_cfa_offset 4
  36              		.cfi_offset 14, -4
  37 0002 85B0     		sub	sp, sp, #20
  38              	.LCFI1:
  39              		.cfi_def_cfa_offset 24
  32:Core/Src/adc.c **** 
  33:Core/Src/adc.c ****   /* USER CODE BEGIN ADC1_Init 0 */
  34:Core/Src/adc.c **** 
  35:Core/Src/adc.c ****   /* USER CODE END ADC1_Init 0 */
  36:Core/Src/adc.c **** 
  37:Core/Src/adc.c ****   ADC_ChannelConfTypeDef sConfig = {0};
  40              		.loc 1 37 3 view .LVU1
  41              		.loc 1 37 26 is_stmt 0 view .LVU2
  42 0004 0023     		movs	r3, #0
  43 0006 0093     		str	r3, [sp]
  44 0008 0193     		str	r3, [sp, #4]
  45 000a 0293     		str	r3, [sp, #8]
  46 000c 0393     		str	r3, [sp, #12]
  38:Core/Src/adc.c **** 
  39:Core/Src/adc.c ****   /* USER CODE BEGIN ADC1_Init 1 */
  40:Core/Src/adc.c **** 
  41:Core/Src/adc.c ****   /* USER CODE END ADC1_Init 1 */
  42:Core/Src/adc.c **** 
  43:Core/Src/adc.c ****   /** Configure the global features of the ADC (Clock, Resolution, Data Alignment and number of con
  44:Core/Src/adc.c ****   */
  45:Core/Src/adc.c ****   hadc1.Instance = ADC1;
  47              		.loc 1 45 3 is_stmt 1 view .LVU3
  48              		.loc 1 45 18 is_stmt 0 view .LVU4
  49 000e 4048     		ldr	r0, .L21
  50 0010 404A     		ldr	r2, .L21+4
  51 0012 0260     		str	r2, [r0]
  46:Core/Src/adc.c ****   hadc1.Init.ClockPrescaler = ADC_CLOCK_SYNC_PCLK_DIV4;
  52              		.loc 1 46 3 is_stmt 1 view .LVU5
  53              		.loc 1 46 29 is_stmt 0 view .LVU6
  54 0014 4FF48032 		mov	r2, #65536
  55 0018 4260     		str	r2, [r0, #4]
  47:Core/Src/adc.c ****   hadc1.Init.Resolution = ADC_RESOLUTION_12B;
  56              		.loc 1 47 3 is_stmt 1 view .LVU7
  57              		.loc 1 47 25 is_stmt 0 view .LVU8
  58 001a 8360     		str	r3, [r0, #8]
  48:Core/Src/adc.c ****   hadc1.Init.ScanConvMode = ENABLE;
  59              		.loc 1 48 3 is_stmt 1 view .LVU9
  60              		.loc 1 48 27 is_stmt 0 view .LVU10
  61 001c 0122     		movs	r2, #1
  62 001e 0261     		str	r2, [r0, #16]
  49:Core/Src/adc.c ****   hadc1.Init.ContinuousConvMode = DISABLE;
  63              		.loc 1 49 3 is_stmt 1 view .LVU11
  64              		.loc 1 49 33 is_stmt 0 view .LVU12
  65 0020 0376     		strb	r3, [r0, #24]
  50:Core/Src/adc.c ****   hadc1.Init.DiscontinuousConvMode = DISABLE;
ARM GAS  /tmp/ccN04DPh.s 			page 3


  66              		.loc 1 50 3 is_stmt 1 view .LVU13
  67              		.loc 1 50 36 is_stmt 0 view .LVU14
  68 0022 80F82030 		strb	r3, [r0, #32]
  51:Core/Src/adc.c ****   hadc1.Init.ExternalTrigConvEdge = ADC_EXTERNALTRIGCONVEDGE_NONE;
  69              		.loc 1 51 3 is_stmt 1 view .LVU15
  70              		.loc 1 51 35 is_stmt 0 view .LVU16
  71 0026 C362     		str	r3, [r0, #44]
  52:Core/Src/adc.c ****   hadc1.Init.ExternalTrigConv = ADC_SOFTWARE_START;
  72              		.loc 1 52 3 is_stmt 1 view .LVU17
  73              		.loc 1 52 31 is_stmt 0 view .LVU18
  74 0028 3B49     		ldr	r1, .L21+8
  75 002a 8162     		str	r1, [r0, #40]
  53:Core/Src/adc.c ****   hadc1.Init.DataAlign = ADC_DATAALIGN_RIGHT;
  76              		.loc 1 53 3 is_stmt 1 view .LVU19
  77              		.loc 1 53 24 is_stmt 0 view .LVU20
  78 002c C360     		str	r3, [r0, #12]
  54:Core/Src/adc.c ****   hadc1.Init.NbrOfConversion = 8;
  79              		.loc 1 54 3 is_stmt 1 view .LVU21
  80              		.loc 1 54 30 is_stmt 0 view .LVU22
  81 002e 0821     		movs	r1, #8
  82 0030 C161     		str	r1, [r0, #28]
  55:Core/Src/adc.c ****   hadc1.Init.DMAContinuousRequests = DISABLE;
  83              		.loc 1 55 3 is_stmt 1 view .LVU23
  84              		.loc 1 55 36 is_stmt 0 view .LVU24
  85 0032 80F83030 		strb	r3, [r0, #48]
  56:Core/Src/adc.c ****   hadc1.Init.EOCSelection = ADC_EOC_SINGLE_CONV;
  86              		.loc 1 56 3 is_stmt 1 view .LVU25
  87              		.loc 1 56 27 is_stmt 0 view .LVU26
  88 0036 4261     		str	r2, [r0, #20]
  57:Core/Src/adc.c ****   if (HAL_ADC_Init(&hadc1) != HAL_OK)
  89              		.loc 1 57 3 is_stmt 1 view .LVU27
  90              		.loc 1 57 7 is_stmt 0 view .LVU28
  91 0038 FFF7FEFF 		bl	HAL_ADC_Init
  92              	.LVL0:
  93              		.loc 1 57 6 discriminator 1 view .LVU29
  94 003c 0028     		cmp	r0, #0
  95 003e 4CD1     		bne	.L12
  96              	.L2:
  58:Core/Src/adc.c ****   {
  59:Core/Src/adc.c ****     Error_Handler();
  60:Core/Src/adc.c ****   }
  61:Core/Src/adc.c **** 
  62:Core/Src/adc.c ****   /** Configure for the selected ADC regular channel its corresponding rank in the sequencer and it
  63:Core/Src/adc.c ****   */
  64:Core/Src/adc.c ****   sConfig.Channel = ADC_CHANNEL_0;
  97              		.loc 1 64 3 is_stmt 1 view .LVU30
  98              		.loc 1 64 19 is_stmt 0 view .LVU31
  99 0040 0023     		movs	r3, #0
 100 0042 0093     		str	r3, [sp]
  65:Core/Src/adc.c ****   sConfig.Rank = 1;
 101              		.loc 1 65 3 is_stmt 1 view .LVU32
 102              		.loc 1 65 16 is_stmt 0 view .LVU33
 103 0044 0123     		movs	r3, #1
 104 0046 0193     		str	r3, [sp, #4]
  66:Core/Src/adc.c ****   sConfig.SamplingTime = ADC_SAMPLETIME_480CYCLES;
 105              		.loc 1 66 3 is_stmt 1 view .LVU34
 106              		.loc 1 66 24 is_stmt 0 view .LVU35
ARM GAS  /tmp/ccN04DPh.s 			page 4


 107 0048 0723     		movs	r3, #7
 108 004a 0293     		str	r3, [sp, #8]
  67:Core/Src/adc.c ****   if (HAL_ADC_ConfigChannel(&hadc1, &sConfig) != HAL_OK)
 109              		.loc 1 67 3 is_stmt 1 view .LVU36
 110              		.loc 1 67 7 is_stmt 0 view .LVU37
 111 004c 6946     		mov	r1, sp
 112 004e 3048     		ldr	r0, .L21
 113 0050 FFF7FEFF 		bl	HAL_ADC_ConfigChannel
 114              	.LVL1:
 115              		.loc 1 67 6 discriminator 1 view .LVU38
 116 0054 0028     		cmp	r0, #0
 117 0056 43D1     		bne	.L13
 118              	.L3:
  68:Core/Src/adc.c ****   {
  69:Core/Src/adc.c ****     Error_Handler();
  70:Core/Src/adc.c ****   }
  71:Core/Src/adc.c **** 
  72:Core/Src/adc.c ****   /** Configure for the selected ADC regular channel its corresponding rank in the sequencer and it
  73:Core/Src/adc.c ****   */
  74:Core/Src/adc.c ****   sConfig.Channel = ADC_CHANNEL_1;
 119              		.loc 1 74 3 is_stmt 1 view .LVU39
 120              		.loc 1 74 19 is_stmt 0 view .LVU40
 121 0058 0123     		movs	r3, #1
 122 005a 0093     		str	r3, [sp]
  75:Core/Src/adc.c ****   sConfig.Rank = 2;
 123              		.loc 1 75 3 is_stmt 1 view .LVU41
 124              		.loc 1 75 16 is_stmt 0 view .LVU42
 125 005c 0223     		movs	r3, #2
 126 005e 0193     		str	r3, [sp, #4]
  76:Core/Src/adc.c ****   if (HAL_ADC_ConfigChannel(&hadc1, &sConfig) != HAL_OK)
 127              		.loc 1 76 3 is_stmt 1 view .LVU43
 128              		.loc 1 76 7 is_stmt 0 view .LVU44
 129 0060 6946     		mov	r1, sp
 130 0062 2B48     		ldr	r0, .L21
 131 0064 FFF7FEFF 		bl	HAL_ADC_ConfigChannel
 132              	.LVL2:
 133              		.loc 1 76 6 discriminator 1 view .LVU45
 134 0068 0028     		cmp	r0, #0
 135 006a 3CD1     		bne	.L14
 136              	.L4:
  77:Core/Src/adc.c ****   {
  78:Core/Src/adc.c ****     Error_Handler();
  79:Core/Src/adc.c ****   }
  80:Core/Src/adc.c **** 
  81:Core/Src/adc.c ****   /** Configure for the selected ADC regular channel its corresponding rank in the sequencer and it
  82:Core/Src/adc.c ****   */
  83:Core/Src/adc.c ****   sConfig.Channel = ADC_CHANNEL_2;
 137              		.loc 1 83 3 is_stmt 1 view .LVU46
 138              		.loc 1 83 19 is_stmt 0 view .LVU47
 139 006c 0223     		movs	r3, #2
 140 006e 0093     		str	r3, [sp]
  84:Core/Src/adc.c ****   sConfig.Rank = 3;
 141              		.loc 1 84 3 is_stmt 1 view .LVU48
 142              		.loc 1 84 16 is_stmt 0 view .LVU49
 143 0070 0323     		movs	r3, #3
 144 0072 0193     		str	r3, [sp, #4]
  85:Core/Src/adc.c ****   if (HAL_ADC_ConfigChannel(&hadc1, &sConfig) != HAL_OK)
ARM GAS  /tmp/ccN04DPh.s 			page 5


 145              		.loc 1 85 3 is_stmt 1 view .LVU50
 146              		.loc 1 85 7 is_stmt 0 view .LVU51
 147 0074 6946     		mov	r1, sp
 148 0076 2648     		ldr	r0, .L21
 149 0078 FFF7FEFF 		bl	HAL_ADC_ConfigChannel
 150              	.LVL3:
 151              		.loc 1 85 6 discriminator 1 view .LVU52
 152 007c 0028     		cmp	r0, #0
 153 007e 35D1     		bne	.L15
 154              	.L5:
  86:Core/Src/adc.c ****   {
  87:Core/Src/adc.c ****     Error_Handler();
  88:Core/Src/adc.c ****   }
  89:Core/Src/adc.c **** 
  90:Core/Src/adc.c ****   /** Configure for the selected ADC regular channel its corresponding rank in the sequencer and it
  91:Core/Src/adc.c ****   */
  92:Core/Src/adc.c ****   sConfig.Channel = ADC_CHANNEL_3;
 155              		.loc 1 92 3 is_stmt 1 view .LVU53
 156              		.loc 1 92 19 is_stmt 0 view .LVU54
 157 0080 0323     		movs	r3, #3
 158 0082 0093     		str	r3, [sp]
  93:Core/Src/adc.c ****   sConfig.Rank = 4;
 159              		.loc 1 93 3 is_stmt 1 view .LVU55
 160              		.loc 1 93 16 is_stmt 0 view .LVU56
 161 0084 0423     		movs	r3, #4
 162 0086 0193     		str	r3, [sp, #4]
  94:Core/Src/adc.c ****   if (HAL_ADC_ConfigChannel(&hadc1, &sConfig) != HAL_OK)
 163              		.loc 1 94 3 is_stmt 1 view .LVU57
 164              		.loc 1 94 7 is_stmt 0 view .LVU58
 165 0088 6946     		mov	r1, sp
 166 008a 2148     		ldr	r0, .L21
 167 008c FFF7FEFF 		bl	HAL_ADC_ConfigChannel
 168              	.LVL4:
 169              		.loc 1 94 6 discriminator 1 view .LVU59
 170 0090 78BB     		cbnz	r0, .L16
 171              	.L6:
  95:Core/Src/adc.c ****   {
  96:Core/Src/adc.c ****     Error_Handler();
  97:Core/Src/adc.c ****   }
  98:Core/Src/adc.c **** 
  99:Core/Src/adc.c ****   /** Configure for the selected ADC regular channel its corresponding rank in the sequencer and it
 100:Core/Src/adc.c ****   */
 101:Core/Src/adc.c ****   sConfig.Channel = ADC_CHANNEL_4;
 172              		.loc 1 101 3 is_stmt 1 view .LVU60
 173              		.loc 1 101 19 is_stmt 0 view .LVU61
 174 0092 0423     		movs	r3, #4
 175 0094 0093     		str	r3, [sp]
 102:Core/Src/adc.c ****   sConfig.Rank = 5;
 176              		.loc 1 102 3 is_stmt 1 view .LVU62
 177              		.loc 1 102 16 is_stmt 0 view .LVU63
 178 0096 0523     		movs	r3, #5
 179 0098 0193     		str	r3, [sp, #4]
 103:Core/Src/adc.c ****   if (HAL_ADC_ConfigChannel(&hadc1, &sConfig) != HAL_OK)
 180              		.loc 1 103 3 is_stmt 1 view .LVU64
 181              		.loc 1 103 7 is_stmt 0 view .LVU65
 182 009a 6946     		mov	r1, sp
 183 009c 1C48     		ldr	r0, .L21
ARM GAS  /tmp/ccN04DPh.s 			page 6


 184 009e FFF7FEFF 		bl	HAL_ADC_ConfigChannel
 185              	.LVL5:
 186              		.loc 1 103 6 discriminator 1 view .LVU66
 187 00a2 48BB     		cbnz	r0, .L17
 188              	.L7:
 104:Core/Src/adc.c ****   {
 105:Core/Src/adc.c ****     Error_Handler();
 106:Core/Src/adc.c ****   }
 107:Core/Src/adc.c **** 
 108:Core/Src/adc.c ****   /** Configure for the selected ADC regular channel its corresponding rank in the sequencer and it
 109:Core/Src/adc.c ****   */
 110:Core/Src/adc.c ****   sConfig.Channel = ADC_CHANNEL_6;
 189              		.loc 1 110 3 is_stmt 1 view .LVU67
 190              		.loc 1 110 19 is_stmt 0 view .LVU68
 191 00a4 0623     		movs	r3, #6
 192 00a6 0093     		str	r3, [sp]
 111:Core/Src/adc.c ****   sConfig.Rank = 6;
 193              		.loc 1 111 3 is_stmt 1 view .LVU69
 194              		.loc 1 111 16 is_stmt 0 view .LVU70
 195 00a8 0193     		str	r3, [sp, #4]
 112:Core/Src/adc.c ****   if (HAL_ADC_ConfigChannel(&hadc1, &sConfig) != HAL_OK)
 196              		.loc 1 112 3 is_stmt 1 view .LVU71
 197              		.loc 1 112 7 is_stmt 0 view .LVU72
 198 00aa 6946     		mov	r1, sp
 199 00ac 1848     		ldr	r0, .L21
 200 00ae FFF7FEFF 		bl	HAL_ADC_ConfigChannel
 201              	.LVL6:
 202              		.loc 1 112 6 discriminator 1 view .LVU73
 203 00b2 20BB     		cbnz	r0, .L18
 204              	.L8:
 113:Core/Src/adc.c ****   {
 114:Core/Src/adc.c ****     Error_Handler();
 115:Core/Src/adc.c ****   }
 116:Core/Src/adc.c **** 
 117:Core/Src/adc.c ****   /** Configure for the selected ADC regular channel its corresponding rank in the sequencer and it
 118:Core/Src/adc.c ****   */
 119:Core/Src/adc.c ****   sConfig.Channel = ADC_CHANNEL_7;
 205              		.loc 1 119 3 is_stmt 1 view .LVU74
 206              		.loc 1 119 19 is_stmt 0 view .LVU75
 207 00b4 0723     		movs	r3, #7
 208 00b6 0093     		str	r3, [sp]
 120:Core/Src/adc.c ****   sConfig.Rank = 7;
 209              		.loc 1 120 3 is_stmt 1 view .LVU76
 210              		.loc 1 120 16 is_stmt 0 view .LVU77
 211 00b8 0193     		str	r3, [sp, #4]
 121:Core/Src/adc.c ****   if (HAL_ADC_ConfigChannel(&hadc1, &sConfig) != HAL_OK)
 212              		.loc 1 121 3 is_stmt 1 view .LVU78
 213              		.loc 1 121 7 is_stmt 0 view .LVU79
 214 00ba 6946     		mov	r1, sp
 215 00bc 1448     		ldr	r0, .L21
 216 00be FFF7FEFF 		bl	HAL_ADC_ConfigChannel
 217              	.LVL7:
 218              		.loc 1 121 6 discriminator 1 view .LVU80
 219 00c2 F8B9     		cbnz	r0, .L19
 220              	.L9:
 122:Core/Src/adc.c ****   {
 123:Core/Src/adc.c ****     Error_Handler();
ARM GAS  /tmp/ccN04DPh.s 			page 7


 124:Core/Src/adc.c ****   }
 125:Core/Src/adc.c **** 
 126:Core/Src/adc.c ****   /** Configure for the selected ADC regular channel its corresponding rank in the sequencer and it
 127:Core/Src/adc.c ****   */
 128:Core/Src/adc.c ****   sConfig.Channel = ADC_CHANNEL_14;
 221              		.loc 1 128 3 is_stmt 1 view .LVU81
 222              		.loc 1 128 19 is_stmt 0 view .LVU82
 223 00c4 0E23     		movs	r3, #14
 224 00c6 0093     		str	r3, [sp]
 129:Core/Src/adc.c ****   sConfig.Rank = 8;
 225              		.loc 1 129 3 is_stmt 1 view .LVU83
 226              		.loc 1 129 16 is_stmt 0 view .LVU84
 227 00c8 0823     		movs	r3, #8
 228 00ca 0193     		str	r3, [sp, #4]
 130:Core/Src/adc.c ****   if (HAL_ADC_ConfigChannel(&hadc1, &sConfig) != HAL_OK)
 229              		.loc 1 130 3 is_stmt 1 view .LVU85
 230              		.loc 1 130 7 is_stmt 0 view .LVU86
 231 00cc 6946     		mov	r1, sp
 232 00ce 1048     		ldr	r0, .L21
 233 00d0 FFF7FEFF 		bl	HAL_ADC_ConfigChannel
 234              	.LVL8:
 235              		.loc 1 130 6 discriminator 1 view .LVU87
 236 00d4 C8B9     		cbnz	r0, .L20
 237              	.L1:
 131:Core/Src/adc.c ****   {
 132:Core/Src/adc.c ****     Error_Handler();
 133:Core/Src/adc.c ****   }
 134:Core/Src/adc.c ****   /* USER CODE BEGIN ADC1_Init 2 */
 135:Core/Src/adc.c **** 
 136:Core/Src/adc.c ****   /* USER CODE END ADC1_Init 2 */
 137:Core/Src/adc.c **** 
 138:Core/Src/adc.c **** }
 238              		.loc 1 138 1 view .LVU88
 239 00d6 05B0     		add	sp, sp, #20
 240              	.LCFI2:
 241              		.cfi_remember_state
 242              		.cfi_def_cfa_offset 4
 243              		@ sp needed
 244 00d8 00BD     		pop	{pc}
 245              	.L12:
 246              	.LCFI3:
 247              		.cfi_restore_state
  59:Core/Src/adc.c ****   }
 248              		.loc 1 59 5 is_stmt 1 view .LVU89
 249 00da FFF7FEFF 		bl	Error_Handler
 250              	.LVL9:
 251 00de AFE7     		b	.L2
 252              	.L13:
  69:Core/Src/adc.c ****   }
 253              		.loc 1 69 5 view .LVU90
 254 00e0 FFF7FEFF 		bl	Error_Handler
 255              	.LVL10:
 256 00e4 B8E7     		b	.L3
 257              	.L14:
  78:Core/Src/adc.c ****   }
 258              		.loc 1 78 5 view .LVU91
 259 00e6 FFF7FEFF 		bl	Error_Handler
ARM GAS  /tmp/ccN04DPh.s 			page 8


 260              	.LVL11:
 261 00ea BFE7     		b	.L4
 262              	.L15:
  87:Core/Src/adc.c ****   }
 263              		.loc 1 87 5 view .LVU92
 264 00ec FFF7FEFF 		bl	Error_Handler
 265              	.LVL12:
 266 00f0 C6E7     		b	.L5
 267              	.L16:
  96:Core/Src/adc.c ****   }
 268              		.loc 1 96 5 view .LVU93
 269 00f2 FFF7FEFF 		bl	Error_Handler
 270              	.LVL13:
 271 00f6 CCE7     		b	.L6
 272              	.L17:
 105:Core/Src/adc.c ****   }
 273              		.loc 1 105 5 view .LVU94
 274 00f8 FFF7FEFF 		bl	Error_Handler
 275              	.LVL14:
 276 00fc D2E7     		b	.L7
 277              	.L18:
 114:Core/Src/adc.c ****   }
 278              		.loc 1 114 5 view .LVU95
 279 00fe FFF7FEFF 		bl	Error_Handler
 280              	.LVL15:
 281 0102 D7E7     		b	.L8
 282              	.L19:
 123:Core/Src/adc.c ****   }
 283              		.loc 1 123 5 view .LVU96
 284 0104 FFF7FEFF 		bl	Error_Handler
 285              	.LVL16:
 286 0108 DCE7     		b	.L9
 287              	.L20:
 132:Core/Src/adc.c ****   }
 288              		.loc 1 132 5 view .LVU97
 289 010a FFF7FEFF 		bl	Error_Handler
 290              	.LVL17:
 291              		.loc 1 138 1 is_stmt 0 view .LVU98
 292 010e E2E7     		b	.L1
 293              	.L22:
 294              		.align	2
 295              	.L21:
 296 0110 00000000 		.word	hadc1
 297 0114 00200140 		.word	1073815552
 298 0118 0100000F 		.word	251658241
 299              		.cfi_endproc
 300              	.LFE220:
 302              		.section	.text.HAL_ADC_MspInit,"ax",%progbits
 303              		.align	1
 304              		.global	HAL_ADC_MspInit
 305              		.syntax unified
 306              		.thumb
 307              		.thumb_func
 309              	HAL_ADC_MspInit:
 310              	.LVL18:
 311              	.LFB221:
 139:Core/Src/adc.c **** 
ARM GAS  /tmp/ccN04DPh.s 			page 9


 140:Core/Src/adc.c **** void HAL_ADC_MspInit(ADC_HandleTypeDef* adcHandle)
 141:Core/Src/adc.c **** {
 312              		.loc 1 141 1 is_stmt 1 view -0
 313              		.cfi_startproc
 314              		@ args = 0, pretend = 0, frame = 32
 315              		@ frame_needed = 0, uses_anonymous_args = 0
 316              		.loc 1 141 1 is_stmt 0 view .LVU100
 317 0000 30B5     		push	{r4, r5, lr}
 318              	.LCFI4:
 319              		.cfi_def_cfa_offset 12
 320              		.cfi_offset 4, -12
 321              		.cfi_offset 5, -8
 322              		.cfi_offset 14, -4
 323 0002 89B0     		sub	sp, sp, #36
 324              	.LCFI5:
 325              		.cfi_def_cfa_offset 48
 142:Core/Src/adc.c **** 
 143:Core/Src/adc.c ****   GPIO_InitTypeDef GPIO_InitStruct = {0};
 326              		.loc 1 143 3 is_stmt 1 view .LVU101
 327              		.loc 1 143 20 is_stmt 0 view .LVU102
 328 0004 0023     		movs	r3, #0
 329 0006 0393     		str	r3, [sp, #12]
 330 0008 0493     		str	r3, [sp, #16]
 331 000a 0593     		str	r3, [sp, #20]
 332 000c 0693     		str	r3, [sp, #24]
 333 000e 0793     		str	r3, [sp, #28]
 144:Core/Src/adc.c ****   if(adcHandle->Instance==ADC1)
 334              		.loc 1 144 3 is_stmt 1 view .LVU103
 335              		.loc 1 144 15 is_stmt 0 view .LVU104
 336 0010 0268     		ldr	r2, [r0]
 337              		.loc 1 144 5 view .LVU105
 338 0012 03F18043 		add	r3, r3, #1073741824
 339 0016 03F59033 		add	r3, r3, #73728
 340 001a 9A42     		cmp	r2, r3
 341 001c 01D0     		beq	.L26
 342              	.LVL19:
 343              	.L23:
 145:Core/Src/adc.c ****   {
 146:Core/Src/adc.c ****   /* USER CODE BEGIN ADC1_MspInit 0 */
 147:Core/Src/adc.c **** 
 148:Core/Src/adc.c ****   /* USER CODE END ADC1_MspInit 0 */
 149:Core/Src/adc.c ****     /* ADC1 clock enable */
 150:Core/Src/adc.c ****     __HAL_RCC_ADC1_CLK_ENABLE();
 151:Core/Src/adc.c **** 
 152:Core/Src/adc.c ****     __HAL_RCC_GPIOA_CLK_ENABLE();
 153:Core/Src/adc.c ****     __HAL_RCC_GPIOC_CLK_ENABLE();
 154:Core/Src/adc.c ****     /**ADC1 GPIO Configuration
 155:Core/Src/adc.c ****     PA0-WKUP     ------> ADC1_IN0
 156:Core/Src/adc.c ****     PA1     ------> ADC1_IN1
 157:Core/Src/adc.c ****     PA2     ------> ADC1_IN2
 158:Core/Src/adc.c ****     PA3     ------> ADC1_IN3
 159:Core/Src/adc.c ****     PA4     ------> ADC1_IN4
 160:Core/Src/adc.c ****     PA6     ------> ADC1_IN6
 161:Core/Src/adc.c ****     PA7     ------> ADC1_IN7
 162:Core/Src/adc.c ****     PC4     ------> ADC1_IN14
 163:Core/Src/adc.c ****     */
 164:Core/Src/adc.c ****     GPIO_InitStruct.Pin = GPIO_PIN_0|GPIO_PIN_1|GPIO_PIN_2|GPIO_PIN_3
ARM GAS  /tmp/ccN04DPh.s 			page 10


 165:Core/Src/adc.c ****                           |GPIO_PIN_4|GPIO_PIN_6|GPIO_PIN_7;
 166:Core/Src/adc.c ****     GPIO_InitStruct.Mode = GPIO_MODE_ANALOG;
 167:Core/Src/adc.c ****     GPIO_InitStruct.Pull = GPIO_NOPULL;
 168:Core/Src/adc.c ****     HAL_GPIO_Init(GPIOA, &GPIO_InitStruct);
 169:Core/Src/adc.c **** 
 170:Core/Src/adc.c ****     GPIO_InitStruct.Pin = GPIO_PIN_4;
 171:Core/Src/adc.c ****     GPIO_InitStruct.Mode = GPIO_MODE_ANALOG;
 172:Core/Src/adc.c ****     GPIO_InitStruct.Pull = GPIO_NOPULL;
 173:Core/Src/adc.c ****     HAL_GPIO_Init(GPIOC, &GPIO_InitStruct);
 174:Core/Src/adc.c **** 
 175:Core/Src/adc.c ****   /* USER CODE BEGIN ADC1_MspInit 1 */
 176:Core/Src/adc.c **** 
 177:Core/Src/adc.c ****   /* USER CODE END ADC1_MspInit 1 */
 178:Core/Src/adc.c ****   }
 179:Core/Src/adc.c **** }
 344              		.loc 1 179 1 view .LVU106
 345 001e 09B0     		add	sp, sp, #36
 346              	.LCFI6:
 347              		.cfi_remember_state
 348              		.cfi_def_cfa_offset 12
 349              		@ sp needed
 350 0020 30BD     		pop	{r4, r5, pc}
 351              	.LVL20:
 352              	.L26:
 353              	.LCFI7:
 354              		.cfi_restore_state
 150:Core/Src/adc.c **** 
 355              		.loc 1 150 5 is_stmt 1 view .LVU107
 356              	.LBB2:
 150:Core/Src/adc.c **** 
 357              		.loc 1 150 5 view .LVU108
 358 0022 0024     		movs	r4, #0
 359 0024 0094     		str	r4, [sp]
 150:Core/Src/adc.c **** 
 360              		.loc 1 150 5 view .LVU109
 361 0026 03F58C33 		add	r3, r3, #71680
 362 002a 5A6C     		ldr	r2, [r3, #68]
 363 002c 42F48072 		orr	r2, r2, #256
 364 0030 5A64     		str	r2, [r3, #68]
 150:Core/Src/adc.c **** 
 365              		.loc 1 150 5 view .LVU110
 366 0032 5A6C     		ldr	r2, [r3, #68]
 367 0034 02F48072 		and	r2, r2, #256
 368 0038 0092     		str	r2, [sp]
 150:Core/Src/adc.c **** 
 369              		.loc 1 150 5 view .LVU111
 370 003a 009A     		ldr	r2, [sp]
 371              	.LBE2:
 150:Core/Src/adc.c **** 
 372              		.loc 1 150 5 view .LVU112
 152:Core/Src/adc.c ****     __HAL_RCC_GPIOC_CLK_ENABLE();
 373              		.loc 1 152 5 view .LVU113
 374              	.LBB3:
 152:Core/Src/adc.c ****     __HAL_RCC_GPIOC_CLK_ENABLE();
 375              		.loc 1 152 5 view .LVU114
 376 003c 0194     		str	r4, [sp, #4]
 152:Core/Src/adc.c ****     __HAL_RCC_GPIOC_CLK_ENABLE();
ARM GAS  /tmp/ccN04DPh.s 			page 11


 377              		.loc 1 152 5 view .LVU115
 378 003e 1A6B     		ldr	r2, [r3, #48]
 379 0040 42F00102 		orr	r2, r2, #1
 380 0044 1A63     		str	r2, [r3, #48]
 152:Core/Src/adc.c ****     __HAL_RCC_GPIOC_CLK_ENABLE();
 381              		.loc 1 152 5 view .LVU116
 382 0046 1A6B     		ldr	r2, [r3, #48]
 383 0048 02F00102 		and	r2, r2, #1
 384 004c 0192     		str	r2, [sp, #4]
 152:Core/Src/adc.c ****     __HAL_RCC_GPIOC_CLK_ENABLE();
 385              		.loc 1 152 5 view .LVU117
 386 004e 019A     		ldr	r2, [sp, #4]
 387              	.LBE3:
 152:Core/Src/adc.c ****     __HAL_RCC_GPIOC_CLK_ENABLE();
 388              		.loc 1 152 5 view .LVU118
 153:Core/Src/adc.c ****     /**ADC1 GPIO Configuration
 389              		.loc 1 153 5 view .LVU119
 390              	.LBB4:
 153:Core/Src/adc.c ****     /**ADC1 GPIO Configuration
 391              		.loc 1 153 5 view .LVU120
 392 0050 0294     		str	r4, [sp, #8]
 153:Core/Src/adc.c ****     /**ADC1 GPIO Configuration
 393              		.loc 1 153 5 view .LVU121
 394 0052 1A6B     		ldr	r2, [r3, #48]
 395 0054 42F00402 		orr	r2, r2, #4
 396 0058 1A63     		str	r2, [r3, #48]
 153:Core/Src/adc.c ****     /**ADC1 GPIO Configuration
 397              		.loc 1 153 5 view .LVU122
 398 005a 1B6B     		ldr	r3, [r3, #48]
 399 005c 03F00403 		and	r3, r3, #4
 400 0060 0293     		str	r3, [sp, #8]
 153:Core/Src/adc.c ****     /**ADC1 GPIO Configuration
 401              		.loc 1 153 5 view .LVU123
 402 0062 029B     		ldr	r3, [sp, #8]
 403              	.LBE4:
 153:Core/Src/adc.c ****     /**ADC1 GPIO Configuration
 404              		.loc 1 153 5 view .LVU124
 164:Core/Src/adc.c ****                           |GPIO_PIN_4|GPIO_PIN_6|GPIO_PIN_7;
 405              		.loc 1 164 5 view .LVU125
 164:Core/Src/adc.c ****                           |GPIO_PIN_4|GPIO_PIN_6|GPIO_PIN_7;
 406              		.loc 1 164 25 is_stmt 0 view .LVU126
 407 0064 DF23     		movs	r3, #223
 408 0066 0393     		str	r3, [sp, #12]
 166:Core/Src/adc.c ****     GPIO_InitStruct.Pull = GPIO_NOPULL;
 409              		.loc 1 166 5 is_stmt 1 view .LVU127
 166:Core/Src/adc.c ****     GPIO_InitStruct.Pull = GPIO_NOPULL;
 410              		.loc 1 166 26 is_stmt 0 view .LVU128
 411 0068 0325     		movs	r5, #3
 412 006a 0495     		str	r5, [sp, #16]
 167:Core/Src/adc.c ****     HAL_GPIO_Init(GPIOA, &GPIO_InitStruct);
 413              		.loc 1 167 5 is_stmt 1 view .LVU129
 168:Core/Src/adc.c **** 
 414              		.loc 1 168 5 view .LVU130
 415 006c 03A9     		add	r1, sp, #12
 416 006e 0648     		ldr	r0, .L27
 417              	.LVL21:
 168:Core/Src/adc.c **** 
ARM GAS  /tmp/ccN04DPh.s 			page 12


 418              		.loc 1 168 5 is_stmt 0 view .LVU131
 419 0070 FFF7FEFF 		bl	HAL_GPIO_Init
 420              	.LVL22:
 170:Core/Src/adc.c ****     GPIO_InitStruct.Mode = GPIO_MODE_ANALOG;
 421              		.loc 1 170 5 is_stmt 1 view .LVU132
 170:Core/Src/adc.c ****     GPIO_InitStruct.Mode = GPIO_MODE_ANALOG;
 422              		.loc 1 170 25 is_stmt 0 view .LVU133
 423 0074 1023     		movs	r3, #16
 424 0076 0393     		str	r3, [sp, #12]
 171:Core/Src/adc.c ****     GPIO_InitStruct.Pull = GPIO_NOPULL;
 425              		.loc 1 171 5 is_stmt 1 view .LVU134
 171:Core/Src/adc.c ****     GPIO_InitStruct.Pull = GPIO_NOPULL;
 426              		.loc 1 171 26 is_stmt 0 view .LVU135
 427 0078 0495     		str	r5, [sp, #16]
 172:Core/Src/adc.c ****     HAL_GPIO_Init(GPIOC, &GPIO_InitStruct);
 428              		.loc 1 172 5 is_stmt 1 view .LVU136
 172:Core/Src/adc.c ****     HAL_GPIO_Init(GPIOC, &GPIO_InitStruct);
 429              		.loc 1 172 26 is_stmt 0 view .LVU137
 430 007a 0594     		str	r4, [sp, #20]
 173:Core/Src/adc.c **** 
 431              		.loc 1 173 5 is_stmt 1 view .LVU138
 432 007c 03A9     		add	r1, sp, #12
 433 007e 0348     		ldr	r0, .L27+4
 434 0080 FFF7FEFF 		bl	HAL_GPIO_Init
 435              	.LVL23:
 436              		.loc 1 179 1 is_stmt 0 view .LVU139
 437 0084 CBE7     		b	.L23
 438              	.L28:
 439 0086 00BF     		.align	2
 440              	.L27:
 441 0088 00000240 		.word	1073872896
 442 008c 00080240 		.word	1073874944
 443              		.cfi_endproc
 444              	.LFE221:
 446              		.section	.text.HAL_ADC_MspDeInit,"ax",%progbits
 447              		.align	1
 448              		.global	HAL_ADC_MspDeInit
 449              		.syntax unified
 450              		.thumb
 451              		.thumb_func
 453              	HAL_ADC_MspDeInit:
 454              	.LVL24:
 455              	.LFB222:
 180:Core/Src/adc.c **** 
 181:Core/Src/adc.c **** void HAL_ADC_MspDeInit(ADC_HandleTypeDef* adcHandle)
 182:Core/Src/adc.c **** {
 456              		.loc 1 182 1 is_stmt 1 view -0
 457              		.cfi_startproc
 458              		@ args = 0, pretend = 0, frame = 0
 459              		@ frame_needed = 0, uses_anonymous_args = 0
 460              		.loc 1 182 1 is_stmt 0 view .LVU141
 461 0000 08B5     		push	{r3, lr}
 462              	.LCFI8:
 463              		.cfi_def_cfa_offset 8
 464              		.cfi_offset 3, -8
 465              		.cfi_offset 14, -4
 183:Core/Src/adc.c **** 
ARM GAS  /tmp/ccN04DPh.s 			page 13


 184:Core/Src/adc.c ****   if(adcHandle->Instance==ADC1)
 466              		.loc 1 184 3 is_stmt 1 view .LVU142
 467              		.loc 1 184 15 is_stmt 0 view .LVU143
 468 0002 0268     		ldr	r2, [r0]
 469              		.loc 1 184 5 view .LVU144
 470 0004 084B     		ldr	r3, .L33
 471 0006 9A42     		cmp	r2, r3
 472 0008 00D0     		beq	.L32
 473              	.LVL25:
 474              	.L29:
 185:Core/Src/adc.c ****   {
 186:Core/Src/adc.c ****   /* USER CODE BEGIN ADC1_MspDeInit 0 */
 187:Core/Src/adc.c **** 
 188:Core/Src/adc.c ****   /* USER CODE END ADC1_MspDeInit 0 */
 189:Core/Src/adc.c ****     /* Peripheral clock disable */
 190:Core/Src/adc.c ****     __HAL_RCC_ADC1_CLK_DISABLE();
 191:Core/Src/adc.c **** 
 192:Core/Src/adc.c ****     /**ADC1 GPIO Configuration
 193:Core/Src/adc.c ****     PA0-WKUP     ------> ADC1_IN0
 194:Core/Src/adc.c ****     PA1     ------> ADC1_IN1
 195:Core/Src/adc.c ****     PA2     ------> ADC1_IN2
 196:Core/Src/adc.c ****     PA3     ------> ADC1_IN3
 197:Core/Src/adc.c ****     PA4     ------> ADC1_IN4
 198:Core/Src/adc.c ****     PA6     ------> ADC1_IN6
 199:Core/Src/adc.c ****     PA7     ------> ADC1_IN7
 200:Core/Src/adc.c ****     PC4     ------> ADC1_IN14
 201:Core/Src/adc.c ****     */
 202:Core/Src/adc.c ****     HAL_GPIO_DeInit(GPIOA, GPIO_PIN_0|GPIO_PIN_1|GPIO_PIN_2|GPIO_PIN_3
 203:Core/Src/adc.c ****                           |GPIO_PIN_4|GPIO_PIN_6|GPIO_PIN_7);
 204:Core/Src/adc.c **** 
 205:Core/Src/adc.c ****     HAL_GPIO_DeInit(GPIOC, GPIO_PIN_4);
 206:Core/Src/adc.c **** 
 207:Core/Src/adc.c ****   /* USER CODE BEGIN ADC1_MspDeInit 1 */
 208:Core/Src/adc.c **** 
 209:Core/Src/adc.c ****   /* USER CODE END ADC1_MspDeInit 1 */
 210:Core/Src/adc.c ****   }
 211:Core/Src/adc.c **** }
 475              		.loc 1 211 1 view .LVU145
 476 000a 08BD     		pop	{r3, pc}
 477              	.LVL26:
 478              	.L32:
 190:Core/Src/adc.c **** 
 479              		.loc 1 190 5 is_stmt 1 view .LVU146
 480 000c 074A     		ldr	r2, .L33+4
 481 000e 536C     		ldr	r3, [r2, #68]
 482 0010 23F48073 		bic	r3, r3, #256
 483 0014 5364     		str	r3, [r2, #68]
 202:Core/Src/adc.c ****                           |GPIO_PIN_4|GPIO_PIN_6|GPIO_PIN_7);
 484              		.loc 1 202 5 view .LVU147
 485 0016 DF21     		movs	r1, #223
 486 0018 0548     		ldr	r0, .L33+8
 487              	.LVL27:
 202:Core/Src/adc.c ****                           |GPIO_PIN_4|GPIO_PIN_6|GPIO_PIN_7);
 488              		.loc 1 202 5 is_stmt 0 view .LVU148
 489 001a FFF7FEFF 		bl	HAL_GPIO_DeInit
 490              	.LVL28:
 205:Core/Src/adc.c **** 
ARM GAS  /tmp/ccN04DPh.s 			page 14


 491              		.loc 1 205 5 is_stmt 1 view .LVU149
 492 001e 1021     		movs	r1, #16
 493 0020 0448     		ldr	r0, .L33+12
 494 0022 FFF7FEFF 		bl	HAL_GPIO_DeInit
 495              	.LVL29:
 496              		.loc 1 211 1 is_stmt 0 view .LVU150
 497 0026 F0E7     		b	.L29
 498              	.L34:
 499              		.align	2
 500              	.L33:
 501 0028 00200140 		.word	1073815552
 502 002c 00380240 		.word	1073887232
 503 0030 00000240 		.word	1073872896
 504 0034 00080240 		.word	1073874944
 505              		.cfi_endproc
 506              	.LFE222:
 508              		.global	hadc1
 509              		.section	.bss.hadc1,"aw",%nobits
 510              		.align	2
 513              	hadc1:
 514 0000 00000000 		.space	72
 514      00000000 
 514      00000000 
 514      00000000 
 514      00000000 
 515              		.text
 516              	.Letext0:
 517              		.file 2 "/usr/arm-none-eabi/include/machine/_default_types.h"
 518              		.file 3 "/usr/arm-none-eabi/include/sys/_stdint.h"
 519              		.file 4 "Drivers/CMSIS/Device/ST/STM32F4xx/Include/stm32f401xc.h"
 520              		.file 5 "Drivers/CMSIS/Device/ST/STM32F4xx/Include/stm32f4xx.h"
 521              		.file 6 "Drivers/STM32F4xx_HAL_Driver/Inc/stm32f4xx_hal_def.h"
 522              		.file 7 "Drivers/STM32F4xx_HAL_Driver/Inc/stm32f4xx_hal_gpio.h"
 523              		.file 8 "Drivers/STM32F4xx_HAL_Driver/Inc/stm32f4xx_hal_dma.h"
 524              		.file 9 "Drivers/STM32F4xx_HAL_Driver/Inc/stm32f4xx_hal_adc.h"
 525              		.file 10 "Core/Inc/adc.h"
 526              		.file 11 "Core/Inc/main.h"
ARM GAS  /tmp/ccN04DPh.s 			page 15


DEFINED SYMBOLS
                            *ABS*:00000000 adc.c
     /tmp/ccN04DPh.s:21     .text.MX_ADC1_Init:00000000 $t
     /tmp/ccN04DPh.s:27     .text.MX_ADC1_Init:00000000 MX_ADC1_Init
     /tmp/ccN04DPh.s:296    .text.MX_ADC1_Init:00000110 $d
     /tmp/ccN04DPh.s:513    .bss.hadc1:00000000 hadc1
     /tmp/ccN04DPh.s:303    .text.HAL_ADC_MspInit:00000000 $t
     /tmp/ccN04DPh.s:309    .text.HAL_ADC_MspInit:00000000 HAL_ADC_MspInit
     /tmp/ccN04DPh.s:441    .text.HAL_ADC_MspInit:00000088 $d
     /tmp/ccN04DPh.s:447    .text.HAL_ADC_MspDeInit:00000000 $t
     /tmp/ccN04DPh.s:453    .text.HAL_ADC_MspDeInit:00000000 HAL_ADC_MspDeInit
     /tmp/ccN04DPh.s:501    .text.HAL_ADC_MspDeInit:00000028 $d
     /tmp/ccN04DPh.s:510    .bss.hadc1:00000000 $d

UNDEFINED SYMBOLS
HAL_ADC_Init
HAL_ADC_ConfigChannel
Error_Handler
HAL_GPIO_Init
HAL_GPIO_DeInit
