Archive member included to satisfy reference by file (symbol)

/usr/lib/gcc/arm-none-eabi/16.1.0/../../../../arm-none-eabi/lib/thumb/v7e-m+fp/hard/libc_nano.a(libc_a-atexit.o)
                              /usr/lib/gcc/arm-none-eabi/16.1.0/../../../../arm-none-eabi/lib/thumb/v7e-m+fp/hard/crt0.o (atexit)
/usr/lib/gcc/arm-none-eabi/16.1.0/../../../../arm-none-eabi/lib/thumb/v7e-m+fp/hard/libc_nano.a(libc_a-exit.o)
                              /usr/lib/gcc/arm-none-eabi/16.1.0/../../../../arm-none-eabi/lib/thumb/v7e-m+fp/hard/crt0.o (exit)
/usr/lib/gcc/arm-none-eabi/16.1.0/../../../../arm-none-eabi/lib/thumb/v7e-m+fp/hard/libc_nano.a(libc_a-findfp.o)
                              /usr/lib/gcc/arm-none-eabi/16.1.0/../../../../arm-none-eabi/lib/thumb/v7e-m+fp/hard/libc_nano.a(libc_a-exit.o) (__stdio_exit_handler)
/usr/lib/gcc/arm-none-eabi/16.1.0/../../../../arm-none-eabi/lib/thumb/v7e-m+fp/hard/libc_nano.a(libc_a-fwalk.o)
                              /usr/lib/gcc/arm-none-eabi/16.1.0/../../../../arm-none-eabi/lib/thumb/v7e-m+fp/hard/libc_nano.a(libc_a-findfp.o) (_fwalk_sglue)
/usr/lib/gcc/arm-none-eabi/16.1.0/../../../../arm-none-eabi/lib/thumb/v7e-m+fp/hard/libc_nano.a(libc_a-snprintf.o)
                              build/gfx.o (snprintf)
/usr/lib/gcc/arm-none-eabi/16.1.0/../../../../arm-none-eabi/lib/thumb/v7e-m+fp/hard/libc_nano.a(libc_a-stdio.o)
                              /usr/lib/gcc/arm-none-eabi/16.1.0/../../../../arm-none-eabi/lib/thumb/v7e-m+fp/hard/libc_nano.a(libc_a-findfp.o) (__sread)
/usr/lib/gcc/arm-none-eabi/16.1.0/../../../../arm-none-eabi/lib/thumb/v7e-m+fp/hard/libc_nano.a(libc_a-memcmp.o)
                              build/provisioning.o (memcmp)
/usr/lib/gcc/arm-none-eabi/16.1.0/../../../../arm-none-eabi/lib/thumb/v7e-m+fp/hard/libc_nano.a(libc_a-memset.o)
                              /usr/lib/gcc/arm-none-eabi/16.1.0/../../../../arm-none-eabi/lib/thumb/v7e-m+fp/hard/crt0.o (memset)
/usr/lib/gcc/arm-none-eabi/16.1.0/../../../../arm-none-eabi/lib/thumb/v7e-m+fp/hard/libc_nano.a(libc_a-closer.o)
                              /usr/lib/gcc/arm-none-eabi/16.1.0/../../../../arm-none-eabi/lib/thumb/v7e-m+fp/hard/libc_nano.a(libc_a-stdio.o) (_close_r)
/usr/lib/gcc/arm-none-eabi/16.1.0/../../../../arm-none-eabi/lib/thumb/v7e-m+fp/hard/libc_nano.a(libc_a-reent.o)
                              /usr/lib/gcc/arm-none-eabi/16.1.0/../../../../arm-none-eabi/lib/thumb/v7e-m+fp/hard/libc_nano.a(libc_a-closer.o) (errno)
/usr/lib/gcc/arm-none-eabi/16.1.0/../../../../arm-none-eabi/lib/thumb/v7e-m+fp/hard/libc_nano.a(libc_a-impure.o)
                              /usr/lib/gcc/arm-none-eabi/16.1.0/../../../../arm-none-eabi/lib/thumb/v7e-m+fp/hard/libc_nano.a(libc_a-snprintf.o) (_impure_ptr)
/usr/lib/gcc/arm-none-eabi/16.1.0/../../../../arm-none-eabi/lib/thumb/v7e-m+fp/hard/libc_nano.a(libc_a-lseekr.o)
                              /usr/lib/gcc/arm-none-eabi/16.1.0/../../../../arm-none-eabi/lib/thumb/v7e-m+fp/hard/libc_nano.a(libc_a-stdio.o) (_lseek_r)
/usr/lib/gcc/arm-none-eabi/16.1.0/../../../../arm-none-eabi/lib/thumb/v7e-m+fp/hard/libc_nano.a(libc_a-readr.o)
                              /usr/lib/gcc/arm-none-eabi/16.1.0/../../../../arm-none-eabi/lib/thumb/v7e-m+fp/hard/libc_nano.a(libc_a-stdio.o) (_read_r)
/usr/lib/gcc/arm-none-eabi/16.1.0/../../../../arm-none-eabi/lib/thumb/v7e-m+fp/hard/libc_nano.a(libc_a-writer.o)
                              /usr/lib/gcc/arm-none-eabi/16.1.0/../../../../arm-none-eabi/lib/thumb/v7e-m+fp/hard/libc_nano.a(libc_a-stdio.o) (_write_r)
/usr/lib/gcc/arm-none-eabi/16.1.0/../../../../arm-none-eabi/lib/thumb/v7e-m+fp/hard/libc_nano.a(libc_a-errno.o)
                              build/sysmem.o (__errno)
/usr/lib/gcc/arm-none-eabi/16.1.0/../../../../arm-none-eabi/lib/thumb/v7e-m+fp/hard/libc_nano.a(libc_a-init.o)
                              /usr/lib/gcc/arm-none-eabi/16.1.0/../../../../arm-none-eabi/lib/thumb/v7e-m+fp/hard/crt0.o (__libc_init_array)
/usr/lib/gcc/arm-none-eabi/16.1.0/../../../../arm-none-eabi/lib/thumb/v7e-m+fp/hard/libc_nano.a(libc_a-fini.o)
                              /usr/lib/gcc/arm-none-eabi/16.1.0/../../../../arm-none-eabi/lib/thumb/v7e-m+fp/hard/crt0.o (__libc_fini_array)
/usr/lib/gcc/arm-none-eabi/16.1.0/../../../../arm-none-eabi/lib/thumb/v7e-m+fp/hard/libc_nano.a(libc_a-lock.o)
                              /usr/lib/gcc/arm-none-eabi/16.1.0/../../../../arm-none-eabi/lib/thumb/v7e-m+fp/hard/libc_nano.a(libc_a-findfp.o) (__retarget_lock_init_recursive)
/usr/lib/gcc/arm-none-eabi/16.1.0/../../../../arm-none-eabi/lib/thumb/v7e-m+fp/hard/libc_nano.a(libc_a-memcpy-stub.o)
                              build/initialization.o (memcpy)
/usr/lib/gcc/arm-none-eabi/16.1.0/../../../../arm-none-eabi/lib/thumb/v7e-m+fp/hard/libc_nano.a(libc_a-strlen.o)
                              build/widgets.o (strlen)
/usr/lib/gcc/arm-none-eabi/16.1.0/../../../../arm-none-eabi/lib/thumb/v7e-m+fp/hard/libc_nano.a(libc_a-__atexit.o)
[...]
Memory Configuration

Name             Origin             Length             Attributes
RAM              0x20000000         0x00010000         xrw
FLASH            0x08000000         0x00020000         xr
*default*        0x00000000         0xffffffff

Linker script and memory map

LOAD /usr/lib/gcc/arm-none-eabi/16.1.0/thumb/v7e-m+fp/hard/crti.o
LOAD /usr/lib/gcc/arm-none-eabi/16.1.0/thumb/v7e-m+fp/hard/crtbegin.o
LOAD /usr/lib/gcc/arm-none-eabi/16.1.0/../../../../arm-none-eabi/lib/thumb/v7e-m+fp/hard/crt0.o
LOAD build/main.o
LOAD build/initialization.o
LOAD build/provisioning.o
LOAD build/tps25750_bundle.o
LOAD build/encoder.o
LOAD build/telemetry.o
LOAD build/ili9341.o
LOAD build/gfx.o
LOAD build/widgets.o
LOAD build/screens.o
LOAD build/ui_state.o
LOAD build/gpio.o
LOAD build/adc.o
LOAD build/i2c.o
LOAD build/spi.o
LOAD build/tim.o
LOAD build/usart.o
LOAD build/stm32f4xx_it.o
LOAD build/stm32f4xx_hal_msp.o
LOAD build/stm32f4xx_hal_adc.o
LOAD build/stm32f4xx_hal_adc_ex.o
LOAD build/stm32f4xx_hal_rcc.o
LOAD build/stm32f4xx_hal_rcc_ex.o
LOAD build/stm32f4xx_hal_flash.o
LOAD build/stm32f4xx_hal_flash_ex.o
LOAD build/stm32f4xx_hal_flash_ramfunc.o
LOAD build/stm32f4xx_hal_gpio.o
LOAD build/stm32f4xx_hal_dma_ex.o
LOAD build/stm32f4xx_hal_dma.o
LOAD build/stm32f4xx_hal_pwr.o
LOAD build/stm32f4xx_hal_pwr_ex.o
LOAD build/stm32f4xx_hal_cortex.o
LOAD build/stm32f4xx_hal.o
LOAD build/stm32f4xx_hal_exti.o
LOAD build/stm32f4xx_hal_i2c.o
LOAD build/stm32f4xx_hal_i2c_ex.o
LOAD build/stm32f4xx_hal_spi.o
LOAD build/stm32f4xx_hal_tim.o
LOAD build/stm32f4xx_hal_tim_ex.o
LOAD build/stm32f4xx_hal_uart.o
LOAD build/system_stm32f4xx.o
LOAD build/sysmem.o
LOAD build/syscalls.o
LOAD build/startup_stm32f401xc.o
LOAD /usr/lib/gcc/arm-none-eabi/16.1.0/../../../../arm-none-eabi/lib/thumb/v7e-m+fp/hard/libc_nano.a
LOAD /usr/lib/gcc/arm-none-eabi/16.1.0/../../../../arm-none-eabi/lib/thumb/v7e-m+fp/hard/libm.a
LOAD /usr/lib/gcc/arm-none-eabi/16.1.0/../../../../arm-none-eabi/lib/thumb/v7e-m+fp/hard/libnosys.a
START GROUP
LOAD /usr/lib/gcc/arm-none-eabi/16.1.0/thumb/v7e-m+fp/hard/libgcc.a
LOAD /usr/lib/gcc/arm-none-eabi/16.1.0/../../../../arm-none-eabi/lib/thumb/v7e-m+fp/hard/libc_nano.a
END GROUP
START GROUP
LOAD /usr/lib/gcc/arm-none-eabi/16.1.0/thumb/v7e-m+fp/hard/libgcc.a
LOAD /usr/lib/gcc/arm-none-eabi/16.1.0/../../../../arm-none-eabi/lib/thumb/v7e-m+fp/hard/libc_nano.a
END GROUP
LOAD /usr/lib/gcc/arm-none-eabi/16.1.0/thumb/v7e-m+fp/hard/crtend.o
LOAD /usr/lib/gcc/arm-none-eabi/16.1.0/thumb/v7e-m+fp/hard/crtn.o
                0x20010000                        _estack = (ORIGIN (RAM) + LENGTH (RAM))
                0x2000fc00                        _sstack = (_estack - _Min_Stack_Size)
                0x00000200                        _Min_Heap_Size = 0x200
                0x00000400                        _Min_Stack_Size = 0x400

.isr_vector     0x08000000      0x194
                0x08000000                        . = ALIGN (0x4)
 *(.isr_vector)
 .isr_vector    0x08000000      0x194 build/startup_stm32f401xc.o
                0x08000000                g_pfnVectors
                0x08000194                        . = ALIGN (0x4)

.text           0x080001a0     0x7afc
                0x080001a0                        . = ALIGN (0x4)
 *(.text)
 .text          0x080001a0       0x10 /usr/lib/gcc/arm-none-eabi/16.1.0/../../../../arm-none-eabi/lib/thumb/v7e-m+fp/hard/libc_nano.a(libc_a-strlen.o)
                0x080001a0                strlen
 .text          0x080001b0       0xa0 /usr/lib/gcc/arm-none-eabi/16.1.0/../../../../arm-none-eabi/lib/thumb/v7e-m+fp/hard/libc_nano.a(libc_a-memchr.o)
                0x080001b0                memchr
 .text          0x08000250       0x30 /usr/lib/gcc/arm-none-eabi/16.1.0/thumb/v7e-m+fp/hard/libgcc.a(_aeabi_uldivmod.o)
                0x08000250                __aeabi_uldivmod
 .text          0x08000280        0x4 /usr/lib/gcc/arm-none-eabi/16.1.0/thumb/v7e-m+fp/hard/libgcc.a(_dvmd_tls.o)
                0x08000280                __aeabi_ldiv0
                0x08000280                __aeabi_idiv0
 *(.text*)
 .text.__do_global_dtors_aux
                0x08000284       0x24 /usr/lib/gcc/arm-none-eabi/16.1.0/thumb/v7e-m+fp/hard/crtbegin.o
 .text.frame_dummy
                0x080002a8       0x1c /usr/lib/gcc/arm-none-eabi/16.1.0/thumb/v7e-m+fp/hard/crtbegin.o
 .text.Error_Handler
                0x080002c4        0x4 build/main.o
                0x080002c4                Error_Handler
 .text.SystemClock_Config
                0x080002c8       0xa4 build/main.o
                0x080002c8                SystemClock_Config
 .text.main     0x0800036c       0x64 build/main.o
                0x0800036c                main
 .text.init_stpd01
                0x080003d0       0x64 build/initialization.o
 .text.init_ina3221
                0x08000434       0x6c build/initialization.o
 .text.tps_write
                0x080004a0       0x30 build/initialization.o
 .text.tps_read
                0x080004d0       0x54 build/initialization.o
 .text.tps_cmd  0x08000524       0x58 build/initialization.o
 .text.tps_get_mode
                0x0800057c        0xe build/initialization.o
 *fill*         0x0800058a        0x2 
 .text.init_tps25750
                0x0800058c      0x114 build/initialization.o
 .text.System_Initialization
                0x080006a0       0x54 build/initialization.o
                0x080006a0                System_Initialization
 .text.reg_write
                0x080006f4       0x2c build/provisioning.o
 .text.control_write
                0x08000720       0x1c build/provisioning.o
 .text.df_write_block
                0x0800073c       0x4a build/provisioning.o
 *fill*         0x08000786        0x2 
 .text.reg_read
                0x08000788       0x3c build/provisioning.o
 .text.control_read
                0x080007c4       0x36 build/provisioning.o
 .text.df_read_block
                0x080007fa       0x5a build/provisioning.o
 .text.df_apply
                0x08000854       0x58 build/provisioning.o
 .text.Provisioning_Check
                0x080008ac       0x5e build/provisioning.o
                0x080008ac                Provisioning_Check
 .text.Provisioning_Required
                0x0800090a       0x18 build/provisioning.o
                0x0800090a                Provisioning_Required
 *fill*         0x08000922        0x2 
 .text.Provisioning_RunGauge
                0x08000924       0x9c build/provisioning.o
                0x08000924                Provisioning_RunGauge
 .text.Encoder_Init
                0x080009c0       0x68 build/encoder.o
                0x080009c0                Encoder_Init
 .text.Encoder_GetDelta
                0x08000a28       0x28 build/encoder.o
                0x08000a28                Encoder_GetDelta
 .text.HAL_GPIO_EXTI_Callback
                0x08000a50       0x4c build/encoder.o
                0x08000a50                HAL_GPIO_EXTI_Callback
 .text.Encoder_IsPressed
                0x08000a9c       0x14 build/encoder.o
                0x08000a9c                Encoder_IsPressed
 .text.Encoder_IsHeld
                0x08000ab0       0x18 build/encoder.o
                0x08000ab0                Encoder_IsHeld
 .text.gauge_read
                0x08000ac8       0x40 build/telemetry.o
 .text.do_poll  0x08000b08      0x24c build/telemetry.o
 .text.Telemetry_Init
                0x08000d54       0x60 build/telemetry.o
                0x08000d54                Telemetry_Init
 .text.Telemetry_Poll
                0x08000db4       0x24 build/telemetry.o
                0x08000db4                Telemetry_Poll
 .text.Telemetry_ForcePoll
                0x08000dd8        0x8 build/telemetry.o
                0x08000dd8                Telemetry_ForcePoll
 .text.send_data
                0x08000de0       0x48 build/ili9341.o
 .text.send_cmd
                0x08000e28       0x48 build/ili9341.o
 .text.ILI9341_SetWindow
                0x08000e70       0x4e build/ili9341.o
                0x08000e70                ILI9341_SetWindow
 .text.ILI9341_DrawPixel
                0x08000ebe       0x1a build/ili9341.o
                0x08000ebe                ILI9341_DrawPixel
 .text.ILI9341_FillRect
                0x08000ed8       0x8c build/ili9341.o
                0x08000ed8                ILI9341_FillRect
 .text.ILI9341_FillScreen
                0x08000f64       0x18 build/ili9341.o
                0x08000f64                ILI9341_FillScreen
 .text.ILI9341_SetBrightness
                0x08000f7c       0x30 build/ili9341.o
                0x08000f7c                ILI9341_SetBrightness
 .text.ILI9341_Init
                0x08000fac       0x7c build/ili9341.o
                0x08000fac                ILI9341_Init
 .text.ILI9341_GetBrightness
                0x08001028        0xc build/ili9341.o
                0x08001028                ILI9341_GetBrightness
 .text.draw_char_scaled
                0x08001034       0x98 build/gfx.o
 .text.GFX_DrawChar
                0x080010cc       0x8c build/gfx.o
                0x080010cc                GFX_DrawChar
 .text.GFX_DrawStringScaled
                0x08001158       0x4c build/gfx.o
                0x08001158                GFX_DrawStringScaled
 .text.GFX_DrawBitmap
                0x080011a4       0x42 build/gfx.o
                0x080011a4                GFX_DrawBitmap
 .text.GFX_DrawString
                0x080011e6       0x40 build/gfx.o
                0x080011e6                GFX_DrawString
 .text.GFX_DrawHLine
                0x08001226       0x10 build/gfx.o
                0x08001226                GFX_DrawHLine
 .text.GFX_DrawVLine
                0x08001236       0x12 build/gfx.o
                0x08001236                GFX_DrawVLine
 .text.GFX_DrawRect
                0x08001248       0x4c build/gfx.o
                0x08001248                GFX_DrawRect
 .text.GFX_DrawLine
                0x08001294       0xb8 build/gfx.o
                0x08001294                GFX_DrawLine
 .text.GFX_DrawRoundRect
                0x0800134c       0x7c build/gfx.o
                0x0800134c                GFX_DrawRoundRect
 .text.GFX_FillRoundRect
                0x080013c8       0x68 build/gfx.o
                0x080013c8                GFX_FillRoundRect
 .text.GFX_DrawCircle
                0x08001430       0xf4 build/gfx.o
                0x08001430                GFX_DrawCircle
 .text.battery_color
                0x08001524        0x8 build/widgets.o
 .text.Widget_BatteryBar_Update
                0x0800152c       0x5c build/widgets.o
                0x0800152c                Widget_BatteryBar_Update
 .text.Widget_BatteryBar_Draw
                0x08001588       0x80 build/widgets.o
                0x08001588                Widget_BatteryBar_Draw
 .text.Widget_LineGraph_Trace
                0x08001608       0xc0 build/widgets.o
                0x08001608                Widget_LineGraph_Trace
 .text.Widget_LineGraph_Draw
                0x080016c8       0x8c build/widgets.o
                0x080016c8                Widget_LineGraph_Draw
 .text.Widget_StatusIcon_Draw
                0x08001754      0x1fc build/widgets.o
                0x08001754                Widget_StatusIcon_Draw
 .text.Widget_Button_Draw
                0x08001950       0xc0 build/widgets.o
                0x08001950                Widget_Button_Draw
 .text.Widget_MenuRow_Draw
                0x08001a10       0x84 build/widgets.o
                0x08001a10                Widget_MenuRow_Draw
 .text.current_color
                0x08001a94       0x10 build/screens.o
 .text.cell_color
                0x08001aa4       0x22 build/screens.o
 .text.stats_row_y
                0x08001ac6       0x1c build/screens.o
 *fill*         0x08001ae2        0x2 
 .text.t_overc  0x08001ae4       0x54 build/screens.o
 .text.detail_value
                0x08001b38       0x3c build/screens.o
 .text.draw_footer
                0x08001b74       0x78 build/screens.o
 .text.ports_legend_row
                0x08001bec      0x12c build/screens.o
 .text.f_maxt   0x08001d18       0x18 build/screens.o
 .text.f_uptime
                0x08001d30       0x48 build/screens.o
 .text.f_energy
                0x08001d78       0x44 build/screens.o
 .text.f_maxin  0x08001dbc       0x18 build/screens.o
 .text.f_maxout
                0x08001dd4       0x18 build/screens.o
 .text.f_sess   0x08001dec       0x18 build/screens.o
 .text.f_cap    0x08001e04       0x20 build/screens.o
 .text.f_soh    0x08001e24       0x18 build/screens.o
 .text.f_cycles
                0x08001e3c       0x18 build/screens.o
 .text.out_fmt_volt
                0x08001e54       0x3c build/screens.o
 .text.ports_graph
                0x08001e90       0x94 build/screens.o
 .text.disp_draw_rows
                0x08001f24      0x180 build/screens.o
 .text.test_draw_rows
                0x080020a4       0x78 build/screens.o
 .text.t_reset  0x0800211c        0x8 build/screens.o
 .text.t_hight  0x08002124       0x14 build/screens.o
 .text.t_lowt   0x08002138       0x14 build/screens.o
 .text.t_vcrit  0x0800214c       0x3c build/screens.o
 .text.t_lowv   0x08002188       0x3c build/screens.o
 .text.confirm_draw_buttons
                0x080021c4       0x4c build/screens.o
 .text.lab_bench_render
                0x08002210      0x4e4 build/screens.o
 .text.out_draw_rows
                0x080026f4      0x210 build/screens.o
 .text.out_apply_enable
                0x08002904       0x54 build/screens.o
 .text.battery_color_pub
                0x08002958       0x1a build/screens.o
                0x08002958                battery_color_pub
 .text.temp_color_pub
                0x08002972       0x24 build/screens.o
                0x08002972                temp_color_pub
 .text.temp_out_of_range_pub
                0x08002996        0xe build/screens.o
                0x08002996                temp_out_of_range_pub
 .text.volt_color_pub
                0x080029a4       0x4c build/screens.o
                0x080029a4                volt_color_pub
 .text.volt_alarm_pub
                0x080029f0       0x1c build/screens.o
                0x080029f0                volt_alarm_pub
 .text.Screen_Header_RefreshIcons
                0x08002a0c       0xf0 build/screens.o
                0x08002a0c                Screen_Header_RefreshIcons
 .text.draw_header
                0x08002afc       0x54 build/screens.o
 .text.Screen_Boot_Draw
                0x08002b50      0x140 build/screens.o
                0x08002b50                Screen_Boot_Draw
 .text.Screen_Main_Update
                0x08002c90      0x1dc build/screens.o
                0x08002c90                Screen_Main_Update
 .text.Screen_Main_Draw
                0x08002e6c       0x98 build/screens.o
                0x08002e6c                Screen_Main_Draw
 .text.Screen_Detail_Update
                0x08002f04      0x1dc build/screens.o
                0x08002f04                Screen_Detail_Update
 .text.Screen_Detail_Draw
                0x080030e0       0xfc build/screens.o
                0x080030e0                Screen_Detail_Draw
 .text.Screen_Graph_Update
                0x080031dc       0x90 build/screens.o
                0x080031dc                Screen_Graph_Update
 .text.Screen_Graph_Draw
                0x0800326c       0xd0 build/screens.o
                0x0800326c                Screen_Graph_Draw
 .text.Screen_Graph_CycleScale
                0x0800333c       0x24 build/screens.o
                0x0800333c                Screen_Graph_CycleScale
 .text.Screen_Ports_Draw
                0x08003360       0x6c build/screens.o
                0x08003360                Screen_Ports_Draw
 .text.Screen_Ports_Update
                0x080033cc       0x1a build/screens.o
                0x080033cc                Screen_Ports_Update
 *fill*         0x080033e6        0x2 
 .text.Screen_Stats_Update
                0x080033e8       0x84 build/screens.o
                0x080033e8                Screen_Stats_Update
 .text.Screen_Stats_Draw
                0x0800346c       0xb4 build/screens.o
                0x0800346c                Screen_Stats_Draw
 .text.Screen_Display_GetAutoSleepMs
                0x08003520       0x1c build/screens.o
                0x08003520                Screen_Display_GetAutoSleepMs
 .text.Screen_Display_Open
                0x0800353c       0x14 build/screens.o
                0x0800353c                Screen_Display_Open
 .text.Screen_Display_Draw
                0x08003550       0x1c build/screens.o
                0x08003550                Screen_Display_Draw
 .text.Screen_Display_OnRotate
                0x0800356c       0xa0 build/screens.o
                0x0800356c                Screen_Display_OnRotate
 .text.Screen_Test_Open
                0x0800360c        0xc build/screens.o
                0x0800360c                Screen_Test_Open
 .text.Screen_Test_Draw
                0x08003618       0x1c build/screens.o
                0x08003618                Screen_Test_Draw
 .text.Screen_Test_OnRotate
                0x08003634       0x38 build/screens.o
                0x08003634                Screen_Test_OnRotate
 .text.Screen_Test_OnPress
                0x0800366c       0x4c build/screens.o
                0x0800366c                Screen_Test_OnPress
 .text.Screen_Confirm_Open
                0x080036b8       0x14 build/screens.o
                0x080036b8                Screen_Confirm_Open
 .text.Screen_Display_OnPress
                0x080036cc       0x54 build/screens.o
                0x080036cc                Screen_Display_OnPress
 .text.Screen_Confirm_GetAction
                0x08003720        0xc build/screens.o
                0x08003720                Screen_Confirm_GetAction
 .text.Screen_Confirm_Draw
                0x0800372c       0xc0 build/screens.o
                0x0800372c                Screen_Confirm_Draw
 .text.Screen_Confirm_OnRotate
                0x080037ec       0x18 build/screens.o
                0x080037ec                Screen_Confirm_OnRotate
 .text.Screen_Confirm_OnPress
                0x08003804       0x14 build/screens.o
                0x08003804                Screen_Confirm_OnPress
 .text.Screen_Warning_Open
                0x08003818        0xc build/screens.o
                0x08003818                Screen_Warning_Open
 .text.Screen_Warning_Draw
                0x08003824      0x1cc build/screens.o
                0x08003824                Screen_Warning_Draw
 .text.Screen_Sleep_Draw
                0x080039f0        0xa build/screens.o
                0x080039f0                Screen_Sleep_Draw
 *fill*         0x080039fa        0x2 
 .text.Screen_Output_RowStatus
                0x080039fc       0x5c build/screens.o
                0x080039fc                Screen_Output_RowStatus
 .text.Screen_Output_Open
                0x08003a58       0x24 build/screens.o
                0x08003a58                Screen_Output_Open
 .text.Screen_Output_Draw
                0x08003a7c       0x54 build/screens.o
                0x08003a7c                Screen_Output_Draw
 .text.Screen_Output_Update
                0x08003ad0       0x14 build/screens.o
                0x08003ad0                Screen_Output_Update
 .text.Screen_Output_OnRotate
                0x08003ae4      0x11c build/screens.o
                0x08003ae4                Screen_Output_OnRotate
 .text.Screen_Output_OnPress
                0x08003c00       0x70 build/screens.o
                0x08003c00                Screen_Output_OnPress
 .text.Screen_Settings_LockAll
                0x08003c70       0x60 build/screens.o
                0x08003c70                Screen_Settings_LockAll
 .text.Screen_Settings_GetLockAll
                0x08003cd0        0xc build/screens.o
                0x08003cd0                Screen_Settings_GetLockAll
 .text.Screen_Settings_Update
                0x08003cdc      0x134 build/screens.o
                0x08003cdc                Screen_Settings_Update
 .text.Screen_Settings_Draw
                0x08003e10       0x54 build/screens.o
                0x08003e10                Screen_Settings_Draw
 .text.Screen_Settings_Toggle
                0x08003e64       0x34 build/screens.o
                0x08003e64                Screen_Settings_Toggle
 .text.UI_Init  0x08003e98       0x2c build/ui_state.o
                0x08003e98                UI_Init
 .text.UI_NavigateTo
                0x08003ec4       0x18 build/ui_state.o
                0x08003ec4                UI_NavigateTo
 .text.UI_EnterSleep
                0x08003edc       0x34 build/ui_state.o
                0x08003edc                UI_EnterSleep
 .text.UI_EnterSleepLight
                0x08003f10       0x14 build/ui_state.o
                0x08003f10                UI_EnterSleepLight
 .text.UI_OpenConfirm
                0x08003f24       0x1c build/ui_state.o
                0x08003f24                UI_OpenConfirm
 .text.UI_CloseSettings
                0x08003f40       0x10 build/ui_state.o
                0x08003f40                UI_CloseSettings
 .text.UI_Tick  0x08003f50      0x568 build/ui_state.o
                0x08003f50                UI_Tick
 .text.UI_RearmWarning
                0x080044b8       0x18 build/ui_state.o
                0x080044b8                UI_RearmWarning
 .text.MX_GPIO_Init
                0x080044d0      0x134 build/gpio.o
                0x080044d0                MX_GPIO_Init
 .text.MX_ADC1_Init
                0x08004604      0x11c build/adc.o
                0x08004604                MX_ADC1_Init
 .text.HAL_ADC_MspInit
                0x08004720       0x90 build/adc.o
                0x08004720                HAL_ADC_MspInit
 .text.MX_I2C1_Init
                0x080047b0       0x3c build/i2c.o
                0x080047b0                MX_I2C1_Init
 .text.MX_I2C3_Init
                0x080047ec       0x3c build/i2c.o
                0x080047ec                MX_I2C3_Init
 .text.HAL_I2C_MspInit
                0x08004828       0xf4 build/i2c.o
                0x08004828                HAL_I2C_MspInit
 .text.MX_SPI1_Init
                0x0800491c       0x40 build/spi.o
                0x0800491c                MX_SPI1_Init
 .text.HAL_SPI_MspInit
                0x0800495c       0x98 build/spi.o
                0x0800495c                HAL_SPI_MspInit
 .text.MX_TIM3_Init
                0x080049f4       0x64 build/tim.o
                0x080049f4                MX_TIM3_Init
 .text.HAL_TIM_Encoder_MspInit
                0x08004a58       0x68 build/tim.o
                0x08004a58                HAL_TIM_Encoder_MspInit
 .text.MX_USART1_UART_Init
                0x08004ac0       0x34 build/usart.o
                0x08004ac0                MX_USART1_UART_Init
 .text.HAL_UART_MspInit
                0x08004af4       0x70 build/usart.o
                0x08004af4                HAL_UART_MspInit
 .text.NMI_Handler
                0x08004b64        0x2 build/stm32f4xx_it.o
                0x08004b64                NMI_Handler
 .text.HardFault_Handler
                0x08004b66        0x2 build/stm32f4xx_it.o
                0x08004b66                HardFault_Handler
 .text.MemManage_Handler
                0x08004b68        0x2 build/stm32f4xx_it.o
                0x08004b68                MemManage_Handler
 .text.BusFault_Handler
                0x08004b6a        0x2 build/stm32f4xx_it.o
                0x08004b6a                BusFault_Handler
 .text.UsageFault_Handler
                0x08004b6c        0x2 build/stm32f4xx_it.o
                0x08004b6c                UsageFault_Handler
 .text.SVC_Handler
                0x08004b6e        0x2 build/stm32f4xx_it.o
                0x08004b6e                SVC_Handler
 .text.DebugMon_Handler
                0x08004b70        0x2 build/stm32f4xx_it.o
                0x08004b70                DebugMon_Handler
 .text.PendSV_Handler
                0x08004b72        0x2 build/stm32f4xx_it.o
                0x08004b72                PendSV_Handler
 .text.SysTick_Handler
                0x08004b74        0x8 build/stm32f4xx_it.o
                0x08004b74                SysTick_Handler
 .text.EXTI0_IRQHandler
                0x08004b7c        0xa build/stm32f4xx_it.o
                0x08004b7c                EXTI0_IRQHandler
 *fill*         0x08004b86        0x2 
 .text.HAL_MspInit
                0x08004b88       0x38 build/stm32f4xx_hal_msp.o
                0x08004b88                HAL_MspInit
 .text.ADC_Init
                0x08004bc0      0x134 build/stm32f4xx_hal_adc.o
 .text.HAL_ADC_Init
                0x08004cf4       0x56 build/stm32f4xx_hal_adc.o
                0x08004cf4                HAL_ADC_Init
 *fill*         0x08004d4a        0x2 
 .text.HAL_ADC_ConfigChannel
                0x08004d4c      0x1d4 build/stm32f4xx_hal_adc.o
                0x08004d4c                HAL_ADC_ConfigChannel
 .text.HAL_RCC_OscConfig
                0x08004f20      0x3cc build/stm32f4xx_hal_rcc.o
                0x08004f20                HAL_RCC_OscConfig
 .text.HAL_RCC_GetSysClockFreq
                0x080052ec       0xd0 build/stm32f4xx_hal_rcc.o
                0x080052ec                HAL_RCC_GetSysClockFreq
 .text.HAL_RCC_ClockConfig
                0x080053bc      0x14c build/stm32f4xx_hal_rcc.o
                0x080053bc                HAL_RCC_ClockConfig
 .text.HAL_RCC_GetHCLKFreq
                0x08005508        0xc build/stm32f4xx_hal_rcc.o
                0x08005508                HAL_RCC_GetHCLKFreq
 .text.HAL_RCC_GetPCLK1Freq
                0x08005514       0x20 build/stm32f4xx_hal_rcc.o
                0x08005514                HAL_RCC_GetPCLK1Freq
 .text.HAL_RCC_GetPCLK2Freq
                0x08005534       0x20 build/stm32f4xx_hal_rcc.o
                0x08005534                HAL_RCC_GetPCLK2Freq
 .text.HAL_GPIO_Init
                0x08005554      0x1e0 build/stm32f4xx_hal_gpio.o
                0x08005554                HAL_GPIO_Init
 .text.HAL_GPIO_ReadPin
                0x08005734        0xe build/stm32f4xx_hal_gpio.o
                0x08005734                HAL_GPIO_ReadPin
 .text.HAL_GPIO_WritePin
                0x08005742        0xc build/stm32f4xx_hal_gpio.o
                0x08005742                HAL_GPIO_WritePin
 *fill*         0x0800574e        0x2 
 .text.HAL_GPIO_EXTI_IRQHandler
                0x08005750       0x1c build/stm32f4xx_hal_gpio.o
                0x08005750                HAL_GPIO_EXTI_IRQHandler
 .text.__NVIC_EnableIRQ
                0x0800576c       0x1c build/stm32f4xx_hal_cortex.o
 .text.__NVIC_SetPriority
                0x08005788       0x24 build/stm32f4xx_hal_cortex.o
 .text.NVIC_EncodePriority
                0x080057ac       0x46 build/stm32f4xx_hal_cortex.o
 *fill*         0x080057f2        0x2 
 .text.HAL_NVIC_SetPriorityGrouping
                0x080057f4       0x24 build/stm32f4xx_hal_cortex.o
                0x080057f4                HAL_NVIC_SetPriorityGrouping
 .text.HAL_NVIC_SetPriority
                0x08005818       0x20 build/stm32f4xx_hal_cortex.o
                0x08005818                HAL_NVIC_SetPriority
 .text.HAL_NVIC_EnableIRQ
                0x08005838        0x8 build/stm32f4xx_hal_cortex.o
                0x08005838                HAL_NVIC_EnableIRQ
 .text.HAL_SYSTICK_Config
                0x08005840       0x28 build/stm32f4xx_hal_cortex.o
                0x08005840                HAL_SYSTICK_Config
 .text.HAL_InitTick
                0x08005868       0x48 build/stm32f4xx_hal.o
                0x08005868                HAL_InitTick
 .text.HAL_Init
                0x080058b0       0x34 build/stm32f4xx_hal.o
                0x080058b0                HAL_Init
 .text.HAL_IncTick
                0x080058e4       0x18 build/stm32f4xx_hal.o
                0x080058e4                HAL_IncTick
 .text.HAL_GetTick
                0x080058fc        0xc build/stm32f4xx_hal.o
                0x080058fc                HAL_GetTick
 .text.HAL_Delay
                0x08005908       0x28 build/stm32f4xx_hal.o
                0x08005908                HAL_Delay
 .text.I2C_IsAcknowledgeFailed
                0x08005930       0x32 build/stm32f4xx_hal_i2c.o
 .text.I2C_WaitOnFlagUntilTimeout
                0x08005962       0xaa build/stm32f4xx_hal_i2c.o
 .text.I2C_WaitOnMasterAddressFlagUntilTimeout
                0x08005a0c       0xd2 build/stm32f4xx_hal_i2c.o
 *fill*         0x08005ade        0x2 
 .text.I2C_MasterRequestWrite
                0x08005ae0       0xb4 build/stm32f4xx_hal_i2c.o
 .text.I2C_MasterRequestRead
                0x08005b94      0x11c build/stm32f4xx_hal_i2c.o
 .text.I2C_WaitOnTXEFlagUntilTimeout
                0x08005cb0       0x5a build/stm32f4xx_hal_i2c.o
 *fill*         0x08005d0a        0x2 
 .text.I2C_RequestMemoryRead
                0x08005d0c      0x134 build/stm32f4xx_hal_i2c.o
 .text.I2C_WaitOnBTFFlagUntilTimeout
                0x08005e40       0x5a build/stm32f4xx_hal_i2c.o
 .text.I2C_WaitOnRXNEFlagUntilTimeout
                0x08005e9a       0x76 build/stm32f4xx_hal_i2c.o
 .text.HAL_I2C_Init
                0x08005f10      0x1d4 build/stm32f4xx_hal_i2c.o
                0x08005f10                HAL_I2C_Init
 .text.HAL_I2C_Master_Transmit
                0x080060e4      0x158 build/stm32f4xx_hal_i2c.o
                0x080060e4                HAL_I2C_Master_Transmit
 .text.HAL_I2C_Master_Receive
                0x0800623c      0x2bc build/stm32f4xx_hal_i2c.o
                0x0800623c                HAL_I2C_Master_Receive
 .text.HAL_I2C_Mem_Read
                0x080064f8      0x2b8 build/stm32f4xx_hal_i2c.o
                0x080064f8                HAL_I2C_Mem_Read
 .text.SPI_WaitFlagStateUntilTimeout
                0x080067b0       0xc8 build/stm32f4xx_hal_spi.o
 .text.SPI_EndRxTxTransaction
                0x08006878       0x80 build/stm32f4xx_hal_spi.o
 .text.HAL_SPI_Init
                0x080068f8       0xbe build/stm32f4xx_hal_spi.o
                0x080068f8                HAL_SPI_Init
 .text.HAL_SPI_Transmit
                0x080069b6      0x1a0 build/stm32f4xx_hal_spi.o
                0x080069b6                HAL_SPI_Transmit
 *fill*         0x08006b56        0x2 
 .text.TIM_Base_SetConfig
                0x08006b58       0xa4 build/stm32f4xx_hal_tim.o
                0x08006b58                TIM_Base_SetConfig
 .text.HAL_TIM_Encoder_Init
                0x08006bfc       0xb4 build/stm32f4xx_hal_tim.o
                0x08006bfc                HAL_TIM_Encoder_Init
 .text.TIM_CCxChannelCmd
                0x08006cb0       0x1e build/stm32f4xx_hal_tim.o
                0x08006cb0                TIM_CCxChannelCmd
 .text.HAL_TIM_Encoder_Start
                0x08006cce       0xba build/stm32f4xx_hal_tim.o
                0x08006cce                HAL_TIM_Encoder_Start
 .text.HAL_TIMEx_MasterConfigSynchronization
                0x08006d88       0x7c build/stm32f4xx_hal_tim_ex.o
                0x08006d88                HAL_TIMEx_MasterConfigSynchronization
 .text.UART_SetConfig
                0x08006e04      0x110 build/stm32f4xx_hal_uart.o
 .text.HAL_UART_Init
                0x08006f14       0x60 build/stm32f4xx_hal_uart.o
                0x08006f14                HAL_UART_Init
 .text.SystemInit
                0x08006f74       0x14 build/system_stm32f4xx.o
                0x08006f74                SystemInit
 .text._sbrk    0x08006f88       0x4c build/sysmem.o
                0x08006f88                _sbrk
 .text.Reset_Handler
                0x08006fd4       0x50 build/startup_stm32f401xc.o
                0x08006fd4                Reset_Handler
 .text.Default_Handler
                0x08007024        0x2 build/startup_stm32f401xc.o
                0x08007024                RTC_Alarm_IRQHandler
                0x08007024                EXTI2_IRQHandler
                0x08007024                SPI4_IRQHandler
                0x08007024                TIM1_CC_IRQHandler
                0x08007024                DMA2_Stream5_IRQHandler
                0x08007024                DMA1_Stream5_IRQHandler
                0x08007024                PVD_IRQHandler
                0x08007024                SDIO_IRQHandler
                0x08007024                TAMP_STAMP_IRQHandler
                0x08007024                EXTI3_IRQHandler
                0x08007024                TIM1_UP_TIM10_IRQHandler
                0x08007024                I2C3_ER_IRQHandler
                0x08007024                I2C2_EV_IRQHandler
                0x08007024                DMA1_Stream2_IRQHandler
                0x08007024                FPU_IRQHandler
                0x08007024                DMA2_Stream2_IRQHandler
                0x08007024                SPI1_IRQHandler
                0x08007024                TIM1_BRK_TIM9_IRQHandler
                0x08007024                DMA2_Stream3_IRQHandler
                0x08007024                USART6_IRQHandler
                0x08007024                DMA2_Stream0_IRQHandler
                0x08007024                TIM4_IRQHandler
                0x08007024                I2C1_EV_IRQHandler
                0x08007024                DMA1_Stream6_IRQHandler
                0x08007024                DMA1_Stream1_IRQHandler
                0x08007024                TIM3_IRQHandler
                0x08007024                RCC_IRQHandler
                0x08007024                Default_Handler
                0x08007024                EXTI15_10_IRQHandler
                0x08007024                ADC_IRQHandler
                0x08007024                DMA1_Stream7_IRQHandler
                0x08007024                TIM5_IRQHandler
                0x08007024                DMA2_Stream7_IRQHandler
                0x08007024                I2C3_EV_IRQHandler
                0x08007024                EXTI9_5_IRQHandler
                0x08007024                RTC_WKUP_IRQHandler
                0x08007024                SPI2_IRQHandler
                0x08007024                DMA1_Stream0_IRQHandler
                0x08007024                EXTI4_IRQHandler
                0x08007024                WWDG_IRQHandler
                0x08007024                TIM2_IRQHandler
                0x08007024                OTG_FS_WKUP_IRQHandler
                0x08007024                TIM1_TRG_COM_TIM11_IRQHandler
                0x08007024                EXTI1_IRQHandler
                0x08007024                USART2_IRQHandler
                0x08007024                I2C2_ER_IRQHandler
                0x08007024                DMA2_Stream1_IRQHandler
                0x08007024                FLASH_IRQHandler
                0x08007024                DMA2_Stream4_IRQHandler
                0x08007024                USART1_IRQHandler
                0x08007024                OTG_FS_IRQHandler
                0x08007024                SPI3_IRQHandler
                0x08007024                DMA1_Stream4_IRQHandler
                0x08007024                I2C1_ER_IRQHandler
                0x08007024                DMA2_Stream6_IRQHandler
                0x08007024                DMA1_Stream3_IRQHandler
 *fill*         0x08007026        0x2 
 .text.snprintf
                0x08007028       0x64 /usr/lib/gcc/arm-none-eabi/16.1.0/../../../../arm-none-eabi/lib/thumb/v7e-m+fp/hard/libc_nano.a(libc_a-snprintf.o)
                0x08007028                snprintf
                0x08007028                sniprintf
 .text.memcmp   0x0800708c       0x20 /usr/lib/gcc/arm-none-eabi/16.1.0/../../../../arm-none-eabi/lib/thumb/v7e-m+fp/hard/libc_nano.a(libc_a-memcmp.o)
                0x0800708c                memcmp
 .text.memset   0x080070ac       0x10 /usr/lib/gcc/arm-none-eabi/16.1.0/../../../../arm-none-eabi/lib/thumb/v7e-m+fp/hard/libc_nano.a(libc_a-memset.o)
                0x080070ac                memset
 .text.__errno  0x080070bc        0xc /usr/lib/gcc/arm-none-eabi/16.1.0/../../../../arm-none-eabi/lib/thumb/v7e-m+fp/hard/libc_nano.a(libc_a-errno.o)
                0x080070bc                __errno
 .text.__libc_init_array
                0x080070c8       0x48 /usr/lib/gcc/arm-none-eabi/16.1.0/../../../../arm-none-eabi/lib/thumb/v7e-m+fp/hard/libc_nano.a(libc_a-init.o)
                0x080070c8                __libc_init_array
 .text.__retarget_lock_acquire_recursive
                0x08007110        0x2 /usr/lib/gcc/arm-none-eabi/16.1.0/../../../../arm-none-eabi/lib/thumb/v7e-m+fp/hard/libc_nano.a(libc_a-lock.o)
                0x08007110                __retarget_lock_acquire_recursive
 .text.__retarget_lock_release_recursive
                0x08007112        0x2 /usr/lib/gcc/arm-none-eabi/16.1.0/../../../../arm-none-eabi/lib/thumb/v7e-m+fp/hard/libc_nano.a(libc_a-lock.o)
                0x08007112                __retarget_lock_release_recursive
 .text.memcpy   0x08007114       0x1c /usr/lib/gcc/arm-none-eabi/16.1.0/../../../../arm-none-eabi/lib/thumb/v7e-m+fp/hard/libc_nano.a(libc_a-memcpy-stub.o)
                0x08007114                memcpy
 .text._free_r  0x08007130       0x98 /usr/lib/gcc/arm-none-eabi/16.1.0/../../../../arm-none-eabi/lib/thumb/v7e-m+fp/hard/libc_nano.a(libc_a-freer.o)
                0x08007130                _free_r
 .text.sbrk_aligned
                0x080071c8       0x44 /usr/lib/gcc/arm-none-eabi/16.1.0/../../../../arm-none-eabi/lib/thumb/v7e-m+fp/hard/libc_nano.a(libc_a-mallocr.o)
 .text._malloc_r
                0x0800720c      0x100 /usr/lib/gcc/arm-none-eabi/16.1.0/../../../../arm-none-eabi/lib/thumb/v7e-m+fp/hard/libc_nano.a(libc_a-mallocr.o)
                0x0800720c                _malloc_r
 .text.__malloc_lock
                0x0800730c        0xc /usr/lib/gcc/arm-none-eabi/16.1.0/../../../../arm-none-eabi/lib/thumb/v7e-m+fp/hard/libc_nano.a(libc_a-mlock.o)
                0x0800730c                __malloc_lock
 .text.__malloc_unlock
                0x08007318        0xc /usr/lib/gcc/arm-none-eabi/16.1.0/../../../../arm-none-eabi/lib/thumb/v7e-m+fp/hard/libc_nano.a(libc_a-mlock.o)
                0x08007318                __malloc_unlock
 .text.__ssputs_r
                0x08007324       0xc6 /usr/lib/gcc/arm-none-eabi/16.1.0/../../../../arm-none-eabi/lib/thumb/v7e-m+fp/hard/libc_nano.a(libc_a-nano-svfprintf.o)
                0x08007324                __ssputs_r
 *fill*         0x080073ea        0x2 
 .text._svfprintf_r
                0x080073ec      0x1f4 /usr/lib/gcc/arm-none-eabi/16.1.0/../../../../arm-none-eabi/lib/thumb/v7e-m+fp/hard/libc_nano.a(libc_a-nano-svfprintf.o)
                0x080073ec                _svfprintf_r
                0x080073ec                _svfiprintf_r
 .text._printf_common
                0x080075e0       0xd4 /usr/lib/gcc/arm-none-eabi/16.1.0/../../../../arm-none-eabi/lib/thumb/v7e-m+fp/hard/libc_nano.a(libc_a-nano-vfprintf_i.o)
                0x080075e0                _printf_common
 .text._printf_i
                0x080076b4      0x258 /usr/lib/gcc/arm-none-eabi/16.1.0/../../../../arm-none-eabi/lib/thumb/v7e-m+fp/hard/libc_nano.a(libc_a-nano-vfprintf_i.o)
                0x080076b4                _printf_i
 .text.memmove  0x0800790c       0x32 /usr/lib/gcc/arm-none-eabi/16.1.0/../../../../arm-none-eabi/lib/thumb/v7e-m+fp/hard/libc_nano.a(libc_a-memmove.o)
                0x0800790c                memmove
 *fill*         0x0800793e        0x2 
 .text._sbrk_r  0x08007940       0x20 /usr/lib/gcc/arm-none-eabi/16.1.0/../../../../arm-none-eabi/lib/thumb/v7e-m+fp/hard/libc_nano.a(libc_a-sbrkr.o)
                0x08007940                _sbrk_r
 .text._realloc_r
                0x08007960       0x5a /usr/lib/gcc/arm-none-eabi/16.1.0/../../../../arm-none-eabi/lib/thumb/v7e-m+fp/hard/libc_nano.a(libc_a-reallocr.o)
                0x08007960                _realloc_r
 .text._malloc_usable_size_r
                0x080079ba       0x10 /usr/lib/gcc/arm-none-eabi/16.1.0/../../../../arm-none-eabi/lib/thumb/v7e-m+fp/hard/libc_nano.a(libc_a-msizer.o)
                0x080079ba                _malloc_usable_size_r
 .text.__udivmoddi4
                0x080079ca      0x2b8 /usr/lib/gcc/arm-none-eabi/16.1.0/thumb/v7e-m+fp/hard/libgcc.a(_udivmoddi4.o)
                0x080079ca                __udivmoddi4
 *(.glue_7)
 .glue_7        0x08007c82        0x0 linker stubs
 *(.glue_7t)
 .glue_7t       0x08007c82        0x0 linker stubs
 *(.eh_frame)
 *fill*         0x08007c82        0x2 
 .eh_frame      0x08007c84        0x0 /usr/lib/gcc/arm-none-eabi/16.1.0/thumb/v7e-m+fp/hard/crtbegin.o
 *(.init)
 .init          0x08007c84        0x4 /usr/lib/gcc/arm-none-eabi/16.1.0/thumb/v7e-m+fp/hard/crti.o
                0x08007c84                _init
 .init          0x08007c88        0x8 /usr/lib/gcc/arm-none-eabi/16.1.0/thumb/v7e-m+fp/hard/crtn.o
 *(.fini)
 .fini          0x08007c90        0x4 /usr/lib/gcc/arm-none-eabi/16.1.0/thumb/v7e-m+fp/hard/crti.o
                0x08007c90                _fini
 .fini          0x08007c94        0x8 /usr/lib/gcc/arm-none-eabi/16.1.0/thumb/v7e-m+fp/hard/crtn.o
                0x08007c9c                        . = ALIGN (0x4)
                0x08007c9c                        _etext = .

.vfp11_veneer   0x08007c9c        0x0
 .vfp11_veneer  0x08007c9c        0x0 linker stubs

.v4_bx          0x08007c9c        0x0
 .v4_bx         0x08007c9c        0x0 linker stubs

.iplt           0x08007c9c        0x0
 .iplt          0x08007c9c        0x0 /usr/lib/gcc/arm-none-eabi/16.1.0/thumb/v7e-m+fp/hard/crtbegin.o

.rodata         0x08007c9c     0xdafc
                0x08007c9c                        . = ALIGN (0x4)
 *(.rodata)
 .rodata        0x08007c9c        0x3 build/initialization.o
 *fill*         0x08007c9f        0x1 
 .rodata        0x08007ca0       0x1c build/screens.o
 *(.rodata*)
 .rodata.str1.4
                0x08007cbc      0x72c build/initialization.o
                                 0x1b (size before relaxing)
 .rodata.steps  0x080083e8       0x24 build/initialization.o
 .rodata.patches
                0x0800840c       0x18 build/provisioning.o
 .rodata.marker
                0x08008424        0x2 build/provisioning.o
 *fill*         0x08008426        0x2 
 .rodata.series_cells
                0x08008428        0x1 build/provisioning.o
 *fill*         0x08008429        0x3 
 .rodata.design_capacity
                0x0800842c        0x2 build/provisioning.o
 *fill*         0x0800842e        0x2 
 .rodata.tps25750_bundle
                0x08008430     0x7d00 build/tps25750_bundle.o
                0x08008430                tps25750_bundle
 .rodata.tps25750_bundle_size
                0x08010130        0x4 build/tps25750_bundle.o
                0x08010130                tps25750_bundle_size
 .rodata.GFX_FontMedium
                0x08010134        0x8 build/gfx.o
                0x08010134                GFX_FontMedium
 .rodata.GFX_FontSmall
                0x0801013c        0x8 build/gfx.o
                0x0801013c                GFX_FontSmall
 .rodata._font_small_data
                0x08010144      0x2d8 build/gfx.o
 .rodata.ports_legend_row.str1.4
                0x0801041c        0x0 build/screens.o
                                 0x1d (size before relaxing)
 .rodata.f_maxt.str1.4
                0x0801041c        0x0 build/screens.o
                                  0x5 (size before relaxing)
 .rodata.f_uptime.str1.4
                0x0801041c        0x0 build/screens.o
                                  0xc (size before relaxing)
 .rodata.f_energy.str1.4
                0x0801041c        0x0 build/screens.o
                                  0xa (size before relaxing)
 .rodata.f_maxin.str1.4
                0x0801041c        0x0 build/screens.o
                                  0x6 (size before relaxing)
 .rodata.f_sess.str1.4
                0x0801041c        0x0 build/screens.o
                                  0x3 (size before relaxing)
 .rodata.f_cap.str1.4
                0x0801041c        0x0 build/screens.o
                                  0x9 (size before relaxing)
 .rodata.f_soh.str1.4
                0x0801041c        0x0 build/screens.o
                                  0x5 (size before relaxing)
 .rodata.out_fmt_volt.str1.4
                0x0801041c        0x0 build/screens.o
                                  0x8 (size before relaxing)
 .rodata.disp_draw_rows.str1.4
                0x0801041c        0x0 build/screens.o
                                 0x97 (size before relaxing)
 .rodata.test_draw_rows.str1.4
                0x0801041c        0x0 build/screens.o
                                 0x15 (size before relaxing)
 .rodata.confirm_draw_buttons.str1.4
                0x0801041c        0x0 build/screens.o
                                  0xb (size before relaxing)
 .rodata.lab_bench_render.str1.4
                0x0801041c        0x0 build/screens.o
                                 0xb2 (size before relaxing)
 .rodata.out_draw_rows.str1.4
                0x0801041c        0x0 build/screens.o
                                 0x41 (size before relaxing)
 .rodata.Screen_Header_RefreshIcons.str1.4
                0x0801041c        0x0 build/screens.o
                                  0x1 (size before relaxing)
 .rodata.Screen_Boot_Draw.str1.4
                0x0801041c        0x0 build/screens.o
                                 0x75 (size before relaxing)
 .rodata.Screen_Main_Update.str1.4
                0x0801041c        0x0 build/screens.o
                                 0x2e (size before relaxing)
 .rodata.Screen_Main_Draw.str1.4
                0x0801041c        0x0 build/screens.o
                                 0x2f (size before relaxing)
 .rodata.Screen_Detail_Update.str1.4
                0x0801041c        0x0 build/screens.o
                                 0x24 (size before relaxing)
 .rodata.Screen_Detail_Draw.str1.4
                0x0801041c        0x0 build/screens.o
                                 0x28 (size before relaxing)
 .rodata.Screen_Graph_Update.str1.4
                0x0801041c        0x0 build/screens.o
                                  0x7 (size before relaxing)
 .rodata.Screen_Graph_Draw.str1.4
                0x0801041c        0x0 build/screens.o
                                 0x3c (size before relaxing)
 .rodata.Screen_Ports_Draw.str1.4
                0x0801041c        0x0 build/screens.o
                                 0x1d (size before relaxing)
 .rodata.Screen_Stats_Draw.str1.4
                0x0801041c        0x0 build/screens.o
                                 0x2c (size before relaxing)
 .rodata.Screen_Display_Draw.str1.4
                0x0801041c        0x0 build/screens.o
                                  0x8 (size before relaxing)
 .rodata.Screen_Test_Draw.str1.4
                0x0801041c        0x0 build/screens.o
                                  0xb (size before relaxing)
 .rodata.Screen_Test_OnPress.str1.4
                0x0801041c        0x0 build/screens.o
                                  0x8 (size before relaxing)
 .rodata.Screen_Confirm_Draw.str1.4
                0x0801041c        0x0 build/screens.o
                                 0x5d (size before relaxing)
 .rodata.Screen_Warning_Draw.str1.4
                0x0801041c        0x0 build/screens.o
                                  0xe (size before relaxing)
 .rodata.Screen_Output_RowStatus.str1.4
                0x0801041c        0x0 build/screens.o
                                  0x6 (size before relaxing)
 .rodata.Screen_Output_Draw.str1.4
                0x0801041c        0x0 build/screens.o
                                 0x1e (size before relaxing)
 .rodata.Screen_Settings_Update.str1.4
                0x0801041c        0x0 build/screens.o
                                 0x45 (size before relaxing)
 .rodata.Screen_Settings_Draw.str1.4
                0x0801041c        0x0 build/screens.o
                                 0x20 (size before relaxing)
 .rodata.str1.4
                0x0801041c        0x0 build/screens.o
                                0x234 (size before relaxing)
 .rodata._c2_pdo_mv
                0x0801041c        0xa build/screens.o
 *fill*         0x08010426        0x2 
 .rodata._warn_text
                0x08010428       0x30 build/screens.o
 .rodata._confirm_title
                0x08010458        0x8 build/screens.o
 .rodata._test_rows
                0x08010460       0x38 build/screens.o
 .rodata._asleep_min
                0x08010498        0x8 build/screens.o
 .rodata._stats_rows
                0x080104a0       0x6c build/screens.o
 .rodata._port_meta
                0x0801050c       0x28 build/screens.o
 .rodata._graph_fs
                0x08010534        0x6 build/screens.o
 *fill*         0x0801053a        0x2 
 .rodata.logo_data
                0x0801053c     0x5210 build/screens.o
 .rodata.APBPrescTable
                0x0801574c        0x8 build/system_stm32f4xx.o
                0x0801574c                APBPrescTable
 .rodata.AHBPrescTable
                0x08015754       0x10 build/system_stm32f4xx.o
                0x08015754                AHBPrescTable
 .rodata._svfprintf_r.str1.1
                0x08015764       0x33 /usr/lib/gcc/arm-none-eabi/16.1.0/../../../../arm-none-eabi/lib/thumb/v7e-m+fp/hard/libc_nano.a(libc_a-nano-svfprintf.o)
                                 0x11 (size before relaxing)
 .rodata._printf_i.str1.1
                0x08015797        0x0 /usr/lib/gcc/arm-none-eabi/16.1.0/../../../../arm-none-eabi/lib/thumb/v7e-m+fp/hard/libc_nano.a(libc_a-nano-vfprintf_i.o)
                                 0x22 (size before relaxing)
                0x08015798                        . = ALIGN (0x4)
 *fill*         0x08015797        0x1 

.ARM.extab      0x08015798        0x0
                0x08015798                        . = ALIGN (0x4)
 *(.ARM.extab* .gnu.linkonce.armextab.*)
                0x08015798                        . = ALIGN (0x4)

.ARM            0x08015798        0x8
                0x08015798                        . = ALIGN (0x4)
                0x08015798                        __exidx_start = .
 *(.ARM.exidx*)
 .ARM.exidx     0x08015798        0x8 /usr/lib/gcc/arm-none-eabi/16.1.0/../../../../arm-none-eabi/lib/thumb/v7e-m+fp/hard/libc_nano.a(libc_a-strlen.o)
 .ARM.exidx     0x080157a0        0x0 /usr/lib/gcc/arm-none-eabi/16.1.0/../../../../arm-none-eabi/lib/thumb/v7e-m+fp/hard/libc_nano.a(libc_a-memchr.o)
                                  0x8 (size before relaxing)
 .ARM.exidx.text.__udivmoddi4
                0x080157a0        0x0 /usr/lib/gcc/arm-none-eabi/16.1.0/thumb/v7e-m+fp/hard/libgcc.a(_udivmoddi4.o)
                                  0x8 (size before relaxing)
                0x080157a0                        __exidx_end = .
                0x080157a0                        . = ALIGN (0x4)

.preinit_array  0x080157a0        0x0
                0x080157a0                        . = ALIGN (0x4)
                0x080157a0                        PROVIDE (__preinit_array_start = .)
 *(.preinit_array*)
                0x080157a0                        PROVIDE (__preinit_array_end = .)
                0x080157a0                        . = ALIGN (0x4)

.init_array     0x080157a0        0x4
                0x080157a0                        . = ALIGN (0x4)
                0x080157a0                        PROVIDE (__init_array_start = .)
 *(SORT_BY_NAME(.init_array.*))
 *(.init_array*)
 .init_array    0x080157a0        0x4 /usr/lib/gcc/arm-none-eabi/16.1.0/thumb/v7e-m+fp/hard/crtbegin.o
                0x080157a4                        PROVIDE (__init_array_end = .)
                0x080157a4                        . = ALIGN (0x4)

.fini_array     0x080157a4        0x4
                0x080157a4                        . = ALIGN (0x4)
                0x080157a4                        PROVIDE (__fini_array_start = .)
 *(SORT_BY_NAME(.fini_array.*))
 *(.fini_array*)
 .fini_array    0x080157a4        0x4 /usr/lib/gcc/arm-none-eabi/16.1.0/thumb/v7e-m+fp/hard/crtbegin.o
                0x080157a8                        PROVIDE (__fini_array_end = .)
                0x080157a8                        . = ALIGN (0x4)
                0x080157a8                        _sidata = LOADADDR (.data)

.rel.dyn        0x080157a8        0x0
 .rel.iplt      0x080157a8        0x0 /usr/lib/gcc/arm-none-eabi/16.1.0/thumb/v7e-m+fp/hard/crtbegin.o

.data           0x20000000       0xe4 load address 0x080157a8
                0x20000000                        . = ALIGN (0x4)
                0x20000000                        _sdata = .
 *(.data)
 *(.data*)
 .data.report   0x20000000       0x18 build/initialization.o
 .data._btn_last_state
                0x20000018        0x1 build/encoder.o
 .data._brightness
                0x20000019        0x1 build/ili9341.o
 *fill*         0x2000001a        0x2 
 .data._out_ch  0x2000001c       0x30 build/screens.o
 .data._settings_rows
                0x2000004c       0x30 build/screens.o
 .data._confirm_sel
                0x2000007c        0x1 build/screens.o
 .data._asleep_idx
                0x2000007d        0x1 build/screens.o
 .data._graph_fs_idx
                0x2000007e        0x1 build/screens.o
 *fill*         0x2000007f        0x1 
 .data._boot_duration
                0x20000080        0x4 build/ui_state.o
 .data._boot_dest
                0x20000084        0x1 build/ui_state.o
 .data._sleep_return
                0x20000085        0x1 build/ui_state.o
 .data._confirm_return
                0x20000086        0x1 build/ui_state.o
 .data._warn_return
                0x20000087        0x1 build/ui_state.o
 .data._settings_return
                0x20000088        0x1 build/ui_state.o
 .data.uwTickFreq
                0x20000089        0x1 build/stm32f4xx_hal.o
                0x20000089                uwTickFreq
 *fill*         0x2000008a        0x2 
 .data.uwTickPrio
                0x2000008c        0x4 build/stm32f4xx_hal.o
                0x2000008c                uwTickPrio
 .data.SystemCoreClock
                0x20000090        0x4 build/system_stm32f4xx.o
                0x20000090                SystemCoreClock
 .data._impure_ptr
                0x20000094        0x4 /usr/lib/gcc/arm-none-eabi/16.1.0/../../../../arm-none-eabi/lib/thumb/v7e-m+fp/hard/libc_nano.a(libc_a-impure.o)
                0x20000094                _impure_ptr
 .data._impure_data
                0x20000098       0x4c /usr/lib/gcc/arm-none-eabi/16.1.0/../../../../arm-none-eabi/lib/thumb/v7e-m+fp/hard/libc_nano.a(libc_a-impure.o)
                0x20000098                _impure_data
 *(.RamFunc)
 *(.RamFunc*)
                0x200000e4                        . = ALIGN (0x4)
                0x200000e4                        _edata = .

.igot.plt       0x200000e4        0x0 load address 0x0801588c
 .igot.plt      0x200000e4        0x0 /usr/lib/gcc/arm-none-eabi/16.1.0/thumb/v7e-m+fp/hard/crtbegin.o
                0x200000e4                        . = ALIGN (0x4)

.bss            0x200000e4      0x6f0 load address 0x0801588c
                0x200000e4                        _sbss = .
                0x200000e4                        __bss_start__ = _sbss
 *(.bss)
 *(.bss*)
 .bss.completed.1
                0x200000e4        0x1 /usr/lib/gcc/arm-none-eabi/16.1.0/thumb/v7e-m+fp/hard/crtbegin.o
 *fill*         0x200000e5        0x3 
 .bss.object.0  0x200000e8       0x18 /usr/lib/gcc/arm-none-eabi/16.1.0/thumb/v7e-m+fp/hard/crtbegin.o
 .bss._btn_pressed_flag
                0x20000100        0x1 build/encoder.o
 *fill*         0x20000101        0x3 
 .bss._btn_last_change_tick
                0x20000104        0x4 build/encoder.o
 .bss._last_count
                0x20000108        0x2 build/encoder.o
 *fill*         0x2000010a        0x2 
 .bss._htim     0x2000010c        0x4 build/encoder.o
 .bss._was_charging
                0x20000110        0x1 build/telemetry.o
 *fill*         0x20000111        0x3 
 .bss._hi2c_gauge
                0x20000114        0x4 build/telemetry.o
 .bss.sys_stats
                0x20000118       0x18 build/telemetry.o
                0x20000118                sys_stats
 .bss.ttf_min   0x20000130        0x2 build/telemetry.o
                0x20000130                ttf_min
 .bss.tte_min   0x20000132        0x2 build/telemetry.o
                0x20000132                tte_min
 .bss.cell_mv   0x20000134        0x8 build/telemetry.o
                0x20000134                cell_mv
 .bss.port_stats
                0x2000013c      0x276 build/telemetry.o
                0x2000013c                port_stats
 *fill*         0x200003b2        0x2 
 .bss.telemetry
                0x200003b4       0x98 build/telemetry.o
                0x200003b4                telemetry
 .bss._hspi     0x2000044c        0x4 build/ili9341.o
 .bss.st.0      0x20000450       0x20 build/screens.o
 .bss._lock_all
                0x20000470        0x1 build/screens.o
 .bss._out_edit
                0x20000471        0x1 build/screens.o
 .bss._out_row  0x20000472        0x1 build/screens.o
 .bss._out_cur  0x20000473        0x1 build/screens.o
 .bss._warn_type
                0x20000474        0x1 build/screens.o
 .bss._confirm_action
                0x20000475        0x1 build/screens.o
 .bss._test_row
                0x20000476        0x1 build/screens.o
 .bss._disp_edit
                0x20000477        0x1 build/screens.o
 .bss._disp_row
                0x20000478        0x1 build/screens.o
 .bss.settings_row.0
                0x20000479        0x1 build/ui_state.o
 *fill*         0x2000047a        0x2 
 .bss._pend_tick.1
                0x2000047c        0x4 build/ui_state.o
 .bss._pend.2   0x20000480        0x1 build/ui_state.o
 *fill*         0x20000481        0x3 
 .bss._boot_start_tick
                0x20000484        0x4 build/ui_state.o
 .bss._sleep_light
                0x20000488        0x1 build/ui_state.o
 *fill*         0x20000489        0x3 
 .bss._warn_open_tick
                0x2000048c        0x4 build/ui_state.o
 .bss._last_activity
                0x20000490        0x4 build/ui_state.o
 .bss._warn_active
                0x20000494        0x1 build/ui_state.o
 *fill*         0x20000495        0x3 
 .bss._warn_acked
                0x20000498        0x3 build/ui_state.o
 *fill*         0x2000049b        0x1 
 .bss.ui_state  0x2000049c       0x10 build/ui_state.o
                0x2000049c                ui_state
 .bss.hadc1     0x200004ac       0x48 build/adc.o
                0x200004ac                hadc1
 .bss.hi2c3     0x200004f4       0x54 build/i2c.o
                0x200004f4                hi2c3
 .bss.hi2c1     0x20000548       0x54 build/i2c.o
                0x20000548                hi2c1
 .bss.hspi1     0x2000059c       0x58 build/spi.o
                0x2000059c                hspi1
 .bss.htim3     0x200005f4       0x48 build/tim.o
                0x200005f4                htim3
 .bss.huart1    0x2000063c       0x48 build/usart.o
                0x2000063c                huart1
 .bss.uwTick    0x20000684        0x4 build/stm32f4xx_hal.o
                0x20000684                uwTick
 .bss.__sbrk_heap_end
                0x20000688        0x4 build/sysmem.o
 .bss.__sf      0x2000068c      0x138 /usr/lib/gcc/arm-none-eabi/16.1.0/../../../../arm-none-eabi/lib/thumb/v7e-m+fp/hard/libc_nano.a(libc_a-findfp.o)
                0x2000068c                __sf
 .bss.errno     0x200007c4        0x4 /usr/lib/gcc/arm-none-eabi/16.1.0/../../../../arm-none-eabi/lib/thumb/v7e-m+fp/hard/libc_nano.a(libc_a-reent.o)
                0x200007c4                errno
 .bss.__lock___malloc_recursive_mutex
                0x200007c8        0x1 /usr/lib/gcc/arm-none-eabi/16.1.0/../../../../arm-none-eabi/lib/thumb/v7e-m+fp/hard/libc_nano.a(libc_a-lock.o)
                0x200007c8                __lock___malloc_recursive_mutex
 *fill*         0x200007c9        0x3 
 .bss.__malloc_sbrk_start
                0x200007cc        0x4 /usr/lib/gcc/arm-none-eabi/16.1.0/../../../../arm-none-eabi/lib/thumb/v7e-m+fp/hard/libc_nano.a(libc_a-mallocr.o)
                0x200007cc                __malloc_sbrk_start
 .bss.__malloc_free_list
                0x200007d0        0x4 /usr/lib/gcc/arm-none-eabi/16.1.0/../../../../arm-none-eabi/lib/thumb/v7e-m+fp/hard/libc_nano.a(libc_a-mallocr.o)
                0x200007d0                __malloc_free_list
 *(COMMON)
                0x200007d4                        . = ALIGN (0x4)
                0x200007d4                        _ebss = .
                0x200007d4                        __bss_end__ = _ebss

._user_heap_stack
                0x200007d4      0x604 load address 0x0801588c
                0x200007d8                        . = ALIGN (0x8)
 *fill*         0x200007d4        0x4 
                [!provide]                        PROVIDE (end = .)
                0x200007d8                        PROVIDE (_end = .)
                0x200009d8                        . = (. + _Min_Heap_Size)
 *fill*         0x200007d8      0x200 
                0x20000dd8                        . = (. + _Min_Stack_Size)
 *fill*         0x200009d8      0x400 
                0x20000dd8                        . = ALIGN (0x8)

/DISCARD/
 libc.a(*)
 libm.a(*)
 libgcc.a(*)
OUTPUT(build/cubeMX.elf elf32-littlearm)
LOAD linker stubs
LOAD /usr/lib/gcc/arm-none-eabi/16.1.0/../../../../arm-none-eabi/lib/thumb/v7e-m+fp/hard/libc.a
LOAD /usr/lib/gcc/arm-none-eabi/16.1.0/../../../../arm-none-eabi/lib/thumb/v7e-m+fp/hard/libm.a
LOAD /usr/lib/gcc/arm-none-eabi/16.1.0/thumb/v7e-m+fp/hard/libgcc.a

.ARM.attributes
                0x00000000       0x30
 .ARM.attributes
                0x00000000       0x22 /usr/lib/gcc/arm-none-eabi/16.1.0/thumb/v7e-m+fp/hard/crti.o
 .ARM.attributes
                0x00000022       0x34 /usr/lib/gcc/arm-none-eabi/16.1.0/thumb/v7e-m+fp/hard/crtbegin.o
 .ARM.attributes
                0x00000056       0x34 build/main.o
 .ARM.attributes
                0x0000008a       0x34 build/initialization.o
 .ARM.attributes
                0x000000be       0x34 build/provisioning.o
 .ARM.attributes
                0x000000f2       0x34 build/tps25750_bundle.o
 .ARM.attributes
                0x00000126       0x34 build/encoder.o
 .ARM.attributes
                0x0000015a       0x34 build/telemetry.o
 .ARM.attributes
                0x0000018e       0x34 build/ili9341.o
 .ARM.attributes
                0x000001c2       0x34 build/gfx.o
 .ARM.attributes
                0x000001f6       0x34 build/widgets.o
 .ARM.attributes
                0x0000022a       0x34 build/screens.o
 .ARM.attributes
                0x0000025e       0x34 build/ui_state.o
 .ARM.attributes
                0x00000292       0x34 build/gpio.o
 .ARM.attributes
                0x000002c6       0x34 build/adc.o
 .ARM.attributes
                0x000002fa       0x34 build/i2c.o
 .ARM.attributes
                0x0000032e       0x34 build/spi.o
 .ARM.attributes
                0x00000362       0x34 build/tim.o
 .ARM.attributes
                0x00000396       0x34 build/usart.o
 .ARM.attributes
                0x000003ca       0x34 build/stm32f4xx_it.o
 .ARM.attributes
                0x000003fe       0x34 build/stm32f4xx_hal_msp.o
 .ARM.attributes
                0x00000432       0x34 build/stm32f4xx_hal_adc.o
 .ARM.attributes
                0x00000466       0x34 build/stm32f4xx_hal_rcc.o
 .ARM.attributes
                0x0000049a       0x34 build/stm32f4xx_hal_gpio.o
 .ARM.attributes
                0x000004ce       0x34 build/stm32f4xx_hal_cortex.o
 .ARM.attributes
                0x00000502       0x34 build/stm32f4xx_hal.o
 .ARM.attributes
                0x00000536       0x34 build/stm32f4xx_hal_i2c.o
 .ARM.attributes
                0x0000056a       0x34 build/stm32f4xx_hal_spi.o
 .ARM.attributes
                0x0000059e       0x34 build/stm32f4xx_hal_tim.o
 .ARM.attributes
                0x000005d2       0x34 build/stm32f4xx_hal_tim_ex.o
 .ARM.attributes
                0x00000606       0x34 build/stm32f4xx_hal_uart.o
 .ARM.attributes
                0x0000063a       0x34 build/system_stm32f4xx.o
 .ARM.attributes
                0x0000066e       0x34 build/sysmem.o
 .ARM.attributes
                0x000006a2       0x21 build/startup_stm32f401xc.o
 .ARM.attributes
                0x000006c3       0x34 /usr/lib/gcc/arm-none-eabi/16.1.0/../../../../arm-none-eabi/lib/thumb/v7e-m+fp/hard/libc_nano.a(libc_a-findfp.o)
 .ARM.attributes
                0x000006f7       0x34 /usr/lib/gcc/arm-none-eabi/16.1.0/../../../../arm-none-eabi/lib/thumb/v7e-m+fp/hard/libc_nano.a(libc_a-snprintf.o)
 .ARM.attributes
                0x0000072b       0x34 /usr/lib/gcc/arm-none-eabi/16.1.0/../../../../arm-none-eabi/lib/thumb/v7e-m+fp/hard/libc_nano.a(libc_a-memcmp.o)
 .ARM.attributes
                0x0000075f       0x34 /usr/lib/gcc/arm-none-eabi/16.1.0/../../../../arm-none-eabi/lib/thumb/v7e-m+fp/hard/libc_nano.a(libc_a-memset.o)
 .ARM.attributes
                0x00000793       0x34 /usr/lib/gcc/arm-none-eabi/16.1.0/../../../../arm-none-eabi/lib/thumb/v7e-m+fp/hard/libc_nano.a(libc_a-reent.o)
 .ARM.attributes
                0x000007c7       0x34 /usr/lib/gcc/arm-none-eabi/16.1.0/../../../../arm-none-eabi/lib/thumb/v7e-m+fp/hard/libc_nano.a(libc_a-impure.o)
 .ARM.attributes
                0x000007fb       0x34 /usr/lib/gcc/arm-none-eabi/16.1.0/../../../../arm-none-eabi/lib/thumb/v7e-m+fp/hard/libc_nano.a(libc_a-errno.o)
 .ARM.attributes
                0x0000082f       0x34 /usr/lib/gcc/arm-none-eabi/16.1.0/../../../../arm-none-eabi/lib/thumb/v7e-m+fp/hard/libc_nano.a(libc_a-init.o)
 .ARM.attributes
                0x00000863       0x34 /usr/lib/gcc/arm-none-eabi/16.1.0/../../../../arm-none-eabi/lib/thumb/v7e-m+fp/hard/libc_nano.a(libc_a-lock.o)
 .ARM.attributes
                0x00000897       0x34 /usr/lib/gcc/arm-none-eabi/16.1.0/../../../../arm-none-eabi/lib/thumb/v7e-m+fp/hard/libc_nano.a(libc_a-memcpy-stub.o)
 .ARM.attributes
                0x000008cb       0x17 /usr/lib/gcc/arm-none-eabi/16.1.0/../../../../arm-none-eabi/lib/thumb/v7e-m+fp/hard/libc_nano.a(libc_a-strlen.o)
 .ARM.attributes
                0x000008e2       0x34 /usr/lib/gcc/arm-none-eabi/16.1.0/../../../../arm-none-eabi/lib/thumb/v7e-m+fp/hard/libc_nano.a(libc_a-freer.o)
 .ARM.attributes
                0x00000916       0x34 /usr/lib/gcc/arm-none-eabi/16.1.0/../../../../arm-none-eabi/lib/thumb/v7e-m+fp/hard/libc_nano.a(libc_a-mallocr.o)
 .ARM.attributes
                0x0000094a       0x34 /usr/lib/gcc/arm-none-eabi/16.1.0/../../../../arm-none-eabi/lib/thumb/v7e-m+fp/hard/libc_nano.a(libc_a-mlock.o)
 .ARM.attributes
                0x0000097e       0x34 /usr/lib/gcc/arm-none-eabi/16.1.0/../../../../arm-none-eabi/lib/thumb/v7e-m+fp/hard/libc_nano.a(libc_a-nano-svfprintf.o)
 .ARM.attributes
                0x000009b2       0x34 /usr/lib/gcc/arm-none-eabi/16.1.0/../../../../arm-none-eabi/lib/thumb/v7e-m+fp/hard/libc_nano.a(libc_a-nano-vfprintf_i.o)
 .ARM.attributes
                0x000009e6       0x34 /usr/lib/gcc/arm-none-eabi/16.1.0/../../../../arm-none-eabi/lib/thumb/v7e-m+fp/hard/libc_nano.a(libc_a-memmove.o)
 .ARM.attributes
                0x00000a1a       0x34 /usr/lib/gcc/arm-none-eabi/16.1.0/../../../../arm-none-eabi/lib/thumb/v7e-m+fp/hard/libc_nano.a(libc_a-sbrkr.o)
 .ARM.attributes
                0x00000a4e       0x1c /usr/lib/gcc/arm-none-eabi/16.1.0/../../../../arm-none-eabi/lib/thumb/v7e-m+fp/hard/libc_nano.a(libc_a-memchr.o)
 .ARM.attributes
                0x00000a6a       0x34 /usr/lib/gcc/arm-none-eabi/16.1.0/../../../../arm-none-eabi/lib/thumb/v7e-m+fp/hard/libc_nano.a(libc_a-reallocr.o)
 .ARM.attributes
                0x00000a9e       0x34 /usr/lib/gcc/arm-none-eabi/16.1.0/../../../../arm-none-eabi/lib/thumb/v7e-m+fp/hard/libc_nano.a(libc_a-msizer.o)
 .ARM.attributes
                0x00000ad2       0x22 /usr/lib/gcc/arm-none-eabi/16.1.0/thumb/v7e-m+fp/hard/libgcc.a(_aeabi_uldivmod.o)
 .ARM.attributes
                0x00000af4       0x34 /usr/lib/gcc/arm-none-eabi/16.1.0/thumb/v7e-m+fp/hard/libgcc.a(_udivmoddi4.o)
 .ARM.attributes
                0x00000b28       0x22 /usr/lib/gcc/arm-none-eabi/16.1.0/thumb/v7e-m+fp/hard/libgcc.a(_dvmd_tls.o)
 .ARM.attributes
                0x00000b4a       0x22 /usr/lib/gcc/arm-none-eabi/16.1.0/thumb/v7e-m+fp/hard/crtn.o

.comment        0x00000000       0x1e
 .comment       0x00000000       0x1e build/main.o
                                 0x1f (size before relaxing)
 .comment       0x0000001e        0x0 build/initialization.o
                                 0x1f (size before relaxing)
 .comment       0x0000001e        0x0 build/provisioning.o
                                 0x1f (size before relaxing)
 .comment       0x0000001e        0x0 build/tps25750_bundle.o
                                 0x1f (size before relaxing)
 .comment       0x0000001e        0x0 build/encoder.o
                                 0x1f (size before relaxing)
 .comment       0x0000001e        0x0 build/telemetry.o
                                 0x1f (size before relaxing)
 .comment       0x0000001e        0x0 build/ili9341.o
                                 0x1f (size before relaxing)
 .comment       0x0000001e        0x0 build/gfx.o
                                 0x1f (size before relaxing)
 .comment       0x0000001e        0x0 build/widgets.o
                                 0x1f (size before relaxing)
 .comment       0x0000001e        0x0 build/screens.o
                                 0x1f (size before relaxing)
 .comment       0x0000001e        0x0 build/ui_state.o
                                 0x1f (size before relaxing)
 .comment       0x0000001e        0x0 build/gpio.o
                                 0x1f (size before relaxing)
 .comment       0x0000001e        0x0 build/adc.o
                                 0x1f (size before relaxing)
 .comment       0x0000001e        0x0 build/i2c.o
                                 0x1f (size before relaxing)
 .comment       0x0000001e        0x0 build/spi.o
                                 0x1f (size before relaxing)
 .comment       0x0000001e        0x0 build/tim.o
                                 0x1f (size before relaxing)
 .comment       0x0000001e        0x0 build/usart.o
                                 0x1f (size before relaxing)
 .comment       0x0000001e        0x0 build/stm32f4xx_it.o
                                 0x1f (size before relaxing)
 .comment       0x0000001e        0x0 build/stm32f4xx_hal_msp.o
                                 0x1f (size before relaxing)
 .comment       0x0000001e        0x0 build/stm32f4xx_hal_adc.o
                                 0x1f (size before relaxing)
 .comment       0x0000001e        0x0 build/stm32f4xx_hal_rcc.o
                                 0x1f (size before relaxing)
 .comment       0x0000001e        0x0 build/stm32f4xx_hal_gpio.o
                                 0x1f (size before relaxing)
 .comment       0x0000001e        0x0 build/stm32f4xx_hal_cortex.o
                                 0x1f (size before relaxing)
 .comment       0x0000001e        0x0 build/stm32f4xx_hal.o
                                 0x1f (size before relaxing)
 .comment       0x0000001e        0x0 build/stm32f4xx_hal_i2c.o
                                 0x1f (size before relaxing)
 .comment       0x0000001e        0x0 build/stm32f4xx_hal_spi.o
                                 0x1f (size before relaxing)
 .comment       0x0000001e        0x0 build/stm32f4xx_hal_tim.o
                                 0x1f (size before relaxing)
 .comment       0x0000001e        0x0 build/stm32f4xx_hal_tim_ex.o
                                 0x1f (size before relaxing)
 .comment       0x0000001e        0x0 build/stm32f4xx_hal_uart.o
                                 0x1f (size before relaxing)
 .comment       0x0000001e        0x0 build/system_stm32f4xx.o
                                 0x1f (size before relaxing)
 .comment       0x0000001e        0x0 build/sysmem.o
                                 0x1f (size before relaxing)
 .comment       0x0000001e        0x0 /usr/lib/gcc/arm-none-eabi/16.1.0/../../../../arm-none-eabi/lib/thumb/v7e-m+fp/hard/libc_nano.a(libc_a-findfp.o)
                                 0x1f (size before relaxing)
 .comment       0x0000001e        0x0 /usr/lib/gcc/arm-none-eabi/16.1.0/../../../../arm-none-eabi/lib/thumb/v7e-m+fp/hard/libc_nano.a(libc_a-snprintf.o)
                                 0x1f (size before relaxing)
 .comment       0x0000001e        0x0 /usr/lib/gcc/arm-none-eabi/16.1.0/../../../../arm-none-eabi/lib/thumb/v7e-m+fp/hard/libc_nano.a(libc_a-memcmp.o)
                                 0x1f (size before relaxing)
 .comment       0x0000001e        0x0 /usr/lib/gcc/arm-none-eabi/16.1.0/../../../../arm-none-eabi/lib/thumb/v7e-m+fp/hard/libc_nano.a(libc_a-memset.o)
                                 0x1f (size before relaxing)
 .comment       0x0000001e        0x0 /usr/lib/gcc/arm-none-eabi/16.1.0/../../../../arm-none-eabi/lib/thumb/v7e-m+fp/hard/libc_nano.a(libc_a-reent.o)
                                 0x1f (size before relaxing)
 .comment       0x0000001e        0x0 /usr/lib/gcc/arm-none-eabi/16.1.0/../../../../arm-none-eabi/lib/thumb/v7e-m+fp/hard/libc_nano.a(libc_a-impure.o)
                                 0x1f (size before relaxing)
 .comment       0x0000001e        0x0 /usr/lib/gcc/arm-none-eabi/16.1.0/../../../../arm-none-eabi/lib/thumb/v7e-m+fp/hard/libc_nano.a(libc_a-errno.o)
                                 0x1f (size before relaxing)
 .comment       0x0000001e        0x0 /usr/lib/gcc/arm-none-eabi/16.1.0/../../../../arm-none-eabi/lib/thumb/v7e-m+fp/hard/libc_nano.a(libc_a-init.o)
                                 0x1f (size before relaxing)
 .comment       0x0000001e        0x0 /usr/lib/gcc/arm-none-eabi/16.1.0/../../../../arm-none-eabi/lib/thumb/v7e-m+fp/hard/libc_nano.a(libc_a-lock.o)
                                 0x1f (size before relaxing)
 .comment       0x0000001e        0x0 /usr/lib/gcc/arm-none-eabi/16.1.0/../../../../arm-none-eabi/lib/thumb/v7e-m+fp/hard/libc_nano.a(libc_a-memcpy-stub.o)
                                 0x1f (size before relaxing)
 .comment       0x0000001e        0x0 /usr/lib/gcc/arm-none-eabi/16.1.0/../../../../arm-none-eabi/lib/thumb/v7e-m+fp/hard/libc_nano.a(libc_a-freer.o)
                                 0x1f (size before relaxing)
 .comment       0x0000001e        0x0 /usr/lib/gcc/arm-none-eabi/16.1.0/../../../../arm-none-eabi/lib/thumb/v7e-m+fp/hard/libc_nano.a(libc_a-mallocr.o)
                                 0x1f (size before relaxing)
 .comment       0x0000001e        0x0 /usr/lib/gcc/arm-none-eabi/16.1.0/../../../../arm-none-eabi/lib/thumb/v7e-m+fp/hard/libc_nano.a(libc_a-mlock.o)
                                 0x1f (size before relaxing)
 .comment       0x0000001e        0x0 /usr/lib/gcc/arm-none-eabi/16.1.0/../../../../arm-none-eabi/lib/thumb/v7e-m+fp/hard/libc_nano.a(libc_a-nano-svfprintf.o)
                                 0x1f (size before relaxing)
 .comment       0x0000001e        0x0 /usr/lib/gcc/arm-none-eabi/16.1.0/../../../../arm-none-eabi/lib/thumb/v7e-m+fp/hard/libc_nano.a(libc_a-nano-vfprintf_i.o)
                                 0x1f (size before relaxing)
 .comment       0x0000001e        0x0 /usr/lib/gcc/arm-none-eabi/16.1.0/../../../../arm-none-eabi/lib/thumb/v7e-m+fp/hard/libc_nano.a(libc_a-memmove.o)
                                 0x1f (size before relaxing)
 .comment       0x0000001e        0x0 /usr/lib/gcc/arm-none-eabi/16.1.0/../../../../arm-none-eabi/lib/thumb/v7e-m+fp/hard/libc_nano.a(libc_a-sbrkr.o)
                                 0x1f (size before relaxing)
 .comment       0x0000001e        0x0 /usr/lib/gcc/arm-none-eabi/16.1.0/../../../../arm-none-eabi/lib/thumb/v7e-m+fp/hard/libc_nano.a(libc_a-reallocr.o)
                                 0x1f (size before relaxing)
 .comment       0x0000001e        0x0 /usr/lib/gcc/arm-none-eabi/16.1.0/../../../../arm-none-eabi/lib/thumb/v7e-m+fp/hard/libc_nano.a(libc_a-msizer.o)
                                 0x1f (size before relaxing)
 .comment       0x0000001e        0x0 /usr/lib/gcc/arm-none-eabi/16.1.0/thumb/v7e-m+fp/hard/libgcc.a(_udivmoddi4.o)
                                 0x1f (size before relaxing)

.debug_info     0x00000000    0x2f4a0
 .debug_info    0x00000000     0x1462 build/main.o
 .debug_info    0x00001462      0xfdc build/initialization.o
 .debug_info    0x0000243e      0xfff build/provisioning.o
 .debug_info    0x0000343d       0xda build/tps25750_bundle.o
 .debug_info    0x00003517      0xd0e build/encoder.o
 .debug_info    0x00004225      0xddd build/telemetry.o
 .debug_info    0x00005002     0x1077 build/ili9341.o
 .debug_info    0x00006079      0xf82 build/gfx.o
 .debug_info    0x00006ffb     0x11be build/widgets.o
 .debug_info    0x000081b9     0x48b8 build/screens.o
 .debug_info    0x0000ca71      0xd8e build/ui_state.o
 .debug_info    0x0000d7ff      0x646 build/gpio.o
 .debug_info    0x0000de45      0xd4a build/adc.o
 .debug_info    0x0000eb8f      0xce7 build/i2c.o
 .debug_info    0x0000f876      0xbd7 build/spi.o
 .debug_info    0x0001044d      0xdb1 build/tim.o
 .debug_info    0x000111fe      0xb3e build/usart.o
 .debug_info    0x00011d3c      0x1af build/stm32f4xx_it.o
 .debug_info    0x00011eeb      0x31d build/stm32f4xx_hal_msp.o
 .debug_info    0x00012208     0x1058 build/stm32f4xx_hal_adc.o
 .debug_info    0x00013260      0xc4c build/stm32f4xx_hal_rcc.o
 .debug_info    0x00013eac      0x878 build/stm32f4xx_hal_gpio.o
 .debug_info    0x00014724     0x114a build/stm32f4xx_hal_cortex.o
 .debug_info    0x0001586e      0xa85 build/stm32f4xx_hal.o
 .debug_info    0x000162f3     0x3c3a build/stm32f4xx_hal_i2c.o
 .debug_info    0x00019f2d     0x1f77 build/stm32f4xx_hal_spi.o
 .debug_info    0x0001bea4     0x4219 build/stm32f4xx_hal_tim.o
 .debug_info    0x000200bd     0x1dc4 build/stm32f4xx_hal_tim_ex.o
 .debug_info    0x00021e81     0x4025 build/stm32f4xx_hal_uart.o
 .debug_info    0x00025ea6      0x5e5 build/system_stm32f4xx.o
 .debug_info    0x0002648b      0x18c build/sysmem.o
 .debug_info    0x00026617       0x30 build/startup_stm32f401xc.o
 .debug_info    0x00026647      0xfbf /usr/lib/gcc/arm-none-eabi/16.1.0/../../../../arm-none-eabi/lib/thumb/v7e-m+fp/hard/libc_nano.a(libc_a-findfp.o)
 .debug_info    0x00027606      0x8be /usr/lib/gcc/arm-none-eabi/16.1.0/../../../../arm-none-eabi/lib/thumb/v7e-m+fp/hard/libc_nano.a(libc_a-snprintf.o)
 .debug_info    0x00027ec4      0x105 /usr/lib/gcc/arm-none-eabi/16.1.0/../../../../arm-none-eabi/lib/thumb/v7e-m+fp/hard/libc_nano.a(libc_a-memcmp.o)
 .debug_info    0x00027fc9       0xe5 /usr/lib/gcc/arm-none-eabi/16.1.0/../../../../arm-none-eabi/lib/thumb/v7e-m+fp/hard/libc_nano.a(libc_a-memset.o)
 .debug_info    0x000280ae      0x8a6 /usr/lib/gcc/arm-none-eabi/16.1.0/../../../../arm-none-eabi/lib/thumb/v7e-m+fp/hard/libc_nano.a(libc_a-reent.o)
 .debug_info    0x00028954      0x71a /usr/lib/gcc/arm-none-eabi/16.1.0/../../../../arm-none-eabi/lib/thumb/v7e-m+fp/hard/libc_nano.a(libc_a-impure.o)
 .debug_info    0x0002906e      0x700 /usr/lib/gcc/arm-none-eabi/16.1.0/../../../../arm-none-eabi/lib/thumb/v7e-m+fp/hard/libc_nano.a(libc_a-errno.o)
 .debug_info    0x0002976e      0x110 /usr/lib/gcc/arm-none-eabi/16.1.0/../../../../arm-none-eabi/lib/thumb/v7e-m+fp/hard/libc_nano.a(libc_a-init.o)
 .debug_info    0x0002987e      0x21d /usr/lib/gcc/arm-none-eabi/16.1.0/../../../../arm-none-eabi/lib/thumb/v7e-m+fp/hard/libc_nano.a(libc_a-lock.o)
 .debug_info    0x00029a9b      0x126 /usr/lib/gcc/arm-none-eabi/16.1.0/../../../../arm-none-eabi/lib/thumb/v7e-m+fp/hard/libc_nano.a(libc_a-memcpy-stub.o)
 .debug_info    0x00029bc1       0x31 /usr/lib/gcc/arm-none-eabi/16.1.0/../../../../arm-none-eabi/lib/thumb/v7e-m+fp/hard/libc_nano.a(libc_a-strlen.o)
 .debug_info    0x00029bf2      0x845 /usr/lib/gcc/arm-none-eabi/16.1.0/../../../../arm-none-eabi/lib/thumb/v7e-m+fp/hard/libc_nano.a(libc_a-freer.o)
 .debug_info    0x0002a437      0x9c1 /usr/lib/gcc/arm-none-eabi/16.1.0/../../../../arm-none-eabi/lib/thumb/v7e-m+fp/hard/libc_nano.a(libc_a-mallocr.o)
 .debug_info    0x0002adf8      0x770 /usr/lib/gcc/arm-none-eabi/16.1.0/../../../../arm-none-eabi/lib/thumb/v7e-m+fp/hard/libc_nano.a(libc_a-mlock.o)
 .debug_info    0x0002b568     0x10b9 /usr/lib/gcc/arm-none-eabi/16.1.0/../../../../arm-none-eabi/lib/thumb/v7e-m+fp/hard/libc_nano.a(libc_a-nano-svfprintf.o)
 .debug_info    0x0002c621      0xdf2 /usr/lib/gcc/arm-none-eabi/16.1.0/../../../../arm-none-eabi/lib/thumb/v7e-m+fp/hard/libc_nano.a(libc_a-nano-vfprintf_i.o)
 .debug_info    0x0002d413      0x114 /usr/lib/gcc/arm-none-eabi/16.1.0/../../../../arm-none-eabi/lib/thumb/v7e-m+fp/hard/libc_nano.a(libc_a-memmove.o)
 .debug_info    0x0002d527      0x787 /usr/lib/gcc/arm-none-eabi/16.1.0/../../../../arm-none-eabi/lib/thumb/v7e-m+fp/hard/libc_nano.a(libc_a-sbrkr.o)
 .debug_info    0x0002dcae       0x25 /usr/lib/gcc/arm-none-eabi/16.1.0/../../../../arm-none-eabi/lib/thumb/v7e-m+fp/hard/libc_nano.a(libc_a-memchr.o)
 .debug_info    0x0002dcd3      0x8d8 /usr/lib/gcc/arm-none-eabi/16.1.0/../../../../arm-none-eabi/lib/thumb/v7e-m+fp/hard/libc_nano.a(libc_a-reallocr.o)
 .debug_info    0x0002e5ab      0x799 /usr/lib/gcc/arm-none-eabi/16.1.0/../../../../arm-none-eabi/lib/thumb/v7e-m+fp/hard/libc_nano.a(libc_a-msizer.o)
 .debug_info    0x0002ed44       0x24 /usr/lib/gcc/arm-none-eabi/16.1.0/thumb/v7e-m+fp/hard/libgcc.a(_aeabi_uldivmod.o)
 .debug_info    0x0002ed68      0x6fc /usr/lib/gcc/arm-none-eabi/16.1.0/thumb/v7e-m+fp/hard/libgcc.a(_udivmoddi4.o)
 .debug_info    0x0002f464       0x3c /usr/lib/gcc/arm-none-eabi/16.1.0/thumb/v7e-m+fp/hard/libgcc.a(_dvmd_tls.o)

.debug_abbrev   0x00000000     0x6aa8
 .debug_abbrev  0x00000000      0x262 build/main.o
 .debug_abbrev  0x00000262      0x2f9 build/initialization.o
 .debug_abbrev  0x0000055b      0x26a build/provisioning.o
 .debug_abbrev  0x000007c5       0x61 build/tps25750_bundle.o
 .debug_abbrev  0x00000826      0x2a5 build/encoder.o
 .debug_abbrev  0x00000acb      0x291 build/telemetry.o
 .debug_abbrev  0x00000d5c      0x293 build/ili9341.o
 .debug_abbrev  0x00000fef      0x261 build/gfx.o
 .debug_abbrev  0x00001250      0x1bc build/widgets.o
 .debug_abbrev  0x0000140c      0x4c6 build/screens.o
 .debug_abbrev  0x000018d2      0x263 build/ui_state.o
 .debug_abbrev  0x00001b35      0x160 build/gpio.o
 .debug_abbrev  0x00001c95      0x208 build/adc.o
 .debug_abbrev  0x00001e9d      0x208 build/i2c.o
 .debug_abbrev  0x000020a5      0x20f build/spi.o
 .debug_abbrev  0x000022b4      0x21a build/tim.o
 .debug_abbrev  0x000024ce      0x20f build/usart.o
 .debug_abbrev  0x000026dd       0xc2 build/stm32f4xx_it.o
 .debug_abbrev  0x0000279f       0xd3 build/stm32f4xx_hal_msp.o
 .debug_abbrev  0x00002872      0x287 build/stm32f4xx_hal_adc.o
 .debug_abbrev  0x00002af9      0x2de build/stm32f4xx_hal_rcc.o
 .debug_abbrev  0x00002dd7      0x23f build/stm32f4xx_hal_gpio.o
 .debug_abbrev  0x00003016      0x3ca build/stm32f4xx_hal_cortex.o
 .debug_abbrev  0x000033e0      0x275 build/stm32f4xx_hal.o
 .debug_abbrev  0x00003655      0x339 build/stm32f4xx_hal_i2c.o
 .debug_abbrev  0x0000398e      0x2be build/stm32f4xx_hal_spi.o
 .debug_abbrev  0x00003c4c      0x2ce build/stm32f4xx_hal_tim.o
 .debug_abbrev  0x00003f1a      0x2c8 build/stm32f4xx_hal_tim_ex.o
 .debug_abbrev  0x000041e2      0x37e build/stm32f4xx_hal_uart.o
 .debug_abbrev  0x00004560      0x11b build/system_stm32f4xx.o
 .debug_abbrev  0x0000467b       0xeb build/sysmem.o
 .debug_abbrev  0x00004766       0x1d build/startup_stm32f401xc.o
 .debug_abbrev  0x00004783      0x419 /usr/lib/gcc/arm-none-eabi/16.1.0/../../../../arm-none-eabi/lib/thumb/v7e-m+fp/hard/libc_nano.a(libc_a-findfp.o)
 .debug_abbrev  0x00004b9c      0x237 /usr/lib/gcc/arm-none-eabi/16.1.0/../../../../arm-none-eabi/lib/thumb/v7e-m+fp/hard/libc_nano.a(libc_a-snprintf.o)
 .debug_abbrev  0x00004dd3       0x94 /usr/lib/gcc/arm-none-eabi/16.1.0/../../../../arm-none-eabi/lib/thumb/v7e-m+fp/hard/libc_nano.a(libc_a-memcmp.o)
 .debug_abbrev  0x00004e67       0xa4 /usr/lib/gcc/arm-none-eabi/16.1.0/../../../../arm-none-eabi/lib/thumb/v7e-m+fp/hard/libc_nano.a(libc_a-memset.o)
 .debug_abbrev  0x00004f0b      0x1fd /usr/lib/gcc/arm-none-eabi/16.1.0/../../../../arm-none-eabi/lib/thumb/v7e-m+fp/hard/libc_nano.a(libc_a-reent.o)
 .debug_abbrev  0x00005108      0x14f /usr/lib/gcc/arm-none-eabi/16.1.0/../../../../arm-none-eabi/lib/thumb/v7e-m+fp/hard/libc_nano.a(libc_a-impure.o)
 .debug_abbrev  0x00005257      0x164 /usr/lib/gcc/arm-none-eabi/16.1.0/../../../../arm-none-eabi/lib/thumb/v7e-m+fp/hard/libc_nano.a(libc_a-errno.o)
 .debug_abbrev  0x000053bb       0xcf /usr/lib/gcc/arm-none-eabi/16.1.0/../../../../arm-none-eabi/lib/thumb/v7e-m+fp/hard/libc_nano.a(libc_a-init.o)
 .debug_abbrev  0x0000548a      0x11b /usr/lib/gcc/arm-none-eabi/16.1.0/../../../../arm-none-eabi/lib/thumb/v7e-m+fp/hard/libc_nano.a(libc_a-lock.o)
 .debug_abbrev  0x000055a5       0xc7 /usr/lib/gcc/arm-none-eabi/16.1.0/../../../../arm-none-eabi/lib/thumb/v7e-m+fp/hard/libc_nano.a(libc_a-memcpy-stub.o)
 .debug_abbrev  0x0000566c       0x28 /usr/lib/gcc/arm-none-eabi/16.1.0/../../../../arm-none-eabi/lib/thumb/v7e-m+fp/hard/libc_nano.a(libc_a-strlen.o)
 .debug_abbrev  0x00005694      0x23a /usr/lib/gcc/arm-none-eabi/16.1.0/../../../../arm-none-eabi/lib/thumb/v7e-m+fp/hard/libc_nano.a(libc_a-freer.o)
 .debug_abbrev  0x000058ce      0x250 /usr/lib/gcc/arm-none-eabi/16.1.0/../../../../arm-none-eabi/lib/thumb/v7e-m+fp/hard/libc_nano.a(libc_a-mallocr.o)
 .debug_abbrev  0x00005b1e      0x1c5 /usr/lib/gcc/arm-none-eabi/16.1.0/../../../../arm-none-eabi/lib/thumb/v7e-m+fp/hard/libc_nano.a(libc_a-mlock.o)
 .debug_abbrev  0x00005ce3      0x32d /usr/lib/gcc/arm-none-eabi/16.1.0/../../../../arm-none-eabi/lib/thumb/v7e-m+fp/hard/libc_nano.a(libc_a-nano-svfprintf.o)
 .debug_abbrev  0x00006010      0x28f /usr/lib/gcc/arm-none-eabi/16.1.0/../../../../arm-none-eabi/lib/thumb/v7e-m+fp/hard/libc_nano.a(libc_a-nano-vfprintf_i.o)
 .debug_abbrev  0x0000629f       0xb2 /usr/lib/gcc/arm-none-eabi/16.1.0/../../../../arm-none-eabi/lib/thumb/v7e-m+fp/hard/libc_nano.a(libc_a-memmove.o)
 .debug_abbrev  0x00006351      0x1e0 /usr/lib/gcc/arm-none-eabi/16.1.0/../../../../arm-none-eabi/lib/thumb/v7e-m+fp/hard/libc_nano.a(libc_a-sbrkr.o)
 .debug_abbrev  0x00006531       0x14 /usr/lib/gcc/arm-none-eabi/16.1.0/../../../../arm-none-eabi/lib/thumb/v7e-m+fp/hard/libc_nano.a(libc_a-memchr.o)
 .debug_abbrev  0x00006545      0x21d /usr/lib/gcc/arm-none-eabi/16.1.0/../../../../arm-none-eabi/lib/thumb/v7e-m+fp/hard/libc_nano.a(libc_a-reallocr.o)
 .debug_abbrev  0x00006762      0x19c /usr/lib/gcc/arm-none-eabi/16.1.0/../../../../arm-none-eabi/lib/thumb/v7e-m+fp/hard/libc_nano.a(libc_a-msizer.o)
 .debug_abbrev  0x000068fe       0x14 /usr/lib/gcc/arm-none-eabi/16.1.0/thumb/v7e-m+fp/hard/libgcc.a(_aeabi_uldivmod.o)
 .debug_abbrev  0x00006912      0x170 /usr/lib/gcc/arm-none-eabi/16.1.0/thumb/v7e-m+fp/hard/libgcc.a(_udivmoddi4.o)
 .debug_abbrev  0x00006a82       0x26 /usr/lib/gcc/arm-none-eabi/16.1.0/thumb/v7e-m+fp/hard/libgcc.a(_dvmd_tls.o)

.debug_loc      0x00000000    0x1b70e
 .debug_loc     0x00000000       0x66 build/main.o
 .debug_loc     0x00000066      0x4ff build/initialization.o
 .debug_loc     0x00000565      0x66d build/provisioning.o
 .debug_loc     0x00000bd2      0x140 build/encoder.o
 .debug_loc     0x00000d12      0x297 build/telemetry.o
 .debug_loc     0x00000fa9      0x666 build/ili9341.o
 .debug_loc     0x0000160f     0x1008 build/gfx.o
 .debug_loc     0x00002617     0x1202 build/widgets.o
 .debug_loc     0x00003819     0x1fb8 build/screens.o
 .debug_loc     0x000057d1      0x289 build/ui_state.o
 .debug_loc     0x00005a5a       0x39 build/gpio.o
 .debug_loc     0x00005a93      0x144 build/adc.o
 .debug_loc     0x00005bd7      0x188 build/i2c.o
 .debug_loc     0x00005d5f      0x120 build/spi.o
 .debug_loc     0x00005e7f      0x144 build/tim.o
 .debug_loc     0x00005fc3      0x120 build/usart.o
 .debug_loc     0x000060e3       0x40 build/stm32f4xx_it.o
 .debug_loc     0x00006123       0x2c build/stm32f4xx_hal_msp.o
 .debug_loc     0x0000614f      0xdec build/stm32f4xx_hal_adc.o
 .debug_loc     0x00006f3b      0x695 build/stm32f4xx_hal_rcc.o
 .debug_loc     0x000075d0      0x5d5 build/stm32f4xx_hal_gpio.o
 .debug_loc     0x00007ba5      0x896 build/stm32f4xx_hal_cortex.o
 .debug_loc     0x0000843b      0x1e3 build/stm32f4xx_hal.o
 .debug_loc     0x0000861e     0x4ac0 build/stm32f4xx_hal_i2c.o
 .debug_loc     0x0000d0de     0x2232 build/stm32f4xx_hal_spi.o
 .debug_loc     0x0000f310     0x5b58 build/stm32f4xx_hal_tim.o
 .debug_loc     0x00014e68     0x21a7 build/stm32f4xx_hal_tim_ex.o
 .debug_loc     0x0001700f     0x45bf build/stm32f4xx_hal_uart.o
 .debug_loc     0x0001b5ce       0xb0 build/system_stm32f4xx.o
 .debug_loc     0x0001b67e       0x90 build/sysmem.o

.debug_aranges  0x00000000     0x1b08
 .debug_aranges
                0x00000000       0x30 build/main.o
 .debug_aranges
                0x00000030       0x60 build/initialization.o
 .debug_aranges
                0x00000090       0x68 build/provisioning.o
 .debug_aranges
                0x000000f8       0x18 build/tps25750_bundle.o
 .debug_aranges
                0x00000110       0x40 build/encoder.o
 .debug_aranges
                0x00000150       0x40 build/telemetry.o
 .debug_aranges
                0x00000190       0x70 build/ili9341.o
 .debug_aranges
                0x00000200       0x80 build/gfx.o
 .debug_aranges
                0x00000280       0x68 build/widgets.o
 .debug_aranges
                0x000002e8      0x280 build/screens.o
 .debug_aranges
                0x00000568       0x60 build/ui_state.o
 .debug_aranges
                0x000005c8       0x20 build/gpio.o
 .debug_aranges
                0x000005e8       0x30 build/adc.o
 .debug_aranges
                0x00000618       0x38 build/i2c.o
 .debug_aranges
                0x00000650       0x30 build/spi.o
 .debug_aranges
                0x00000680       0x30 build/tim.o
 .debug_aranges
                0x000006b0       0x30 build/usart.o
 .debug_aranges
                0x000006e0       0x68 build/stm32f4xx_it.o
 .debug_aranges
                0x00000748       0x20 build/stm32f4xx_hal_msp.o
 .debug_aranges
                0x00000768       0xe8 build/stm32f4xx_hal_adc.o
 .debug_aranges
                0x00000850       0x88 build/stm32f4xx_hal_rcc.o
 .debug_aranges
                0x000008d8       0x58 build/stm32f4xx_hal_gpio.o
 .debug_aranges
                0x00000930       0xf8 build/stm32f4xx_hal_cortex.o
 .debug_aranges
                0x00000a28       0xf0 build/stm32f4xx_hal.o
 .debug_aranges
                0x00000b18      0x2a8 build/stm32f4xx_hal_i2c.o
 .debug_aranges
                0x00000dc0      0x1d0 build/stm32f4xx_hal_spi.o
 .debug_aranges
                0x00000f90      0x3d0 build/stm32f4xx_hal_tim.o
 .debug_aranges
                0x00001360      0x168 build/stm32f4xx_hal_tim_ex.o
 .debug_aranges
                0x000014c8      0x208 build/stm32f4xx_hal_uart.o
 .debug_aranges
                0x000016d0       0x28 build/system_stm32f4xx.o
 .debug_aranges
                0x000016f8       0x20 build/sysmem.o
 .debug_aranges
                0x00001718       0x28 build/startup_stm32f401xc.o
 .debug_aranges
                0x00001740       0x78 /usr/lib/gcc/arm-none-eabi/16.1.0/../../../../arm-none-eabi/lib/thumb/v7e-m+fp/hard/libc_nano.a(libc_a-findfp.o)
 .debug_aranges
                0x000017b8       0x28 /usr/lib/gcc/arm-none-eabi/16.1.0/../../../../arm-none-eabi/lib/thumb/v7e-m+fp/hard/libc_nano.a(libc_a-snprintf.o)
 .debug_aranges
                0x000017e0       0x20 /usr/lib/gcc/arm-none-eabi/16.1.0/../../../../arm-none-eabi/lib/thumb/v7e-m+fp/hard/libc_nano.a(libc_a-memcmp.o)
 .debug_aranges
                0x00001800       0x20 /usr/lib/gcc/arm-none-eabi/16.1.0/../../../../arm-none-eabi/lib/thumb/v7e-m+fp/hard/libc_nano.a(libc_a-memset.o)
 .debug_aranges
                0x00001820       0x20 /usr/lib/gcc/arm-none-eabi/16.1.0/../../../../arm-none-eabi/lib/thumb/v7e-m+fp/hard/libc_nano.a(libc_a-reent.o)
 .debug_aranges
                0x00001840       0x18 /usr/lib/gcc/arm-none-eabi/16.1.0/../../../../arm-none-eabi/lib/thumb/v7e-m+fp/hard/libc_nano.a(libc_a-impure.o)
 .debug_aranges
                0x00001858       0x20 /usr/lib/gcc/arm-none-eabi/16.1.0/../../../../arm-none-eabi/lib/thumb/v7e-m+fp/hard/libc_nano.a(libc_a-errno.o)
 .debug_aranges
                0x00001878       0x20 /usr/lib/gcc/arm-none-eabi/16.1.0/../../../../arm-none-eabi/lib/thumb/v7e-m+fp/hard/libc_nano.a(libc_a-init.o)
 .debug_aranges
                0x00001898       0x68 /usr/lib/gcc/arm-none-eabi/16.1.0/../../../../arm-none-eabi/lib/thumb/v7e-m+fp/hard/libc_nano.a(libc_a-lock.o)
 .debug_aranges
                0x00001900       0x20 /usr/lib/gcc/arm-none-eabi/16.1.0/../../../../arm-none-eabi/lib/thumb/v7e-m+fp/hard/libc_nano.a(libc_a-memcpy-stub.o)
 .debug_aranges
                0x00001920       0x20 /usr/lib/gcc/arm-none-eabi/16.1.0/../../../../arm-none-eabi/lib/thumb/v7e-m+fp/hard/libc_nano.a(libc_a-strlen.o)
 .debug_aranges
                0x00001940       0x20 /usr/lib/gcc/arm-none-eabi/16.1.0/../../../../arm-none-eabi/lib/thumb/v7e-m+fp/hard/libc_nano.a(libc_a-freer.o)
 .debug_aranges
                0x00001960       0x28 /usr/lib/gcc/arm-none-eabi/16.1.0/../../../../arm-none-eabi/lib/thumb/v7e-m+fp/hard/libc_nano.a(libc_a-mallocr.o)
 .debug_aranges
                0x00001988       0x28 /usr/lib/gcc/arm-none-eabi/16.1.0/../../../../arm-none-eabi/lib/thumb/v7e-m+fp/hard/libc_nano.a(libc_a-mlock.o)
 .debug_aranges
                0x000019b0       0x30 /usr/lib/gcc/arm-none-eabi/16.1.0/../../../../arm-none-eabi/lib/thumb/v7e-m+fp/hard/libc_nano.a(libc_a-nano-svfprintf.o)
 .debug_aranges
                0x000019e0       0x28 /usr/lib/gcc/arm-none-eabi/16.1.0/../../../../arm-none-eabi/lib/thumb/v7e-m+fp/hard/libc_nano.a(libc_a-nano-vfprintf_i.o)
 .debug_aranges
                0x00001a08       0x20 /usr/lib/gcc/arm-none-eabi/16.1.0/../../../../arm-none-eabi/lib/thumb/v7e-m+fp/hard/libc_nano.a(libc_a-memmove.o)
 .debug_aranges
                0x00001a28       0x20 /usr/lib/gcc/arm-none-eabi/16.1.0/../../../../arm-none-eabi/lib/thumb/v7e-m+fp/hard/libc_nano.a(libc_a-sbrkr.o)
 .debug_aranges
                0x00001a48       0x20 /usr/lib/gcc/arm-none-eabi/16.1.0/../../../../arm-none-eabi/lib/thumb/v7e-m+fp/hard/libc_nano.a(libc_a-memchr.o)
 .debug_aranges
                0x00001a68       0x20 /usr/lib/gcc/arm-none-eabi/16.1.0/../../../../arm-none-eabi/lib/thumb/v7e-m+fp/hard/libc_nano.a(libc_a-reallocr.o)
 .debug_aranges
                0x00001a88       0x20 /usr/lib/gcc/arm-none-eabi/16.1.0/../../../../arm-none-eabi/lib/thumb/v7e-m+fp/hard/libc_nano.a(libc_a-msizer.o)
 .debug_aranges
                0x00001aa8       0x20 /usr/lib/gcc/arm-none-eabi/16.1.0/thumb/v7e-m+fp/hard/libgcc.a(_aeabi_uldivmod.o)
 .debug_aranges
                0x00001ac8       0x20 /usr/lib/gcc/arm-none-eabi/16.1.0/thumb/v7e-m+fp/hard/libgcc.a(_udivmoddi4.o)
 .debug_aranges