ARM GAS  /tmp/ccVvOGnb.s 			page 1


   1              		.cpu cortex-m4
   2              		.arch armv7e-m
   3              		.fpu fpv4-sp-d16
   4              		.eabi_attribute 27, 1
   5              		.eabi_attribute 28, 1
   6              		.eabi_attribute 20, 1
   7              		.eabi_attribute 21, 1
   8              		.eabi_attribute 23, 3
   9              		.eabi_attribute 24, 1
  10              		.eabi_attribute 25, 1
  11              		.eabi_attribute 26, 1
  12              		.eabi_attribute 30, 1
  13              		.eabi_attribute 34, 1
  14              		.eabi_attribute 18, 4
  15              		.file	"gfx.c"
  16              		.text
  17              	.Ltext0:
  18              		.cfi_sections	.debug_frame
  19              		.file 1 "Core/Src/display/gfx.c"
  20              		.section	.text.draw_char_scaled,"ax",%progbits
  21              		.align	1
  22              		.syntax unified
  23              		.thumb
  24              		.thumb_func
  26              	draw_char_scaled:
  27              	.LVL0:
  28              	.LFB224:
   1:Core/Src/display/gfx.c **** /**
   2:Core/Src/display/gfx.c ****  * @file    gfx.c
   3:Core/Src/display/gfx.c ****  * @brief   pixel tools: font, lines, rects, scaled text, bitmap blit.
   4:Core/Src/display/gfx.c ****  */
   5:Core/Src/display/gfx.c **** 
   6:Core/Src/display/gfx.c **** #include "display/gfx.h"
   7:Core/Src/display/gfx.c **** #include <stdio.h>    /* snprintf */
   8:Core/Src/display/gfx.c **** #include <string.h>   /* strlen   */
   9:Core/Src/display/gfx.c **** 
  10:Core/Src/display/gfx.c **** /* =========================================================
  11:Core/Src/display/gfx.c ****  * BITMAP FONT DATA – Small 6x8
  12:Core/Src/display/gfx.c ****  *
  13:Core/Src/display/gfx.c ****  * Covers ASCII characters 32 (' ') through 122 ('z').
  14:Core/Src/display/gfx.c ****  * Contains: digits (48–57), uppercase (65–90), lowercase (97–122)
  15:Core/Src/display/gfx.c ****  * and common punctuation. Sufficient for the project UI.
  16:Core/Src/display/gfx.c ****  * For a complete font a library such as u8g2 can be used.
  17:Core/Src/display/gfx.c ****  * ========================================================= */
  18:Core/Src/display/gfx.c **** static const uint8_t _font_small_data[] = {
  19:Core/Src/display/gfx.c ****     /* Chars 32–47 – space and basic punctuation / Spazio e punteggiatura base */
  20:Core/Src/display/gfx.c ****     0x00,0x00,0x00,0x00,0x00,0x00,0x00,0x00,  /* ' ' (32) */
  21:Core/Src/display/gfx.c ****     0x00,0x00,0x5F,0x00,0x00,0x00,0x00,0x00,  /* '!' (33) */
  22:Core/Src/display/gfx.c ****     0x00,0x07,0x00,0x07,0x00,0x00,0x00,0x00,  /* '"' (34) */
  23:Core/Src/display/gfx.c ****     0x14,0x7F,0x14,0x7F,0x14,0x00,0x00,0x00,  /* '#' (35) */
  24:Core/Src/display/gfx.c ****     0x24,0x2A,0x7F,0x2A,0x12,0x00,0x00,0x00,  /* '$' (36) */
  25:Core/Src/display/gfx.c ****     0x23,0x13,0x08,0x64,0x62,0x00,0x00,0x00,  /* '%' (37) */
  26:Core/Src/display/gfx.c ****     0x36,0x49,0x55,0x22,0x50,0x00,0x00,0x00,  /* '&' (38) */
  27:Core/Src/display/gfx.c ****     0x00,0x05,0x03,0x00,0x00,0x00,0x00,0x00,  /* ''' (39) */
  28:Core/Src/display/gfx.c ****     0x00,0x1C,0x22,0x41,0x00,0x00,0x00,0x00,  /* '(' (40) */
  29:Core/Src/display/gfx.c ****     0x00,0x41,0x22,0x1C,0x00,0x00,0x00,0x00,  /* ')' (41) */
  30:Core/Src/display/gfx.c ****     0x0A,0x04,0x1F,0x04,0x0A,0x00,0x00,0x00,  /* '*' (42) */
ARM GAS  /tmp/ccVvOGnb.s 			page 2


  31:Core/Src/display/gfx.c ****     0x08,0x08,0x3E,0x08,0x08,0x00,0x00,0x00,  /* '+' (43) */
  32:Core/Src/display/gfx.c ****     0x00,0x50,0x30,0x00,0x00,0x00,0x00,0x00,  /* ',' (44) */
  33:Core/Src/display/gfx.c ****     0x08,0x08,0x08,0x08,0x08,0x00,0x00,0x00,  /* '-' (45) */
  34:Core/Src/display/gfx.c ****     0x00,0x60,0x60,0x00,0x00,0x00,0x00,0x00,  /* '.' (46) */
  35:Core/Src/display/gfx.c ****     0x20,0x10,0x08,0x04,0x02,0x00,0x00,0x00,  /* '/' (47) */
  36:Core/Src/display/gfx.c ****     /* Digits 48–57 / Numeri */
  37:Core/Src/display/gfx.c ****     0x3E,0x51,0x49,0x45,0x3E,0x00,0x00,0x00,  /* '0' (48) */
  38:Core/Src/display/gfx.c ****     0x00,0x42,0x7F,0x40,0x00,0x00,0x00,0x00,  /* '1' (49) */
  39:Core/Src/display/gfx.c ****     0x42,0x61,0x51,0x49,0x46,0x00,0x00,0x00,  /* '2' (50) */
  40:Core/Src/display/gfx.c ****     0x21,0x41,0x45,0x4B,0x31,0x00,0x00,0x00,  /* '3' (51) */
  41:Core/Src/display/gfx.c ****     0x18,0x14,0x12,0x7F,0x10,0x00,0x00,0x00,  /* '4' (52) */
  42:Core/Src/display/gfx.c ****     0x27,0x45,0x45,0x45,0x39,0x00,0x00,0x00,  /* '5' (53) */
  43:Core/Src/display/gfx.c ****     0x3C,0x4A,0x49,0x49,0x30,0x00,0x00,0x00,  /* '6' (54) */
  44:Core/Src/display/gfx.c ****     0x01,0x71,0x09,0x05,0x03,0x00,0x00,0x00,  /* '7' (55) */
  45:Core/Src/display/gfx.c ****     0x36,0x49,0x49,0x49,0x36,0x00,0x00,0x00,  /* '8' (56) */
  46:Core/Src/display/gfx.c ****     0x06,0x49,0x49,0x29,0x1E,0x00,0x00,0x00,  /* '9' (57) */
  47:Core/Src/display/gfx.c ****     /* Punctuation 58–64 / Punteggiatura */
  48:Core/Src/display/gfx.c ****     0x00,0x36,0x36,0x00,0x00,0x00,0x00,0x00,  /* ':' (58) */
  49:Core/Src/display/gfx.c ****     0x00,0x56,0x36,0x00,0x00,0x00,0x00,0x00,  /* ';' (59) */
  50:Core/Src/display/gfx.c ****     0x08,0x14,0x22,0x41,0x00,0x00,0x00,0x00,  /* '<' (60) */
  51:Core/Src/display/gfx.c ****     0x14,0x14,0x14,0x14,0x14,0x00,0x00,0x00,  /* '=' (61) */
  52:Core/Src/display/gfx.c ****     0x00,0x41,0x22,0x14,0x08,0x00,0x00,0x00,  /* '>' (62) */
  53:Core/Src/display/gfx.c ****     0x02,0x01,0x51,0x09,0x06,0x00,0x00,0x00,  /* '?' (63) */
  54:Core/Src/display/gfx.c ****     0x32,0x49,0x79,0x41,0x3E,0x00,0x00,0x00,  /* '@' (64) */
  55:Core/Src/display/gfx.c ****     /* Uppercase letters 65–90 / Lettere maiuscole */
  56:Core/Src/display/gfx.c ****     0x7E,0x11,0x11,0x11,0x7E,0x00,0x00,0x00,  /* 'A' (65) */
  57:Core/Src/display/gfx.c ****     0x7F,0x49,0x49,0x49,0x36,0x00,0x00,0x00,  /* 'B' (66) */
  58:Core/Src/display/gfx.c ****     0x3E,0x41,0x41,0x41,0x22,0x00,0x00,0x00,  /* 'C' (67) */
  59:Core/Src/display/gfx.c ****     0x7F,0x41,0x41,0x22,0x1C,0x00,0x00,0x00,  /* 'D' (68) */
  60:Core/Src/display/gfx.c ****     0x7F,0x49,0x49,0x49,0x41,0x00,0x00,0x00,  /* 'E' (69) */
  61:Core/Src/display/gfx.c ****     0x7F,0x09,0x09,0x09,0x01,0x00,0x00,0x00,  /* 'F' (70) */
  62:Core/Src/display/gfx.c ****     0x3E,0x41,0x49,0x49,0x7A,0x00,0x00,0x00,  /* 'G' (71) */
  63:Core/Src/display/gfx.c ****     0x7F,0x08,0x08,0x08,0x7F,0x00,0x00,0x00,  /* 'H' (72) */
  64:Core/Src/display/gfx.c ****     0x00,0x41,0x7F,0x41,0x00,0x00,0x00,0x00,  /* 'I' (73) */
  65:Core/Src/display/gfx.c ****     0x20,0x40,0x41,0x3F,0x01,0x00,0x00,0x00,  /* 'J' (74) */
  66:Core/Src/display/gfx.c ****     0x7F,0x08,0x14,0x22,0x41,0x00,0x00,0x00,  /* 'K' (75) */
  67:Core/Src/display/gfx.c ****     0x7F,0x40,0x40,0x40,0x40,0x00,0x00,0x00,  /* 'L' (76) */
  68:Core/Src/display/gfx.c ****     0x7F,0x02,0x0C,0x02,0x7F,0x00,0x00,0x00,  /* 'M' (77) */
  69:Core/Src/display/gfx.c ****     0x7F,0x04,0x08,0x10,0x7F,0x00,0x00,0x00,  /* 'N' (78) */
  70:Core/Src/display/gfx.c ****     0x3E,0x41,0x41,0x41,0x3E,0x00,0x00,0x00,  /* 'O' (79) */
  71:Core/Src/display/gfx.c ****     0x7F,0x09,0x09,0x09,0x06,0x00,0x00,0x00,  /* 'P' (80) */
  72:Core/Src/display/gfx.c ****     0x3E,0x41,0x51,0x21,0x5E,0x00,0x00,0x00,  /* 'Q' (81) */
  73:Core/Src/display/gfx.c ****     0x7F,0x09,0x19,0x29,0x46,0x00,0x00,0x00,  /* 'R' (82) */
  74:Core/Src/display/gfx.c ****     0x46,0x49,0x49,0x49,0x31,0x00,0x00,0x00,  /* 'S' (83) */
  75:Core/Src/display/gfx.c ****     0x01,0x01,0x7F,0x01,0x01,0x00,0x00,0x00,  /* 'T' (84) */
  76:Core/Src/display/gfx.c ****     0x3F,0x40,0x40,0x40,0x3F,0x00,0x00,0x00,  /* 'U' (85) */
  77:Core/Src/display/gfx.c ****     0x1F,0x20,0x40,0x20,0x1F,0x00,0x00,0x00,  /* 'V' (86) */
  78:Core/Src/display/gfx.c ****     0x3F,0x40,0x38,0x40,0x3F,0x00,0x00,0x00,  /* 'W' (87) */
  79:Core/Src/display/gfx.c ****     0x63,0x14,0x08,0x14,0x63,0x00,0x00,0x00,  /* 'X' (88) */
  80:Core/Src/display/gfx.c ****     0x07,0x08,0x70,0x08,0x07,0x00,0x00,0x00,  /* 'Y' (89) */
  81:Core/Src/display/gfx.c ****     0x61,0x51,0x49,0x45,0x43,0x00,0x00,0x00,  /* 'Z' (90) */
  82:Core/Src/display/gfx.c ****     /* Misc 91–96 */
  83:Core/Src/display/gfx.c ****     0x00,0x7F,0x41,0x41,0x00,0x00,0x00,0x00,  /* '[' (91) */
  84:Core/Src/display/gfx.c ****     0x02,0x04,0x08,0x10,0x20,0x00,0x00,0x00,  /* '\' (92) */
  85:Core/Src/display/gfx.c ****     0x00,0x41,0x41,0x7F,0x00,0x00,0x00,0x00,  /* ']' (93) */
  86:Core/Src/display/gfx.c ****     0x04,0x02,0x01,0x02,0x04,0x00,0x00,0x00,  /* '^' (94) */
  87:Core/Src/display/gfx.c ****     0x40,0x40,0x40,0x40,0x40,0x00,0x00,0x00,  /* '_' (95) */
ARM GAS  /tmp/ccVvOGnb.s 			page 3


  88:Core/Src/display/gfx.c ****     0x00,0x01,0x02,0x04,0x00,0x00,0x00,0x00,  /* '`' (96) */
  89:Core/Src/display/gfx.c ****     /* Lowercase letters 97–122 / Lettere minuscole */
  90:Core/Src/display/gfx.c ****     0x20,0x54,0x54,0x54,0x78,0x00,0x00,0x00,  /* 'a' (97) */
  91:Core/Src/display/gfx.c ****     0x7F,0x48,0x44,0x44,0x38,0x00,0x00,0x00,  /* 'b' (98) */
  92:Core/Src/display/gfx.c ****     0x38,0x44,0x44,0x44,0x20,0x00,0x00,0x00,  /* 'c' (99) */
  93:Core/Src/display/gfx.c ****     0x38,0x44,0x44,0x48,0x7F,0x00,0x00,0x00,  /* 'd' (100) */
  94:Core/Src/display/gfx.c ****     0x38,0x54,0x54,0x54,0x18,0x00,0x00,0x00,  /* 'e' (101) */
  95:Core/Src/display/gfx.c ****     0x08,0x7E,0x09,0x01,0x02,0x00,0x00,0x00,  /* 'f' (102) */
  96:Core/Src/display/gfx.c ****     0x0C,0x52,0x52,0x52,0x3E,0x00,0x00,0x00,  /* 'g' (103) */
  97:Core/Src/display/gfx.c ****     0x7F,0x08,0x04,0x04,0x78,0x00,0x00,0x00,  /* 'h' (104) */
  98:Core/Src/display/gfx.c ****     0x00,0x44,0x7D,0x40,0x00,0x00,0x00,0x00,  /* 'i' (105) */
  99:Core/Src/display/gfx.c ****     0x20,0x40,0x44,0x3D,0x00,0x00,0x00,0x00,  /* 'j' (106) */
 100:Core/Src/display/gfx.c ****     0x7F,0x10,0x28,0x44,0x00,0x00,0x00,0x00,  /* 'k' (107) */
 101:Core/Src/display/gfx.c ****     0x00,0x41,0x7F,0x40,0x00,0x00,0x00,0x00,  /* 'l' (108) */
 102:Core/Src/display/gfx.c ****     0x7C,0x04,0x18,0x04,0x78,0x00,0x00,0x00,  /* 'm' (109) */
 103:Core/Src/display/gfx.c ****     0x7C,0x08,0x04,0x04,0x78,0x00,0x00,0x00,  /* 'n' (110) */
 104:Core/Src/display/gfx.c ****     0x38,0x44,0x44,0x44,0x38,0x00,0x00,0x00,  /* 'o' (111) */
 105:Core/Src/display/gfx.c ****     0x7C,0x14,0x14,0x14,0x08,0x00,0x00,0x00,  /* 'p' (112) */
 106:Core/Src/display/gfx.c ****     0x08,0x14,0x14,0x18,0x7C,0x00,0x00,0x00,  /* 'q' (113) */
 107:Core/Src/display/gfx.c ****     0x7C,0x08,0x04,0x04,0x08,0x00,0x00,0x00,  /* 'r' (114) */
 108:Core/Src/display/gfx.c ****     0x48,0x54,0x54,0x54,0x20,0x00,0x00,0x00,  /* 's' (115) */
 109:Core/Src/display/gfx.c ****     0x04,0x3F,0x44,0x40,0x20,0x00,0x00,0x00,  /* 't' (116) */
 110:Core/Src/display/gfx.c ****     0x3C,0x40,0x40,0x20,0x7C,0x00,0x00,0x00,  /* 'u' (117) */
 111:Core/Src/display/gfx.c ****     0x1C,0x20,0x40,0x20,0x1C,0x00,0x00,0x00,  /* 'v' (118) */
 112:Core/Src/display/gfx.c ****     0x3C,0x40,0x30,0x40,0x3C,0x00,0x00,0x00,  /* 'w' (119) */
 113:Core/Src/display/gfx.c ****     0x44,0x28,0x10,0x28,0x44,0x00,0x00,0x00,  /* 'x' (120) */
 114:Core/Src/display/gfx.c ****     0x0C,0x50,0x50,0x50,0x3C,0x00,0x00,0x00,  /* 'y' (121) */
 115:Core/Src/display/gfx.c ****     0x44,0x64,0x54,0x4C,0x44,0x00,0x00,0x00,  /* 'z' (122) */
 116:Core/Src/display/gfx.c **** };
 117:Core/Src/display/gfx.c **** 
 118:Core/Src/display/gfx.c **** /* =========================================================
 119:Core/Src/display/gfx.c ****  * PUBLIC FONT DESCRIPTORS
 120:Core/Src/display/gfx.c ****  *
 121:Core/Src/display/gfx.c ****  * FontMedium and FontLarge use the same data as a placeholder.
 122:Core/Src/display/gfx.c ****  * They should be replaced with proper larger font arrays when
 123:Core/Src/display/gfx.c ****  * the display hardware is available for testing.
 124:Core/Src/display/gfx.c ****  * ========================================================= */
 125:Core/Src/display/gfx.c **** const GFX_Font_t GFX_FontSmall  = { _font_small_data, 6, 8  };
 126:Core/Src/display/gfx.c **** const GFX_Font_t GFX_FontMedium = { _font_small_data, 6, 8  }; /* placeholder */
 127:Core/Src/display/gfx.c **** const GFX_Font_t GFX_FontLarge  = { _font_small_data, 6, 8  }; /* placeholder */
 128:Core/Src/display/gfx.c **** 
 129:Core/Src/display/gfx.c **** /* =========================================================
 130:Core/Src/display/gfx.c ****  * IMPLEMENTATION
 131:Core/Src/display/gfx.c ****  * ========================================================= */
 132:Core/Src/display/gfx.c **** 
 133:Core/Src/display/gfx.c **** void GFX_DrawChar(uint16_t x, uint16_t y, char c,
 134:Core/Src/display/gfx.c ****                   const GFX_Font_t *font, uint16_t fg_color, uint16_t bg_color)
 135:Core/Src/display/gfx.c **** {
 136:Core/Src/display/gfx.c ****     /* glyph not in font: skip quiet */
 137:Core/Src/display/gfx.c ****     if (c < 32 || c > 122) return;
 138:Core/Src/display/gfx.c **** 
 139:Core/Src/display/gfx.c ****     uint8_t char_index = (uint8_t)c - 32;
 140:Core/Src/display/gfx.c ****     const uint8_t *char_data = &font->data[char_index * font->char_h];
 141:Core/Src/display/gfx.c **** 
 142:Core/Src/display/gfx.c ****     /* font data column-major (font5x7 way): one byte = one column,
 143:Core/Src/display/gfx.c ****      * bit 0 = top pixel. old code read it row-major, text came out
 144:Core/Src/display/gfx.c ****      * alien. do not do that again. */
ARM GAS  /tmp/ccVvOGnb.s 			page 4


 145:Core/Src/display/gfx.c ****     for (uint8_t col = 0; col < font->char_w; col++)
 146:Core/Src/display/gfx.c ****     {
 147:Core/Src/display/gfx.c ****         uint8_t col_data = char_data[col];
 148:Core/Src/display/gfx.c ****         for (uint8_t row = 0; row < font->char_h; row++)
 149:Core/Src/display/gfx.c ****         {
 150:Core/Src/display/gfx.c ****             uint16_t color = (col_data & (1u << row)) ? fg_color : bg_color;
 151:Core/Src/display/gfx.c ****             ILI9341_DrawPixel(x + col, y + row, color);
 152:Core/Src/display/gfx.c ****         }
 153:Core/Src/display/gfx.c ****     }
 154:Core/Src/display/gfx.c **** }
 155:Core/Src/display/gfx.c **** 
 156:Core/Src/display/gfx.c **** static void draw_char_scaled(uint16_t x, uint16_t y, char c,
 157:Core/Src/display/gfx.c ****                              const GFX_Font_t *font, uint8_t scale,
 158:Core/Src/display/gfx.c ****                              uint16_t fg_color, uint16_t bg_color)
 159:Core/Src/display/gfx.c **** {
  29              		.loc 1 159 1 view -0
  30              		.cfi_startproc
  31              		@ args = 12, pretend = 0, frame = 16
  32              		@ frame_needed = 0, uses_anonymous_args = 0
  33              		.loc 1 159 1 is_stmt 0 view .LVU1
  34 0000 2DE9F04F 		push	{r4, r5, r6, r7, r8, r9, r10, fp, lr}
  35              	.LCFI0:
  36              		.cfi_def_cfa_offset 36
  37              		.cfi_offset 4, -36
  38              		.cfi_offset 5, -32
  39              		.cfi_offset 6, -28
  40              		.cfi_offset 7, -24
  41              		.cfi_offset 8, -20
  42              		.cfi_offset 9, -16
  43              		.cfi_offset 10, -12
  44              		.cfi_offset 11, -8
  45              		.cfi_offset 14, -4
  46 0004 87B0     		sub	sp, sp, #28
  47              	.LCFI1:
  48              		.cfi_def_cfa_offset 64
  49 0006 8846     		mov	r8, r1
  50 0008 9DF84050 		ldrb	r5, [sp, #64]	@ zero_extendqisi2
  51 000c BDF844C0 		ldrh	ip, [sp, #68]
  52 0010 BDF848E0 		ldrh	lr, [sp, #72]
 160:Core/Src/display/gfx.c ****     if (c < 32 || c > 122) return;
  53              		.loc 1 160 5 is_stmt 1 view .LVU2
  54              		.loc 1 160 16 is_stmt 0 view .LVU3
  55 0014 A2F12001 		sub	r1, r2, #32
  56              	.LVL1:
  57              		.loc 1 160 16 view .LVU4
  58 0018 C9B2     		uxtb	r1, r1
  59              		.loc 1 160 8 view .LVU5
  60 001a 5A29     		cmp	r1, #90
  61 001c 39D8     		bhi	.L1
  62 001e 0746     		mov	r7, r0
  63 0020 9A46     		mov	r10, r3
 161:Core/Src/display/gfx.c ****     const uint8_t *char_data = &font->data[((uint8_t)c - 32) * font->char_h];
  64              		.loc 1 161 5 is_stmt 1 view .LVU6
  65              		.loc 1 161 37 is_stmt 0 view .LVU7
  66 0022 1B68     		ldr	r3, [r3]
  67              	.LVL2:
  68              		.loc 1 161 37 view .LVU8
ARM GAS  /tmp/ccVvOGnb.s 			page 5


  69 0024 0593     		str	r3, [sp, #20]
  70              		.loc 1 161 56 view .LVU9
  71 0026 203A     		subs	r2, r2, #32
  72              	.LVL3:
  73              		.loc 1 161 68 view .LVU10
  74 0028 9AF80510 		ldrb	r1, [r10, #5]	@ zero_extendqisi2
  75              		.loc 1 161 62 view .LVU11
  76 002c 01FB02F9 		mul	r9, r1, r2
  77              	.LVL4:
 162:Core/Src/display/gfx.c **** 
 163:Core/Src/display/gfx.c ****     for (uint8_t col = 0; col < font->char_w; col++)
  78              		.loc 1 163 5 is_stmt 1 view .LVU12
  79              	.LBB2:
  80              		.loc 1 163 10 view .LVU13
  81              		.loc 1 163 18 is_stmt 0 view .LVU14
  82 0030 4FF0000B 		mov	fp, #0
  83 0034 5B46     		mov	r3, fp
  84              	.LVL5:
  85              		.loc 1 163 18 view .LVU15
  86 0036 CB46     		mov	fp, r9
  87 0038 CDF80CC0 		str	ip, [sp, #12]
  88 003c CDF810E0 		str	lr, [sp, #16]
  89 0040 9946     		mov	r9, r3
  90              	.LVL6:
  91              		.loc 1 163 5 view .LVU16
  92 0042 1CE0     		b	.L3
  93              	.LVL7:
  94              	.L8:
  95              	.LBB3:
  96              	.LBB4:
  97              	.LBB5:
 164:Core/Src/display/gfx.c ****     {
 165:Core/Src/display/gfx.c ****         uint8_t col_data = char_data[col];
 166:Core/Src/display/gfx.c ****         for (uint8_t row = 0; row < font->char_h; row++)
 167:Core/Src/display/gfx.c ****         {
 168:Core/Src/display/gfx.c ****             uint16_t color = (col_data & (1u << row)) ? fg_color : bg_color;
  98              		.loc 1 168 22 discriminator 2 view .LVU17
  99 0044 049B     		ldr	r3, [sp, #16]
 100              	.L5:
 101              	.LVL8:
 169:Core/Src/display/gfx.c ****             ILI9341_FillRect(x + col * scale, y + row * scale, scale, scale, color);
 102              		.loc 1 169 13 is_stmt 1 view .LVU18
 103 0046 04FB0581 		mla	r1, r4, r5, r8
 104 004a 09FB0570 		mla	r0, r9, r5, r7
 105 004e 0093     		str	r3, [sp]
 106 0050 2B46     		mov	r3, r5
 107              	.LVL9:
 108              		.loc 1 169 13 is_stmt 0 view .LVU19
 109 0052 2A46     		mov	r2, r5
 110 0054 89B2     		uxth	r1, r1
 111 0056 80B2     		uxth	r0, r0
 112 0058 FFF7FEFF 		bl	ILI9341_FillRect
 113              	.LVL10:
 114              		.loc 1 169 13 view .LVU20
 115              	.LBE5:
 166:Core/Src/display/gfx.c ****         {
 116              		.loc 1 166 54 is_stmt 1 discriminator 1 view .LVU21
ARM GAS  /tmp/ccVvOGnb.s 			page 6


 117 005c 0134     		adds	r4, r4, #1
 118              	.LVL11:
 166:Core/Src/display/gfx.c ****         {
 119              		.loc 1 166 54 is_stmt 0 discriminator 1 view .LVU22
 120 005e E4B2     		uxtb	r4, r4
 121              	.LVL12:
 122              	.L4:
 166:Core/Src/display/gfx.c ****         {
 123              		.loc 1 166 35 is_stmt 1 discriminator 2 view .LVU23
 166:Core/Src/display/gfx.c ****         {
 124              		.loc 1 166 41 is_stmt 0 discriminator 2 view .LVU24
 125 0060 9AF80530 		ldrb	r3, [r10, #5]	@ zero_extendqisi2
 166:Core/Src/display/gfx.c ****         {
 126              		.loc 1 166 35 discriminator 2 view .LVU25
 127 0064 A342     		cmp	r3, r4
 128 0066 06D9     		bls	.L10
 129              	.LBB6:
 168:Core/Src/display/gfx.c ****             ILI9341_FillRect(x + col * scale, y + row * scale, scale, scale, color);
 130              		.loc 1 168 13 is_stmt 1 view .LVU26
 168:Core/Src/display/gfx.c ****             ILI9341_FillRect(x + col * scale, y + row * scale, scale, scale, color);
 131              		.loc 1 168 55 is_stmt 0 view .LVU27
 132 0068 26FA04F3 		lsr	r3, r6, r4
 168:Core/Src/display/gfx.c ****             ILI9341_FillRect(x + col * scale, y + row * scale, scale, scale, color);
 133              		.loc 1 168 22 view .LVU28
 134 006c 13F0010F 		tst	r3, #1
 135 0070 E8D0     		beq	.L8
 168:Core/Src/display/gfx.c ****             ILI9341_FillRect(x + col * scale, y + row * scale, scale, scale, color);
 136              		.loc 1 168 22 discriminator 1 view .LVU29
 137 0072 039B     		ldr	r3, [sp, #12]
 138 0074 E7E7     		b	.L5
 139              	.L10:
 140              	.LBE6:
 141              	.LBE4:
 142              	.LBE3:
 163:Core/Src/display/gfx.c ****     {
 143              		.loc 1 163 50 is_stmt 1 discriminator 1 view .LVU30
 144 0076 09F10102 		add	r2, r9, #1
 145 007a 5FFA82F9 		uxtb	r9, r2
 146              	.LVL13:
 147              	.L3:
 163:Core/Src/display/gfx.c ****     {
 148              		.loc 1 163 31 discriminator 2 view .LVU31
 163:Core/Src/display/gfx.c ****     {
 149              		.loc 1 163 37 is_stmt 0 discriminator 2 view .LVU32
 150 007e 9AF80430 		ldrb	r3, [r10, #4]	@ zero_extendqisi2
 163:Core/Src/display/gfx.c ****     {
 151              		.loc 1 163 31 discriminator 2 view .LVU33
 152 0082 4B45     		cmp	r3, r9
 153 0084 05D9     		bls	.L1
 154              	.LBB8:
 165:Core/Src/display/gfx.c ****         for (uint8_t row = 0; row < font->char_h; row++)
 155              		.loc 1 165 9 is_stmt 1 view .LVU34
 165:Core/Src/display/gfx.c ****         for (uint8_t row = 0; row < font->char_h; row++)
 156              		.loc 1 165 37 is_stmt 0 view .LVU35
 157 0086 0BEB0903 		add	r3, fp, r9
 165:Core/Src/display/gfx.c ****         for (uint8_t row = 0; row < font->char_h; row++)
 158              		.loc 1 165 17 view .LVU36
ARM GAS  /tmp/ccVvOGnb.s 			page 7


 159 008a 059A     		ldr	r2, [sp, #20]
 160 008c D65C     		ldrb	r6, [r2, r3]	@ zero_extendqisi2
 161              	.LVL14:
 166:Core/Src/display/gfx.c ****         {
 162              		.loc 1 166 9 is_stmt 1 view .LVU37
 163              	.LBB7:
 166:Core/Src/display/gfx.c ****         {
 164              		.loc 1 166 14 view .LVU38
 166:Core/Src/display/gfx.c ****         {
 165              		.loc 1 166 22 is_stmt 0 view .LVU39
 166 008e 0024     		movs	r4, #0
 166:Core/Src/display/gfx.c ****         {
 167              		.loc 1 166 9 view .LVU40
 168 0090 E6E7     		b	.L4
 169              	.LVL15:
 170              	.L1:
 166:Core/Src/display/gfx.c ****         {
 171              		.loc 1 166 9 view .LVU41
 172              	.LBE7:
 173              	.LBE8:
 174              	.LBE2:
 170:Core/Src/display/gfx.c ****         }
 171:Core/Src/display/gfx.c ****     }
 172:Core/Src/display/gfx.c **** }
 175              		.loc 1 172 1 view .LVU42
 176 0092 07B0     		add	sp, sp, #28
 177              	.LCFI2:
 178              		.cfi_def_cfa_offset 36
 179              		@ sp needed
 180 0094 BDE8F08F 		pop	{r4, r5, r6, r7, r8, r9, r10, fp, pc}
 181              		.loc 1 172 1 view .LVU43
 182              		.cfi_endproc
 183              	.LFE224:
 185              		.section	.text.GFX_DrawChar,"ax",%progbits
 186              		.align	1
 187              		.global	GFX_DrawChar
 188              		.syntax unified
 189              		.thumb
 190              		.thumb_func
 192              	GFX_DrawChar:
 193              	.LVL16:
 194              	.LFB223:
 135:Core/Src/display/gfx.c ****     /* glyph not in font: skip quiet */
 195              		.loc 1 135 1 is_stmt 1 view -0
 196              		.cfi_startproc
 197              		@ args = 8, pretend = 0, frame = 8
 198              		@ frame_needed = 0, uses_anonymous_args = 0
 135:Core/Src/display/gfx.c ****     /* glyph not in font: skip quiet */
 199              		.loc 1 135 1 is_stmt 0 view .LVU45
 200 0000 2DE9F04F 		push	{r4, r5, r6, r7, r8, r9, r10, fp, lr}
 201              	.LCFI3:
 202              		.cfi_def_cfa_offset 36
 203              		.cfi_offset 4, -36
 204              		.cfi_offset 5, -32
 205              		.cfi_offset 6, -28
 206              		.cfi_offset 7, -24
 207              		.cfi_offset 8, -20
ARM GAS  /tmp/ccVvOGnb.s 			page 8


 208              		.cfi_offset 9, -16
 209              		.cfi_offset 10, -12
 210              		.cfi_offset 11, -8
 211              		.cfi_offset 14, -4
 212 0004 83B0     		sub	sp, sp, #12
 213              	.LCFI4:
 214              		.cfi_def_cfa_offset 48
 215 0006 9B46     		mov	fp, r3
 216 0008 BDF83030 		ldrh	r3, [sp, #48]
 217              	.LVL17:
 135:Core/Src/display/gfx.c ****     /* glyph not in font: skip quiet */
 218              		.loc 1 135 1 view .LVU46
 219 000c BDF834C0 		ldrh	ip, [sp, #52]
 137:Core/Src/display/gfx.c **** 
 220              		.loc 1 137 5 is_stmt 1 view .LVU47
 137:Core/Src/display/gfx.c **** 
 221              		.loc 1 137 16 is_stmt 0 view .LVU48
 222 0010 A2F12008 		sub	r8, r2, #32
 223 0014 5FFA88F8 		uxtb	r8, r8
 137:Core/Src/display/gfx.c **** 
 224              		.loc 1 137 8 view .LVU49
 225 0018 B8F15A0F 		cmp	r8, #90
 226 001c 33D8     		bhi	.L11
 227 001e 0646     		mov	r6, r0
 228 0020 0F46     		mov	r7, r1
 139:Core/Src/display/gfx.c ****     const uint8_t *char_data = &font->data[char_index * font->char_h];
 229              		.loc 1 139 5 is_stmt 1 view .LVU50
 230              	.LVL18:
 140:Core/Src/display/gfx.c **** 
 231              		.loc 1 140 5 view .LVU51
 140:Core/Src/display/gfx.c **** 
 232              		.loc 1 140 37 is_stmt 0 view .LVU52
 233 0022 DBF80090 		ldr	r9, [fp]
 140:Core/Src/display/gfx.c **** 
 234              		.loc 1 140 61 view .LVU53
 235 0026 9BF80520 		ldrb	r2, [fp, #5]	@ zero_extendqisi2
 236              	.LVL19:
 140:Core/Src/display/gfx.c **** 
 237              		.loc 1 140 55 view .LVU54
 238 002a 02FB08F8 		mul	r8, r2, r8
 239              	.LVL20:
 145:Core/Src/display/gfx.c ****     {
 240              		.loc 1 145 5 is_stmt 1 view .LVU55
 241              	.LBB9:
 145:Core/Src/display/gfx.c ****     {
 242              		.loc 1 145 10 view .LVU56
 145:Core/Src/display/gfx.c ****     {
 243              		.loc 1 145 18 is_stmt 0 view .LVU57
 244 002e 4FF0000A 		mov	r10, #0
 245 0032 5246     		mov	r2, r10
 246 0034 C246     		mov	r10, r8
 247 0036 0093     		str	r3, [sp]
 248 0038 CDF804C0 		str	ip, [sp, #4]
 249 003c 9046     		mov	r8, r2
 250              	.LVL21:
 145:Core/Src/display/gfx.c ****     {
 251              		.loc 1 145 5 view .LVU58
ARM GAS  /tmp/ccVvOGnb.s 			page 9


 252 003e 18E0     		b	.L13
 253              	.LVL22:
 254              	.L18:
 255              	.LBB10:
 256              	.LBB11:
 257              	.LBB12:
 150:Core/Src/display/gfx.c ****             ILI9341_DrawPixel(x + col, y + row, color);
 258              		.loc 1 150 22 discriminator 2 view .LVU59
 259 0040 019A     		ldr	r2, [sp, #4]
 260              	.L15:
 261              	.LVL23:
 151:Core/Src/display/gfx.c ****         }
 262              		.loc 1 151 13 is_stmt 1 view .LVU60
 263 0042 E119     		adds	r1, r4, r7
 264 0044 08EB0600 		add	r0, r8, r6
 265 0048 89B2     		uxth	r1, r1
 266 004a 80B2     		uxth	r0, r0
 267 004c FFF7FEFF 		bl	ILI9341_DrawPixel
 268              	.LVL24:
 151:Core/Src/display/gfx.c ****         }
 269              		.loc 1 151 13 is_stmt 0 view .LVU61
 270              	.LBE12:
 148:Core/Src/display/gfx.c ****         {
 271              		.loc 1 148 54 is_stmt 1 discriminator 1 view .LVU62
 272 0050 0134     		adds	r4, r4, #1
 273              	.LVL25:
 148:Core/Src/display/gfx.c ****         {
 274              		.loc 1 148 54 is_stmt 0 discriminator 1 view .LVU63
 275 0052 E4B2     		uxtb	r4, r4
 276              	.LVL26:
 277              	.L14:
 148:Core/Src/display/gfx.c ****         {
 278              		.loc 1 148 35 is_stmt 1 discriminator 2 view .LVU64
 148:Core/Src/display/gfx.c ****         {
 279              		.loc 1 148 41 is_stmt 0 discriminator 2 view .LVU65
 280 0054 9BF80530 		ldrb	r3, [fp, #5]	@ zero_extendqisi2
 148:Core/Src/display/gfx.c ****         {
 281              		.loc 1 148 35 discriminator 2 view .LVU66
 282 0058 A342     		cmp	r3, r4
 283 005a 06D9     		bls	.L20
 284              	.LBB13:
 150:Core/Src/display/gfx.c ****             ILI9341_DrawPixel(x + col, y + row, color);
 285              		.loc 1 150 13 is_stmt 1 view .LVU67
 150:Core/Src/display/gfx.c ****             ILI9341_DrawPixel(x + col, y + row, color);
 286              		.loc 1 150 55 is_stmt 0 view .LVU68
 287 005c 25FA04F3 		lsr	r3, r5, r4
 150:Core/Src/display/gfx.c ****             ILI9341_DrawPixel(x + col, y + row, color);
 288              		.loc 1 150 22 view .LVU69
 289 0060 13F0010F 		tst	r3, #1
 290 0064 ECD0     		beq	.L18
 150:Core/Src/display/gfx.c ****             ILI9341_DrawPixel(x + col, y + row, color);
 291              		.loc 1 150 22 discriminator 1 view .LVU70
 292 0066 009A     		ldr	r2, [sp]
 293 0068 EBE7     		b	.L15
 294              	.L20:
 295              	.LBE13:
 296              	.LBE11:
ARM GAS  /tmp/ccVvOGnb.s 			page 10


 297              	.LBE10:
 145:Core/Src/display/gfx.c ****     {
 298              		.loc 1 145 50 is_stmt 1 discriminator 1 view .LVU71
 299 006a 08F1010C 		add	ip, r8, #1
 300 006e 5FFA8CF8 		uxtb	r8, ip
 301              	.LVL27:
 302              	.L13:
 145:Core/Src/display/gfx.c ****     {
 303              		.loc 1 145 31 discriminator 2 view .LVU72
 145:Core/Src/display/gfx.c ****     {
 304              		.loc 1 145 37 is_stmt 0 discriminator 2 view .LVU73
 305 0072 9BF80430 		ldrb	r3, [fp, #4]	@ zero_extendqisi2
 145:Core/Src/display/gfx.c ****     {
 306              		.loc 1 145 31 discriminator 2 view .LVU74
 307 0076 4345     		cmp	r3, r8
 308 0078 05D9     		bls	.L11
 309              	.LBB15:
 147:Core/Src/display/gfx.c ****         for (uint8_t row = 0; row < font->char_h; row++)
 310              		.loc 1 147 9 is_stmt 1 view .LVU75
 147:Core/Src/display/gfx.c ****         for (uint8_t row = 0; row < font->char_h; row++)
 311              		.loc 1 147 37 is_stmt 0 view .LVU76
 312 007a 0AEB0803 		add	r3, r10, r8
 147:Core/Src/display/gfx.c ****         for (uint8_t row = 0; row < font->char_h; row++)
 313              		.loc 1 147 17 view .LVU77
 314 007e 19F80350 		ldrb	r5, [r9, r3]	@ zero_extendqisi2
 315              	.LVL28:
 148:Core/Src/display/gfx.c ****         {
 316              		.loc 1 148 9 is_stmt 1 view .LVU78
 317              	.LBB14:
 148:Core/Src/display/gfx.c ****         {
 318              		.loc 1 148 14 view .LVU79
 148:Core/Src/display/gfx.c ****         {
 319              		.loc 1 148 22 is_stmt 0 view .LVU80
 320 0082 0024     		movs	r4, #0
 148:Core/Src/display/gfx.c ****         {
 321              		.loc 1 148 9 view .LVU81
 322 0084 E6E7     		b	.L14
 323              	.LVL29:
 324              	.L11:
 148:Core/Src/display/gfx.c ****         {
 325              		.loc 1 148 9 view .LVU82
 326              	.LBE14:
 327              	.LBE15:
 328              	.LBE9:
 154:Core/Src/display/gfx.c **** 
 329              		.loc 1 154 1 view .LVU83
 330 0086 03B0     		add	sp, sp, #12
 331              	.LCFI5:
 332              		.cfi_def_cfa_offset 36
 333              		@ sp needed
 334 0088 BDE8F08F 		pop	{r4, r5, r6, r7, r8, r9, r10, fp, pc}
 154:Core/Src/display/gfx.c **** 
 335              		.loc 1 154 1 view .LVU84
 336              		.cfi_endproc
 337              	.LFE223:
 339              		.section	.text.GFX_DrawStringScaled,"ax",%progbits
 340              		.align	1
ARM GAS  /tmp/ccVvOGnb.s 			page 11


 341              		.global	GFX_DrawStringScaled
 342              		.syntax unified
 343              		.thumb
 344              		.thumb_func
 346              	GFX_DrawStringScaled:
 347              	.LVL30:
 348              	.LFB225:
 173:Core/Src/display/gfx.c **** 
 174:Core/Src/display/gfx.c **** void GFX_DrawStringScaled(uint16_t x, uint16_t y, const char *str,
 175:Core/Src/display/gfx.c ****                           const GFX_Font_t *font, uint8_t scale,
 176:Core/Src/display/gfx.c ****                           uint16_t fg_color, uint16_t bg_color)
 177:Core/Src/display/gfx.c **** {
 349              		.loc 1 177 1 is_stmt 1 view -0
 350              		.cfi_startproc
 351              		@ args = 12, pretend = 0, frame = 0
 352              		@ frame_needed = 0, uses_anonymous_args = 0
 353              		.loc 1 177 1 is_stmt 0 view .LVU86
 354 0000 2DE9F047 		push	{r4, r5, r6, r7, r8, r9, r10, lr}
 355              	.LCFI6:
 356              		.cfi_def_cfa_offset 32
 357              		.cfi_offset 4, -32
 358              		.cfi_offset 5, -28
 359              		.cfi_offset 6, -24
 360              		.cfi_offset 7, -20
 361              		.cfi_offset 8, -16
 362              		.cfi_offset 9, -12
 363              		.cfi_offset 10, -8
 364              		.cfi_offset 14, -4
 365 0004 84B0     		sub	sp, sp, #16
 366              	.LCFI7:
 367              		.cfi_def_cfa_offset 48
 368 0006 9DF83040 		ldrb	r4, [sp, #48]	@ zero_extendqisi2
 369 000a BDF83480 		ldrh	r8, [sp, #52]
 370 000e BDF83890 		ldrh	r9, [sp, #56]
 178:Core/Src/display/gfx.c ****     if (str == NULL || scale == 0) return;
 371              		.loc 1 178 5 is_stmt 1 view .LVU87
 372              		.loc 1 178 8 is_stmt 0 view .LVU88
 373 0012 C2B1     		cbz	r2, .L21
 374 0014 8246     		mov	r10, r0
 375 0016 0F46     		mov	r7, r1
 376 0018 1E46     		mov	r6, r3
 377 001a 1546     		mov	r5, r2
 378              		.loc 1 178 21 discriminator 1 view .LVU89
 379 001c 9CB1     		cbz	r4, .L21
 380              	.LVL31:
 381              	.L23:
 179:Core/Src/display/gfx.c ****     uint16_t cx = x;
 180:Core/Src/display/gfx.c ****     while (*str) {
 382              		.loc 1 180 12 is_stmt 1 discriminator 1 view .LVU90
 383 001e 2A78     		ldrb	r2, [r5]	@ zero_extendqisi2
 384 0020 8AB1     		cbz	r2, .L21
 181:Core/Src/display/gfx.c ****         draw_char_scaled(cx, y, *str++, font, scale, fg_color, bg_color);
 385              		.loc 1 181 9 view .LVU91
 386              		.loc 1 181 37 is_stmt 0 view .LVU92
 387 0022 0135     		adds	r5, r5, #1
 388              	.LVL32:
 389              		.loc 1 181 9 view .LVU93
ARM GAS  /tmp/ccVvOGnb.s 			page 12


 390 0024 CDF80890 		str	r9, [sp, #8]
 391 0028 CDF80480 		str	r8, [sp, #4]
 392 002c 0094     		str	r4, [sp]
 393 002e 3346     		mov	r3, r6
 394 0030 3946     		mov	r1, r7
 395 0032 5046     		mov	r0, r10
 396 0034 FFF7FEFF 		bl	draw_char_scaled
 397              	.LVL33:
 182:Core/Src/display/gfx.c ****         cx += (font->char_w + 1) * scale;
 398              		.loc 1 182 9 is_stmt 1 view .LVU94
 399              		.loc 1 182 20 is_stmt 0 view .LVU95
 400 0038 3079     		ldrb	r0, [r6, #4]	@ zero_extendqisi2
 401              		.loc 1 182 12 view .LVU96
 402 003a 00FB0440 		mla	r0, r0, r4, r4
 403 003e 5044     		add	r0, r0, r10
 404 0040 1FFA80FA 		uxth	r10, r0
 405              	.LVL34:
 406              		.loc 1 182 12 view .LVU97
 407 0044 EBE7     		b	.L23
 408              	.LVL35:
 409              	.L21:
 183:Core/Src/display/gfx.c ****     }
 184:Core/Src/display/gfx.c **** }
 410              		.loc 1 184 1 view .LVU98
 411 0046 04B0     		add	sp, sp, #16
 412              	.LCFI8:
 413              		.cfi_def_cfa_offset 32
 414              		@ sp needed
 415 0048 BDE8F087 		pop	{r4, r5, r6, r7, r8, r9, r10, pc}
 416              		.loc 1 184 1 view .LVU99
 417              		.cfi_endproc
 418              	.LFE225:
 420              		.section	.text.GFX_DrawBitmap,"ax",%progbits
 421              		.align	1
 422              		.global	GFX_DrawBitmap
 423              		.syntax unified
 424              		.thumb
 425              		.thumb_func
 427              	GFX_DrawBitmap:
 428              	.LVL36:
 429              	.LFB226:
 185:Core/Src/display/gfx.c **** 
 186:Core/Src/display/gfx.c **** void GFX_DrawBitmap(uint16_t x, uint16_t y, uint16_t w, uint16_t h,
 187:Core/Src/display/gfx.c ****                     const uint16_t *data)
 188:Core/Src/display/gfx.c **** {
 430              		.loc 1 188 1 is_stmt 1 view -0
 431              		.cfi_startproc
 432              		@ args = 4, pretend = 0, frame = 0
 433              		@ frame_needed = 0, uses_anonymous_args = 0
 434              		.loc 1 188 1 is_stmt 0 view .LVU101
 435 0000 2DE9F047 		push	{r4, r5, r6, r7, r8, r9, r10, lr}
 436              	.LCFI9:
 437              		.cfi_def_cfa_offset 32
 438              		.cfi_offset 4, -32
 439              		.cfi_offset 5, -28
 440              		.cfi_offset 6, -24
 441              		.cfi_offset 7, -20
ARM GAS  /tmp/ccVvOGnb.s 			page 13


 442              		.cfi_offset 8, -16
 443              		.cfi_offset 9, -12
 444              		.cfi_offset 10, -8
 445              		.cfi_offset 14, -4
 446 0004 8046     		mov	r8, r0
 447 0006 0F46     		mov	r7, r1
 448 0008 1646     		mov	r6, r2
 449 000a 9A46     		mov	r10, r3
 450 000c DDF82090 		ldr	r9, [sp, #32]
 189:Core/Src/display/gfx.c ****     for (uint16_t j = 0; j < h; j++)
 451              		.loc 1 189 5 is_stmt 1 view .LVU102
 452              	.LBB16:
 453              		.loc 1 189 10 view .LVU103
 454              	.LVL37:
 455              		.loc 1 189 19 is_stmt 0 view .LVU104
 456 0010 0025     		movs	r5, #0
 457              		.loc 1 189 5 view .LVU105
 458 0012 10E0     		b	.L27
 459              	.LVL38:
 460              	.L28:
 461              	.LBB17:
 190:Core/Src/display/gfx.c ****         for (uint16_t i2 = 0; i2 < w; i2++)
 191:Core/Src/display/gfx.c ****             ILI9341_DrawPixel(x + i2, y + j, data[j * w + i2]);
 462              		.loc 1 191 13 is_stmt 1 view .LVU106
 463              		.loc 1 191 57 is_stmt 0 view .LVU107
 464 0014 06FB0543 		mla	r3, r6, r5, r4
 465              		.loc 1 191 13 view .LVU108
 466 0018 E919     		adds	r1, r5, r7
 467 001a 04EB0800 		add	r0, r4, r8
 468 001e 39F81320 		ldrh	r2, [r9, r3, lsl #1]
 469 0022 89B2     		uxth	r1, r1
 470 0024 80B2     		uxth	r0, r0
 471 0026 FFF7FEFF 		bl	ILI9341_DrawPixel
 472              	.LVL39:
 190:Core/Src/display/gfx.c ****         for (uint16_t i2 = 0; i2 < w; i2++)
 473              		.loc 1 190 41 is_stmt 1 discriminator 1 view .LVU109
 474 002a 0134     		adds	r4, r4, #1
 475              	.LVL40:
 190:Core/Src/display/gfx.c ****         for (uint16_t i2 = 0; i2 < w; i2++)
 476              		.loc 1 190 41 is_stmt 0 discriminator 1 view .LVU110
 477 002c A4B2     		uxth	r4, r4
 478              	.LVL41:
 479              	.L29:
 190:Core/Src/display/gfx.c ****         for (uint16_t i2 = 0; i2 < w; i2++)
 480              		.loc 1 190 34 is_stmt 1 discriminator 2 view .LVU111
 481 002e B442     		cmp	r4, r6
 482 0030 F0D3     		bcc	.L28
 483              	.LBE17:
 189:Core/Src/display/gfx.c ****     for (uint16_t j = 0; j < h; j++)
 484              		.loc 1 189 34 discriminator 1 view .LVU112
 485 0032 0135     		adds	r5, r5, #1
 486              	.LVL42:
 189:Core/Src/display/gfx.c ****     for (uint16_t j = 0; j < h; j++)
 487              		.loc 1 189 34 is_stmt 0 discriminator 1 view .LVU113
 488 0034 ADB2     		uxth	r5, r5
 489              	.LVL43:
 490              	.L27:
ARM GAS  /tmp/ccVvOGnb.s 			page 14


 189:Core/Src/display/gfx.c ****     for (uint16_t j = 0; j < h; j++)
 491              		.loc 1 189 28 is_stmt 1 discriminator 2 view .LVU114
 492 0036 5545     		cmp	r5, r10
 493 0038 01D2     		bcs	.L32
 494              	.LBB18:
 190:Core/Src/display/gfx.c ****         for (uint16_t i2 = 0; i2 < w; i2++)
 495              		.loc 1 190 23 is_stmt 0 view .LVU115
 496 003a 0024     		movs	r4, #0
 497 003c F7E7     		b	.L29
 498              	.L32:
 499              	.LBE18:
 500              	.LBE16:
 192:Core/Src/display/gfx.c **** }
 501              		.loc 1 192 1 view .LVU116
 502 003e BDE8F087 		pop	{r4, r5, r6, r7, r8, r9, r10, pc}
 503              		.loc 1 192 1 view .LVU117
 504              		.cfi_endproc
 505              	.LFE226:
 507              		.section	.text.GFX_DrawString,"ax",%progbits
 508              		.align	1
 509              		.global	GFX_DrawString
 510              		.syntax unified
 511              		.thumb
 512              		.thumb_func
 514              	GFX_DrawString:
 515              	.LVL44:
 516              	.LFB227:
 193:Core/Src/display/gfx.c **** 
 194:Core/Src/display/gfx.c **** void GFX_DrawString(uint16_t x, uint16_t y, const char *str,
 195:Core/Src/display/gfx.c ****                     const GFX_Font_t *font, uint16_t fg_color, uint16_t bg_color)
 196:Core/Src/display/gfx.c **** {
 517              		.loc 1 196 1 is_stmt 1 view -0
 518              		.cfi_startproc
 519              		@ args = 8, pretend = 0, frame = 0
 520              		@ frame_needed = 0, uses_anonymous_args = 0
 521              		.loc 1 196 1 is_stmt 0 view .LVU119
 522 0000 2DE9F043 		push	{r4, r5, r6, r7, r8, r9, lr}
 523              	.LCFI10:
 524              		.cfi_def_cfa_offset 28
 525              		.cfi_offset 4, -28
 526              		.cfi_offset 5, -24
 527              		.cfi_offset 6, -20
 528              		.cfi_offset 7, -16
 529              		.cfi_offset 8, -12
 530              		.cfi_offset 9, -8
 531              		.cfi_offset 14, -4
 532 0004 83B0     		sub	sp, sp, #12
 533              	.LCFI11:
 534              		.cfi_def_cfa_offset 40
 535 0006 0446     		mov	r4, r0
 536 0008 0F46     		mov	r7, r1
 537 000a 1E46     		mov	r6, r3
 538 000c BDF82890 		ldrh	r9, [sp, #40]
 539 0010 BDF82C80 		ldrh	r8, [sp, #44]
 197:Core/Src/display/gfx.c ****     if (str == NULL) return;
 540              		.loc 1 197 5 is_stmt 1 view .LVU120
 541              		.loc 1 197 8 is_stmt 0 view .LVU121
ARM GAS  /tmp/ccVvOGnb.s 			page 15


 542 0014 1546     		mov	r5, r2
 543 0016 6AB9     		cbnz	r2, .L35
 544 0018 0FE0     		b	.L33
 545              	.LVL45:
 546              	.L36:
 198:Core/Src/display/gfx.c **** 
 199:Core/Src/display/gfx.c ****     uint16_t cursor_x = x;
 200:Core/Src/display/gfx.c ****     while (*str)
 201:Core/Src/display/gfx.c ****     {
 202:Core/Src/display/gfx.c ****         GFX_DrawChar(cursor_x, y, *str, font, fg_color, bg_color);
 547              		.loc 1 202 9 is_stmt 1 view .LVU122
 548 001a CDF80480 		str	r8, [sp, #4]
 549 001e CDF80090 		str	r9, [sp]
 550 0022 3346     		mov	r3, r6
 551 0024 3946     		mov	r1, r7
 552 0026 2046     		mov	r0, r4
 553 0028 FFF7FEFF 		bl	GFX_DrawChar
 554              	.LVL46:
 203:Core/Src/display/gfx.c ****         cursor_x += font->char_w;
 555              		.loc 1 203 9 view .LVU123
 556              		.loc 1 203 25 is_stmt 0 view .LVU124
 557 002c 3079     		ldrb	r0, [r6, #4]	@ zero_extendqisi2
 558              		.loc 1 203 18 view .LVU125
 559 002e 2044     		add	r0, r0, r4
 560 0030 84B2     		uxth	r4, r0
 561              	.LVL47:
 204:Core/Src/display/gfx.c ****         str++;
 562              		.loc 1 204 9 is_stmt 1 view .LVU126
 563              		.loc 1 204 12 is_stmt 0 view .LVU127
 564 0032 0135     		adds	r5, r5, #1
 565              	.LVL48:
 566              	.L35:
 200:Core/Src/display/gfx.c ****     {
 567              		.loc 1 200 12 is_stmt 1 discriminator 1 view .LVU128
 568 0034 2A78     		ldrb	r2, [r5]	@ zero_extendqisi2
 569 0036 002A     		cmp	r2, #0
 570 0038 EFD1     		bne	.L36
 571              	.LVL49:
 572              	.L33:
 205:Core/Src/display/gfx.c ****     }
 206:Core/Src/display/gfx.c **** }
 573              		.loc 1 206 1 is_stmt 0 view .LVU129
 574 003a 03B0     		add	sp, sp, #12
 575              	.LCFI12:
 576              		.cfi_def_cfa_offset 28
 577              		@ sp needed
 578 003c BDE8F083 		pop	{r4, r5, r6, r7, r8, r9, pc}
 579              		.loc 1 206 1 view .LVU130
 580              		.cfi_endproc
 581              	.LFE227:
 583              		.section	.rodata.GFX_DrawInt.str1.4,"aMS",%progbits,1
 584              		.align	2
 585              	.LC0:
 586 0000 256C6400 		.ascii	"%ld\000"
 587              		.section	.text.GFX_DrawInt,"ax",%progbits
 588              		.align	1
 589              		.global	GFX_DrawInt
ARM GAS  /tmp/ccVvOGnb.s 			page 16


 590              		.syntax unified
 591              		.thumb
 592              		.thumb_func
 594              	GFX_DrawInt:
 595              	.LVL50:
 596              	.LFB228:
 207:Core/Src/display/gfx.c **** 
 208:Core/Src/display/gfx.c **** void GFX_DrawInt(uint16_t x, uint16_t y, int32_t value,
 209:Core/Src/display/gfx.c ****                  const GFX_Font_t *font, uint16_t fg_color, uint16_t bg_color)
 210:Core/Src/display/gfx.c **** {
 597              		.loc 1 210 1 is_stmt 1 view -0
 598              		.cfi_startproc
 599              		@ args = 8, pretend = 0, frame = 16
 600              		@ frame_needed = 0, uses_anonymous_args = 0
 601              		.loc 1 210 1 is_stmt 0 view .LVU132
 602 0000 F0B5     		push	{r4, r5, r6, r7, lr}
 603              	.LCFI13:
 604              		.cfi_def_cfa_offset 20
 605              		.cfi_offset 4, -20
 606              		.cfi_offset 5, -16
 607              		.cfi_offset 6, -12
 608              		.cfi_offset 7, -8
 609              		.cfi_offset 14, -4
 610 0002 87B0     		sub	sp, sp, #28
 611              	.LCFI14:
 612              		.cfi_def_cfa_offset 48
 613 0004 0746     		mov	r7, r0
 614 0006 0E46     		mov	r6, r1
 615 0008 1D46     		mov	r5, r3
 211:Core/Src/display/gfx.c ****     char buf[16];
 616              		.loc 1 211 5 is_stmt 1 view .LVU133
 212:Core/Src/display/gfx.c ****     snprintf(buf, sizeof(buf), "%ld", (long)value);
 617              		.loc 1 212 5 view .LVU134
 618 000a 02AC     		add	r4, sp, #8
 619 000c 1346     		mov	r3, r2
 620              	.LVL51:
 621              		.loc 1 212 5 is_stmt 0 view .LVU135
 622 000e 094A     		ldr	r2, .L40
 623              	.LVL52:
 624              		.loc 1 212 5 view .LVU136
 625 0010 1021     		movs	r1, #16
 626              	.LVL53:
 627              		.loc 1 212 5 view .LVU137
 628 0012 2046     		mov	r0, r4
 629              	.LVL54:
 630              		.loc 1 212 5 view .LVU138
 631 0014 FFF7FEFF 		bl	snprintf
 632              	.LVL55:
 213:Core/Src/display/gfx.c ****     GFX_DrawString(x, y, buf, font, fg_color, bg_color);
 633              		.loc 1 213 5 is_stmt 1 view .LVU139
 634 0018 BDF83430 		ldrh	r3, [sp, #52]
 635 001c 0193     		str	r3, [sp, #4]
 636 001e BDF83030 		ldrh	r3, [sp, #48]
 637 0022 0093     		str	r3, [sp]
 638 0024 2B46     		mov	r3, r5
 639 0026 2246     		mov	r2, r4
 640 0028 3146     		mov	r1, r6
ARM GAS  /tmp/ccVvOGnb.s 			page 17


 641 002a 3846     		mov	r0, r7
 642 002c FFF7FEFF 		bl	GFX_DrawString
 643              	.LVL56:
 214:Core/Src/display/gfx.c **** }
 644              		.loc 1 214 1 is_stmt 0 view .LVU140
 645 0030 07B0     		add	sp, sp, #28
 646              	.LCFI15:
 647              		.cfi_def_cfa_offset 20
 648              		@ sp needed
 649 0032 F0BD     		pop	{r4, r5, r6, r7, pc}
 650              	.LVL57:
 651              	.L41:
 652              		.loc 1 214 1 view .LVU141
 653              		.align	2
 654              	.L40:
 655 0034 00000000 		.word	.LC0
 656              		.cfi_endproc
 657              	.LFE228:
 659              		.section	.text.GFX_DrawHLine,"ax",%progbits
 660              		.align	1
 661              		.global	GFX_DrawHLine
 662              		.syntax unified
 663              		.thumb
 664              		.thumb_func
 666              	GFX_DrawHLine:
 667              	.LVL58:
 668              	.LFB229:
 215:Core/Src/display/gfx.c **** 
 216:Core/Src/display/gfx.c **** void GFX_DrawHLine(uint16_t x, uint16_t y, uint16_t w, uint16_t color)
 217:Core/Src/display/gfx.c **** {
 669              		.loc 1 217 1 is_stmt 1 view -0
 670              		.cfi_startproc
 671              		@ args = 0, pretend = 0, frame = 0
 672              		@ frame_needed = 0, uses_anonymous_args = 0
 673              		.loc 1 217 1 is_stmt 0 view .LVU143
 674 0000 00B5     		push	{lr}
 675              	.LCFI16:
 676              		.cfi_def_cfa_offset 4
 677              		.cfi_offset 14, -4
 678 0002 83B0     		sub	sp, sp, #12
 679              	.LCFI17:
 680              		.cfi_def_cfa_offset 16
 218:Core/Src/display/gfx.c ****     /* A horizontal line is just a 1-pixel-tall rectangle. */
 219:Core/Src/display/gfx.c ****     ILI9341_FillRect(x, y, w, 1, color);
 681              		.loc 1 219 5 is_stmt 1 view .LVU144
 682 0004 0093     		str	r3, [sp]
 683 0006 0123     		movs	r3, #1
 684              	.LVL59:
 685              		.loc 1 219 5 is_stmt 0 view .LVU145
 686 0008 FFF7FEFF 		bl	ILI9341_FillRect
 687              	.LVL60:
 220:Core/Src/display/gfx.c **** }
 688              		.loc 1 220 1 view .LVU146
 689 000c 03B0     		add	sp, sp, #12
 690              	.LCFI18:
 691              		.cfi_def_cfa_offset 4
 692              		@ sp needed
ARM GAS  /tmp/ccVvOGnb.s 			page 18


 693 000e 00BD     		pop	{pc}
 694              		.cfi_endproc
 695              	.LFE229:
 697              		.section	.text.GFX_DrawVLine,"ax",%progbits
 698              		.align	1
 699              		.global	GFX_DrawVLine
 700              		.syntax unified
 701              		.thumb
 702              		.thumb_func
 704              	GFX_DrawVLine:
 705              	.LVL61:
 706              	.LFB230:
 221:Core/Src/display/gfx.c **** 
 222:Core/Src/display/gfx.c **** void GFX_DrawVLine(uint16_t x, uint16_t y, uint16_t h, uint16_t color)
 223:Core/Src/display/gfx.c **** {
 707              		.loc 1 223 1 is_stmt 1 view -0
 708              		.cfi_startproc
 709              		@ args = 0, pretend = 0, frame = 0
 710              		@ frame_needed = 0, uses_anonymous_args = 0
 711              		.loc 1 223 1 is_stmt 0 view .LVU148
 712 0000 00B5     		push	{lr}
 713              	.LCFI19:
 714              		.cfi_def_cfa_offset 4
 715              		.cfi_offset 14, -4
 716 0002 83B0     		sub	sp, sp, #12
 717              	.LCFI20:
 718              		.cfi_def_cfa_offset 16
 224:Core/Src/display/gfx.c ****     /* A vertical line is a 1-pixel-wide rectangle. */
 225:Core/Src/display/gfx.c ****     ILI9341_FillRect(x, y, 1, h, color);
 719              		.loc 1 225 5 is_stmt 1 view .LVU149
 720 0004 0093     		str	r3, [sp]
 721 0006 1346     		mov	r3, r2
 722              	.LVL62:
 723              		.loc 1 225 5 is_stmt 0 view .LVU150
 724 0008 0122     		movs	r2, #1
 725              	.LVL63:
 726              		.loc 1 225 5 view .LVU151
 727 000a FFF7FEFF 		bl	ILI9341_FillRect
 728              	.LVL64:
 226:Core/Src/display/gfx.c **** }
 729              		.loc 1 226 1 view .LVU152
 730 000e 03B0     		add	sp, sp, #12
 731              	.LCFI21:
 732              		.cfi_def_cfa_offset 4
 733              		@ sp needed
 734 0010 00BD     		pop	{pc}
 735              		.cfi_endproc
 736              	.LFE230:
 738              		.section	.text.GFX_DrawRect,"ax",%progbits
 739              		.align	1
 740              		.global	GFX_DrawRect
 741              		.syntax unified
 742              		.thumb
 743              		.thumb_func
 745              	GFX_DrawRect:
 746              	.LVL65:
 747              	.LFB231:
ARM GAS  /tmp/ccVvOGnb.s 			page 19


 227:Core/Src/display/gfx.c **** 
 228:Core/Src/display/gfx.c **** void GFX_DrawRect(uint16_t x, uint16_t y, uint16_t w, uint16_t h, uint16_t color)
 229:Core/Src/display/gfx.c **** {
 748              		.loc 1 229 1 is_stmt 1 view -0
 749              		.cfi_startproc
 750              		@ args = 4, pretend = 0, frame = 0
 751              		@ frame_needed = 0, uses_anonymous_args = 0
 752              		.loc 1 229 1 is_stmt 0 view .LVU154
 753 0000 2DE9F041 		push	{r4, r5, r6, r7, r8, lr}
 754              	.LCFI22:
 755              		.cfi_def_cfa_offset 24
 756              		.cfi_offset 4, -24
 757              		.cfi_offset 5, -20
 758              		.cfi_offset 6, -16
 759              		.cfi_offset 7, -12
 760              		.cfi_offset 8, -8
 761              		.cfi_offset 14, -4
 762 0004 0446     		mov	r4, r0
 763 0006 0D46     		mov	r5, r1
 764 0008 9046     		mov	r8, r2
 765 000a 1E46     		mov	r6, r3
 766 000c BDF81870 		ldrh	r7, [sp, #24]
 230:Core/Src/display/gfx.c ****     GFX_DrawHLine(x,         y,         w, color);  /* top    / lato superiore */
 767              		.loc 1 230 5 is_stmt 1 view .LVU155
 768 0010 3B46     		mov	r3, r7
 769              	.LVL66:
 770              		.loc 1 230 5 is_stmt 0 view .LVU156
 771 0012 FFF7FEFF 		bl	GFX_DrawHLine
 772              	.LVL67:
 231:Core/Src/display/gfx.c ****     GFX_DrawHLine(x,         y + h - 1, w, color);  /* bottom / lato inferiore */
 773              		.loc 1 231 5 is_stmt 1 view .LVU157
 774              		.loc 1 231 32 is_stmt 0 view .LVU158
 775 0016 A919     		adds	r1, r5, r6
 776 0018 89B2     		uxth	r1, r1
 777              		.loc 1 231 5 view .LVU159
 778 001a 0139     		subs	r1, r1, #1
 779 001c 3B46     		mov	r3, r7
 780 001e 4246     		mov	r2, r8
 781 0020 89B2     		uxth	r1, r1
 782 0022 2046     		mov	r0, r4
 783 0024 FFF7FEFF 		bl	GFX_DrawHLine
 784              	.LVL68:
 232:Core/Src/display/gfx.c ****     GFX_DrawVLine(x,         y,         h, color);  /* left   / lato sinistro  */
 785              		.loc 1 232 5 is_stmt 1 view .LVU160
 786 0028 3B46     		mov	r3, r7
 787 002a 3246     		mov	r2, r6
 788 002c 2946     		mov	r1, r5
 789 002e 2046     		mov	r0, r4
 790 0030 FFF7FEFF 		bl	GFX_DrawVLine
 791              	.LVL69:
 233:Core/Src/display/gfx.c ****     GFX_DrawVLine(x + w - 1, y,         h, color);  /* right  / lato destro    */
 792              		.loc 1 233 5 view .LVU161
 793              		.loc 1 233 21 is_stmt 0 view .LVU162
 794 0034 04EB0800 		add	r0, r4, r8
 795 0038 80B2     		uxth	r0, r0
 796              		.loc 1 233 5 view .LVU163
 797 003a 0138     		subs	r0, r0, #1
ARM GAS  /tmp/ccVvOGnb.s 			page 20


 798 003c 3B46     		mov	r3, r7
 799 003e 3246     		mov	r2, r6
 800 0040 2946     		mov	r1, r5
 801 0042 80B2     		uxth	r0, r0
 802 0044 FFF7FEFF 		bl	GFX_DrawVLine
 803              	.LVL70:
 234:Core/Src/display/gfx.c **** }
 804              		.loc 1 234 1 view .LVU164
 805 0048 BDE8F081 		pop	{r4, r5, r6, r7, r8, pc}
 806              		.loc 1 234 1 view .LVU165
 807              		.cfi_endproc
 808              	.LFE231:
 810              		.section	.text.GFX_DrawLine,"ax",%progbits
 811              		.align	1
 812              		.global	GFX_DrawLine
 813              		.syntax unified
 814              		.thumb
 815              		.thumb_func
 817              	GFX_DrawLine:
 818              	.LVL71:
 819              	.LFB232:
 235:Core/Src/display/gfx.c **** 
 236:Core/Src/display/gfx.c **** void GFX_DrawLine(uint16_t x0, uint16_t y0, uint16_t x1, uint16_t y1, uint16_t color)
 237:Core/Src/display/gfx.c **** {
 820              		.loc 1 237 1 is_stmt 1 view -0
 821              		.cfi_startproc
 822              		@ args = 4, pretend = 0, frame = 16
 823              		@ frame_needed = 0, uses_anonymous_args = 0
 824              		.loc 1 237 1 is_stmt 0 view .LVU167
 825 0000 2DE9F04F 		push	{r4, r5, r6, r7, r8, r9, r10, fp, lr}
 826              	.LCFI23:
 827              		.cfi_def_cfa_offset 36
 828              		.cfi_offset 4, -36
 829              		.cfi_offset 5, -32
 830              		.cfi_offset 6, -28
 831              		.cfi_offset 7, -24
 832              		.cfi_offset 8, -20
 833              		.cfi_offset 9, -16
 834              		.cfi_offset 10, -12
 835              		.cfi_offset 11, -8
 836              		.cfi_offset 14, -4
 837 0004 85B0     		sub	sp, sp, #20
 838              	.LCFI24:
 839              		.cfi_def_cfa_offset 56
 840 0006 0546     		mov	r5, r0
 841 0008 0E46     		mov	r6, r1
 842 000a 1746     		mov	r7, r2
 843 000c 0393     		str	r3, [sp, #12]
 844 000e BDF838A0 		ldrh	r10, [sp, #56]
 238:Core/Src/display/gfx.c ****     /* Bresenham's line algorithm.
 239:Core/Src/display/gfx.c ****      * This is the standard algorithm for rasterising a line on a pixel display
 240:Core/Src/display/gfx.c ****      * because it uses only integer additions and subtractions (no floating point). */
 241:Core/Src/display/gfx.c ****     int16_t dx =  (int16_t)(x1 > x0 ? x1 - x0 : x0 - x1);
 845              		.loc 1 241 5 is_stmt 1 view .LVU168
 846              		.loc 1 241 19 is_stmt 0 view .LVU169
 847 0012 8242     		cmp	r2, r0
 848 0014 37D9     		bls	.L49
ARM GAS  /tmp/ccVvOGnb.s 			page 21


 849              		.loc 1 241 42 discriminator 1 view .LVU170
 850 0016 A2EB0009 		sub	r9, r2, r0
 851              		.loc 1 241 13 discriminator 1 view .LVU171
 852 001a 0FFA89F9 		sxth	r9, r9
 853              	.LVL72:
 854              	.L50:
 242:Core/Src/display/gfx.c ****     int16_t dy = -(int16_t)(y1 > y0 ? y1 - y0 : y0 - y1);
 855              		.loc 1 242 5 is_stmt 1 view .LVU172
 856              		.loc 1 242 13 is_stmt 0 view .LVU173
 857 001e 039B     		ldr	r3, [sp, #12]
 858              	.LVL73:
 859              		.loc 1 242 13 view .LVU174
 860 0020 B342     		cmp	r3, r6
 861 0022 35D9     		bls	.L51
 862              		.loc 1 242 13 discriminator 1 view .LVU175
 863 0024 A6EB0308 		sub	r8, r6, r3
 864 0028 0FFA88F8 		sxth	r8, r8
 865              	.LVL74:
 866              	.L52:
 243:Core/Src/display/gfx.c ****     int16_t sx = (x0 < x1) ? 1 : -1;
 867              		.loc 1 243 5 is_stmt 1 view .LVU176
 868              		.loc 1 243 13 is_stmt 0 view .LVU177
 869 002c AF42     		cmp	r7, r5
 870 002e 35D9     		bls	.L60
 871              		.loc 1 243 13 discriminator 1 view .LVU178
 872 0030 0123     		movs	r3, #1
 873 0032 0193     		str	r3, [sp, #4]
 874              	.L53:
 875              	.LVL75:
 244:Core/Src/display/gfx.c ****     int16_t sy = (y0 < y1) ? 1 : -1;
 876              		.loc 1 244 5 is_stmt 1 view .LVU179
 877              		.loc 1 244 13 is_stmt 0 view .LVU180
 878 0034 039B     		ldr	r3, [sp, #12]
 879 0036 B342     		cmp	r3, r6
 880 0038 34D9     		bls	.L61
 881              		.loc 1 244 13 discriminator 1 view .LVU181
 882 003a 0123     		movs	r3, #1
 883 003c 0293     		str	r3, [sp, #8]
 884              	.L54:
 885              	.LVL76:
 245:Core/Src/display/gfx.c ****     int16_t err = dx + dy;
 886              		.loc 1 245 5 is_stmt 1 view .LVU182
 887              		.loc 1 245 22 is_stmt 0 view .LVU183
 888 003e 1FFA89FB 		uxth	fp, r9
 889 0042 1FFA88F3 		uxth	r3, r8
 890 0046 0093     		str	r3, [sp]
 891 0048 0BEB0304 		add	r4, fp, r3
 892              		.loc 1 245 13 view .LVU184
 893 004c 24B2     		sxth	r4, r4
 894              	.LVL77:
 895              	.L55:
 246:Core/Src/display/gfx.c **** 
 247:Core/Src/display/gfx.c ****     while (1)
 896              		.loc 1 247 5 is_stmt 1 view .LVU185
 897              	.LBB19:
 248:Core/Src/display/gfx.c ****     {
 249:Core/Src/display/gfx.c ****         ILI9341_DrawPixel(x0, y0, color);
ARM GAS  /tmp/ccVvOGnb.s 			page 22


 898              		.loc 1 249 9 view .LVU186
 899 004e 5246     		mov	r2, r10
 900 0050 3146     		mov	r1, r6
 901 0052 2846     		mov	r0, r5
 902 0054 FFF7FEFF 		bl	ILI9341_DrawPixel
 903              	.LVL78:
 250:Core/Src/display/gfx.c ****         if (x0 == x1 && y0 == y1) break;
 904              		.loc 1 250 9 view .LVU187
 905              		.loc 1 250 12 is_stmt 0 view .LVU188
 906 0058 BD42     		cmp	r5, r7
 907 005a 27D0     		beq	.L63
 908              	.L56:
 251:Core/Src/display/gfx.c ****         int16_t e2 = 2 * err;
 909              		.loc 1 251 9 is_stmt 1 view .LVU189
 910              		.loc 1 251 24 is_stmt 0 view .LVU190
 911 005c A2B2     		uxth	r2, r4
 912 005e 5300     		lsls	r3, r2, #1
 913              		.loc 1 251 17 view .LVU191
 914 0060 1BB2     		sxth	r3, r3
 915              	.LVL79:
 252:Core/Src/display/gfx.c ****         if (e2 >= dy) { err += dy; x0 = (uint16_t)((int16_t)x0 + sx); }
 916              		.loc 1 252 9 is_stmt 1 view .LVU192
 917              		.loc 1 252 12 is_stmt 0 view .LVU193
 918 0062 9845     		cmp	r8, r3
 919 0064 06DC     		bgt	.L58
 920              		.loc 1 252 25 is_stmt 1 discriminator 1 view .LVU194
 921              		.loc 1 252 29 is_stmt 0 discriminator 1 view .LVU195
 922 0066 0099     		ldr	r1, [sp]
 923 0068 0A44     		add	r2, r2, r1
 924 006a 14B2     		sxth	r4, r2
 925              	.LVL80:
 926              		.loc 1 252 36 is_stmt 1 discriminator 1 view .LVU196
 927              		.loc 1 252 39 is_stmt 0 discriminator 1 view .LVU197
 928 006c 019A     		ldr	r2, [sp, #4]
 929 006e 15FA82F5 		uxtah	r5, r5, r2
 930              	.LVL81:
 931              		.loc 1 252 39 discriminator 1 view .LVU198
 932 0072 ADB2     		uxth	r5, r5
 933              	.L58:
 934              	.LVL82:
 253:Core/Src/display/gfx.c ****         if (e2 <= dx) { err += dx; y0 = (uint16_t)((int16_t)y0 + sy); }
 935              		.loc 1 253 9 is_stmt 1 view .LVU199
 936              		.loc 1 253 12 is_stmt 0 view .LVU200
 937 0074 9945     		cmp	r9, r3
 938 0076 EADB     		blt	.L55
 939              		.loc 1 253 25 is_stmt 1 discriminator 1 view .LVU201
 940              		.loc 1 253 29 is_stmt 0 discriminator 1 view .LVU202
 941 0078 5C44     		add	r4, r4, fp
 942              	.LVL83:
 943              		.loc 1 253 29 discriminator 1 view .LVU203
 944 007a 24B2     		sxth	r4, r4
 945              	.LVL84:
 946              		.loc 1 253 36 is_stmt 1 discriminator 1 view .LVU204
 947              		.loc 1 253 39 is_stmt 0 discriminator 1 view .LVU205
 948 007c 029B     		ldr	r3, [sp, #8]
 949              	.LVL85:
 950              		.loc 1 253 39 discriminator 1 view .LVU206
ARM GAS  /tmp/ccVvOGnb.s 			page 23


 951 007e 16FA83F6 		uxtah	r6, r6, r3
 952              	.LVL86:
 953              		.loc 1 253 39 discriminator 1 view .LVU207
 954 0082 B6B2     		uxth	r6, r6
 955              	.LVL87:
 956              		.loc 1 253 39 discriminator 1 view .LVU208
 957 0084 E3E7     		b	.L55
 958              	.LVL88:
 959              	.L49:
 960              		.loc 1 253 39 discriminator 1 view .LVU209
 961              	.LBE19:
 241:Core/Src/display/gfx.c ****     int16_t dy = -(int16_t)(y1 > y0 ? y1 - y0 : y0 - y1);
 962              		.loc 1 241 52 discriminator 2 view .LVU210
 963 0086 A0EB0209 		sub	r9, r0, r2
 241:Core/Src/display/gfx.c ****     int16_t dy = -(int16_t)(y1 > y0 ? y1 - y0 : y0 - y1);
 964              		.loc 1 241 13 discriminator 2 view .LVU211
 965 008a 0FFA89F9 		sxth	r9, r9
 966 008e C6E7     		b	.L50
 967              	.LVL89:
 968              	.L51:
 242:Core/Src/display/gfx.c ****     int16_t sx = (x0 < x1) ? 1 : -1;
 969              		.loc 1 242 13 discriminator 2 view .LVU212
 970 0090 039B     		ldr	r3, [sp, #12]
 971 0092 A3EB0608 		sub	r8, r3, r6
 972 0096 0FFA88F8 		sxth	r8, r8
 973 009a C7E7     		b	.L52
 974              	.LVL90:
 975              	.L60:
 243:Core/Src/display/gfx.c ****     int16_t sy = (y0 < y1) ? 1 : -1;
 976              		.loc 1 243 13 discriminator 2 view .LVU213
 977 009c 4FF0FF33 		mov	r3, #-1
 978 00a0 0193     		str	r3, [sp, #4]
 979 00a2 C7E7     		b	.L53
 980              	.LVL91:
 981              	.L61:
 244:Core/Src/display/gfx.c ****     int16_t err = dx + dy;
 982              		.loc 1 244 13 discriminator 2 view .LVU214
 983 00a4 4FF0FF33 		mov	r3, #-1
 984 00a8 0293     		str	r3, [sp, #8]
 985 00aa C8E7     		b	.L54
 986              	.LVL92:
 987              	.L63:
 988              	.LBB20:
 250:Core/Src/display/gfx.c ****         int16_t e2 = 2 * err;
 989              		.loc 1 250 22 discriminator 1 view .LVU215
 990 00ac 039B     		ldr	r3, [sp, #12]
 991 00ae 9E42     		cmp	r6, r3
 992 00b0 D4D1     		bne	.L56
 993              	.LBE20:
 254:Core/Src/display/gfx.c ****     }
 255:Core/Src/display/gfx.c **** }
 994              		.loc 1 255 1 view .LVU216
 995 00b2 05B0     		add	sp, sp, #20
 996              	.LCFI25:
 997              		.cfi_def_cfa_offset 36
 998              		@ sp needed
 999 00b4 BDE8F08F 		pop	{r4, r5, r6, r7, r8, r9, r10, fp, pc}
ARM GAS  /tmp/ccVvOGnb.s 			page 24


 1000              		.loc 1 255 1 view .LVU217
 1001              		.cfi_endproc
 1002              	.LFE232:
 1004              		.section	.text.GFX_DrawRoundRect,"ax",%progbits
 1005              		.align	1
 1006              		.global	GFX_DrawRoundRect
 1007              		.syntax unified
 1008              		.thumb
 1009              		.thumb_func
 1011              	GFX_DrawRoundRect:
 1012              	.LVL93:
 1013              	.LFB233:
 256:Core/Src/display/gfx.c **** 
 257:Core/Src/display/gfx.c **** void GFX_DrawRoundRect(uint16_t x, uint16_t y, uint16_t w, uint16_t h,
 258:Core/Src/display/gfx.c ****                        uint16_t r, uint16_t color)
 259:Core/Src/display/gfx.c **** {
 1014              		.loc 1 259 1 is_stmt 1 view -0
 1015              		.cfi_startproc
 1016              		@ args = 8, pretend = 0, frame = 8
 1017              		@ frame_needed = 0, uses_anonymous_args = 0
 1018              		.loc 1 259 1 is_stmt 0 view .LVU219
 1019 0000 2DE9F04F 		push	{r4, r5, r6, r7, r8, r9, r10, fp, lr}
 1020              	.LCFI26:
 1021              		.cfi_def_cfa_offset 36
 1022              		.cfi_offset 4, -36
 1023              		.cfi_offset 5, -32
 1024              		.cfi_offset 6, -28
 1025              		.cfi_offset 7, -24
 1026              		.cfi_offset 8, -20
 1027              		.cfi_offset 9, -16
 1028              		.cfi_offset 10, -12
 1029              		.cfi_offset 11, -8
 1030              		.cfi_offset 14, -4
 1031 0004 83B0     		sub	sp, sp, #12
 1032              	.LCFI27:
 1033              		.cfi_def_cfa_offset 48
 1034 0006 0446     		mov	r4, r0
 1035 0008 8946     		mov	r9, r1
 1036 000a 1D46     		mov	r5, r3
 1037 000c BDF83060 		ldrh	r6, [sp, #48]
 1038 0010 BDF83470 		ldrh	r7, [sp, #52]
 260:Core/Src/display/gfx.c ****     /* Straight sides */
 261:Core/Src/display/gfx.c ****     GFX_DrawHLine(x + r,     y,         w - 2*r, color); /* top    */
 1039              		.loc 1 261 5 is_stmt 1 view .LVU220
 1040 0014 00EB060A 		add	r10, r0, r6
 1041 0018 1FFA8AFA 		uxth	r10, r10
 1042 001c 4FEA4608 		lsl	r8, r6, #1
 1043 0020 1FFA88F8 		uxth	r8, r8
 1044 0024 0192     		str	r2, [sp, #4]
 1045 0026 A2EB080B 		sub	fp, r2, r8
 1046 002a 1FFA8BFB 		uxth	fp, fp
 1047 002e 3B46     		mov	r3, r7
 1048              	.LVL94:
 1049              		.loc 1 261 5 is_stmt 0 view .LVU221
 1050 0030 5A46     		mov	r2, fp
 1051              	.LVL95:
 1052              		.loc 1 261 5 view .LVU222
ARM GAS  /tmp/ccVvOGnb.s 			page 25


 1053 0032 5046     		mov	r0, r10
 1054              	.LVL96:
 1055              		.loc 1 261 5 view .LVU223
 1056 0034 FFF7FEFF 		bl	GFX_DrawHLine
 1057              	.LVL97:
 262:Core/Src/display/gfx.c ****     GFX_DrawHLine(x + r,     y + h - 1, w - 2*r, color); /* bottom */
 1058              		.loc 1 262 5 is_stmt 1 view .LVU224
 1059              		.loc 1 262 32 is_stmt 0 view .LVU225
 1060 0038 09EB0501 		add	r1, r9, r5
 1061 003c 89B2     		uxth	r1, r1
 1062              		.loc 1 262 5 view .LVU226
 1063 003e 0139     		subs	r1, r1, #1
 1064 0040 3B46     		mov	r3, r7
 1065 0042 5A46     		mov	r2, fp
 1066 0044 89B2     		uxth	r1, r1
 1067 0046 5046     		mov	r0, r10
 1068 0048 FFF7FEFF 		bl	GFX_DrawHLine
 1069              	.LVL98:
 263:Core/Src/display/gfx.c ****     GFX_DrawVLine(x,         y + r,     h - 2*r, color); /* left   */
 1070              		.loc 1 263 5 is_stmt 1 view .LVU227
 1071 004c 4E44     		add	r6, r6, r9
 1072 004e B6B2     		uxth	r6, r6
 1073 0050 A5EB0805 		sub	r5, r5, r8
 1074              	.LVL99:
 1075              		.loc 1 263 5 is_stmt 0 view .LVU228
 1076 0054 ADB2     		uxth	r5, r5
 1077 0056 3B46     		mov	r3, r7
 1078 0058 2A46     		mov	r2, r5
 1079 005a 3146     		mov	r1, r6
 1080 005c 2046     		mov	r0, r4
 1081 005e FFF7FEFF 		bl	GFX_DrawVLine
 1082              	.LVL100:
 264:Core/Src/display/gfx.c ****     GFX_DrawVLine(x + w - 1, y + r,     h - 2*r, color); /* right  */
 1083              		.loc 1 264 5 is_stmt 1 view .LVU229
 1084              		.loc 1 264 21 is_stmt 0 view .LVU230
 1085 0062 019B     		ldr	r3, [sp, #4]
 1086 0064 E018     		adds	r0, r4, r3
 1087 0066 80B2     		uxth	r0, r0
 1088              		.loc 1 264 5 view .LVU231
 1089 0068 0138     		subs	r0, r0, #1
 1090 006a 3B46     		mov	r3, r7
 1091 006c 2A46     		mov	r2, r5
 1092 006e 3146     		mov	r1, r6
 1093 0070 80B2     		uxth	r0, r0
 1094 0072 FFF7FEFF 		bl	GFX_DrawVLine
 1095              	.LVL101:
 265:Core/Src/display/gfx.c ****     /* TODO: add corner arcs once display hardware is available for testing. */
 266:Core/Src/display/gfx.c **** }
 1096              		.loc 1 266 1 view .LVU232
 1097 0076 03B0     		add	sp, sp, #12
 1098              	.LCFI28:
 1099              		.cfi_def_cfa_offset 36
 1100              		@ sp needed
 1101 0078 BDE8F08F 		pop	{r4, r5, r6, r7, r8, r9, r10, fp, pc}
 1102              		.loc 1 266 1 view .LVU233
 1103              		.cfi_endproc
 1104              	.LFE233:
ARM GAS  /tmp/ccVvOGnb.s 			page 26


 1106              		.section	.text.GFX_FillRoundRect,"ax",%progbits
 1107              		.align	1
 1108              		.global	GFX_FillRoundRect
 1109              		.syntax unified
 1110              		.thumb
 1111              		.thumb_func
 1113              	GFX_FillRoundRect:
 1114              	.LVL102:
 1115              	.LFB234:
 267:Core/Src/display/gfx.c **** 
 268:Core/Src/display/gfx.c **** void GFX_FillRoundRect(uint16_t x, uint16_t y, uint16_t w, uint16_t h,
 269:Core/Src/display/gfx.c ****                        uint16_t r, uint16_t color)
 270:Core/Src/display/gfx.c **** {
 1116              		.loc 1 270 1 is_stmt 1 view -0
 1117              		.cfi_startproc
 1118              		@ args = 8, pretend = 0, frame = 0
 1119              		@ frame_needed = 0, uses_anonymous_args = 0
 1120              		.loc 1 270 1 is_stmt 0 view .LVU235
 1121 0000 2DE9F047 		push	{r4, r5, r6, r7, r8, r9, r10, lr}
 1122              	.LCFI29:
 1123              		.cfi_def_cfa_offset 32
 1124              		.cfi_offset 4, -32
 1125              		.cfi_offset 5, -28
 1126              		.cfi_offset 6, -24
 1127              		.cfi_offset 7, -20
 1128              		.cfi_offset 8, -16
 1129              		.cfi_offset 9, -12
 1130              		.cfi_offset 10, -8
 1131              		.cfi_offset 14, -4
 1132 0004 82B0     		sub	sp, sp, #8
 1133              	.LCFI30:
 1134              		.cfi_def_cfa_offset 40
 1135 0006 0546     		mov	r5, r0
 1136 0008 0C46     		mov	r4, r1
 1137 000a 1646     		mov	r6, r2
 1138 000c 9946     		mov	r9, r3
 1139 000e BDF82870 		ldrh	r7, [sp, #40]
 1140 0012 BDF82C80 		ldrh	r8, [sp, #44]
 271:Core/Src/display/gfx.c ****     /* Central body + top and bottom strips */
 272:Core/Src/display/gfx.c ****     ILI9341_FillRect(x,     y + r,     w,       h - 2*r, color);
 1141              		.loc 1 272 5 is_stmt 1 view .LVU236
 1142 0016 4FEA470A 		lsl	r10, r7, #1
 1143 001a 1FFA8AFA 		uxth	r10, r10
 1144 001e A3EB0A03 		sub	r3, r3, r10
 1145              	.LVL103:
 1146              		.loc 1 272 5 is_stmt 0 view .LVU237
 1147 0022 3944     		add	r1, r1, r7
 1148              	.LVL104:
 1149              		.loc 1 272 5 view .LVU238
 1150 0024 CDF80080 		str	r8, [sp]
 1151 0028 9BB2     		uxth	r3, r3
 1152 002a 89B2     		uxth	r1, r1
 1153 002c FFF7FEFF 		bl	ILI9341_FillRect
 1154              	.LVL105:
 273:Core/Src/display/gfx.c ****     ILI9341_FillRect(x + r, y,         w - 2*r, r,       color);
 1155              		.loc 1 273 5 is_stmt 1 view .LVU239
 1156 0030 3D44     		add	r5, r5, r7
ARM GAS  /tmp/ccVvOGnb.s 			page 27


 1157              	.LVL106:
 1158              		.loc 1 273 5 is_stmt 0 view .LVU240
 1159 0032 ADB2     		uxth	r5, r5
 1160 0034 A6EB0A06 		sub	r6, r6, r10
 1161              	.LVL107:
 1162              		.loc 1 273 5 view .LVU241
 1163 0038 B6B2     		uxth	r6, r6
 1164 003a CDF80080 		str	r8, [sp]
 1165 003e 3B46     		mov	r3, r7
 1166 0040 3246     		mov	r2, r6
 1167 0042 2146     		mov	r1, r4
 1168 0044 2846     		mov	r0, r5
 1169 0046 FFF7FEFF 		bl	ILI9341_FillRect
 1170              	.LVL108:
 274:Core/Src/display/gfx.c ****     ILI9341_FillRect(x + r, y + h - r, w - 2*r, r,       color);
 1171              		.loc 1 274 5 is_stmt 1 view .LVU242
 1172              		.loc 1 274 31 is_stmt 0 view .LVU243
 1173 004a 04EB0901 		add	r1, r4, r9
 1174 004e 89B2     		uxth	r1, r1
 1175              		.loc 1 274 5 view .LVU244
 1176 0050 C91B     		subs	r1, r1, r7
 1177 0052 CDF80080 		str	r8, [sp]
 1178 0056 3B46     		mov	r3, r7
 1179 0058 3246     		mov	r2, r6
 1180 005a 89B2     		uxth	r1, r1
 1181 005c 2846     		mov	r0, r5
 1182 005e FFF7FEFF 		bl	ILI9341_FillRect
 1183              	.LVL109:
 275:Core/Src/display/gfx.c ****     /* TODO: fill corner arcs */
 276:Core/Src/display/gfx.c **** }
 1184              		.loc 1 276 1 view .LVU245
 1185 0062 02B0     		add	sp, sp, #8
 1186              	.LCFI31:
 1187              		.cfi_def_cfa_offset 32
 1188              		@ sp needed
 1189 0064 BDE8F087 		pop	{r4, r5, r6, r7, r8, r9, r10, pc}
 1190              		.loc 1 276 1 view .LVU246
 1191              		.cfi_endproc
 1192              	.LFE234:
 1194              		.section	.text.GFX_DrawCircle,"ax",%progbits
 1195              		.align	1
 1196              		.global	GFX_DrawCircle
 1197              		.syntax unified
 1198              		.thumb
 1199              		.thumb_func
 1201              	GFX_DrawCircle:
 1202              	.LVL110:
 1203              	.LFB235:
 277:Core/Src/display/gfx.c **** 
 278:Core/Src/display/gfx.c **** void GFX_DrawCircle(uint16_t cx, uint16_t cy, uint16_t r, uint16_t color)
 279:Core/Src/display/gfx.c **** {
 1204              		.loc 1 279 1 is_stmt 1 view -0
 1205              		.cfi_startproc
 1206              		@ args = 0, pretend = 0, frame = 16
 1207              		@ frame_needed = 0, uses_anonymous_args = 0
 1208              		.loc 1 279 1 is_stmt 0 view .LVU248
 1209 0000 2DE9F04F 		push	{r4, r5, r6, r7, r8, r9, r10, fp, lr}
ARM GAS  /tmp/ccVvOGnb.s 			page 28


 1210              	.LCFI32:
 1211              		.cfi_def_cfa_offset 36
 1212              		.cfi_offset 4, -36
 1213              		.cfi_offset 5, -32
 1214              		.cfi_offset 6, -28
 1215              		.cfi_offset 7, -24
 1216              		.cfi_offset 8, -20
 1217              		.cfi_offset 9, -16
 1218              		.cfi_offset 10, -12
 1219              		.cfi_offset 11, -8
 1220              		.cfi_offset 14, -4
 1221 0004 85B0     		sub	sp, sp, #20
 1222              	.LCFI33:
 1223              		.cfi_def_cfa_offset 56
 1224 0006 8346     		mov	fp, r0
 1225 0008 8A46     		mov	r10, r1
 1226 000a 1D46     		mov	r5, r3
 280:Core/Src/display/gfx.c ****     /* Midpoint circle algorithm (Bresenham for circles).
 281:Core/Src/display/gfx.c ****      * Thanks to 8-fold symmetry, we compute only 1/8 of the circle and
 282:Core/Src/display/gfx.c ****      * mirror it onto the other 7 octants. */
 283:Core/Src/display/gfx.c ****     int16_t x = 0, y = (int16_t)r, d = (int16_t)(3 - 2*r);
 1227              		.loc 1 283 5 is_stmt 1 view .LVU249
 1228              	.LVL111:
 1229              		.loc 1 283 20 is_stmt 0 view .LVU250
 1230 000c 13B2     		sxth	r3, r2
 1231              	.LVL112:
 1232              		.loc 1 283 20 view .LVU251
 1233 000e 0293     		str	r3, [sp, #8]
 1234              	.LVL113:
 1235              		.loc 1 283 52 view .LVU252
 1236 0010 5200     		lsls	r2, r2, #1
 1237              	.LVL114:
 1238              		.loc 1 283 52 view .LVU253
 1239 0012 C2F10302 		rsb	r2, r2, #3
 1240              		.loc 1 283 36 view .LVU254
 1241 0016 13B2     		sxth	r3, r2
 1242              	.LVL115:
 1243              		.loc 1 283 36 view .LVU255
 1244 0018 0393     		str	r3, [sp, #12]
 1245              	.LVL116:
 284:Core/Src/display/gfx.c **** 
 285:Core/Src/display/gfx.c ****     while (x <= y)
 1246              		.loc 1 285 5 is_stmt 1 view .LVU256
 283:Core/Src/display/gfx.c **** 
 1247              		.loc 1 283 13 is_stmt 0 view .LVU257
 1248 001a 0023     		movs	r3, #0
 1249 001c 0193     		str	r3, [sp, #4]
 1250              		.loc 1 285 11 view .LVU258
 1251 001e 08E0     		b	.L69
 1252              	.LVL117:
 1253              	.L75:
 286:Core/Src/display/gfx.c ****     {
 287:Core/Src/display/gfx.c ****         /* 8-fold symmetry: plot all octants */
 288:Core/Src/display/gfx.c ****         ILI9341_DrawPixel(cx + (uint16_t)x, cy + (uint16_t)y, color);
 289:Core/Src/display/gfx.c ****         ILI9341_DrawPixel(cx - (uint16_t)x, cy + (uint16_t)y, color);
 290:Core/Src/display/gfx.c ****         ILI9341_DrawPixel(cx + (uint16_t)x, cy - (uint16_t)y, color);
 291:Core/Src/display/gfx.c ****         ILI9341_DrawPixel(cx - (uint16_t)x, cy - (uint16_t)y, color);
ARM GAS  /tmp/ccVvOGnb.s 			page 29


 292:Core/Src/display/gfx.c ****         ILI9341_DrawPixel(cx + (uint16_t)y, cy + (uint16_t)x, color);
 293:Core/Src/display/gfx.c ****         ILI9341_DrawPixel(cx - (uint16_t)y, cy + (uint16_t)x, color);
 294:Core/Src/display/gfx.c ****         ILI9341_DrawPixel(cx + (uint16_t)y, cy - (uint16_t)x, color);
 295:Core/Src/display/gfx.c ****         ILI9341_DrawPixel(cx - (uint16_t)y, cy - (uint16_t)x, color);
 296:Core/Src/display/gfx.c ****         if (d < 0) { d += 4*x + 6; }
 1254              		.loc 1 296 22 is_stmt 1 discriminator 1 view .LVU259
 1255              		.loc 1 296 28 is_stmt 0 discriminator 1 view .LVU260
 1256 0020 A300     		lsls	r3, r4, #2
 1257 0022 9BB2     		uxth	r3, r3
 1258              		.loc 1 296 24 discriminator 1 view .LVU261
 1259 0024 1344     		add	r3, r3, r2
 1260 0026 0633     		adds	r3, r3, #6
 1261 0028 1BB2     		sxth	r3, r3
 1262 002a 0393     		str	r3, [sp, #12]
 1263              	.LVL118:
 1264              	.L71:
 297:Core/Src/display/gfx.c ****         else       { d += 4*(x - y) + 10; y--; }
 298:Core/Src/display/gfx.c ****         x++;
 1265              		.loc 1 298 9 is_stmt 1 view .LVU262
 1266              		.loc 1 298 10 is_stmt 0 view .LVU263
 1267 002c 0134     		adds	r4, r4, #1
 1268 002e 23B2     		sxth	r3, r4
 1269 0030 0193     		str	r3, [sp, #4]
 1270              	.LVL119:
 1271              	.L69:
 285:Core/Src/display/gfx.c ****     {
 1272              		.loc 1 285 14 is_stmt 1 discriminator 1 view .LVU264
 1273 0032 019B     		ldr	r3, [sp, #4]
 1274 0034 029A     		ldr	r2, [sp, #8]
 1275 0036 9342     		cmp	r3, r2
 1276 0038 59DC     		bgt	.L74
 288:Core/Src/display/gfx.c ****         ILI9341_DrawPixel(cx - (uint16_t)x, cy + (uint16_t)y, color);
 1277              		.loc 1 288 9 view .LVU265
 288:Core/Src/display/gfx.c ****         ILI9341_DrawPixel(cx - (uint16_t)x, cy + (uint16_t)y, color);
 1278              		.loc 1 288 32 is_stmt 0 view .LVU266
 1279 003a BDF80440 		ldrh	r4, [sp, #4]
 288:Core/Src/display/gfx.c ****         ILI9341_DrawPixel(cx - (uint16_t)x, cy + (uint16_t)y, color);
 1280              		.loc 1 288 9 view .LVU267
 1281 003e 04EB0B09 		add	r9, r4, fp
 1282 0042 1FFA89F9 		uxth	r9, r9
 288:Core/Src/display/gfx.c ****         ILI9341_DrawPixel(cx - (uint16_t)x, cy + (uint16_t)y, color);
 1283              		.loc 1 288 50 view .LVU268
 1284 0046 BDF80860 		ldrh	r6, [sp, #8]
 288:Core/Src/display/gfx.c ****         ILI9341_DrawPixel(cx - (uint16_t)x, cy + (uint16_t)y, color);
 1285              		.loc 1 288 9 view .LVU269
 1286 004a 06EB0A08 		add	r8, r6, r10
 1287 004e 1FFA88F8 		uxth	r8, r8
 1288 0052 2A46     		mov	r2, r5
 1289 0054 4146     		mov	r1, r8
 1290 0056 4846     		mov	r0, r9
 1291 0058 FFF7FEFF 		bl	ILI9341_DrawPixel
 1292              	.LVL120:
 289:Core/Src/display/gfx.c ****         ILI9341_DrawPixel(cx + (uint16_t)x, cy - (uint16_t)y, color);
 1293              		.loc 1 289 9 is_stmt 1 view .LVU270
 1294 005c ABEB0407 		sub	r7, fp, r4
 1295 0060 BFB2     		uxth	r7, r7
 1296 0062 2A46     		mov	r2, r5
ARM GAS  /tmp/ccVvOGnb.s 			page 30


 1297 0064 4146     		mov	r1, r8
 1298 0066 3846     		mov	r0, r7
 1299 0068 FFF7FEFF 		bl	ILI9341_DrawPixel
 1300              	.LVL121:
 290:Core/Src/display/gfx.c ****         ILI9341_DrawPixel(cx - (uint16_t)x, cy - (uint16_t)y, color);
 1301              		.loc 1 290 9 view .LVU271
 1302 006c AAEB0608 		sub	r8, r10, r6
 1303 0070 1FFA88F8 		uxth	r8, r8
 1304 0074 2A46     		mov	r2, r5
 1305 0076 4146     		mov	r1, r8
 1306 0078 4846     		mov	r0, r9
 1307 007a FFF7FEFF 		bl	ILI9341_DrawPixel
 1308              	.LVL122:
 291:Core/Src/display/gfx.c ****         ILI9341_DrawPixel(cx + (uint16_t)y, cy + (uint16_t)x, color);
 1309              		.loc 1 291 9 view .LVU272
 1310 007e 2A46     		mov	r2, r5
 1311 0080 4146     		mov	r1, r8
 1312 0082 3846     		mov	r0, r7
 1313 0084 FFF7FEFF 		bl	ILI9341_DrawPixel
 1314              	.LVL123:
 292:Core/Src/display/gfx.c ****         ILI9341_DrawPixel(cx - (uint16_t)y, cy + (uint16_t)x, color);
 1315              		.loc 1 292 9 view .LVU273
 1316 0088 06EB0B09 		add	r9, r6, fp
 1317 008c 1FFA89F9 		uxth	r9, r9
 1318 0090 04EB0A08 		add	r8, r4, r10
 1319 0094 1FFA88F8 		uxth	r8, r8
 1320 0098 2A46     		mov	r2, r5
 1321 009a 4146     		mov	r1, r8
 1322 009c 4846     		mov	r0, r9
 1323 009e FFF7FEFF 		bl	ILI9341_DrawPixel
 1324              	.LVL124:
 293:Core/Src/display/gfx.c ****         ILI9341_DrawPixel(cx + (uint16_t)y, cy - (uint16_t)x, color);
 1325              		.loc 1 293 9 view .LVU274
 1326 00a2 ABEB0607 		sub	r7, fp, r6
 1327 00a6 BFB2     		uxth	r7, r7
 1328 00a8 2A46     		mov	r2, r5
 1329 00aa 4146     		mov	r1, r8
 1330 00ac 3846     		mov	r0, r7
 1331 00ae FFF7FEFF 		bl	ILI9341_DrawPixel
 1332              	.LVL125:
 294:Core/Src/display/gfx.c ****         ILI9341_DrawPixel(cx - (uint16_t)y, cy - (uint16_t)x, color);
 1333              		.loc 1 294 9 view .LVU275
 1334 00b2 AAEB0408 		sub	r8, r10, r4
 1335 00b6 1FFA88F8 		uxth	r8, r8
 1336 00ba 2A46     		mov	r2, r5
 1337 00bc 4146     		mov	r1, r8
 1338 00be 4846     		mov	r0, r9
 1339 00c0 FFF7FEFF 		bl	ILI9341_DrawPixel
 1340              	.LVL126:
 295:Core/Src/display/gfx.c ****         if (d < 0) { d += 4*x + 6; }
 1341              		.loc 1 295 9 view .LVU276
 1342 00c4 2A46     		mov	r2, r5
 1343 00c6 4146     		mov	r1, r8
 1344 00c8 3846     		mov	r0, r7
 1345 00ca FFF7FEFF 		bl	ILI9341_DrawPixel
 1346              	.LVL127:
 296:Core/Src/display/gfx.c ****         else       { d += 4*(x - y) + 10; y--; }
ARM GAS  /tmp/ccVvOGnb.s 			page 31


 1347              		.loc 1 296 9 view .LVU277
 296:Core/Src/display/gfx.c ****         else       { d += 4*(x - y) + 10; y--; }
 1348              		.loc 1 296 12 is_stmt 0 view .LVU278
 1349 00ce 039A     		ldr	r2, [sp, #12]
 1350 00d0 002A     		cmp	r2, #0
 1351 00d2 A5DB     		blt	.L75
 297:Core/Src/display/gfx.c ****         x++;
 1352              		.loc 1 297 22 is_stmt 1 view .LVU279
 297:Core/Src/display/gfx.c ****         x++;
 1353              		.loc 1 297 32 is_stmt 0 view .LVU280
 1354 00d4 019B     		ldr	r3, [sp, #4]
 1355 00d6 029A     		ldr	r2, [sp, #8]
 1356 00d8 9B1A     		subs	r3, r3, r2
 297:Core/Src/display/gfx.c ****         x++;
 1357              		.loc 1 297 24 view .LVU281
 1358 00da 039A     		ldr	r2, [sp, #12]
 1359 00dc 02EB8303 		add	r3, r2, r3, lsl #2
 1360 00e0 0A33     		adds	r3, r3, #10
 1361 00e2 1BB2     		sxth	r3, r3
 1362 00e4 0393     		str	r3, [sp, #12]
 1363              	.LVL128:
 297:Core/Src/display/gfx.c ****         x++;
 1364              		.loc 1 297 43 is_stmt 1 view .LVU282
 297:Core/Src/display/gfx.c ****         x++;
 1365              		.loc 1 297 44 is_stmt 0 view .LVU283
 1366 00e6 013E     		subs	r6, r6, #1
 1367 00e8 33B2     		sxth	r3, r6
 1368 00ea 0293     		str	r3, [sp, #8]
 1369              	.LVL129:
 297:Core/Src/display/gfx.c ****         x++;
 1370              		.loc 1 297 44 view .LVU284
 1371 00ec 9EE7     		b	.L71
 1372              	.LVL130:
 1373              	.L74:
 299:Core/Src/display/gfx.c ****     }
 300:Core/Src/display/gfx.c **** }
 1374              		.loc 1 300 1 view .LVU285
 1375 00ee 05B0     		add	sp, sp, #20
 1376              	.LCFI34:
 1377              		.cfi_def_cfa_offset 36
 1378              		@ sp needed
 1379 00f0 BDE8F08F 		pop	{r4, r5, r6, r7, r8, r9, r10, fp, pc}
 1380              		.loc 1 300 1 view .LVU286
 1381              		.cfi_endproc
 1382              	.LFE235:
 1384              		.global	GFX_FontLarge
 1385              		.section	.rodata.GFX_FontLarge,"a"
 1386              		.align	2
 1389              	GFX_FontLarge:
 1390 0000 00000000 		.word	_font_small_data
 1391 0004 06       		.byte	6
 1392 0005 08       		.byte	8
 1393 0006 0000     		.space	2
 1394              		.global	GFX_FontMedium
 1395              		.section	.rodata.GFX_FontMedium,"a"
 1396              		.align	2
 1399              	GFX_FontMedium:
ARM GAS  /tmp/ccVvOGnb.s 			page 32


 1400 0000 00000000 		.word	_font_small_data
 1401 0004 06       		.byte	6
 1402 0005 08       		.byte	8
 1403 0006 0000     		.space	2
 1404              		.global	GFX_FontSmall
 1405              		.section	.rodata.GFX_FontSmall,"a"
 1406              		.align	2
 1409              	GFX_FontSmall:
 1410 0000 00000000 		.word	_font_small_data
 1411 0004 06       		.byte	6
 1412 0005 08       		.byte	8
 1413 0006 0000     		.space	2
 1414              		.section	.rodata._font_small_data,"a"
 1415              		.align	2
 1418              	_font_small_data:
 1419 0000 00000000 		.ascii	"\000\000\000\000\000\000\000\000\000\000_\000\000\000"
 1419      00000000 
 1419      00005F00 
 1419      0000
 1420 000e 00000007 		.ascii	"\000\000\000\007\000\007\000\000\000\000\024\177\024"
 1420      00070000 
 1420      0000147F 
 1420      14
 1421 001b 7F140000 		.ascii	"\177\024\000\000\000$*\177*\022\000\000\000#\023\010"
 1421      00242A7F 
 1421      2A120000 
 1421      00231308 
 1422 002b 64620000 		.ascii	"db\000\000\0006IU\"P\000\000\000\000\005\003\000\000"
 1422      00364955 
 1422      22500000 
 1422      00000503 
 1422      0000
 1423 003d 00000000 		.ascii	"\000\000\000\000\034\"A\000\000\000\000\000A\"\034\000"
 1423      1C224100 
 1423      00000000 
 1423      41221C00 
 1424 004d 0000000A 		.ascii	"\000\000\000\012\004\037\004\012\000\000\000\010\010"
 1424      041F040A 
 1424      00000008 
 1424      08
 1425 005a 3E080800 		.ascii	">\010\010\000\000\000\000P0\000\000\000\000\000\010"
 1425      00000050 
 1425      30000000 
 1425      000008
 1426 0069 08080808 		.ascii	"\010\010\010\010\000\000\000\000``\000\000\000\000\000"
 1426      00000000 
 1426      60600000 
 1426      000000
 1427 0078 20100804 		.ascii	" \020\010\004\002\000\000\000>QIE>\000\000\000\000B"
 1427      02000000 
 1427      3E514945 
 1427      3E000000 
 1427      0042
 1428 008a 7F400000 		.ascii	"\177@\000\000\000\000BaQIF\000\000\000!AEK1\000\000"
 1428      00004261 
 1428      51494600 
 1428      00002141 
ARM GAS  /tmp/ccVvOGnb.s 			page 33


 1428      454B3100 
 1429 009f 00181412 		.ascii	"\000\030\024\022\177\020\000\000\000'EEE9\000\000\000"
 1429      7F100000 
 1429      00274545 
 1429      45390000 
 1429      00
 1430 00b0 3C4A4949 		.ascii	"<JII0\000\000\000\001q\011\005\003\000\000\0006III6"
 1430      30000000 
 1430      01710905 
 1430      03000000 
 1430      36494949 
 1431 00c5 00000006 		.ascii	"\000\000\000\006II)\036\000\000\000\00066\000\000\000"
 1431      4949291E 
 1431      00000000 
 1431      36360000 
 1431      00
 1432 00d6 00000056 		.ascii	"\000\000\000V6\000\000\000\000\000\010\024\"A\000\000"
 1432      36000000 
 1432      00000814 
 1432      22410000 
 1433 00e6 00001414 		.ascii	"\000\000\024\024\024\024\024\000\000\000\000A\"\024"
 1433      14141400 
 1433      00000041 
 1433      2214
 1434 00f4 08000000 		.ascii	"\010\000\000\000\002\001Q\011\006\000\000\0002IyA>\000"
 1434      02015109 
 1434      06000000 
 1434      32497941 
 1434      3E00
 1435 0106 00007E11 		.ascii	"\000\000~\021\021\021~\000\000\000\177III6\000\000\000"
 1435      11117E00 
 1435      00007F49 
 1435      49493600 
 1435      0000
 1436 0118 3E414141 		.ascii	">AAA\"\000\000\000\177AA\"\034\000\000\000\177IIIA\000"
 1436      22000000 
 1436      7F414122 
 1436      1C000000 
 1436      7F494949 
 1437 012e 00007F09 		.ascii	"\000\000\177\011\011\011\001\000\000\000>AIIz\000\000"
 1437      09090100 
 1437      00003E41 
 1437      49497A00 
 1437      00
 1438 013f 007F0808 		.ascii	"\000\177\010\010\010\177\000\000\000\000A\177A\000\000"
 1438      087F0000 
 1438      0000417F 
 1438      410000
 1439 014e 00002040 		.ascii	"\000\000 @A?\001\000\000\000\177\010\024\"A\000\000"
 1439      413F0100 
 1439      00007F08 
 1439      14224100 
 1439      00
 1440 015f 007F4040 		.ascii	"\000\177@@@@\000\000\000\177\002\014\002\177\000\000"
 1440      40400000 
 1440      007F020C 
 1440      027F0000 
ARM GAS  /tmp/ccVvOGnb.s 			page 34


 1441 016f 007F0408 		.ascii	"\000\177\004\010\020\177\000\000\000>AAA>\000\000\000"
 1441      107F0000 
 1441      003E4141 
 1441      413E0000 
 1441      00
 1442 0180 7F090909 		.ascii	"\177\011\011\011\006\000\000\000>AQ!^\000\000\000\177"
 1442      06000000 
 1442      3E415121 
 1442      5E000000 
 1442      7F
 1443 0191 09192946 		.ascii	"\011\031)F\000\000\000FIII1\000\000\000\001\001\177"
 1443      00000046 
 1443      49494931 
 1443      00000001 
 1443      017F
 1444 01a3 01010000 		.ascii	"\001\001\000\000\000?@@@?\000\000\000\037 @ \037\000"
 1444      003F4040 
 1444      403F0000 
 1444      001F2040 
 1444      201F00
 1445 01b6 00003F40 		.ascii	"\000\000?@8@?\000\000\000c\024\010\024c\000\000\000"
 1445      38403F00 
 1445      00006314 
 1445      08146300 
 1445      0000
 1446 01c8 07087008 		.ascii	"\007\010p\010\007\000\000\000aQIEC\000\000\000\000\177"
 1446      07000000 
 1446      61514945 
 1446      43000000 
 1446      007F
 1447 01da 41410000 		.ascii	"AA\000\000\000\000\002\004\010\020 \000\000\000\000"
 1447      00000204 
 1447      08102000 
 1447      000000
 1448 01e9 41417F00 		.ascii	"AA\177\000\000\000\000\004\002\001\002\004\000\000\000"
 1448      00000004 
 1448      02010204 
 1448      000000
 1449 01f8 40404040 		.ascii	"@@@@@\000\000\000\000\001\002\004\000\000\000\000 T"
 1449      40000000 
 1449      00010204 
 1449      00000000 
 1449      2054
 1450 020a 54547800 		.ascii	"TTx\000\000\000\177HDD8\000\000\0008DDD \000\000\000"
 1450      00007F48 
 1450      44443800 
 1450      00003844 
 1450      44442000 
 1451 0220 38444448 		.ascii	"8DDH\177\000\000\0008TTT\030\000\000\000\010~\011\001"
 1451      7F000000 
 1451      38545454 
 1451      18000000 
 1451      087E0901 
 1452 0234 02000000 		.ascii	"\002\000\000\000\014RRR>\000\000\000\177\010\004\004"
 1452      0C525252 
 1452      3E000000 
 1452      7F080404 
ARM GAS  /tmp/ccVvOGnb.s 			page 35


 1453 0244 78000000 		.ascii	"x\000\000\000\000D}@\000\000\000\000 @D=\000\000\000"
 1453      00447D40 
 1453      00000000 
 1453      2040443D 
 1453      000000
 1454 0257 007F1028 		.ascii	"\000\177\020(D\000\000\000\000\000A\177@\000\000\000"
 1454      44000000 
 1454      0000417F 
 1454      40000000 
 1455 0267 007C0418 		.ascii	"\000|\004\030\004x\000\000\000|\010\004\004x\000\000"
 1455      04780000 
 1455      007C0804 
 1455      04780000 
 1456 0277 00384444 		.ascii	"\0008DDD8\000\000\000|\024\024\024\010\000\000\000\010"
 1456      44380000 
 1456      007C1414 
 1456      14080000 
 1456      0008
 1457 0289 1414187C 		.ascii	"\024\024\030|\000\000\000|\010\004\004\010\000\000\000"
 1457      0000007C 
 1457      08040408 
 1457      000000
 1458 0298 48545454 		.ascii	"HTTT \000\000\000\004?D@ \000\000\000<@@ |\000\000\000"
 1458      20000000 
 1458      043F4440 
 1458      20000000 
 1458      3C404020 
 1459 02b0 1C204020 		.ascii	"\034 @ \034\000\000\000<@0@<\000\000\000D(\020(D\000"
 1459      1C000000 
 1459      3C403040 
 1459      3C000000 
 1459      44281028 
 1460 02c6 00000C50 		.ascii	"\000\000\014PPP<\000\000\000DdTLD\000\000\000"
 1460      50503C00 
 1460      00004464 
 1460      544C4400 
 1460      0000
 1461              		.text
 1462              	.Letext0:
 1463              		.file 2 "/usr/arm-none-eabi/include/machine/_default_types.h"
 1464              		.file 3 "/usr/arm-none-eabi/include/sys/_stdint.h"
 1465              		.file 4 "Core/Inc/display/gfx.h"
 1466              		.file 5 "Core/Inc/display/ili9341.h"
 1467              		.file 6 "/usr/arm-none-eabi/include/stdio.h"
ARM GAS  /tmp/ccVvOGnb.s 			page 36


DEFINED SYMBOLS
                            *ABS*:00000000 gfx.c
     /tmp/ccVvOGnb.s:21     .text.draw_char_scaled:00000000 $t
     /tmp/ccVvOGnb.s:26     .text.draw_char_scaled:00000000 draw_char_scaled
     /tmp/ccVvOGnb.s:186    .text.GFX_DrawChar:00000000 $t
     /tmp/ccVvOGnb.s:192    .text.GFX_DrawChar:00000000 GFX_DrawChar
     /tmp/ccVvOGnb.s:340    .text.GFX_DrawStringScaled:00000000 $t
     /tmp/ccVvOGnb.s:346    .text.GFX_DrawStringScaled:00000000 GFX_DrawStringScaled
     /tmp/ccVvOGnb.s:421    .text.GFX_DrawBitmap:00000000 $t
     /tmp/ccVvOGnb.s:427    .text.GFX_DrawBitmap:00000000 GFX_DrawBitmap
     /tmp/ccVvOGnb.s:508    .text.GFX_DrawString:00000000 $t
     /tmp/ccVvOGnb.s:514    .text.GFX_DrawString:00000000 GFX_DrawString
     /tmp/ccVvOGnb.s:584    .rodata.GFX_DrawInt.str1.4:00000000 $d
     /tmp/ccVvOGnb.s:588    .text.GFX_DrawInt:00000000 $t
     /tmp/ccVvOGnb.s:594    .text.GFX_DrawInt:00000000 GFX_DrawInt
     /tmp/ccVvOGnb.s:655    .text.GFX_DrawInt:00000034 $d
     /tmp/ccVvOGnb.s:660    .text.GFX_DrawHLine:00000000 $t
     /tmp/ccVvOGnb.s:666    .text.GFX_DrawHLine:00000000 GFX_DrawHLine
     /tmp/ccVvOGnb.s:698    .text.GFX_DrawVLine:00000000 $t
     /tmp/ccVvOGnb.s:704    .text.GFX_DrawVLine:00000000 GFX_DrawVLine
     /tmp/ccVvOGnb.s:739    .text.GFX_DrawRect:00000000 $t
     /tmp/ccVvOGnb.s:745    .text.GFX_DrawRect:00000000 GFX_DrawRect
     /tmp/ccVvOGnb.s:811    .text.GFX_DrawLine:00000000 $t
     /tmp/ccVvOGnb.s:817    .text.GFX_DrawLine:00000000 GFX_DrawLine
     /tmp/ccVvOGnb.s:1005   .text.GFX_DrawRoundRect:00000000 $t
     /tmp/ccVvOGnb.s:1011   .text.GFX_DrawRoundRect:00000000 GFX_DrawRoundRect
     /tmp/ccVvOGnb.s:1107   .text.GFX_FillRoundRect:00000000 $t
     /tmp/ccVvOGnb.s:1113   .text.GFX_FillRoundRect:00000000 GFX_FillRoundRect
     /tmp/ccVvOGnb.s:1195   .text.GFX_DrawCircle:00000000 $t
     /tmp/ccVvOGnb.s:1201   .text.GFX_DrawCircle:00000000 GFX_DrawCircle
     /tmp/ccVvOGnb.s:1389   .rodata.GFX_FontLarge:00000000 GFX_FontLarge
     /tmp/ccVvOGnb.s:1386   .rodata.GFX_FontLarge:00000000 $d
     /tmp/ccVvOGnb.s:1418   .rodata._font_small_data:00000000 _font_small_data
     /tmp/ccVvOGnb.s:1399   .rodata.GFX_FontMedium:00000000 GFX_FontMedium
     /tmp/ccVvOGnb.s:1396   .rodata.GFX_FontMedium:00000000 $d
     /tmp/ccVvOGnb.s:1409   .rodata.GFX_FontSmall:00000000 GFX_FontSmall
     /tmp/ccVvOGnb.s:1406   .rodata.GFX_FontSmall:00000000 $d
     /tmp/ccVvOGnb.s:1415   .rodata._font_small_data:00000000 $d

UNDEFINED SYMBOLS
ILI9341_FillRect
ILI9341_DrawPixel
snprintf
