ARM GAS  /tmp/ccNsDx3o.s 			page 1


   1              		.cpu cortex-m4
   2              		.arch armv7e-m
   3              		.fpu fpv4-sp-d16
   4              		.eabi_attribute 27, 1
   5              		.eabi_attribute 28, 1
   6              		.eabi_attribute 20, 1
   7              		.eabi_attribute 21, 1
   8              		.eabi_attribute 23, 3
   9              		.eabi_attribute 24, 1
  10              		.eabi_attribute 25, 1
  11              		.eabi_attribute 26, 1
  12              		.eabi_attribute 30, 1
  13              		.eabi_attribute 34, 1
  14              		.eabi_attribute 18, 4
  15              		.file	"ili9341.c"
  16              		.text
  17              	.Ltext0:
  18              		.cfi_sections	.debug_frame
  19              		.file 1 "Core/Src/display/ili9341.c"
  20              		.section	.text.send_data,"ax",%progbits
  21              		.align	1
  22              		.syntax unified
  23              		.thumb
  24              		.thumb_func
  26              	send_data:
  27              	.LVL0:
  28              	.LFB221:
   1:Core/Src/display/ili9341.c **** /**
   2:Core/Src/display/ili9341.c ****  * @file    ili9341.c
   3:Core/Src/display/ili9341.c ****  * @brief   ILI9341 / ST7789 SPI display driver implementation.
   4:Core/Src/display/ili9341.c ****  *
   5:Core/Src/display/ili9341.c ****  * STATUS: init sequence extended for the generic 2" ST7789V modules
   6:Core/Src/display/ili9341.c ****  * (MADCTL + inversion) and backlight control added on BCKL_CTRL/PB8.
   7:Core/Src/display/ili9341.c ****  * To be verified on real hardware at bring-up.
   8:Core/Src/display/ili9341.c ****  *
   9:Core/Src/display/ili9341.c ****  * DISPLAY INIT SEQUENCE (to verify/extend with real hardware):
  10:Core/Src/display/ili9341.c ****  *   1. RST low for 10 ms  --> hardware reset
  11:Core/Src/display/ili9341.c ****  *   2. RST high, wait 120 ms --> post-reset delay
  12:Core/Src/display/ili9341.c ****  *   3. Series of SPI commands to configure:
  13:Core/Src/display/ili9341.c ****  *      - Pixel format (RGB565 = 0x55)
  14:Core/Src/display/ili9341.c ****  *      - Display orientation (MADCTL register)
  15:Core/Src/display/ili9341.c ****  *      - Gamma, timing, etc.
  16:Core/Src/display/ili9341.c ****  *   4. Sleep Out (0x11) + wait 120 ms
  17:Core/Src/display/ili9341.c ****  *   5. Display On (0x29)
  18:Core/Src/display/ili9341.c ****  *
  19:Core/Src/display/ili9341.c ****  * HOW TO SEND A COMMAND:
  20:Core/Src/display/ili9341.c ****  *   CS low -> DC low -> SPI byte -> CS high
  21:Core/Src/display/ili9341.c ****  *
  22:Core/Src/display/ili9341.c ****  * HOW TO SEND DATA (pixels):
  23:Core/Src/display/ili9341.c ****  *   CS low -> DC high -> SPI byte(s) -> CS high
  24:Core/Src/display/ili9341.c ****  */
  25:Core/Src/display/ili9341.c **** 
  26:Core/Src/display/ili9341.c **** #include "display/ili9341.h"
  27:Core/Src/display/ili9341.c **** #include "main.h"   /* DISP_CS_Pin, DISP_DC_Pin, DISP_RST_Pin, GPIOB */
  28:Core/Src/display/ili9341.c **** 
  29:Core/Src/display/ili9341.c **** /* SPI handle pointer saved during Init(). */
  30:Core/Src/display/ili9341.c **** static SPI_HandleTypeDef *_hspi = NULL;
ARM GAS  /tmp/ccNsDx3o.s 			page 2


  31:Core/Src/display/ili9341.c **** 
  32:Core/Src/display/ili9341.c **** /* =========================================================
  33:Core/Src/display/ili9341.c ****  * CONTROL PIN MACROS
  34:Core/Src/display/ili9341.c ****  *
  35:Core/Src/display/ili9341.c ****  * Using macros avoids repeating the HAL_GPIO_WritePin call every time
  36:Core/Src/display/ili9341.c ****  * and makes the code easier to read.
  37:Core/Src/display/ili9341.c ****  * ========================================================= */
  38:Core/Src/display/ili9341.c **** 
  39:Core/Src/display/ili9341.c **** #define DISP_CS_LOW()   HAL_GPIO_WritePin(DISP_CS_GPIO_Port,  DISP_CS_Pin,  GPIO_PIN_RESET)
  40:Core/Src/display/ili9341.c **** #define DISP_CS_HIGH()  HAL_GPIO_WritePin(DISP_CS_GPIO_Port,  DISP_CS_Pin,  GPIO_PIN_SET)
  41:Core/Src/display/ili9341.c **** #define DISP_DC_LOW()   HAL_GPIO_WritePin(DISP_DC_GPIO_Port,  DISP_DC_Pin,  GPIO_PIN_RESET)
  42:Core/Src/display/ili9341.c **** #define DISP_DC_HIGH()  HAL_GPIO_WritePin(DISP_DC_GPIO_Port,  DISP_DC_Pin,  GPIO_PIN_SET)
  43:Core/Src/display/ili9341.c **** #define DISP_RST_LOW()  HAL_GPIO_WritePin(DISP_RST_GPIO_Port, DISP_RST_Pin, GPIO_PIN_RESET)
  44:Core/Src/display/ili9341.c **** #define DISP_RST_HIGH() HAL_GPIO_WritePin(DISP_RST_GPIO_Port, DISP_RST_Pin, GPIO_PIN_SET)
  45:Core/Src/display/ili9341.c **** 
  46:Core/Src/display/ili9341.c **** /* =========================================================
  47:Core/Src/display/ili9341.c ****  * PRIVATE FUNCTIONS
  48:Core/Src/display/ili9341.c ****  * ========================================================= */
  49:Core/Src/display/ili9341.c **** 
  50:Core/Src/display/ili9341.c **** /**
  51:Core/Src/display/ili9341.c ****  * @brief  Send a single byte as a COMMAND (DC low).
  52:Core/Src/display/ili9341.c ****  */
  53:Core/Src/display/ili9341.c **** static void send_cmd(uint8_t cmd)
  54:Core/Src/display/ili9341.c **** {
  55:Core/Src/display/ili9341.c ****     DISP_CS_LOW();
  56:Core/Src/display/ili9341.c ****     DISP_DC_LOW();   /* DC low = command */
  57:Core/Src/display/ili9341.c ****     HAL_SPI_Transmit(_hspi, &cmd, 1, HAL_MAX_DELAY);
  58:Core/Src/display/ili9341.c ****     DISP_CS_HIGH();
  59:Core/Src/display/ili9341.c **** }
  60:Core/Src/display/ili9341.c **** 
  61:Core/Src/display/ili9341.c **** /**
  62:Core/Src/display/ili9341.c ****  * @brief  Send a single byte as DATA (DC high).
  63:Core/Src/display/ili9341.c ****  */
  64:Core/Src/display/ili9341.c **** static void send_data(uint8_t data)
  65:Core/Src/display/ili9341.c **** {
  29              		.loc 1 65 1 view -0
  30              		.cfi_startproc
  31              		@ args = 0, pretend = 0, frame = 8
  32              		@ frame_needed = 0, uses_anonymous_args = 0
  33              		.loc 1 65 1 is_stmt 0 view .LVU1
  34 0000 10B5     		push	{r4, lr}
  35              	.LCFI0:
  36              		.cfi_def_cfa_offset 8
  37              		.cfi_offset 4, -8
  38              		.cfi_offset 14, -4
  39 0002 82B0     		sub	sp, sp, #8
  40              	.LCFI1:
  41              		.cfi_def_cfa_offset 16
  42 0004 8DF80700 		strb	r0, [sp, #7]
  66:Core/Src/display/ili9341.c ****     DISP_CS_LOW();
  43              		.loc 1 66 5 is_stmt 1 view .LVU2
  44 0008 0D4C     		ldr	r4, .L3
  45 000a 0022     		movs	r2, #0
  46 000c 0121     		movs	r1, #1
  47 000e 2046     		mov	r0, r4
  48              	.LVL1:
  49              		.loc 1 66 5 is_stmt 0 view .LVU3
ARM GAS  /tmp/ccNsDx3o.s 			page 3


  50 0010 FFF7FEFF 		bl	HAL_GPIO_WritePin
  51              	.LVL2:
  67:Core/Src/display/ili9341.c ****     DISP_DC_HIGH();  /* DC high = data */
  52              		.loc 1 67 5 is_stmt 1 view .LVU4
  53 0014 0122     		movs	r2, #1
  54 0016 0221     		movs	r1, #2
  55 0018 2046     		mov	r0, r4
  56 001a FFF7FEFF 		bl	HAL_GPIO_WritePin
  57              	.LVL3:
  68:Core/Src/display/ili9341.c ****     HAL_SPI_Transmit(_hspi, &data, 1, HAL_MAX_DELAY);
  58              		.loc 1 68 5 view .LVU5
  59 001e 4FF0FF33 		mov	r3, #-1
  60 0022 0122     		movs	r2, #1
  61 0024 0DF10701 		add	r1, sp, #7
  62 0028 0648     		ldr	r0, .L3+4
  63 002a 0068     		ldr	r0, [r0]
  64 002c FFF7FEFF 		bl	HAL_SPI_Transmit
  65              	.LVL4:
  69:Core/Src/display/ili9341.c ****     DISP_CS_HIGH();
  66              		.loc 1 69 5 view .LVU6
  67 0030 0122     		movs	r2, #1
  68 0032 1146     		mov	r1, r2
  69 0034 2046     		mov	r0, r4
  70 0036 FFF7FEFF 		bl	HAL_GPIO_WritePin
  71              	.LVL5:
  70:Core/Src/display/ili9341.c **** }
  72              		.loc 1 70 1 is_stmt 0 view .LVU7
  73 003a 02B0     		add	sp, sp, #8
  74              	.LCFI2:
  75              		.cfi_def_cfa_offset 8
  76              		@ sp needed
  77 003c 10BD     		pop	{r4, pc}
  78              	.L4:
  79 003e 00BF     		.align	2
  80              	.L3:
  81 0040 00040240 		.word	1073873920
  82 0044 00000000 		.word	_hspi
  83              		.cfi_endproc
  84              	.LFE221:
  86              		.section	.text.send_cmd,"ax",%progbits
  87              		.align	1
  88              		.syntax unified
  89              		.thumb
  90              		.thumb_func
  92              	send_cmd:
  93              	.LVL6:
  94              	.LFB220:
  54:Core/Src/display/ili9341.c ****     DISP_CS_LOW();
  95              		.loc 1 54 1 is_stmt 1 view -0
  96              		.cfi_startproc
  97              		@ args = 0, pretend = 0, frame = 8
  98              		@ frame_needed = 0, uses_anonymous_args = 0
  54:Core/Src/display/ili9341.c ****     DISP_CS_LOW();
  99              		.loc 1 54 1 is_stmt 0 view .LVU9
 100 0000 10B5     		push	{r4, lr}
 101              	.LCFI3:
 102              		.cfi_def_cfa_offset 8
ARM GAS  /tmp/ccNsDx3o.s 			page 4


 103              		.cfi_offset 4, -8
 104              		.cfi_offset 14, -4
 105 0002 82B0     		sub	sp, sp, #8
 106              	.LCFI4:
 107              		.cfi_def_cfa_offset 16
 108 0004 8DF80700 		strb	r0, [sp, #7]
  55:Core/Src/display/ili9341.c ****     DISP_DC_LOW();   /* DC low = command */
 109              		.loc 1 55 5 is_stmt 1 view .LVU10
 110 0008 0D4C     		ldr	r4, .L7
 111 000a 0022     		movs	r2, #0
 112 000c 0121     		movs	r1, #1
 113 000e 2046     		mov	r0, r4
 114              	.LVL7:
  55:Core/Src/display/ili9341.c ****     DISP_DC_LOW();   /* DC low = command */
 115              		.loc 1 55 5 is_stmt 0 view .LVU11
 116 0010 FFF7FEFF 		bl	HAL_GPIO_WritePin
 117              	.LVL8:
  56:Core/Src/display/ili9341.c ****     HAL_SPI_Transmit(_hspi, &cmd, 1, HAL_MAX_DELAY);
 118              		.loc 1 56 5 is_stmt 1 view .LVU12
 119 0014 0022     		movs	r2, #0
 120 0016 0221     		movs	r1, #2
 121 0018 2046     		mov	r0, r4
 122 001a FFF7FEFF 		bl	HAL_GPIO_WritePin
 123              	.LVL9:
  57:Core/Src/display/ili9341.c ****     DISP_CS_HIGH();
 124              		.loc 1 57 5 view .LVU13
 125 001e 4FF0FF33 		mov	r3, #-1
 126 0022 0122     		movs	r2, #1
 127 0024 0DF10701 		add	r1, sp, #7
 128 0028 0648     		ldr	r0, .L7+4
 129 002a 0068     		ldr	r0, [r0]
 130 002c FFF7FEFF 		bl	HAL_SPI_Transmit
 131              	.LVL10:
  58:Core/Src/display/ili9341.c **** }
 132              		.loc 1 58 5 view .LVU14
 133 0030 0122     		movs	r2, #1
 134 0032 1146     		mov	r1, r2
 135 0034 2046     		mov	r0, r4
 136 0036 FFF7FEFF 		bl	HAL_GPIO_WritePin
 137              	.LVL11:
  59:Core/Src/display/ili9341.c **** 
 138              		.loc 1 59 1 is_stmt 0 view .LVU15
 139 003a 02B0     		add	sp, sp, #8
 140              	.LCFI5:
 141              		.cfi_def_cfa_offset 8
 142              		@ sp needed
 143 003c 10BD     		pop	{r4, pc}
 144              	.L8:
 145 003e 00BF     		.align	2
 146              	.L7:
 147 0040 00040240 		.word	1073873920
 148 0044 00000000 		.word	_hspi
 149              		.cfi_endproc
 150              	.LFE220:
 152              		.section	.text.ILI9341_SetWindow,"ax",%progbits
 153              		.align	1
 154              		.global	ILI9341_SetWindow
ARM GAS  /tmp/ccNsDx3o.s 			page 5


 155              		.syntax unified
 156              		.thumb
 157              		.thumb_func
 159              	ILI9341_SetWindow:
 160              	.LVL12:
 161              	.LFB223:
  71:Core/Src/display/ili9341.c **** 
  72:Core/Src/display/ili9341.c **** /* =========================================================
  73:Core/Src/display/ili9341.c ****  * PUBLIC FUNCTIONS
  74:Core/Src/display/ili9341.c ****  * ========================================================= */
  75:Core/Src/display/ili9341.c **** 
  76:Core/Src/display/ili9341.c **** void ILI9341_Init(SPI_HandleTypeDef *hspi_ptr)
  77:Core/Src/display/ili9341.c **** {
  78:Core/Src/display/ili9341.c ****     _hspi = hspi_ptr;
  79:Core/Src/display/ili9341.c **** 
  80:Core/Src/display/ili9341.c ****     DISP_RST_LOW();
  81:Core/Src/display/ili9341.c ****     HAL_Delay(10);
  82:Core/Src/display/ili9341.c ****     DISP_RST_HIGH();
  83:Core/Src/display/ili9341.c ****     HAL_Delay(120);
  84:Core/Src/display/ili9341.c **** 
  85:Core/Src/display/ili9341.c ****     send_cmd(0x01);   /* SW reset */
  86:Core/Src/display/ili9341.c ****     HAL_Delay(150);
  87:Core/Src/display/ili9341.c ****     send_cmd(0x11);   /* Sleep Out */
  88:Core/Src/display/ili9341.c ****     HAL_Delay(120);
  89:Core/Src/display/ili9341.c **** 
  90:Core/Src/display/ili9341.c ****     send_cmd(0x3A);   /* pixel format: 16bpp RGB565 */
  91:Core/Src/display/ili9341.c ****     send_data(0x55);
  92:Core/Src/display/ili9341.c **** 
  93:Core/Src/display/ili9341.c ****     send_cmd(0x36);   /* MADCTL: portrait, RGB */
  94:Core/Src/display/ili9341.c ****     send_data(0x00);
  95:Core/Src/display/ili9341.c **** 
  96:Core/Src/display/ili9341.c ****     /* Display inversion ON: the generic 2" ST7789V modules need it,
  97:Core/Src/display/ili9341.c ****      * otherwise every colour comes out negated. If bring-up shows
  98:Core/Src/display/ili9341.c ****      * inverted colours on an actual ILI9341 panel, drop this command. */
  99:Core/Src/display/ili9341.c ****     send_cmd(0x21);
 100:Core/Src/display/ili9341.c **** 
 101:Core/Src/display/ili9341.c ****     send_cmd(0x29);   /* Display On */
 102:Core/Src/display/ili9341.c ****     HAL_Delay(25);
 103:Core/Src/display/ili9341.c ****     ILI9341_SetBrightness(100u);
 104:Core/Src/display/ili9341.c **** }
 105:Core/Src/display/ili9341.c **** 
 106:Core/Src/display/ili9341.c **** void ILI9341_SetWindow(uint16_t x0, uint16_t y0, uint16_t x1, uint16_t y1)
 107:Core/Src/display/ili9341.c **** {
 162              		.loc 1 107 1 is_stmt 1 view -0
 163              		.cfi_startproc
 164              		@ args = 0, pretend = 0, frame = 0
 165              		@ frame_needed = 0, uses_anonymous_args = 0
 166              		.loc 1 107 1 is_stmt 0 view .LVU17
 167 0000 F8B5     		push	{r3, r4, r5, r6, r7, lr}
 168              	.LCFI6:
 169              		.cfi_def_cfa_offset 24
 170              		.cfi_offset 3, -24
 171              		.cfi_offset 4, -20
 172              		.cfi_offset 5, -16
 173              		.cfi_offset 6, -12
 174              		.cfi_offset 7, -8
 175              		.cfi_offset 14, -4
ARM GAS  /tmp/ccNsDx3o.s 			page 6


 176 0002 0446     		mov	r4, r0
 177 0004 0F46     		mov	r7, r1
 178 0006 1646     		mov	r6, r2
 179 0008 1D46     		mov	r5, r3
 108:Core/Src/display/ili9341.c ****     send_cmd(0x2A);  /* CASET */
 180              		.loc 1 108 5 is_stmt 1 view .LVU18
 181 000a 2A20     		movs	r0, #42
 182              	.LVL13:
 183              		.loc 1 108 5 is_stmt 0 view .LVU19
 184 000c FFF7FEFF 		bl	send_cmd
 185              	.LVL14:
 109:Core/Src/display/ili9341.c ****     send_data(x0 >> 8);  send_data(x0 & 0xFF);
 186              		.loc 1 109 5 is_stmt 1 view .LVU20
 187 0010 200A     		lsrs	r0, r4, #8
 188 0012 FFF7FEFF 		bl	send_data
 189              	.LVL15:
 190              		.loc 1 109 26 discriminator 1 view .LVU21
 191 0016 E0B2     		uxtb	r0, r4
 192 0018 FFF7FEFF 		bl	send_data
 193              	.LVL16:
 110:Core/Src/display/ili9341.c ****     send_data(x1 >> 8);  send_data(x1 & 0xFF);
 194              		.loc 1 110 5 view .LVU22
 195 001c 300A     		lsrs	r0, r6, #8
 196 001e FFF7FEFF 		bl	send_data
 197              	.LVL17:
 198              		.loc 1 110 26 discriminator 1 view .LVU23
 199 0022 F0B2     		uxtb	r0, r6
 200 0024 FFF7FEFF 		bl	send_data
 201              	.LVL18:
 111:Core/Src/display/ili9341.c ****     send_cmd(0x2B);  /* RASET */
 202              		.loc 1 111 5 view .LVU24
 203 0028 2B20     		movs	r0, #43
 204 002a FFF7FEFF 		bl	send_cmd
 205              	.LVL19:
 112:Core/Src/display/ili9341.c ****     send_data(y0 >> 8);  send_data(y0 & 0xFF);
 206              		.loc 1 112 5 view .LVU25
 207 002e 380A     		lsrs	r0, r7, #8
 208 0030 FFF7FEFF 		bl	send_data
 209              	.LVL20:
 210              		.loc 1 112 26 discriminator 1 view .LVU26
 211 0034 F8B2     		uxtb	r0, r7
 212 0036 FFF7FEFF 		bl	send_data
 213              	.LVL21:
 113:Core/Src/display/ili9341.c ****     send_data(y1 >> 8);  send_data(y1 & 0xFF);
 214              		.loc 1 113 5 view .LVU27
 215 003a 280A     		lsrs	r0, r5, #8
 216 003c FFF7FEFF 		bl	send_data
 217              	.LVL22:
 218              		.loc 1 113 26 discriminator 1 view .LVU28
 219 0040 E8B2     		uxtb	r0, r5
 220 0042 FFF7FEFF 		bl	send_data
 221              	.LVL23:
 114:Core/Src/display/ili9341.c ****     send_cmd(0x2C);  /* RAMWR */
 222              		.loc 1 114 5 view .LVU29
 223 0046 2C20     		movs	r0, #44
 224 0048 FFF7FEFF 		bl	send_cmd
 225              	.LVL24:
ARM GAS  /tmp/ccNsDx3o.s 			page 7


 115:Core/Src/display/ili9341.c **** }
 226              		.loc 1 115 1 is_stmt 0 view .LVU30
 227 004c F8BD     		pop	{r3, r4, r5, r6, r7, pc}
 228              		.loc 1 115 1 view .LVU31
 229              		.cfi_endproc
 230              	.LFE223:
 232              		.section	.text.ILI9341_DrawPixel,"ax",%progbits
 233              		.align	1
 234              		.global	ILI9341_DrawPixel
 235              		.syntax unified
 236              		.thumb
 237              		.thumb_func
 239              	ILI9341_DrawPixel:
 240              	.LVL25:
 241              	.LFB224:
 116:Core/Src/display/ili9341.c **** 
 117:Core/Src/display/ili9341.c **** void ILI9341_DrawPixel(uint16_t x, uint16_t y, uint16_t color)
 118:Core/Src/display/ili9341.c **** {
 242              		.loc 1 118 1 is_stmt 1 view -0
 243              		.cfi_startproc
 244              		@ args = 0, pretend = 0, frame = 0
 245              		@ frame_needed = 0, uses_anonymous_args = 0
 246              		.loc 1 118 1 is_stmt 0 view .LVU33
 247 0000 10B5     		push	{r4, lr}
 248              	.LCFI7:
 249              		.cfi_def_cfa_offset 8
 250              		.cfi_offset 4, -8
 251              		.cfi_offset 14, -4
 252 0002 0B46     		mov	r3, r1
 253 0004 1446     		mov	r4, r2
 119:Core/Src/display/ili9341.c ****     ILI9341_SetWindow(x, y, x, y);
 254              		.loc 1 119 5 is_stmt 1 view .LVU34
 255 0006 0246     		mov	r2, r0
 256              	.LVL26:
 257              		.loc 1 119 5 is_stmt 0 view .LVU35
 258 0008 FFF7FEFF 		bl	ILI9341_SetWindow
 259              	.LVL27:
 120:Core/Src/display/ili9341.c ****     send_data(color >> 8);   /* RGB565, big-endian */
 260              		.loc 1 120 5 is_stmt 1 view .LVU36
 261 000c 200A     		lsrs	r0, r4, #8
 262 000e FFF7FEFF 		bl	send_data
 263              	.LVL28:
 121:Core/Src/display/ili9341.c ****     send_data(color & 0xFF);
 264              		.loc 1 121 5 view .LVU37
 265 0012 E0B2     		uxtb	r0, r4
 266 0014 FFF7FEFF 		bl	send_data
 267              	.LVL29:
 122:Core/Src/display/ili9341.c **** }
 268              		.loc 1 122 1 is_stmt 0 view .LVU38
 269 0018 10BD     		pop	{r4, pc}
 270              		.loc 1 122 1 view .LVU39
 271              		.cfi_endproc
 272              	.LFE224:
 274              		.section	.text.ILI9341_FillRect,"ax",%progbits
 275              		.align	1
 276              		.global	ILI9341_FillRect
 277              		.syntax unified
ARM GAS  /tmp/ccNsDx3o.s 			page 8


 278              		.thumb
 279              		.thumb_func
 281              	ILI9341_FillRect:
 282              	.LVL30:
 283              	.LFB225:
 123:Core/Src/display/ili9341.c **** 
 124:Core/Src/display/ili9341.c **** void ILI9341_FillRect(uint16_t x, uint16_t y, uint16_t w, uint16_t h, uint16_t color)
 125:Core/Src/display/ili9341.c **** {
 284              		.loc 1 125 1 is_stmt 1 view -0
 285              		.cfi_startproc
 286              		@ args = 4, pretend = 0, frame = 8
 287              		@ frame_needed = 0, uses_anonymous_args = 0
 288              		.loc 1 125 1 is_stmt 0 view .LVU41
 289 0000 70B5     		push	{r4, r5, r6, lr}
 290              	.LCFI8:
 291              		.cfi_def_cfa_offset 16
 292              		.cfi_offset 4, -16
 293              		.cfi_offset 5, -12
 294              		.cfi_offset 6, -8
 295              		.cfi_offset 14, -4
 296 0002 82B0     		sub	sp, sp, #8
 297              	.LCFI9:
 298              		.cfi_def_cfa_offset 24
 299 0004 BDF81850 		ldrh	r5, [sp, #24]
 126:Core/Src/display/ili9341.c ****     if (w == 0 || h == 0) return;
 300              		.loc 1 126 5 is_stmt 1 view .LVU42
 301              		.loc 1 126 8 is_stmt 0 view .LVU43
 302 0008 12B1     		cbz	r2, .L13
 303 000a 1C46     		mov	r4, r3
 304 000c 1646     		mov	r6, r2
 305              		.loc 1 126 16 discriminator 1 view .LVU44
 306 000e 0BB9     		cbnz	r3, .L20
 307              	.LVL31:
 308              	.L13:
 127:Core/Src/display/ili9341.c **** 
 128:Core/Src/display/ili9341.c ****     ILI9341_SetWindow(x, y, x + w - 1, y + h - 1);
 129:Core/Src/display/ili9341.c **** 
 130:Core/Src/display/ili9341.c ****     uint8_t hi = color >> 8;
 131:Core/Src/display/ili9341.c ****     uint8_t lo = color & 0xFF;
 132:Core/Src/display/ili9341.c **** 
 133:Core/Src/display/ili9341.c ****     DISP_CS_LOW();
 134:Core/Src/display/ili9341.c ****     DISP_DC_HIGH();
 135:Core/Src/display/ili9341.c **** 
 136:Core/Src/display/ili9341.c ****     uint32_t total_pixels = (uint32_t)w * h;
 137:Core/Src/display/ili9341.c ****     for (uint32_t i = 0; i < total_pixels; i++)
 138:Core/Src/display/ili9341.c ****     {
 139:Core/Src/display/ili9341.c ****         HAL_SPI_Transmit(_hspi, &hi, 1, HAL_MAX_DELAY);
 140:Core/Src/display/ili9341.c ****         HAL_SPI_Transmit(_hspi, &lo, 1, HAL_MAX_DELAY);
 141:Core/Src/display/ili9341.c ****     }
 142:Core/Src/display/ili9341.c **** 
 143:Core/Src/display/ili9341.c ****     DISP_CS_HIGH();
 144:Core/Src/display/ili9341.c **** }
 309              		.loc 1 144 1 view .LVU45
 310 0010 02B0     		add	sp, sp, #8
 311              	.LCFI10:
 312              		.cfi_remember_state
 313              		.cfi_def_cfa_offset 16
ARM GAS  /tmp/ccNsDx3o.s 			page 9


 314              		@ sp needed
 315 0012 70BD     		pop	{r4, r5, r6, pc}
 316              	.LVL32:
 317              	.L20:
 318              	.LCFI11:
 319              		.cfi_restore_state
 128:Core/Src/display/ili9341.c **** 
 320              		.loc 1 128 5 is_stmt 1 view .LVU46
 128:Core/Src/display/ili9341.c **** 
 321              		.loc 1 128 31 is_stmt 0 view .LVU47
 322 0014 0244     		add	r2, r2, r0
 323              	.LVL33:
 128:Core/Src/display/ili9341.c **** 
 324              		.loc 1 128 31 view .LVU48
 325 0016 92B2     		uxth	r2, r2
 128:Core/Src/display/ili9341.c **** 
 326              		.loc 1 128 42 view .LVU49
 327 0018 0B44     		add	r3, r3, r1
 328              	.LVL34:
 128:Core/Src/display/ili9341.c **** 
 329              		.loc 1 128 42 view .LVU50
 330 001a 9BB2     		uxth	r3, r3
 128:Core/Src/display/ili9341.c **** 
 331              		.loc 1 128 5 view .LVU51
 332 001c 013B     		subs	r3, r3, #1
 333 001e 013A     		subs	r2, r2, #1
 334 0020 9BB2     		uxth	r3, r3
 335 0022 92B2     		uxth	r2, r2
 336 0024 FFF7FEFF 		bl	ILI9341_SetWindow
 337              	.LVL35:
 130:Core/Src/display/ili9341.c ****     uint8_t lo = color & 0xFF;
 338              		.loc 1 130 5 is_stmt 1 view .LVU52
 130:Core/Src/display/ili9341.c ****     uint8_t lo = color & 0xFF;
 339              		.loc 1 130 13 is_stmt 0 view .LVU53
 340 0028 2B0A     		lsrs	r3, r5, #8
 341 002a 8DF80730 		strb	r3, [sp, #7]
 131:Core/Src/display/ili9341.c **** 
 342              		.loc 1 131 5 is_stmt 1 view .LVU54
 131:Core/Src/display/ili9341.c **** 
 343              		.loc 1 131 13 is_stmt 0 view .LVU55
 344 002e 8DF80650 		strb	r5, [sp, #6]
 133:Core/Src/display/ili9341.c ****     DISP_DC_HIGH();
 345              		.loc 1 133 5 is_stmt 1 view .LVU56
 346 0032 144D     		ldr	r5, .L21
 347 0034 0022     		movs	r2, #0
 348 0036 0121     		movs	r1, #1
 349 0038 2846     		mov	r0, r5
 350 003a FFF7FEFF 		bl	HAL_GPIO_WritePin
 351              	.LVL36:
 134:Core/Src/display/ili9341.c **** 
 352              		.loc 1 134 5 view .LVU57
 353 003e 0122     		movs	r2, #1
 354 0040 0221     		movs	r1, #2
 355 0042 2846     		mov	r0, r5
 356 0044 FFF7FEFF 		bl	HAL_GPIO_WritePin
 357              	.LVL37:
 136:Core/Src/display/ili9341.c ****     for (uint32_t i = 0; i < total_pixels; i++)
ARM GAS  /tmp/ccNsDx3o.s 			page 10


 358              		.loc 1 136 5 view .LVU58
 136:Core/Src/display/ili9341.c ****     for (uint32_t i = 0; i < total_pixels; i++)
 359              		.loc 1 136 14 is_stmt 0 view .LVU59
 360 0048 04FB06F6 		mul	r6, r4, r6
 361              	.LVL38:
 137:Core/Src/display/ili9341.c ****     {
 362              		.loc 1 137 5 is_stmt 1 view .LVU60
 363              	.LBB2:
 137:Core/Src/display/ili9341.c ****     {
 364              		.loc 1 137 10 view .LVU61
 137:Core/Src/display/ili9341.c ****     {
 365              		.loc 1 137 19 is_stmt 0 view .LVU62
 366 004c 0024     		movs	r4, #0
 367              	.LVL39:
 137:Core/Src/display/ili9341.c ****     {
 368              		.loc 1 137 5 view .LVU63
 369 004e 11E0     		b	.L17
 370              	.LVL40:
 371              	.L18:
 139:Core/Src/display/ili9341.c ****         HAL_SPI_Transmit(_hspi, &lo, 1, HAL_MAX_DELAY);
 372              		.loc 1 139 9 is_stmt 1 view .LVU64
 373 0050 0D4D     		ldr	r5, .L21+4
 374 0052 4FF0FF33 		mov	r3, #-1
 375 0056 0122     		movs	r2, #1
 376 0058 0DF10701 		add	r1, sp, #7
 377 005c 2868     		ldr	r0, [r5]
 378 005e FFF7FEFF 		bl	HAL_SPI_Transmit
 379              	.LVL41:
 140:Core/Src/display/ili9341.c ****     }
 380              		.loc 1 140 9 view .LVU65
 381 0062 4FF0FF33 		mov	r3, #-1
 382 0066 0122     		movs	r2, #1
 383 0068 0DF10601 		add	r1, sp, #6
 384 006c 2868     		ldr	r0, [r5]
 385 006e FFF7FEFF 		bl	HAL_SPI_Transmit
 386              	.LVL42:
 137:Core/Src/display/ili9341.c ****     {
 387              		.loc 1 137 45 discriminator 1 view .LVU66
 388 0072 0134     		adds	r4, r4, #1
 389              	.LVL43:
 390              	.L17:
 137:Core/Src/display/ili9341.c ****     {
 391              		.loc 1 137 28 discriminator 2 view .LVU67
 392 0074 B442     		cmp	r4, r6
 393 0076 EBD3     		bcc	.L18
 394              	.LBE2:
 143:Core/Src/display/ili9341.c **** }
 395              		.loc 1 143 5 view .LVU68
 396 0078 0122     		movs	r2, #1
 397 007a 1146     		mov	r1, r2
 398 007c 0148     		ldr	r0, .L21
 399 007e FFF7FEFF 		bl	HAL_GPIO_WritePin
 400              	.LVL44:
 401 0082 C5E7     		b	.L13
 402              	.L22:
 403              		.align	2
 404              	.L21:
ARM GAS  /tmp/ccNsDx3o.s 			page 11


 405 0084 00040240 		.word	1073873920
 406 0088 00000000 		.word	_hspi
 407              		.cfi_endproc
 408              	.LFE225:
 410              		.section	.text.ILI9341_FillScreen,"ax",%progbits
 411              		.align	1
 412              		.global	ILI9341_FillScreen
 413              		.syntax unified
 414              		.thumb
 415              		.thumb_func
 417              	ILI9341_FillScreen:
 418              	.LVL45:
 419              	.LFB226:
 145:Core/Src/display/ili9341.c **** 
 146:Core/Src/display/ili9341.c **** void ILI9341_FillScreen(uint16_t color)
 147:Core/Src/display/ili9341.c **** {
 420              		.loc 1 147 1 view -0
 421              		.cfi_startproc
 422              		@ args = 0, pretend = 0, frame = 0
 423              		@ frame_needed = 0, uses_anonymous_args = 0
 424              		.loc 1 147 1 is_stmt 0 view .LVU70
 425 0000 00B5     		push	{lr}
 426              	.LCFI12:
 427              		.cfi_def_cfa_offset 4
 428              		.cfi_offset 14, -4
 429 0002 83B0     		sub	sp, sp, #12
 430              	.LCFI13:
 431              		.cfi_def_cfa_offset 16
 148:Core/Src/display/ili9341.c ****     ILI9341_FillRect(0, 0, ILI9341_WIDTH, ILI9341_HEIGHT, color);
 432              		.loc 1 148 5 is_stmt 1 view .LVU71
 433 0004 0090     		str	r0, [sp]
 434 0006 4FF4A073 		mov	r3, #320
 435 000a F022     		movs	r2, #240
 436 000c 0021     		movs	r1, #0
 437 000e 0846     		mov	r0, r1
 438              	.LVL46:
 439              		.loc 1 148 5 is_stmt 0 view .LVU72
 440 0010 FFF7FEFF 		bl	ILI9341_FillRect
 441              	.LVL47:
 149:Core/Src/display/ili9341.c **** }
 442              		.loc 1 149 1 view .LVU73
 443 0014 03B0     		add	sp, sp, #12
 444              	.LCFI14:
 445              		.cfi_def_cfa_offset 4
 446              		@ sp needed
 447 0016 00BD     		pop	{pc}
 448              		.cfi_endproc
 449              	.LFE226:
 451              		.section	.text.ILI9341_SendPixels,"ax",%progbits
 452              		.align	1
 453              		.global	ILI9341_SendPixels
 454              		.syntax unified
 455              		.thumb
 456              		.thumb_func
 458              	ILI9341_SendPixels:
 459              	.LVL48:
 460              	.LFB227:
ARM GAS  /tmp/ccNsDx3o.s 			page 12


 150:Core/Src/display/ili9341.c **** 
 151:Core/Src/display/ili9341.c **** void ILI9341_SendPixels(uint16_t *data, uint32_t len)
 152:Core/Src/display/ili9341.c **** {
 461              		.loc 1 152 1 is_stmt 1 view -0
 462              		.cfi_startproc
 463              		@ args = 0, pretend = 0, frame = 64
 464              		@ frame_needed = 0, uses_anonymous_args = 0
 465              		.loc 1 152 1 is_stmt 0 view .LVU75
 466 0000 70B5     		push	{r4, r5, r6, lr}
 467              	.LCFI15:
 468              		.cfi_def_cfa_offset 16
 469              		.cfi_offset 4, -16
 470              		.cfi_offset 5, -12
 471              		.cfi_offset 6, -8
 472              		.cfi_offset 14, -4
 473 0002 90B0     		sub	sp, sp, #64
 474              	.LCFI16:
 475              		.cfi_def_cfa_offset 80
 476 0004 0446     		mov	r4, r0
 477 0006 0E46     		mov	r6, r1
 153:Core/Src/display/ili9341.c ****     /* The panel wants the high byte first; a straight uint16_t* cast on
 154:Core/Src/display/ili9341.c ****      * this little-endian MCU would send the bytes swapped. Swap through
 155:Core/Src/display/ili9341.c ****      * a small line buffer, chunked. */
 156:Core/Src/display/ili9341.c ****     uint8_t chunk[64];
 478              		.loc 1 156 5 is_stmt 1 view .LVU76
 157:Core/Src/display/ili9341.c **** 
 158:Core/Src/display/ili9341.c ****     DISP_CS_LOW();
 479              		.loc 1 158 5 view .LVU77
 480 0008 1C4D     		ldr	r5, .L32
 481 000a 0022     		movs	r2, #0
 482 000c 0121     		movs	r1, #1
 483              	.LVL49:
 484              		.loc 1 158 5 is_stmt 0 view .LVU78
 485 000e 2846     		mov	r0, r5
 486              	.LVL50:
 487              		.loc 1 158 5 view .LVU79
 488 0010 FFF7FEFF 		bl	HAL_GPIO_WritePin
 489              	.LVL51:
 159:Core/Src/display/ili9341.c ****     DISP_DC_HIGH();
 490              		.loc 1 159 5 is_stmt 1 view .LVU80
 491 0014 0122     		movs	r2, #1
 492 0016 0221     		movs	r1, #2
 493 0018 2846     		mov	r0, r5
 494 001a FFF7FEFF 		bl	HAL_GPIO_WritePin
 495              	.LVL52:
 160:Core/Src/display/ili9341.c **** 
 161:Core/Src/display/ili9341.c ****     while (len > 0u) {
 496              		.loc 1 161 5 view .LVU81
 497              		.loc 1 161 11 is_stmt 0 view .LVU82
 498 001e 1EE0     		b	.L26
 499              	.LVL53:
 500              	.L28:
 501              	.LBB3:
 502              	.LBB4:
 162:Core/Src/display/ili9341.c ****         uint32_t n = (len > 32u) ? 32u : len;
 163:Core/Src/display/ili9341.c ****         for (uint32_t i = 0; i < n; i++) {
 164:Core/Src/display/ili9341.c ****             chunk[2u * i]      = (uint8_t)(data[i] >> 8);
ARM GAS  /tmp/ccNsDx3o.s 			page 13


 503              		.loc 1 164 13 is_stmt 1 view .LVU83
 504              		.loc 1 164 48 is_stmt 0 view .LVU84
 505 0020 5A00     		lsls	r2, r3, #1
 506 0022 34F813C0 		ldrh	ip, [r4, r3, lsl #1]
 507              		.loc 1 164 34 view .LVU85
 508 0026 4FEA1C2C 		lsr	ip, ip, #8
 509              		.loc 1 164 32 view .LVU86
 510 002a 10A9     		add	r1, sp, #64
 511 002c 01EB4301 		add	r1, r1, r3, lsl #1
 512 0030 01F840CC 		strb	ip, [r1, #-64]
 165:Core/Src/display/ili9341.c ****             chunk[2u * i + 1u] = (uint8_t)(data[i] & 0xFFu);
 513              		.loc 1 165 13 is_stmt 1 view .LVU87
 514              		.loc 1 165 34 is_stmt 0 view .LVU88
 515 0034 14F81310 		ldrb	r1, [r4, r3, lsl #1]	@ zero_extendqisi2
 516              		.loc 1 165 32 view .LVU89
 517 0038 4132     		adds	r2, r2, #65
 518 003a 6A44     		add	r2, sp, r2
 519 003c 02F8401C 		strb	r1, [r2, #-64]
 163:Core/Src/display/ili9341.c ****             chunk[2u * i]      = (uint8_t)(data[i] >> 8);
 520              		.loc 1 163 38 is_stmt 1 discriminator 1 view .LVU90
 521 0040 0133     		adds	r3, r3, #1
 522              	.LVL54:
 523              	.L27:
 163:Core/Src/display/ili9341.c ****             chunk[2u * i]      = (uint8_t)(data[i] >> 8);
 524              		.loc 1 163 32 discriminator 2 view .LVU91
 525 0042 AB42     		cmp	r3, r5
 526 0044 ECD3     		bcc	.L28
 163:Core/Src/display/ili9341.c ****             chunk[2u * i]      = (uint8_t)(data[i] >> 8);
 527              		.loc 1 163 32 is_stmt 0 discriminator 2 view .LVU92
 528              	.LBE4:
 166:Core/Src/display/ili9341.c ****         }
 167:Core/Src/display/ili9341.c ****         HAL_SPI_Transmit(_hspi, chunk, (uint16_t)(n * 2u), 100u);
 529              		.loc 1 167 9 is_stmt 1 view .LVU93
 530 0046 AAB2     		uxth	r2, r5
 531              		.loc 1 167 40 is_stmt 0 view .LVU94
 532 0048 5200     		lsls	r2, r2, #1
 533 004a 92B2     		uxth	r2, r2
 534              		.loc 1 167 9 view .LVU95
 535 004c 6423     		movs	r3, #100
 536              	.LVL55:
 537              		.loc 1 167 9 view .LVU96
 538 004e 6946     		mov	r1, sp
 539 0050 0B48     		ldr	r0, .L32+4
 540 0052 0068     		ldr	r0, [r0]
 541 0054 FFF7FEFF 		bl	HAL_SPI_Transmit
 542              	.LVL56:
 168:Core/Src/display/ili9341.c ****         data += n;
 543              		.loc 1 168 9 is_stmt 1 view .LVU97
 544              		.loc 1 168 14 is_stmt 0 view .LVU98
 545 0058 04EB4504 		add	r4, r4, r5, lsl #1
 546              	.LVL57:
 169:Core/Src/display/ili9341.c ****         len  -= n;
 547              		.loc 1 169 9 is_stmt 1 view .LVU99
 548              		.loc 1 169 14 is_stmt 0 view .LVU100
 549 005c 761B     		subs	r6, r6, r5
 550              	.LVL58:
 551              	.L26:
ARM GAS  /tmp/ccNsDx3o.s 			page 14


 552              		.loc 1 169 14 view .LVU101
 553              	.LBE3:
 161:Core/Src/display/ili9341.c ****         uint32_t n = (len > 32u) ? 32u : len;
 554              		.loc 1 161 16 is_stmt 1 discriminator 1 view .LVU102
 555 005e 2EB1     		cbz	r6, .L31
 556              	.LBB6:
 162:Core/Src/display/ili9341.c ****         for (uint32_t i = 0; i < n; i++) {
 557              		.loc 1 162 9 view .LVU103
 162:Core/Src/display/ili9341.c ****         for (uint32_t i = 0; i < n; i++) {
 558              		.loc 1 162 18 is_stmt 0 view .LVU104
 559 0060 3546     		mov	r5, r6
 560 0062 202E     		cmp	r6, #32
 561 0064 28BF     		it	cs
 562 0066 2025     		movcs	r5, #32
 563              	.LVL59:
 163:Core/Src/display/ili9341.c ****             chunk[2u * i]      = (uint8_t)(data[i] >> 8);
 564              		.loc 1 163 9 is_stmt 1 view .LVU105
 565              	.LBB5:
 163:Core/Src/display/ili9341.c ****             chunk[2u * i]      = (uint8_t)(data[i] >> 8);
 566              		.loc 1 163 14 view .LVU106
 163:Core/Src/display/ili9341.c ****             chunk[2u * i]      = (uint8_t)(data[i] >> 8);
 567              		.loc 1 163 23 is_stmt 0 view .LVU107
 568 0068 0023     		movs	r3, #0
 163:Core/Src/display/ili9341.c ****             chunk[2u * i]      = (uint8_t)(data[i] >> 8);
 569              		.loc 1 163 9 view .LVU108
 570 006a EAE7     		b	.L27
 571              	.LVL60:
 572              	.L31:
 163:Core/Src/display/ili9341.c ****             chunk[2u * i]      = (uint8_t)(data[i] >> 8);
 573              		.loc 1 163 9 view .LVU109
 574              	.LBE5:
 575              	.LBE6:
 170:Core/Src/display/ili9341.c ****     }
 171:Core/Src/display/ili9341.c **** 
 172:Core/Src/display/ili9341.c ****     DISP_CS_HIGH();
 576              		.loc 1 172 5 is_stmt 1 view .LVU110
 577 006c 0122     		movs	r2, #1
 578 006e 1146     		mov	r1, r2
 579 0070 0248     		ldr	r0, .L32
 580 0072 FFF7FEFF 		bl	HAL_GPIO_WritePin
 581              	.LVL61:
 173:Core/Src/display/ili9341.c **** }
 582              		.loc 1 173 1 is_stmt 0 view .LVU111
 583 0076 10B0     		add	sp, sp, #64
 584              	.LCFI17:
 585              		.cfi_def_cfa_offset 16
 586              		@ sp needed
 587 0078 70BD     		pop	{r4, r5, r6, pc}
 588              	.LVL62:
 589              	.L33:
 590              		.loc 1 173 1 view .LVU112
 591 007a 00BF     		.align	2
 592              	.L32:
 593 007c 00040240 		.word	1073873920
 594 0080 00000000 		.word	_hspi
 595              		.cfi_endproc
 596              	.LFE227:
ARM GAS  /tmp/ccNsDx3o.s 			page 15


 598              		.section	.text.ILI9341_RGB,"ax",%progbits
 599              		.align	1
 600              		.global	ILI9341_RGB
 601              		.syntax unified
 602              		.thumb
 603              		.thumb_func
 605              	ILI9341_RGB:
 606              	.LVL63:
 607              	.LFB228:
 174:Core/Src/display/ili9341.c **** 
 175:Core/Src/display/ili9341.c **** uint16_t ILI9341_RGB(uint8_t r, uint8_t g, uint8_t b)
 176:Core/Src/display/ili9341.c **** {
 608              		.loc 1 176 1 is_stmt 1 view -0
 609              		.cfi_startproc
 610              		@ args = 0, pretend = 0, frame = 0
 611              		@ frame_needed = 0, uses_anonymous_args = 0
 612              		@ link register save eliminated.
 177:Core/Src/display/ili9341.c ****     /* RGB888 -> RGB565 conversion:
 178:Core/Src/display/ili9341.c ****      *
 179:Core/Src/display/ili9341.c ****      *   R: take the 5 most significant bits and place them at bits 11–15.
 180:Core/Src/display/ili9341.c ****      *   G: take the 6 most significant bits and place them at bits 5–10.
 181:Core/Src/display/ili9341.c ****      *   B: take the 5 most significant bits and place them at bits 0–4.
 182:Core/Src/display/ili9341.c ****      */
 183:Core/Src/display/ili9341.c ****     return (uint16_t)(((r & 0xF8) << 8) |
 613              		.loc 1 183 5 view .LVU114
 614              		.loc 1 183 41 is_stmt 0 view .LVU115
 615 0000 0002     		lsls	r0, r0, #8
 616              	.LVL64:
 617              		.loc 1 183 41 view .LVU116
 618 0002 00F47840 		and	r0, r0, #63488
 619 0006 C900     		lsls	r1, r1, #3
 620              	.LVL65:
 621              		.loc 1 183 41 view .LVU117
 622 0008 01F4FC61 		and	r1, r1, #2016
 623 000c 0843     		orrs	r0, r0, r1
 624 000e 00B2     		sxth	r0, r0
 184:Core/Src/display/ili9341.c ****                       ((g & 0xFC) << 3) |
 625              		.loc 1 184 41 view .LVU118
 626 0010 40EAD200 		orr	r0, r0, r2, lsr #3
 185:Core/Src/display/ili9341.c ****                       (b >> 3));
 186:Core/Src/display/ili9341.c **** }
 627              		.loc 1 186 1 view .LVU119
 628 0014 80B2     		uxth	r0, r0
 629 0016 7047     		bx	lr
 630              		.cfi_endproc
 631              	.LFE228:
 633              		.section	.text.ILI9341_SetBrightness,"ax",%progbits
 634              		.align	1
 635              		.global	ILI9341_SetBrightness
 636              		.syntax unified
 637              		.thumb
 638              		.thumb_func
 640              	ILI9341_SetBrightness:
 641              	.LVL66:
 642              	.LFB229:
 187:Core/Src/display/ili9341.c **** 
 188:Core/Src/display/ili9341.c **** /* =========================================================
ARM GAS  /tmp/ccNsDx3o.s 			page 16


 189:Core/Src/display/ili9341.c ****  * BACKLIGHT (BCKL_CTRL / PB8)
 190:Core/Src/display/ili9341.c ****  *
 191:Core/Src/display/ili9341.c ****  * The backlight FET is selected by jumper JP402: in the PMOS position
 192:Core/Src/display/ili9341.c ****  * the pin is ACTIVE LOW (low = backlight on), in the NMOS position it
 193:Core/Src/display/ili9341.c ****  * is active high. Set DISP_BCKL_ACTIVE_LOW accordingly at bring-up.
 194:Core/Src/display/ili9341.c ****  * Current implementation is plain on/off; true dimming needs PWM on
 195:Core/Src/display/ili9341.c ****  * PB8 (TIM10_CH1) — TODO once the UI brightness page is exercised on
 196:Core/Src/display/ili9341.c ****  * hardware.
 197:Core/Src/display/ili9341.c ****  * ========================================================= */
 198:Core/Src/display/ili9341.c **** 
 199:Core/Src/display/ili9341.c **** #define DISP_BCKL_ACTIVE_LOW  (1u)   /* JP402 in PMOS position */
 200:Core/Src/display/ili9341.c **** 
 201:Core/Src/display/ili9341.c **** static uint8_t _brightness = 100u;
 202:Core/Src/display/ili9341.c **** 
 203:Core/Src/display/ili9341.c **** void ILI9341_SetBrightness(uint8_t pct)
 204:Core/Src/display/ili9341.c **** {
 643              		.loc 1 204 1 is_stmt 1 view -0
 644              		.cfi_startproc
 645              		@ args = 0, pretend = 0, frame = 0
 646              		@ frame_needed = 0, uses_anonymous_args = 0
 647              		.loc 1 204 1 is_stmt 0 view .LVU121
 648 0000 08B5     		push	{r3, lr}
 649              	.LCFI18:
 650              		.cfi_def_cfa_offset 8
 651              		.cfi_offset 3, -8
 652              		.cfi_offset 14, -4
 205:Core/Src/display/ili9341.c ****     if (pct > 100u) pct = 100u;
 653              		.loc 1 205 5 is_stmt 1 view .LVU122
 654              		.loc 1 205 8 is_stmt 0 view .LVU123
 655 0002 6428     		cmp	r0, #100
 656 0004 09D9     		bls	.L36
 657              		.loc 1 205 21 is_stmt 1 discriminator 1 view .LVU124
 658              	.LVL67:
 206:Core/Src/display/ili9341.c ****     _brightness = pct;
 659              		.loc 1 206 5 view .LVU125
 660              		.loc 1 206 17 is_stmt 0 view .LVU126
 661 0006 084B     		ldr	r3, .L40
 662 0008 6422     		movs	r2, #100
 663 000a 1A70     		strb	r2, [r3]
 207:Core/Src/display/ili9341.c **** 
 208:Core/Src/display/ili9341.c ****     GPIO_PinState on  = DISP_BCKL_ACTIVE_LOW ? GPIO_PIN_RESET : GPIO_PIN_SET;
 664              		.loc 1 208 5 is_stmt 1 view .LVU127
 665              	.LVL68:
 209:Core/Src/display/ili9341.c ****     GPIO_PinState off = DISP_BCKL_ACTIVE_LOW ? GPIO_PIN_SET   : GPIO_PIN_RESET;
 666              		.loc 1 209 5 view .LVU128
 210:Core/Src/display/ili9341.c **** 
 211:Core/Src/display/ili9341.c ****     HAL_GPIO_WritePin(BCKL_CTRL_GPIO_Port, BCKL_CTRL_Pin,
 667              		.loc 1 211 5 view .LVU129
 668              		.loc 1 211 5 is_stmt 0 discriminator 1 view .LVU130
 669 000c 0022     		movs	r2, #0
 670              	.LVL69:
 671              	.L37:
 672              		.loc 1 211 5 discriminator 3 view .LVU131
 673 000e 4FF48071 		mov	r1, #256
 674 0012 0648     		ldr	r0, .L40+4
 675 0014 FFF7FEFF 		bl	HAL_GPIO_WritePin
 676              	.LVL70:
ARM GAS  /tmp/ccNsDx3o.s 			page 17


 212:Core/Src/display/ili9341.c ****                       (pct > 0u) ? on : off);
 213:Core/Src/display/ili9341.c **** }
 677              		.loc 1 213 1 view .LVU132
 678 0018 08BD     		pop	{r3, pc}
 679              	.LVL71:
 680              	.L36:
 206:Core/Src/display/ili9341.c **** 
 681              		.loc 1 206 5 is_stmt 1 view .LVU133
 206:Core/Src/display/ili9341.c **** 
 682              		.loc 1 206 17 is_stmt 0 view .LVU134
 683 001a 034B     		ldr	r3, .L40
 684 001c 1870     		strb	r0, [r3]
 208:Core/Src/display/ili9341.c ****     GPIO_PinState off = DISP_BCKL_ACTIVE_LOW ? GPIO_PIN_SET   : GPIO_PIN_RESET;
 685              		.loc 1 208 5 is_stmt 1 view .LVU135
 686              	.LVL72:
 209:Core/Src/display/ili9341.c **** 
 687              		.loc 1 209 5 view .LVU136
 211:Core/Src/display/ili9341.c ****                       (pct > 0u) ? on : off);
 688              		.loc 1 211 5 view .LVU137
 689 001e 08B1     		cbz	r0, .L38
 211:Core/Src/display/ili9341.c ****                       (pct > 0u) ? on : off);
 690              		.loc 1 211 5 is_stmt 0 discriminator 1 view .LVU138
 691 0020 0022     		movs	r2, #0
 692 0022 F4E7     		b	.L37
 693              	.L38:
 211:Core/Src/display/ili9341.c ****                       (pct > 0u) ? on : off);
 694              		.loc 1 211 5 discriminator 2 view .LVU139
 695 0024 0122     		movs	r2, #1
 696 0026 F2E7     		b	.L37
 697              	.L41:
 698              		.align	2
 699              	.L40:
 700 0028 00000000 		.word	_brightness
 701 002c 00040240 		.word	1073873920
 702              		.cfi_endproc
 703              	.LFE229:
 705              		.section	.text.ILI9341_Init,"ax",%progbits
 706              		.align	1
 707              		.global	ILI9341_Init
 708              		.syntax unified
 709              		.thumb
 710              		.thumb_func
 712              	ILI9341_Init:
 713              	.LVL73:
 714              	.LFB222:
  77:Core/Src/display/ili9341.c ****     _hspi = hspi_ptr;
 715              		.loc 1 77 1 is_stmt 1 view -0
 716              		.cfi_startproc
 717              		@ args = 0, pretend = 0, frame = 0
 718              		@ frame_needed = 0, uses_anonymous_args = 0
  77:Core/Src/display/ili9341.c ****     _hspi = hspi_ptr;
 719              		.loc 1 77 1 is_stmt 0 view .LVU141
 720 0000 10B5     		push	{r4, lr}
 721              	.LCFI19:
 722              		.cfi_def_cfa_offset 8
 723              		.cfi_offset 4, -8
 724              		.cfi_offset 14, -4
ARM GAS  /tmp/ccNsDx3o.s 			page 18


  78:Core/Src/display/ili9341.c **** 
 725              		.loc 1 78 5 is_stmt 1 view .LVU142
  78:Core/Src/display/ili9341.c **** 
 726              		.loc 1 78 11 is_stmt 0 view .LVU143
 727 0002 1C4B     		ldr	r3, .L44
 728 0004 1860     		str	r0, [r3]
  80:Core/Src/display/ili9341.c ****     HAL_Delay(10);
 729              		.loc 1 80 5 is_stmt 1 view .LVU144
 730 0006 1C4C     		ldr	r4, .L44+4
 731 0008 0022     		movs	r2, #0
 732 000a 0421     		movs	r1, #4
 733 000c 2046     		mov	r0, r4
 734              	.LVL74:
  80:Core/Src/display/ili9341.c ****     HAL_Delay(10);
 735              		.loc 1 80 5 is_stmt 0 view .LVU145
 736 000e FFF7FEFF 		bl	HAL_GPIO_WritePin
 737              	.LVL75:
  81:Core/Src/display/ili9341.c ****     DISP_RST_HIGH();
 738              		.loc 1 81 5 is_stmt 1 view .LVU146
 739 0012 0A20     		movs	r0, #10
 740 0014 FFF7FEFF 		bl	HAL_Delay
 741              	.LVL76:
  82:Core/Src/display/ili9341.c ****     HAL_Delay(120);
 742              		.loc 1 82 5 view .LVU147
 743 0018 0122     		movs	r2, #1
 744 001a 0421     		movs	r1, #4
 745 001c 2046     		mov	r0, r4
 746 001e FFF7FEFF 		bl	HAL_GPIO_WritePin
 747              	.LVL77:
  83:Core/Src/display/ili9341.c **** 
 748              		.loc 1 83 5 view .LVU148
 749 0022 7820     		movs	r0, #120
 750 0024 FFF7FEFF 		bl	HAL_Delay
 751              	.LVL78:
  85:Core/Src/display/ili9341.c ****     HAL_Delay(150);
 752              		.loc 1 85 5 view .LVU149
 753 0028 0120     		movs	r0, #1
 754 002a FFF7FEFF 		bl	send_cmd
 755              	.LVL79:
  86:Core/Src/display/ili9341.c ****     send_cmd(0x11);   /* Sleep Out */
 756              		.loc 1 86 5 view .LVU150
 757 002e 9620     		movs	r0, #150
 758 0030 FFF7FEFF 		bl	HAL_Delay
 759              	.LVL80:
  87:Core/Src/display/ili9341.c ****     HAL_Delay(120);
 760              		.loc 1 87 5 view .LVU151
 761 0034 1120     		movs	r0, #17
 762 0036 FFF7FEFF 		bl	send_cmd
 763              	.LVL81:
  88:Core/Src/display/ili9341.c **** 
 764              		.loc 1 88 5 view .LVU152
 765 003a 7820     		movs	r0, #120
 766 003c FFF7FEFF 		bl	HAL_Delay
 767              	.LVL82:
  90:Core/Src/display/ili9341.c ****     send_data(0x55);
 768              		.loc 1 90 5 view .LVU153
 769 0040 3A20     		movs	r0, #58
ARM GAS  /tmp/ccNsDx3o.s 			page 19


 770 0042 FFF7FEFF 		bl	send_cmd
 771              	.LVL83:
  91:Core/Src/display/ili9341.c **** 
 772              		.loc 1 91 5 view .LVU154
 773 0046 5520     		movs	r0, #85
 774 0048 FFF7FEFF 		bl	send_data
 775              	.LVL84:
  93:Core/Src/display/ili9341.c ****     send_data(0x00);
 776              		.loc 1 93 5 view .LVU155
 777 004c 3620     		movs	r0, #54
 778 004e FFF7FEFF 		bl	send_cmd
 779              	.LVL85:
  94:Core/Src/display/ili9341.c **** 
 780              		.loc 1 94 5 view .LVU156
 781 0052 0020     		movs	r0, #0
 782 0054 FFF7FEFF 		bl	send_data
 783              	.LVL86:
  99:Core/Src/display/ili9341.c **** 
 784              		.loc 1 99 5 view .LVU157
 785 0058 2120     		movs	r0, #33
 786 005a FFF7FEFF 		bl	send_cmd
 787              	.LVL87:
 101:Core/Src/display/ili9341.c ****     HAL_Delay(25);
 788              		.loc 1 101 5 view .LVU158
 789 005e 2920     		movs	r0, #41
 790 0060 FFF7FEFF 		bl	send_cmd
 791              	.LVL88:
 102:Core/Src/display/ili9341.c ****     ILI9341_SetBrightness(100u);
 792              		.loc 1 102 5 view .LVU159
 793 0064 1920     		movs	r0, #25
 794 0066 FFF7FEFF 		bl	HAL_Delay
 795              	.LVL89:
 103:Core/Src/display/ili9341.c **** }
 796              		.loc 1 103 5 view .LVU160
 797 006a 6420     		movs	r0, #100
 798 006c FFF7FEFF 		bl	ILI9341_SetBrightness
 799              	.LVL90:
 104:Core/Src/display/ili9341.c **** 
 800              		.loc 1 104 1 is_stmt 0 view .LVU161
 801 0070 10BD     		pop	{r4, pc}
 802              	.L45:
 803 0072 00BF     		.align	2
 804              	.L44:
 805 0074 00000000 		.word	_hspi
 806 0078 00040240 		.word	1073873920
 807              		.cfi_endproc
 808              	.LFE222:
 810              		.section	.text.ILI9341_GetBrightness,"ax",%progbits
 811              		.align	1
 812              		.global	ILI9341_GetBrightness
 813              		.syntax unified
 814              		.thumb
 815              		.thumb_func
 817              	ILI9341_GetBrightness:
 818              	.LFB230:
 214:Core/Src/display/ili9341.c **** 
 215:Core/Src/display/ili9341.c **** uint8_t ILI9341_GetBrightness(void)
ARM GAS  /tmp/ccNsDx3o.s 			page 20


 216:Core/Src/display/ili9341.c **** {
 819              		.loc 1 216 1 is_stmt 1 view -0
 820              		.cfi_startproc
 821              		@ args = 0, pretend = 0, frame = 0
 822              		@ frame_needed = 0, uses_anonymous_args = 0
 823              		@ link register save eliminated.
 217:Core/Src/display/ili9341.c ****     return _brightness;
 824              		.loc 1 217 5 view .LVU163
 218:Core/Src/display/ili9341.c **** }
 825              		.loc 1 218 1 is_stmt 0 view .LVU164
 826 0000 014B     		ldr	r3, .L47
 827 0002 1878     		ldrb	r0, [r3]	@ zero_extendqisi2
 828 0004 7047     		bx	lr
 829              	.L48:
 830 0006 00BF     		.align	2
 831              	.L47:
 832 0008 00000000 		.word	_brightness
 833              		.cfi_endproc
 834              	.LFE230:
 836              		.section	.data._brightness,"aw"
 839              	_brightness:
 840 0000 64       		.byte	100
 841              		.section	.bss._hspi,"aw",%nobits
 842              		.align	2
 845              	_hspi:
 846 0000 00000000 		.space	4
 847              		.text
 848              	.Letext0:
 849              		.file 2 "/usr/arm-none-eabi/include/machine/_default_types.h"
 850              		.file 3 "/usr/arm-none-eabi/include/sys/_stdint.h"
 851              		.file 4 "Drivers/CMSIS/Device/ST/STM32F4xx/Include/stm32f401xc.h"
 852              		.file 5 "Drivers/STM32F4xx_HAL_Driver/Inc/stm32f4xx_hal_def.h"
 853              		.file 6 "Drivers/STM32F4xx_HAL_Driver/Inc/stm32f4xx_hal_gpio.h"
 854              		.file 7 "Drivers/STM32F4xx_HAL_Driver/Inc/stm32f4xx_hal_dma.h"
 855              		.file 8 "Drivers/STM32F4xx_HAL_Driver/Inc/stm32f4xx_hal_spi.h"
 856              		.file 9 "Drivers/STM32F4xx_HAL_Driver/Inc/stm32f4xx_hal.h"
ARM GAS  /tmp/ccNsDx3o.s 			page 21


DEFINED SYMBOLS
                            *ABS*:00000000 ili9341.c
     /tmp/ccNsDx3o.s:21     .text.send_data:00000000 $t
     /tmp/ccNsDx3o.s:26     .text.send_data:00000000 send_data
     /tmp/ccNsDx3o.s:81     .text.send_data:00000040 $d
     /tmp/ccNsDx3o.s:845    .bss._hspi:00000000 _hspi
     /tmp/ccNsDx3o.s:87     .text.send_cmd:00000000 $t
     /tmp/ccNsDx3o.s:92     .text.send_cmd:00000000 send_cmd
     /tmp/ccNsDx3o.s:147    .text.send_cmd:00000040 $d
     /tmp/ccNsDx3o.s:153    .text.ILI9341_SetWindow:00000000 $t
     /tmp/ccNsDx3o.s:159    .text.ILI9341_SetWindow:00000000 ILI9341_SetWindow
     /tmp/ccNsDx3o.s:233    .text.ILI9341_DrawPixel:00000000 $t
     /tmp/ccNsDx3o.s:239    .text.ILI9341_DrawPixel:00000000 ILI9341_DrawPixel
     /tmp/ccNsDx3o.s:275    .text.ILI9341_FillRect:00000000 $t
     /tmp/ccNsDx3o.s:281    .text.ILI9341_FillRect:00000000 ILI9341_FillRect
     /tmp/ccNsDx3o.s:405    .text.ILI9341_FillRect:00000084 $d
     /tmp/ccNsDx3o.s:411    .text.ILI9341_FillScreen:00000000 $t
     /tmp/ccNsDx3o.s:417    .text.ILI9341_FillScreen:00000000 ILI9341_FillScreen
     /tmp/ccNsDx3o.s:452    .text.ILI9341_SendPixels:00000000 $t
     /tmp/ccNsDx3o.s:458    .text.ILI9341_SendPixels:00000000 ILI9341_SendPixels
     /tmp/ccNsDx3o.s:593    .text.ILI9341_SendPixels:0000007c $d
     /tmp/ccNsDx3o.s:599    .text.ILI9341_RGB:00000000 $t
     /tmp/ccNsDx3o.s:605    .text.ILI9341_RGB:00000000 ILI9341_RGB
     /tmp/ccNsDx3o.s:634    .text.ILI9341_SetBrightness:00000000 $t
     /tmp/ccNsDx3o.s:640    .text.ILI9341_SetBrightness:00000000 ILI9341_SetBrightness
     /tmp/ccNsDx3o.s:700    .text.ILI9341_SetBrightness:00000028 $d
     /tmp/ccNsDx3o.s:839    .data._brightness:00000000 _brightness
     /tmp/ccNsDx3o.s:706    .text.ILI9341_Init:00000000 $t
     /tmp/ccNsDx3o.s:712    .text.ILI9341_Init:00000000 ILI9341_Init
     /tmp/ccNsDx3o.s:805    .text.ILI9341_Init:00000074 $d
     /tmp/ccNsDx3o.s:811    .text.ILI9341_GetBrightness:00000000 $t
     /tmp/ccNsDx3o.s:817    .text.ILI9341_GetBrightness:00000000 ILI9341_GetBrightness
     /tmp/ccNsDx3o.s:832    .text.ILI9341_GetBrightness:00000008 $d
     /tmp/ccNsDx3o.s:842    .bss._hspi:00000000 $d

UNDEFINED SYMBOLS
HAL_GPIO_WritePin
HAL_SPI_Transmit
HAL_Delay
