ARM GAS  /tmp/cc8lanbs.s 			page 1


   1              		.cpu cortex-m4
   2              		.arch armv7e-m
   3              		.fpu fpv4-sp-d16
   4              		.eabi_attribute 27, 1
   5              		.eabi_attribute 28, 1
   6              		.eabi_attribute 20, 1
   7              		.eabi_attribute 21, 1
   8              		.eabi_attribute 23, 3
   9              		.eabi_attribute 24, 1
  10              		.eabi_attribute 25, 1
  11              		.eabi_attribute 26, 1
  12              		.eabi_attribute 30, 1
  13              		.eabi_attribute 34, 1
  14              		.eabi_attribute 18, 4
  15              		.file	"initialization.c"
  16              		.text
  17              	.Ltext0:
  18              		.cfi_sections	.debug_frame
  19              		.file 1 "Core/Src/app/initialization.c"
  20              		.section	.text.init_stpd01,"ax",%progbits
  21              		.align	1
  22              		.syntax unified
  23              		.thumb
  24              		.thumb_func
  26              	init_stpd01:
  27              	.LFB226:
   1:Core/Src/app/initialization.c **** /**
   2:Core/Src/app/initialization.c ****  * @file    initialization.c
   3:Core/Src/app/initialization.c ****  * @brief   Every-boot IC initialization. See initialization.h.
   4:Core/Src/app/initialization.c ****  *
   5:Core/Src/app/initialization.c ****  * VERIFY BEFORE FIRST USE (marked CHECK):
   6:Core/Src/app/initialization.c ****  *   - TPS25750 I2C address: netlist analysis says 0x21 (ADCIN1/2 = GND);
   7:Core/Src/app/initialization.c ****  *     the charge-management branch used 0x20 with an open TODO. Confirm
   8:Core/Src/app/initialization.c ****  *     against the TPS25750 TRM table "I2C address selection".
   9:Core/Src/app/initialization.c ****  *   - The PBMs data layout and burst-write chunking against the TRM
  10:Core/Src/app/initialization.c ****  *     section "Patch Bundle Burst Mode" (document already in the repo).
  11:Core/Src/app/initialization.c ****  *   - STPD01 register encodings (VOUT/ILIM LSB) against its datasheet.
  12:Core/Src/app/initialization.c ****  *
  13:Core/Src/app/initialization.c ****  * Design rules:
  14:Core/Src/app/initialization.c ****  *   - Bounded timeouts everywhere; never HAL_MAX_DELAY (a hung bus must
  15:Core/Src/app/initialization.c ****  *     degrade the boot, not freeze the product).
  16:Core/Src/app/initialization.c ****  *   - Each step retried once before being declared failed.
  17:Core/Src/app/initialization.c ****  */
  18:Core/Src/app/initialization.c **** 
  19:Core/Src/app/initialization.c **** #include "app/initialization.h"
  20:Core/Src/app/initialization.c **** #include "main.h"
  21:Core/Src/app/initialization.c **** #include "i2c.h"        /* hi2c1 (I2C_LP), hi2c3 (I2C_PD) */
  22:Core/Src/app/initialization.c **** 
  23:Core/Src/app/initialization.c **** #include <string.h>
  24:Core/Src/app/initialization.c **** 
  25:Core/Src/app/initialization.c **** /* Patch bundle: the const array is NOT part of this branch — it gets
  26:Core/Src/app/initialization.c ****  * generated from firmware/TPS25750/TPS25750D_DuckerCharger.bin (already
  27:Core/Src/app/initialization.c ****  * in the repo) at integration time, e.g.:
  28:Core/Src/app/initialization.c ****  *   python3 -c "d=open('TPS25750D_DuckerCharger.bin','rb').read(); ..."
  29:Core/Src/app/initialization.c ****  * or xxd -i. Linking without it fails on purpose: the integrator must
  30:Core/Src/app/initialization.c ****  * pick the bundle revision consciously. */
  31:Core/Src/app/initialization.c **** extern const uint8_t  tps25750_bundle[];
ARM GAS  /tmp/cc8lanbs.s 			page 2


  32:Core/Src/app/initialization.c **** extern const uint32_t tps25750_bundle_size;
  33:Core/Src/app/initialization.c **** 
  34:Core/Src/app/initialization.c **** /* =========================================================
  35:Core/Src/app/initialization.c ****  * Bus / device constants
  36:Core/Src/app/initialization.c ****  * ========================================================= */
  37:Core/Src/app/initialization.c **** 
  38:Core/Src/app/initialization.c **** #define I2C_TIMEOUT_MS          (50u)
  39:Core/Src/app/initialization.c **** #define STEP_RETRIES            (2u)
  40:Core/Src/app/initialization.c **** 
  41:Core/Src/app/initialization.c **** /* CHECK: 0x21 per netlist (ADCIN1/2=GND); charge.h used 0x20. */
  42:Core/Src/app/initialization.c **** #define TPS25750_ADDR           (0x21u << 1)
  43:Core/Src/app/initialization.c **** 
  44:Core/Src/app/initialization.c **** /* TPS25750 host-interface registers (length-prefixed I2C payloads). */
  45:Core/Src/app/initialization.c **** #define TPS_REG_MODE            (0x03u)
  46:Core/Src/app/initialization.c **** #define TPS_REG_CMD1            (0x08u)
  47:Core/Src/app/initialization.c **** #define TPS_REG_DATA1           (0x09u)
  48:Core/Src/app/initialization.c **** 
  49:Core/Src/app/initialization.c **** /* 4CC helpers */
  50:Core/Src/app/initialization.c **** #define TPS_4CC(a,b,c,d)        ((uint32_t)(a) | ((uint32_t)(b) << 8) | \
  51:Core/Src/app/initialization.c ****                                  ((uint32_t)(c) << 16) | ((uint32_t)(d) << 24))
  52:Core/Src/app/initialization.c **** #define TPS_MODE_PTCH           TPS_4CC('P','T','C','H')
  53:Core/Src/app/initialization.c **** #define TPS_MODE_APP            TPS_4CC('A','P','P',' ')
  54:Core/Src/app/initialization.c **** #define TPS_CMD_PBMs            TPS_4CC('P','B','M','s')
  55:Core/Src/app/initialization.c **** #define TPS_CMD_PBMc            TPS_4CC('P','B','M','c')
  56:Core/Src/app/initialization.c **** #define TPS_CMD_PBMe            TPS_4CC('P','B','M','e')
  57:Core/Src/app/initialization.c **** 
  58:Core/Src/app/initialization.c **** #define TPS_PATCH_TIMEOUT_MS    (2000u)   /* whole-bundle budget */
  59:Core/Src/app/initialization.c **** #define TPS_BURST_CHUNK         (256u)    /* bytes per burst I2C write */
  60:Core/Src/app/initialization.c **** 
  61:Core/Src/app/initialization.c **** /* CHECK: burst target address is returned by PBMs; this is the default
  62:Core/Src/app/initialization.c ****  * suggested in the TRM examples. */
  63:Core/Src/app/initialization.c **** #define TPS_BURST_ADDR_DEFAULT  (0x22u << 1)
  64:Core/Src/app/initialization.c **** 
  65:Core/Src/app/initialization.c **** /* INA3221 (I2C_LP, A0=GND -> 0x40). CONFIG 0x6527:
  66:Core/Src/app/initialization.c ****  * ch1+ch2 enabled (ch3 grounded/unused), 16-sample averaging,
  67:Core/Src/app/initialization.c ****  * 1.1 ms bus & shunt conversion, continuous shunt+bus mode. */
  68:Core/Src/app/initialization.c **** #define INA3221_ADDR            (0x40u << 1)
  69:Core/Src/app/initialization.c **** #define INA3221_REG_CONFIG      (0x00u)
  70:Core/Src/app/initialization.c **** #define INA3221_CONFIG_VALUE    (0x6527u)
  71:Core/Src/app/initialization.c **** 
  72:Core/Src/app/initialization.c **** /* STPD01 (I2C_LP). CHECK: address 0x54 marked "to be verified" since
  73:Core/Src/app/initialization.c ****  * the charge-management branch; encodings below from datasheet tables.
  74:Core/Src/app/initialization.c ****  * VOUT: 3.0 V + 20 mV/LSB. ILIM: 100 mA + 100 mA/LSB. */
  75:Core/Src/app/initialization.c **** #define STPD01_ADDR             (0x54u << 1)
  76:Core/Src/app/initialization.c **** #define STPD01_REG_VOUT         (0x00u)
  77:Core/Src/app/initialization.c **** #define STPD01_REG_ILIM         (0x01u)
  78:Core/Src/app/initialization.c **** #define STPD01_REG_ENABLE       (0x06u)
  79:Core/Src/app/initialization.c **** #define STPD01_VOUT_5V          ((uint8_t)((5000u - 3000u) / 20u))
  80:Core/Src/app/initialization.c **** #define STPD01_ILIM_3A          ((uint8_t)((3000u - 100u) / 100u))
  81:Core/Src/app/initialization.c **** 
  82:Core/Src/app/initialization.c **** /* ------------------------------------------------------------------ */
  83:Core/Src/app/initialization.c **** /* TPS25750 register helpers                                           */
  84:Core/Src/app/initialization.c **** /*                                                                     */
  85:Core/Src/app/initialization.c **** /* The host interface uses length-prefixed payloads: a write is         */
  86:Core/Src/app/initialization.c **** /* [reg][len][data...], a read returns [len][data...].                  */
  87:Core/Src/app/initialization.c **** /* ------------------------------------------------------------------ */
  88:Core/Src/app/initialization.c **** 
ARM GAS  /tmp/cc8lanbs.s 			page 3


  89:Core/Src/app/initialization.c **** static HAL_StatusTypeDef tps_read(uint8_t reg, uint8_t *buf, uint8_t len)
  90:Core/Src/app/initialization.c **** {
  91:Core/Src/app/initialization.c ****     uint8_t raw[65];
  92:Core/Src/app/initialization.c **** 
  93:Core/Src/app/initialization.c ****     if (HAL_I2C_Master_Transmit(&hi2c3, TPS25750_ADDR, &reg, 1u,
  94:Core/Src/app/initialization.c ****                                 I2C_TIMEOUT_MS) != HAL_OK)
  95:Core/Src/app/initialization.c ****         return HAL_ERROR;
  96:Core/Src/app/initialization.c ****     if (HAL_I2C_Master_Receive(&hi2c3, TPS25750_ADDR, raw,
  97:Core/Src/app/initialization.c ****                                (uint16_t)(len + 1u),
  98:Core/Src/app/initialization.c ****                                I2C_TIMEOUT_MS) != HAL_OK)
  99:Core/Src/app/initialization.c ****         return HAL_ERROR;
 100:Core/Src/app/initialization.c **** 
 101:Core/Src/app/initialization.c ****     /* raw[0] = payload length as reported by the device */
 102:Core/Src/app/initialization.c ****     memcpy(buf, &raw[1], len);
 103:Core/Src/app/initialization.c ****     return HAL_OK;
 104:Core/Src/app/initialization.c **** }
 105:Core/Src/app/initialization.c **** 
 106:Core/Src/app/initialization.c **** static HAL_StatusTypeDef tps_write(uint8_t reg, const uint8_t *data,
 107:Core/Src/app/initialization.c ****                                    uint8_t len)
 108:Core/Src/app/initialization.c **** {
 109:Core/Src/app/initialization.c ****     uint8_t raw[66];
 110:Core/Src/app/initialization.c **** 
 111:Core/Src/app/initialization.c ****     raw[0] = reg;
 112:Core/Src/app/initialization.c ****     raw[1] = len;
 113:Core/Src/app/initialization.c ****     memcpy(&raw[2], data, len);
 114:Core/Src/app/initialization.c ****     return HAL_I2C_Master_Transmit(&hi2c3, TPS25750_ADDR, raw,
 115:Core/Src/app/initialization.c ****                                    (uint16_t)(len + 2u), I2C_TIMEOUT_MS);
 116:Core/Src/app/initialization.c **** }
 117:Core/Src/app/initialization.c **** 
 118:Core/Src/app/initialization.c **** /** Send a 4CC command through CMD1 and poll until it completes. */
 119:Core/Src/app/initialization.c **** static HAL_StatusTypeDef tps_cmd(uint32_t cmd, uint32_t timeout_ms)
 120:Core/Src/app/initialization.c **** {
 121:Core/Src/app/initialization.c ****     uint32_t t0 = HAL_GetTick();
 122:Core/Src/app/initialization.c ****     uint32_t readback = 0;
 123:Core/Src/app/initialization.c **** 
 124:Core/Src/app/initialization.c ****     if (tps_write(TPS_REG_CMD1, (const uint8_t *)&cmd, 4u) != HAL_OK)
 125:Core/Src/app/initialization.c ****         return HAL_ERROR;
 126:Core/Src/app/initialization.c **** 
 127:Core/Src/app/initialization.c ****     /* CMD1 reads back 0 on success, '!CMD' on rejection. */
 128:Core/Src/app/initialization.c ****     do {
 129:Core/Src/app/initialization.c ****         if (tps_read(TPS_REG_CMD1, (uint8_t *)&readback, 4u) != HAL_OK)
 130:Core/Src/app/initialization.c ****             return HAL_ERROR;
 131:Core/Src/app/initialization.c ****         if (readback == 0u)
 132:Core/Src/app/initialization.c ****             return HAL_OK;
 133:Core/Src/app/initialization.c ****         if (readback == TPS_4CC('!','C','M','D'))
 134:Core/Src/app/initialization.c ****             return HAL_ERROR;
 135:Core/Src/app/initialization.c ****         HAL_Delay(2);
 136:Core/Src/app/initialization.c ****     } while ((HAL_GetTick() - t0) < timeout_ms);
 137:Core/Src/app/initialization.c **** 
 138:Core/Src/app/initialization.c ****     return HAL_TIMEOUT;
 139:Core/Src/app/initialization.c **** }
 140:Core/Src/app/initialization.c **** 
 141:Core/Src/app/initialization.c **** static HAL_StatusTypeDef tps_get_mode(uint32_t *mode)
 142:Core/Src/app/initialization.c **** {
 143:Core/Src/app/initialization.c ****     return tps_read(TPS_REG_MODE, (uint8_t *)mode, 4u);
 144:Core/Src/app/initialization.c **** }
 145:Core/Src/app/initialization.c **** 
ARM GAS  /tmp/cc8lanbs.s 			page 4


 146:Core/Src/app/initialization.c **** /* =========================================================
 147:Core/Src/app/initialization.c ****  * Step 1: TPS25750 patch stream
 148:Core/Src/app/initialization.c ****  * ========================================================= */
 149:Core/Src/app/initialization.c **** 
 150:Core/Src/app/initialization.c **** static InitStatus_t init_tps25750(void)
 151:Core/Src/app/initialization.c **** {
 152:Core/Src/app/initialization.c ****     uint32_t mode = 0;
 153:Core/Src/app/initialization.c **** 
 154:Core/Src/app/initialization.c ****     if (tps_get_mode(&mode) != HAL_OK)
 155:Core/Src/app/initialization.c ****         return INIT_FAILED;
 156:Core/Src/app/initialization.c **** 
 157:Core/Src/app/initialization.c ****     if (mode == TPS_MODE_APP)
 158:Core/Src/app/initialization.c ****         return INIT_OK;             /* already patched (warm reboot) */
 159:Core/Src/app/initialization.c **** 
 160:Core/Src/app/initialization.c ****     if (mode != TPS_MODE_PTCH)
 161:Core/Src/app/initialization.c ****         return INIT_FAILED;         /* BOOT/unknown: needs investigation */
 162:Core/Src/app/initialization.c **** 
 163:Core/Src/app/initialization.c ****     /* --- PBMs: announce the bundle ---------------------------------
 164:Core/Src/app/initialization.c ****      * Data layout (CHECK against TRM "Patch Bundle Burst Mode"):
 165:Core/Src/app/initialization.c ****      *   [0..3] bundle size, little endian
 166:Core/Src/app/initialization.c ****      *   [4]    burst slave address (8-bit)
 167:Core/Src/app/initialization.c ****      *   [5]    timeout, units of 100 ms
 168:Core/Src/app/initialization.c ****      */
 169:Core/Src/app/initialization.c ****     {
 170:Core/Src/app/initialization.c ****         uint8_t d[6];
 171:Core/Src/app/initialization.c ****         d[0] = (uint8_t)(tps25750_bundle_size & 0xFFu);
 172:Core/Src/app/initialization.c ****         d[1] = (uint8_t)((tps25750_bundle_size >> 8) & 0xFFu);
 173:Core/Src/app/initialization.c ****         d[2] = (uint8_t)((tps25750_bundle_size >> 16) & 0xFFu);
 174:Core/Src/app/initialization.c ****         d[3] = (uint8_t)((tps25750_bundle_size >> 24) & 0xFFu);
 175:Core/Src/app/initialization.c ****         d[4] = TPS_BURST_ADDR_DEFAULT;
 176:Core/Src/app/initialization.c ****         d[5] = (uint8_t)(TPS_PATCH_TIMEOUT_MS / 100u);
 177:Core/Src/app/initialization.c **** 
 178:Core/Src/app/initialization.c ****         if (tps_write(TPS_REG_DATA1, d, sizeof(d)) != HAL_OK)
 179:Core/Src/app/initialization.c ****             return INIT_FAILED;
 180:Core/Src/app/initialization.c ****         if (tps_cmd(TPS_CMD_PBMs, 200u) != HAL_OK)
 181:Core/Src/app/initialization.c ****             return INIT_FAILED;
 182:Core/Src/app/initialization.c ****     }
 183:Core/Src/app/initialization.c **** 
 184:Core/Src/app/initialization.c ****     /* --- Burst: stream the bundle as raw writes to the burst address */
 185:Core/Src/app/initialization.c ****     {
 186:Core/Src/app/initialization.c ****         uint32_t off = 0;
 187:Core/Src/app/initialization.c ****         while (off < tps25750_bundle_size) {
 188:Core/Src/app/initialization.c ****             uint16_t n = (uint16_t)((tps25750_bundle_size - off) > TPS_BURST_CHUNK
 189:Core/Src/app/initialization.c ****                                     ? TPS_BURST_CHUNK
 190:Core/Src/app/initialization.c ****                                     : (tps25750_bundle_size - off));
 191:Core/Src/app/initialization.c ****             if (HAL_I2C_Master_Transmit(&hi2c3, TPS_BURST_ADDR_DEFAULT,
 192:Core/Src/app/initialization.c ****                                         (uint8_t *)&tps25750_bundle[off], n,
 193:Core/Src/app/initialization.c ****                                         I2C_TIMEOUT_MS) != HAL_OK) {
 194:Core/Src/app/initialization.c ****                 (void)tps_cmd(TPS_CMD_PBMe, 200u);   /* abort cleanly */
 195:Core/Src/app/initialization.c ****                 return INIT_FAILED;
 196:Core/Src/app/initialization.c ****             }
 197:Core/Src/app/initialization.c ****             off += n;
 198:Core/Src/app/initialization.c ****         }
 199:Core/Src/app/initialization.c ****     }
 200:Core/Src/app/initialization.c **** 
 201:Core/Src/app/initialization.c ****     /* --- PBMc: complete and wait for APP mode ----------------------- */
 202:Core/Src/app/initialization.c ****     if (tps_cmd(TPS_CMD_PBMc, 1000u) != HAL_OK)
ARM GAS  /tmp/cc8lanbs.s 			page 5


 203:Core/Src/app/initialization.c ****         return INIT_FAILED;
 204:Core/Src/app/initialization.c **** 
 205:Core/Src/app/initialization.c ****     {
 206:Core/Src/app/initialization.c ****         uint32_t t0 = HAL_GetTick();
 207:Core/Src/app/initialization.c ****         do {
 208:Core/Src/app/initialization.c ****             if (tps_get_mode(&mode) == HAL_OK && mode == TPS_MODE_APP)
 209:Core/Src/app/initialization.c ****                 return INIT_OK;
 210:Core/Src/app/initialization.c ****             HAL_Delay(10);
 211:Core/Src/app/initialization.c ****         } while ((HAL_GetTick() - t0) < 500u);
 212:Core/Src/app/initialization.c ****     }
 213:Core/Src/app/initialization.c **** 
 214:Core/Src/app/initialization.c ****     return INIT_FAILED;
 215:Core/Src/app/initialization.c **** }
 216:Core/Src/app/initialization.c **** 
 217:Core/Src/app/initialization.c **** /* =========================================================
 218:Core/Src/app/initialization.c ****  * Step 2: INA3221 configuration
 219:Core/Src/app/initialization.c ****  * ========================================================= */
 220:Core/Src/app/initialization.c **** 
 221:Core/Src/app/initialization.c **** static InitStatus_t init_ina3221(void)
 222:Core/Src/app/initialization.c **** {
 223:Core/Src/app/initialization.c ****     uint8_t  w[3] = { INA3221_REG_CONFIG,
 224:Core/Src/app/initialization.c ****                       (uint8_t)(INA3221_CONFIG_VALUE >> 8),
 225:Core/Src/app/initialization.c ****                       (uint8_t)(INA3221_CONFIG_VALUE & 0xFFu) };
 226:Core/Src/app/initialization.c ****     uint8_t  r[2] = { 0, 0 };
 227:Core/Src/app/initialization.c **** 
 228:Core/Src/app/initialization.c ****     if (HAL_I2C_Master_Transmit(&hi2c1, INA3221_ADDR, w, 3u,
 229:Core/Src/app/initialization.c ****                                 I2C_TIMEOUT_MS) != HAL_OK)
 230:Core/Src/app/initialization.c ****         return INIT_FAILED;
 231:Core/Src/app/initialization.c **** 
 232:Core/Src/app/initialization.c ****     /* Read back to confirm the device is alive and took the value. */
 233:Core/Src/app/initialization.c ****     if (HAL_I2C_Mem_Read(&hi2c1, INA3221_ADDR, INA3221_REG_CONFIG,
 234:Core/Src/app/initialization.c ****                          I2C_MEMADD_SIZE_8BIT, r, 2u,
 235:Core/Src/app/initialization.c ****                          I2C_TIMEOUT_MS) != HAL_OK)
 236:Core/Src/app/initialization.c ****         return INIT_FAILED;
 237:Core/Src/app/initialization.c **** 
 238:Core/Src/app/initialization.c ****     return (((uint16_t)r[0] << 8 | r[1]) == INA3221_CONFIG_VALUE)
 239:Core/Src/app/initialization.c ****            ? INIT_OK : INIT_FAILED;
 240:Core/Src/app/initialization.c **** }
 241:Core/Src/app/initialization.c **** 
 242:Core/Src/app/initialization.c **** /* =========================================================
 243:Core/Src/app/initialization.c ****  * Step 3: STPD01 safe defaults (output kept disabled)
 244:Core/Src/app/initialization.c ****  * ========================================================= */
 245:Core/Src/app/initialization.c **** 
 246:Core/Src/app/initialization.c **** static InitStatus_t init_stpd01(void)
 247:Core/Src/app/initialization.c **** {
  28              		.loc 1 247 1 view -0
  29              		.cfi_startproc
  30              		@ args = 0, pretend = 0, frame = 16
  31              		@ frame_needed = 0, uses_anonymous_args = 0
  32 0000 00B5     		push	{lr}
  33              	.LCFI0:
  34              		.cfi_def_cfa_offset 4
  35              		.cfi_offset 14, -4
  36 0002 87B0     		sub	sp, sp, #28
  37              	.LCFI1:
  38              		.cfi_def_cfa_offset 32
 248:Core/Src/app/initialization.c ****     uint8_t vout[2] = { STPD01_REG_VOUT, STPD01_VOUT_5V };
ARM GAS  /tmp/cc8lanbs.s 			page 6


  39              		.loc 1 248 5 view .LVU1
  40              		.loc 1 248 13 is_stmt 0 view .LVU2
  41 0004 4FF4C843 		mov	r3, #25600
  42 0008 ADF81430 		strh	r3, [sp, #20]	@ movhi
 249:Core/Src/app/initialization.c ****     uint8_t ilim[2] = { STPD01_REG_ILIM, STPD01_ILIM_3A };
  43              		.loc 1 249 5 is_stmt 1 view .LVU3
  44              		.loc 1 249 13 is_stmt 0 view .LVU4
  45 000c 41F60153 		movw	r3, #7425
  46 0010 ADF81030 		strh	r3, [sp, #16]	@ movhi
 250:Core/Src/app/initialization.c ****     uint8_t dis [2] = { STPD01_REG_ENABLE, 0x00u };
  47              		.loc 1 250 5 is_stmt 1 view .LVU5
  48              		.loc 1 250 13 is_stmt 0 view .LVU6
  49 0014 0623     		movs	r3, #6
  50 0016 ADF80C30 		strh	r3, [sp, #12]	@ movhi
 251:Core/Src/app/initialization.c **** 
 252:Core/Src/app/initialization.c ****     if (HAL_I2C_Master_Transmit(&hi2c1, STPD01_ADDR, vout, 2u,
  51              		.loc 1 252 5 is_stmt 1 view .LVU7
  52              		.loc 1 252 9 is_stmt 0 view .LVU8
  53 001a 3223     		movs	r3, #50
  54 001c 0093     		str	r3, [sp]
  55 001e 0223     		movs	r3, #2
  56 0020 05AA     		add	r2, sp, #20
  57 0022 A821     		movs	r1, #168
  58 0024 0E48     		ldr	r0, .L7
  59 0026 FFF7FEFF 		bl	HAL_I2C_Master_Transmit
  60              	.LVL0:
  61              		.loc 1 252 8 discriminator 1 view .LVU9
  62 002a 10B1     		cbz	r0, .L2
  63              	.L4:
 253:Core/Src/app/initialization.c ****                                 I2C_TIMEOUT_MS) != HAL_OK)
 254:Core/Src/app/initialization.c ****         return INIT_FAILED;
  64              		.loc 1 254 16 view .LVU10
  65 002c 0120     		movs	r0, #1
  66              	.L3:
 255:Core/Src/app/initialization.c ****     if (HAL_I2C_Master_Transmit(&hi2c1, STPD01_ADDR, ilim, 2u,
 256:Core/Src/app/initialization.c ****                                 I2C_TIMEOUT_MS) != HAL_OK)
 257:Core/Src/app/initialization.c ****         return INIT_FAILED;
 258:Core/Src/app/initialization.c ****     if (HAL_I2C_Master_Transmit(&hi2c1, STPD01_ADDR, dis, 2u,
 259:Core/Src/app/initialization.c ****                                 I2C_TIMEOUT_MS) != HAL_OK)
 260:Core/Src/app/initialization.c ****         return INIT_FAILED;
 261:Core/Src/app/initialization.c **** 
 262:Core/Src/app/initialization.c ****     return INIT_OK;
 263:Core/Src/app/initialization.c **** }
  67              		.loc 1 263 1 view .LVU11
  68 002e 07B0     		add	sp, sp, #28
  69              	.LCFI2:
  70              		.cfi_remember_state
  71              		.cfi_def_cfa_offset 4
  72              		@ sp needed
  73 0030 00BD     		pop	{pc}
  74              	.L2:
  75              	.LCFI3:
  76              		.cfi_restore_state
 255:Core/Src/app/initialization.c ****     if (HAL_I2C_Master_Transmit(&hi2c1, STPD01_ADDR, ilim, 2u,
  77              		.loc 1 255 5 is_stmt 1 view .LVU12
 255:Core/Src/app/initialization.c ****     if (HAL_I2C_Master_Transmit(&hi2c1, STPD01_ADDR, ilim, 2u,
  78              		.loc 1 255 9 is_stmt 0 view .LVU13
ARM GAS  /tmp/cc8lanbs.s 			page 7


  79 0032 3223     		movs	r3, #50
  80 0034 0093     		str	r3, [sp]
  81 0036 0223     		movs	r3, #2
  82 0038 04AA     		add	r2, sp, #16
  83 003a A821     		movs	r1, #168
  84 003c 0848     		ldr	r0, .L7
  85 003e FFF7FEFF 		bl	HAL_I2C_Master_Transmit
  86              	.LVL1:
 255:Core/Src/app/initialization.c ****     if (HAL_I2C_Master_Transmit(&hi2c1, STPD01_ADDR, ilim, 2u,
  87              		.loc 1 255 8 discriminator 1 view .LVU14
  88 0042 0028     		cmp	r0, #0
  89 0044 F2D1     		bne	.L4
 258:Core/Src/app/initialization.c ****                                 I2C_TIMEOUT_MS) != HAL_OK)
  90              		.loc 1 258 5 is_stmt 1 view .LVU15
 258:Core/Src/app/initialization.c ****                                 I2C_TIMEOUT_MS) != HAL_OK)
  91              		.loc 1 258 9 is_stmt 0 view .LVU16
  92 0046 3223     		movs	r3, #50
  93 0048 0093     		str	r3, [sp]
  94 004a 0223     		movs	r3, #2
  95 004c 03AA     		add	r2, sp, #12
  96 004e A821     		movs	r1, #168
  97 0050 0348     		ldr	r0, .L7
  98 0052 FFF7FEFF 		bl	HAL_I2C_Master_Transmit
  99              	.LVL2:
 258:Core/Src/app/initialization.c ****                                 I2C_TIMEOUT_MS) != HAL_OK)
 100              		.loc 1 258 8 discriminator 1 view .LVU17
 101 0056 0028     		cmp	r0, #0
 102 0058 E9D0     		beq	.L3
 260:Core/Src/app/initialization.c **** 
 103              		.loc 1 260 16 view .LVU18
 104 005a 0120     		movs	r0, #1
 105 005c E7E7     		b	.L3
 106              	.L8:
 107 005e 00BF     		.align	2
 108              	.L7:
 109 0060 00000000 		.word	hi2c1
 110              		.cfi_endproc
 111              	.LFE226:
 113              		.section	.text.init_ina3221,"ax",%progbits
 114              		.align	1
 115              		.syntax unified
 116              		.thumb
 117              		.thumb_func
 119              	init_ina3221:
 120              	.LFB225:
 222:Core/Src/app/initialization.c ****     uint8_t  w[3] = { INA3221_REG_CONFIG,
 121              		.loc 1 222 1 is_stmt 1 view -0
 122              		.cfi_startproc
 123              		@ args = 0, pretend = 0, frame = 8
 124              		@ frame_needed = 0, uses_anonymous_args = 0
 125 0000 00B5     		push	{lr}
 126              	.LCFI4:
 127              		.cfi_def_cfa_offset 4
 128              		.cfi_offset 14, -4
 129 0002 87B0     		sub	sp, sp, #28
 130              	.LCFI5:
 131              		.cfi_def_cfa_offset 32
ARM GAS  /tmp/cc8lanbs.s 			page 8


 223:Core/Src/app/initialization.c ****                       (uint8_t)(INA3221_CONFIG_VALUE >> 8),
 132              		.loc 1 223 5 view .LVU20
 223:Core/Src/app/initialization.c ****                       (uint8_t)(INA3221_CONFIG_VALUE >> 8),
 133              		.loc 1 223 14 is_stmt 0 view .LVU21
 134 0004 174B     		ldr	r3, .L14
 135 0006 1B68     		ldr	r3, [r3]
 136 0008 ADF81430 		strh	r3, [sp, #20]	@ movhi
 137 000c 1B0C     		lsrs	r3, r3, #16
 138 000e 8DF81630 		strb	r3, [sp, #22]
 226:Core/Src/app/initialization.c **** 
 139              		.loc 1 226 5 is_stmt 1 view .LVU22
 226:Core/Src/app/initialization.c **** 
 140              		.loc 1 226 14 is_stmt 0 view .LVU23
 141 0012 0023     		movs	r3, #0
 142 0014 ADF81030 		strh	r3, [sp, #16]	@ movhi
 228:Core/Src/app/initialization.c ****                                 I2C_TIMEOUT_MS) != HAL_OK)
 143              		.loc 1 228 5 is_stmt 1 view .LVU24
 228:Core/Src/app/initialization.c ****                                 I2C_TIMEOUT_MS) != HAL_OK)
 144              		.loc 1 228 9 is_stmt 0 view .LVU25
 145 0018 3223     		movs	r3, #50
 146 001a 0093     		str	r3, [sp]
 147 001c 0323     		movs	r3, #3
 148 001e 05AA     		add	r2, sp, #20
 149 0020 8021     		movs	r1, #128
 150 0022 1148     		ldr	r0, .L14+4
 151 0024 FFF7FEFF 		bl	HAL_I2C_Master_Transmit
 152              	.LVL3:
 228:Core/Src/app/initialization.c ****                                 I2C_TIMEOUT_MS) != HAL_OK)
 153              		.loc 1 228 8 discriminator 1 view .LVU26
 154 0028 10B1     		cbz	r0, .L10
 155              	.L12:
 230:Core/Src/app/initialization.c **** 
 156              		.loc 1 230 16 view .LVU27
 157 002a 0120     		movs	r0, #1
 158              	.L11:
 240:Core/Src/app/initialization.c **** 
 159              		.loc 1 240 1 view .LVU28
 160 002c 07B0     		add	sp, sp, #28
 161              	.LCFI6:
 162              		.cfi_remember_state
 163              		.cfi_def_cfa_offset 4
 164              		@ sp needed
 165 002e 00BD     		pop	{pc}
 166              	.L10:
 167              	.LCFI7:
 168              		.cfi_restore_state
 233:Core/Src/app/initialization.c ****                          I2C_MEMADD_SIZE_8BIT, r, 2u,
 169              		.loc 1 233 5 is_stmt 1 view .LVU29
 233:Core/Src/app/initialization.c ****                          I2C_MEMADD_SIZE_8BIT, r, 2u,
 170              		.loc 1 233 9 is_stmt 0 view .LVU30
 171 0030 3223     		movs	r3, #50
 172 0032 0293     		str	r3, [sp, #8]
 173 0034 0223     		movs	r3, #2
 174 0036 0193     		str	r3, [sp, #4]
 175 0038 04AB     		add	r3, sp, #16
 176 003a 0093     		str	r3, [sp]
 177 003c 0123     		movs	r3, #1
ARM GAS  /tmp/cc8lanbs.s 			page 9


 178 003e 0246     		mov	r2, r0
 179 0040 8021     		movs	r1, #128
 180 0042 0948     		ldr	r0, .L14+4
 181 0044 FFF7FEFF 		bl	HAL_I2C_Mem_Read
 182              	.LVL4:
 233:Core/Src/app/initialization.c ****                          I2C_MEMADD_SIZE_8BIT, r, 2u,
 183              		.loc 1 233 8 discriminator 1 view .LVU31
 184 0048 0028     		cmp	r0, #0
 185 004a EED1     		bne	.L12
 238:Core/Src/app/initialization.c ****            ? INIT_OK : INIT_FAILED;
 186              		.loc 1 238 5 is_stmt 1 view .LVU32
 238:Core/Src/app/initialization.c ****            ? INIT_OK : INIT_FAILED;
 187              		.loc 1 238 25 is_stmt 0 view .LVU33
 188 004c 9DF81030 		ldrb	r3, [sp, #16]	@ zero_extendqisi2
 238:Core/Src/app/initialization.c ****            ? INIT_OK : INIT_FAILED;
 189              		.loc 1 238 37 view .LVU34
 190 0050 9DF81100 		ldrb	r0, [sp, #17]	@ zero_extendqisi2
 238:Core/Src/app/initialization.c ****            ? INIT_OK : INIT_FAILED;
 191              		.loc 1 238 34 view .LVU35
 192 0054 40EA0320 		orr	r0, r0, r3, lsl #8
 239:Core/Src/app/initialization.c **** }
 193              		.loc 1 239 22 view .LVU36
 194 0058 46F22753 		movw	r3, #25895
 195 005c C01A     		subs	r0, r0, r3
 196 005e 18BF     		it	ne
 197 0060 0120     		movne	r0, #1
 198 0062 E3E7     		b	.L11
 199              	.L15:
 200              		.align	2
 201              	.L14:
 202 0064 00000000 		.word	.LANCHOR0
 203 0068 00000000 		.word	hi2c1
 204              		.cfi_endproc
 205              	.LFE225:
 207              		.section	.text.tps_write,"ax",%progbits
 208              		.align	1
 209              		.syntax unified
 210              		.thumb
 211              		.thumb_func
 213              	tps_write:
 214              	.LVL5:
 215              	.LFB221:
 108:Core/Src/app/initialization.c ****     uint8_t raw[66];
 216              		.loc 1 108 1 is_stmt 1 view -0
 217              		.cfi_startproc
 218              		@ args = 0, pretend = 0, frame = 72
 219              		@ frame_needed = 0, uses_anonymous_args = 0
 108:Core/Src/app/initialization.c ****     uint8_t raw[66];
 220              		.loc 1 108 1 is_stmt 0 view .LVU38
 221 0000 10B5     		push	{r4, lr}
 222              	.LCFI8:
 223              		.cfi_def_cfa_offset 8
 224              		.cfi_offset 4, -8
 225              		.cfi_offset 14, -4
 226 0002 94B0     		sub	sp, sp, #80
 227              	.LCFI9:
 228              		.cfi_def_cfa_offset 88
ARM GAS  /tmp/cc8lanbs.s 			page 10


 229 0004 1446     		mov	r4, r2
 109:Core/Src/app/initialization.c **** 
 230              		.loc 1 109 5 is_stmt 1 view .LVU39
 111:Core/Src/app/initialization.c ****     raw[1] = len;
 231              		.loc 1 111 5 view .LVU40
 111:Core/Src/app/initialization.c ****     raw[1] = len;
 232              		.loc 1 111 12 is_stmt 0 view .LVU41
 233 0006 8DF80C00 		strb	r0, [sp, #12]
 112:Core/Src/app/initialization.c ****     memcpy(&raw[2], data, len);
 234              		.loc 1 112 5 is_stmt 1 view .LVU42
 112:Core/Src/app/initialization.c ****     memcpy(&raw[2], data, len);
 235              		.loc 1 112 12 is_stmt 0 view .LVU43
 236 000a 8DF80D20 		strb	r2, [sp, #13]
 113:Core/Src/app/initialization.c ****     return HAL_I2C_Master_Transmit(&hi2c3, TPS25750_ADDR, raw,
 237              		.loc 1 113 5 is_stmt 1 view .LVU44
 238 000e 0DF10E00 		add	r0, sp, #14
 239              	.LVL6:
 113:Core/Src/app/initialization.c ****     return HAL_I2C_Master_Transmit(&hi2c3, TPS25750_ADDR, raw,
 240              		.loc 1 113 5 is_stmt 0 view .LVU45
 241 0012 FFF7FEFF 		bl	memcpy
 242              	.LVL7:
 114:Core/Src/app/initialization.c ****                                    (uint16_t)(len + 2u), I2C_TIMEOUT_MS);
 243              		.loc 1 114 5 is_stmt 1 view .LVU46
 114:Core/Src/app/initialization.c ****                                    (uint16_t)(len + 2u), I2C_TIMEOUT_MS);
 244              		.loc 1 114 12 is_stmt 0 view .LVU47
 245 0016 3223     		movs	r3, #50
 246 0018 0093     		str	r3, [sp]
 247 001a A31C     		adds	r3, r4, #2
 248 001c 03AA     		add	r2, sp, #12
 249 001e 4221     		movs	r1, #66
 250 0020 0248     		ldr	r0, .L18
 251 0022 FFF7FEFF 		bl	HAL_I2C_Master_Transmit
 252              	.LVL8:
 116:Core/Src/app/initialization.c **** 
 253              		.loc 1 116 1 view .LVU48
 254 0026 14B0     		add	sp, sp, #80
 255              	.LCFI10:
 256              		.cfi_def_cfa_offset 8
 257              		@ sp needed
 258 0028 10BD     		pop	{r4, pc}
 259              	.LVL9:
 260              	.L19:
 116:Core/Src/app/initialization.c **** 
 261              		.loc 1 116 1 view .LVU49
 262 002a 00BF     		.align	2
 263              	.L18:
 264 002c 00000000 		.word	hi2c3
 265              		.cfi_endproc
 266              	.LFE221:
 268              		.section	.text.tps_read,"ax",%progbits
 269              		.align	1
 270              		.syntax unified
 271              		.thumb
 272              		.thumb_func
 274              	tps_read:
 275              	.LVL10:
 276              	.LFB220:
ARM GAS  /tmp/cc8lanbs.s 			page 11


  90:Core/Src/app/initialization.c ****     uint8_t raw[65];
 277              		.loc 1 90 1 is_stmt 1 view -0
 278              		.cfi_startproc
 279              		@ args = 0, pretend = 0, frame = 80
 280              		@ frame_needed = 0, uses_anonymous_args = 0
  90:Core/Src/app/initialization.c ****     uint8_t raw[65];
 281              		.loc 1 90 1 is_stmt 0 view .LVU51
 282 0000 70B5     		push	{r4, r5, r6, lr}
 283              	.LCFI11:
 284              		.cfi_def_cfa_offset 16
 285              		.cfi_offset 4, -16
 286              		.cfi_offset 5, -12
 287              		.cfi_offset 6, -8
 288              		.cfi_offset 14, -4
 289 0002 96B0     		sub	sp, sp, #88
 290              	.LCFI12:
 291              		.cfi_def_cfa_offset 104
 292 0004 0E46     		mov	r6, r1
 293 0006 1446     		mov	r4, r2
 294 0008 8DF80F00 		strb	r0, [sp, #15]
  91:Core/Src/app/initialization.c **** 
 295              		.loc 1 91 5 is_stmt 1 view .LVU52
  93:Core/Src/app/initialization.c ****                                 I2C_TIMEOUT_MS) != HAL_OK)
 296              		.loc 1 93 5 view .LVU53
  93:Core/Src/app/initialization.c ****                                 I2C_TIMEOUT_MS) != HAL_OK)
 297              		.loc 1 93 9 is_stmt 0 view .LVU54
 298 000c 3223     		movs	r3, #50
 299 000e 0093     		str	r3, [sp]
 300 0010 0123     		movs	r3, #1
 301 0012 0DF10F02 		add	r2, sp, #15
 302              	.LVL11:
  93:Core/Src/app/initialization.c ****                                 I2C_TIMEOUT_MS) != HAL_OK)
 303              		.loc 1 93 9 view .LVU55
 304 0016 4221     		movs	r1, #66
 305              	.LVL12:
  93:Core/Src/app/initialization.c ****                                 I2C_TIMEOUT_MS) != HAL_OK)
 306              		.loc 1 93 9 view .LVU56
 307 0018 0D48     		ldr	r0, .L25
 308              	.LVL13:
  93:Core/Src/app/initialization.c ****                                 I2C_TIMEOUT_MS) != HAL_OK)
 309              		.loc 1 93 9 view .LVU57
 310 001a FFF7FEFF 		bl	HAL_I2C_Master_Transmit
 311              	.LVL14:
  93:Core/Src/app/initialization.c ****                                 I2C_TIMEOUT_MS) != HAL_OK)
 312              		.loc 1 93 8 discriminator 1 view .LVU58
 313 001e 20B1     		cbz	r0, .L21
 314              	.L23:
  95:Core/Src/app/initialization.c ****     if (HAL_I2C_Master_Receive(&hi2c3, TPS25750_ADDR, raw,
 315              		.loc 1 95 16 view .LVU59
 316 0020 0123     		movs	r3, #1
 317 0022 1D46     		mov	r5, r3
 318              	.L22:
 104:Core/Src/app/initialization.c **** 
 319              		.loc 1 104 1 view .LVU60
 320 0024 2846     		mov	r0, r5
 321 0026 16B0     		add	sp, sp, #88
 322              	.LCFI13:
ARM GAS  /tmp/cc8lanbs.s 			page 12


 323              		.cfi_remember_state
 324              		.cfi_def_cfa_offset 16
 325              		@ sp needed
 326 0028 70BD     		pop	{r4, r5, r6, pc}
 327              	.LVL15:
 328              	.L21:
 329              	.LCFI14:
 330              		.cfi_restore_state
  96:Core/Src/app/initialization.c ****                                (uint16_t)(len + 1u),
 331              		.loc 1 96 5 is_stmt 1 view .LVU61
  96:Core/Src/app/initialization.c ****                                (uint16_t)(len + 1u),
 332              		.loc 1 96 9 is_stmt 0 view .LVU62
 333 002a 3223     		movs	r3, #50
 334 002c 0093     		str	r3, [sp]
 335 002e 631C     		adds	r3, r4, #1
 336 0030 05AA     		add	r2, sp, #20
 337 0032 4221     		movs	r1, #66
 338 0034 0648     		ldr	r0, .L25
 339 0036 FFF7FEFF 		bl	HAL_I2C_Master_Receive
 340              	.LVL16:
  96:Core/Src/app/initialization.c ****                                (uint16_t)(len + 1u),
 341              		.loc 1 96 8 discriminator 1 view .LVU63
 342 003a 0546     		mov	r5, r0
 343 003c 0028     		cmp	r0, #0
 344 003e EFD1     		bne	.L23
 102:Core/Src/app/initialization.c ****     return HAL_OK;
 345              		.loc 1 102 5 is_stmt 1 view .LVU64
 346 0040 2246     		mov	r2, r4
 347 0042 0DF11501 		add	r1, sp, #21
 348 0046 3046     		mov	r0, r6
 349 0048 FFF7FEFF 		bl	memcpy
 350              	.LVL17:
 103:Core/Src/app/initialization.c **** }
 351              		.loc 1 103 5 view .LVU65
 103:Core/Src/app/initialization.c **** }
 352              		.loc 1 103 12 is_stmt 0 view .LVU66
 353 004c EAE7     		b	.L22
 354              	.L26:
 355 004e 00BF     		.align	2
 356              	.L25:
 357 0050 00000000 		.word	hi2c3
 358              		.cfi_endproc
 359              	.LFE220:
 361              		.section	.text.tps_cmd,"ax",%progbits
 362              		.align	1
 363              		.syntax unified
 364              		.thumb
 365              		.thumb_func
 367              	tps_cmd:
 368              	.LVL18:
 369              	.LFB222:
 120:Core/Src/app/initialization.c ****     uint32_t t0 = HAL_GetTick();
 370              		.loc 1 120 1 is_stmt 1 view -0
 371              		.cfi_startproc
 372              		@ args = 0, pretend = 0, frame = 16
 373              		@ frame_needed = 0, uses_anonymous_args = 0
 120:Core/Src/app/initialization.c ****     uint32_t t0 = HAL_GetTick();
ARM GAS  /tmp/cc8lanbs.s 			page 13


 374              		.loc 1 120 1 is_stmt 0 view .LVU68
 375 0000 30B5     		push	{r4, r5, lr}
 376              	.LCFI15:
 377              		.cfi_def_cfa_offset 12
 378              		.cfi_offset 4, -12
 379              		.cfi_offset 5, -8
 380              		.cfi_offset 14, -4
 381 0002 85B0     		sub	sp, sp, #20
 382              	.LCFI16:
 383              		.cfi_def_cfa_offset 32
 384 0004 0190     		str	r0, [sp, #4]
 385 0006 0D46     		mov	r5, r1
 121:Core/Src/app/initialization.c ****     uint32_t readback = 0;
 386              		.loc 1 121 5 is_stmt 1 view .LVU69
 121:Core/Src/app/initialization.c ****     uint32_t readback = 0;
 387              		.loc 1 121 19 is_stmt 0 view .LVU70
 388 0008 FFF7FEFF 		bl	HAL_GetTick
 389              	.LVL19:
 121:Core/Src/app/initialization.c ****     uint32_t readback = 0;
 390              		.loc 1 121 19 view .LVU71
 391 000c 0446     		mov	r4, r0
 392              	.LVL20:
 122:Core/Src/app/initialization.c **** 
 393              		.loc 1 122 5 is_stmt 1 view .LVU72
 122:Core/Src/app/initialization.c **** 
 394              		.loc 1 122 14 is_stmt 0 view .LVU73
 395 000e 0023     		movs	r3, #0
 396 0010 0393     		str	r3, [sp, #12]
 124:Core/Src/app/initialization.c ****         return HAL_ERROR;
 397              		.loc 1 124 5 is_stmt 1 view .LVU74
 124:Core/Src/app/initialization.c ****         return HAL_ERROR;
 398              		.loc 1 124 9 is_stmt 0 view .LVU75
 399 0012 0422     		movs	r2, #4
 400 0014 0DEB0201 		add	r1, sp, r2
 401 0018 0820     		movs	r0, #8
 402              	.LVL21:
 124:Core/Src/app/initialization.c ****         return HAL_ERROR;
 403              		.loc 1 124 9 view .LVU76
 404 001a FFF7FEFF 		bl	tps_write
 405              	.LVL22:
 124:Core/Src/app/initialization.c ****         return HAL_ERROR;
 406              		.loc 1 124 8 discriminator 1 view .LVU77
 407 001e A8B9     		cbnz	r0, .L30
 408              	.L28:
 128:Core/Src/app/initialization.c ****         if (tps_read(TPS_REG_CMD1, (uint8_t *)&readback, 4u) != HAL_OK)
 409              		.loc 1 128 5 is_stmt 1 view .LVU78
 129:Core/Src/app/initialization.c ****             return HAL_ERROR;
 410              		.loc 1 129 9 view .LVU79
 129:Core/Src/app/initialization.c ****             return HAL_ERROR;
 411              		.loc 1 129 13 is_stmt 0 view .LVU80
 412 0020 0422     		movs	r2, #4
 413 0022 03A9     		add	r1, sp, #12
 414 0024 0820     		movs	r0, #8
 415 0026 FFF7FEFF 		bl	tps_read
 416              	.LVL23:
 129:Core/Src/app/initialization.c ****             return HAL_ERROR;
 417              		.loc 1 129 12 discriminator 1 view .LVU81
ARM GAS  /tmp/cc8lanbs.s 			page 14


 418 002a 0246     		mov	r2, r0
 419 002c 70B9     		cbnz	r0, .L30
 131:Core/Src/app/initialization.c ****             return HAL_OK;
 420              		.loc 1 131 9 is_stmt 1 view .LVU82
 131:Core/Src/app/initialization.c ****             return HAL_OK;
 421              		.loc 1 131 22 is_stmt 0 view .LVU83
 422 002e 039B     		ldr	r3, [sp, #12]
 131:Core/Src/app/initialization.c ****             return HAL_OK;
 423              		.loc 1 131 12 view .LVU84
 424 0030 6BB1     		cbz	r3, .L29
 133:Core/Src/app/initialization.c ****             return HAL_ERROR;
 425              		.loc 1 133 9 is_stmt 1 view .LVU85
 133:Core/Src/app/initialization.c ****             return HAL_ERROR;
 426              		.loc 1 133 12 is_stmt 0 view .LVU86
 427 0032 084A     		ldr	r2, .L32
 428 0034 9342     		cmp	r3, r2
 429 0036 09D0     		beq	.L30
 135:Core/Src/app/initialization.c ****     } while ((HAL_GetTick() - t0) < timeout_ms);
 430              		.loc 1 135 9 is_stmt 1 view .LVU87
 431 0038 0220     		movs	r0, #2
 432 003a FFF7FEFF 		bl	HAL_Delay
 433              	.LVL24:
 136:Core/Src/app/initialization.c **** 
 434              		.loc 1 136 35 view .LVU88
 136:Core/Src/app/initialization.c **** 
 435              		.loc 1 136 15 is_stmt 0 view .LVU89
 436 003e FFF7FEFF 		bl	HAL_GetTick
 437              	.LVL25:
 136:Core/Src/app/initialization.c **** 
 438              		.loc 1 136 29 discriminator 1 view .LVU90
 439 0042 001B     		subs	r0, r0, r4
 136:Core/Src/app/initialization.c **** 
 440              		.loc 1 136 35 discriminator 1 view .LVU91
 441 0044 A842     		cmp	r0, r5
 442 0046 EBD3     		bcc	.L28
 138:Core/Src/app/initialization.c **** }
 443              		.loc 1 138 12 view .LVU92
 444 0048 0322     		movs	r2, #3
 445 004a 00E0     		b	.L29
 446              	.L30:
 125:Core/Src/app/initialization.c **** 
 447              		.loc 1 125 16 view .LVU93
 448 004c 0122     		movs	r2, #1
 449              	.L29:
 139:Core/Src/app/initialization.c **** 
 450              		.loc 1 139 1 view .LVU94
 451 004e 1046     		mov	r0, r2
 452 0050 05B0     		add	sp, sp, #20
 453              	.LCFI17:
 454              		.cfi_def_cfa_offset 12
 455              		@ sp needed
 456 0052 30BD     		pop	{r4, r5, pc}
 457              	.LVL26:
 458              	.L33:
 139:Core/Src/app/initialization.c **** 
 459              		.loc 1 139 1 view .LVU95
 460              		.align	2
ARM GAS  /tmp/cc8lanbs.s 			page 15


 461              	.L32:
 462 0054 21434D44 		.word	1145914145
 463              		.cfi_endproc
 464              	.LFE222:
 466              		.section	.text.tps_get_mode,"ax",%progbits
 467              		.align	1
 468              		.syntax unified
 469              		.thumb
 470              		.thumb_func
 472              	tps_get_mode:
 473              	.LVL27:
 474              	.LFB223:
 142:Core/Src/app/initialization.c ****     return tps_read(TPS_REG_MODE, (uint8_t *)mode, 4u);
 475              		.loc 1 142 1 is_stmt 1 view -0
 476              		.cfi_startproc
 477              		@ args = 0, pretend = 0, frame = 0
 478              		@ frame_needed = 0, uses_anonymous_args = 0
 142:Core/Src/app/initialization.c ****     return tps_read(TPS_REG_MODE, (uint8_t *)mode, 4u);
 479              		.loc 1 142 1 is_stmt 0 view .LVU97
 480 0000 08B5     		push	{r3, lr}
 481              	.LCFI18:
 482              		.cfi_def_cfa_offset 8
 483              		.cfi_offset 3, -8
 484              		.cfi_offset 14, -4
 485 0002 0146     		mov	r1, r0
 143:Core/Src/app/initialization.c **** }
 486              		.loc 1 143 5 is_stmt 1 view .LVU98
 143:Core/Src/app/initialization.c **** }
 487              		.loc 1 143 12 is_stmt 0 view .LVU99
 488 0004 0422     		movs	r2, #4
 489 0006 0320     		movs	r0, #3
 490              	.LVL28:
 143:Core/Src/app/initialization.c **** }
 491              		.loc 1 143 12 view .LVU100
 492 0008 FFF7FEFF 		bl	tps_read
 493              	.LVL29:
 144:Core/Src/app/initialization.c **** 
 494              		.loc 1 144 1 view .LVU101
 495 000c 08BD     		pop	{r3, pc}
 496              		.cfi_endproc
 497              	.LFE223:
 499              		.section	.text.init_tps25750,"ax",%progbits
 500              		.align	1
 501              		.syntax unified
 502              		.thumb
 503              		.thumb_func
 505              	init_tps25750:
 506              	.LFB224:
 151:Core/Src/app/initialization.c ****     uint32_t mode = 0;
 507              		.loc 1 151 1 is_stmt 1 view -0
 508              		.cfi_startproc
 509              		@ args = 0, pretend = 0, frame = 16
 510              		@ frame_needed = 0, uses_anonymous_args = 0
 511 0000 70B5     		push	{r4, r5, r6, lr}
 512              	.LCFI19:
 513              		.cfi_def_cfa_offset 16
 514              		.cfi_offset 4, -16
ARM GAS  /tmp/cc8lanbs.s 			page 16


 515              		.cfi_offset 5, -12
 516              		.cfi_offset 6, -8
 517              		.cfi_offset 14, -4
 518 0002 86B0     		sub	sp, sp, #24
 519              	.LCFI20:
 520              		.cfi_def_cfa_offset 40
 152:Core/Src/app/initialization.c **** 
 521              		.loc 1 152 5 view .LVU103
 152:Core/Src/app/initialization.c **** 
 522              		.loc 1 152 14 is_stmt 0 view .LVU104
 523 0004 0023     		movs	r3, #0
 524 0006 0593     		str	r3, [sp, #20]
 154:Core/Src/app/initialization.c ****         return INIT_FAILED;
 525              		.loc 1 154 5 is_stmt 1 view .LVU105
 154:Core/Src/app/initialization.c ****         return INIT_FAILED;
 526              		.loc 1 154 9 is_stmt 0 view .LVU106
 527 0008 05A8     		add	r0, sp, #20
 528 000a FFF7FEFF 		bl	tps_get_mode
 529              	.LVL30:
 154:Core/Src/app/initialization.c ****         return INIT_FAILED;
 530              		.loc 1 154 8 discriminator 1 view .LVU107
 531 000e 0028     		cmp	r0, #0
 532 0010 6ED1     		bne	.L47
 533 0012 0346     		mov	r3, r0
 157:Core/Src/app/initialization.c ****         return INIT_OK;             /* already patched (warm reboot) */
 534              		.loc 1 157 5 is_stmt 1 view .LVU108
 157:Core/Src/app/initialization.c ****         return INIT_OK;             /* already patched (warm reboot) */
 535              		.loc 1 157 14 is_stmt 0 view .LVU109
 536 0014 059A     		ldr	r2, [sp, #20]
 157:Core/Src/app/initialization.c ****         return INIT_OK;             /* already patched (warm reboot) */
 537              		.loc 1 157 8 view .LVU110
 538 0016 3749     		ldr	r1, .L52
 539 0018 8A42     		cmp	r2, r1
 540 001a 03D0     		beq	.L37
 160:Core/Src/app/initialization.c ****         return INIT_FAILED;         /* BOOT/unknown: needs investigation */
 541              		.loc 1 160 5 is_stmt 1 view .LVU111
 160:Core/Src/app/initialization.c ****         return INIT_FAILED;         /* BOOT/unknown: needs investigation */
 542              		.loc 1 160 8 is_stmt 0 view .LVU112
 543 001c 364B     		ldr	r3, .L52+4
 544 001e 9A42     		cmp	r2, r3
 545 0020 03D0     		beq	.L38
 546              	.L41:
 161:Core/Src/app/initialization.c **** 
 547              		.loc 1 161 16 view .LVU113
 548 0022 0123     		movs	r3, #1
 549              	.L37:
 215:Core/Src/app/initialization.c **** 
 550              		.loc 1 215 1 view .LVU114
 551 0024 1846     		mov	r0, r3
 552 0026 06B0     		add	sp, sp, #24
 553              	.LCFI21:
 554              		.cfi_remember_state
 555              		.cfi_def_cfa_offset 16
 556              		@ sp needed
 557 0028 70BD     		pop	{r4, r5, r6, pc}
 558              	.L38:
 559              	.LCFI22:
ARM GAS  /tmp/cc8lanbs.s 			page 17


 560              		.cfi_restore_state
 561              	.LBB2:
 170:Core/Src/app/initialization.c ****         d[0] = (uint8_t)(tps25750_bundle_size & 0xFFu);
 562              		.loc 1 170 9 is_stmt 1 view .LVU115
 171:Core/Src/app/initialization.c ****         d[1] = (uint8_t)((tps25750_bundle_size >> 8) & 0xFFu);
 563              		.loc 1 171 9 view .LVU116
 171:Core/Src/app/initialization.c ****         d[1] = (uint8_t)((tps25750_bundle_size >> 8) & 0xFFu);
 564              		.loc 1 171 16 is_stmt 0 view .LVU117
 565 002a 344B     		ldr	r3, .L52+8
 566 002c 1A68     		ldr	r2, [r3]
 567 002e 1646     		mov	r6, r2
 171:Core/Src/app/initialization.c ****         d[1] = (uint8_t)((tps25750_bundle_size >> 8) & 0xFFu);
 568              		.loc 1 171 14 view .LVU118
 569 0030 8DF80C20 		strb	r2, [sp, #12]
 172:Core/Src/app/initialization.c ****         d[2] = (uint8_t)((tps25750_bundle_size >> 16) & 0xFFu);
 570              		.loc 1 172 9 is_stmt 1 view .LVU119
 172:Core/Src/app/initialization.c ****         d[2] = (uint8_t)((tps25750_bundle_size >> 16) & 0xFFu);
 571              		.loc 1 172 16 is_stmt 0 view .LVU120
 572 0034 C2F30723 		ubfx	r3, r2, #8, #8
 172:Core/Src/app/initialization.c ****         d[2] = (uint8_t)((tps25750_bundle_size >> 16) & 0xFFu);
 573              		.loc 1 172 14 view .LVU121
 574 0038 8DF80D30 		strb	r3, [sp, #13]
 173:Core/Src/app/initialization.c ****         d[3] = (uint8_t)((tps25750_bundle_size >> 24) & 0xFFu);
 575              		.loc 1 173 9 is_stmt 1 view .LVU122
 173:Core/Src/app/initialization.c ****         d[3] = (uint8_t)((tps25750_bundle_size >> 24) & 0xFFu);
 576              		.loc 1 173 16 is_stmt 0 view .LVU123
 577 003c C2F30743 		ubfx	r3, r2, #16, #8
 173:Core/Src/app/initialization.c ****         d[3] = (uint8_t)((tps25750_bundle_size >> 24) & 0xFFu);
 578              		.loc 1 173 14 view .LVU124
 579 0040 8DF80E30 		strb	r3, [sp, #14]
 174:Core/Src/app/initialization.c ****         d[4] = TPS_BURST_ADDR_DEFAULT;
 580              		.loc 1 174 9 is_stmt 1 view .LVU125
 174:Core/Src/app/initialization.c ****         d[4] = TPS_BURST_ADDR_DEFAULT;
 581              		.loc 1 174 16 is_stmt 0 view .LVU126
 582 0044 130E     		lsrs	r3, r2, #24
 174:Core/Src/app/initialization.c ****         d[4] = TPS_BURST_ADDR_DEFAULT;
 583              		.loc 1 174 14 view .LVU127
 584 0046 8DF80F30 		strb	r3, [sp, #15]
 175:Core/Src/app/initialization.c ****         d[5] = (uint8_t)(TPS_PATCH_TIMEOUT_MS / 100u);
 585              		.loc 1 175 9 is_stmt 1 view .LVU128
 175:Core/Src/app/initialization.c ****         d[5] = (uint8_t)(TPS_PATCH_TIMEOUT_MS / 100u);
 586              		.loc 1 175 14 is_stmt 0 view .LVU129
 587 004a 4423     		movs	r3, #68
 588 004c 8DF81030 		strb	r3, [sp, #16]
 176:Core/Src/app/initialization.c **** 
 589              		.loc 1 176 9 is_stmt 1 view .LVU130
 176:Core/Src/app/initialization.c **** 
 590              		.loc 1 176 14 is_stmt 0 view .LVU131
 591 0050 1423     		movs	r3, #20
 592 0052 8DF81130 		strb	r3, [sp, #17]
 178:Core/Src/app/initialization.c ****             return INIT_FAILED;
 593              		.loc 1 178 9 is_stmt 1 view .LVU132
 178:Core/Src/app/initialization.c ****             return INIT_FAILED;
 594              		.loc 1 178 13 is_stmt 0 view .LVU133
 595 0056 0622     		movs	r2, #6
 596 0058 03A9     		add	r1, sp, #12
 597 005a 0920     		movs	r0, #9
ARM GAS  /tmp/cc8lanbs.s 			page 18


 598 005c FFF7FEFF 		bl	tps_write
 599              	.LVL31:
 178:Core/Src/app/initialization.c ****             return INIT_FAILED;
 600              		.loc 1 178 12 discriminator 1 view .LVU134
 601 0060 0028     		cmp	r0, #0
 602 0062 DED1     		bne	.L41
 180:Core/Src/app/initialization.c ****             return INIT_FAILED;
 603              		.loc 1 180 9 is_stmt 1 view .LVU135
 180:Core/Src/app/initialization.c ****             return INIT_FAILED;
 604              		.loc 1 180 13 is_stmt 0 view .LVU136
 605 0064 C821     		movs	r1, #200
 606 0066 2648     		ldr	r0, .L52+12
 607 0068 FFF7FEFF 		bl	tps_cmd
 608              	.LVL32:
 180:Core/Src/app/initialization.c ****             return INIT_FAILED;
 609              		.loc 1 180 12 discriminator 1 view .LVU137
 610 006c 0028     		cmp	r0, #0
 611 006e D8D1     		bne	.L41
 612              	.LBE2:
 613              	.LBB3:
 186:Core/Src/app/initialization.c ****         while (off < tps25750_bundle_size) {
 614              		.loc 1 186 9 is_stmt 1 view .LVU138
 615              	.LVL33:
 187:Core/Src/app/initialization.c ****             uint16_t n = (uint16_t)((tps25750_bundle_size - off) > TPS_BURST_CHUNK
 616              		.loc 1 187 9 view .LVU139
 186:Core/Src/app/initialization.c ****         while (off < tps25750_bundle_size) {
 617              		.loc 1 186 18 is_stmt 0 view .LVU140
 618 0070 0446     		mov	r4, r0
 187:Core/Src/app/initialization.c ****             uint16_t n = (uint16_t)((tps25750_bundle_size - off) > TPS_BURST_CHUNK
 619              		.loc 1 187 15 view .LVU141
 620 0072 0DE0     		b	.L40
 621              	.LVL34:
 622              	.L48:
 623              	.LBB4:
 188:Core/Src/app/initialization.c ****                                     ? TPS_BURST_CHUNK
 624              		.loc 1 188 22 discriminator 2 view .LVU142
 625 0074 4FF48073 		mov	r3, #256
 626 0078 1D46     		mov	r5, r3
 627              	.L42:
 628              	.LVL35:
 191:Core/Src/app/initialization.c ****                                         (uint8_t *)&tps25750_bundle[off], n,
 629              		.loc 1 191 13 is_stmt 1 view .LVU143
 191:Core/Src/app/initialization.c ****                                         (uint8_t *)&tps25750_bundle[off], n,
 630              		.loc 1 191 17 is_stmt 0 view .LVU144
 631 007a 3223     		movs	r3, #50
 632 007c 0093     		str	r3, [sp]
 633 007e 2B46     		mov	r3, r5
 634 0080 204A     		ldr	r2, .L52+16
 635 0082 2244     		add	r2, r2, r4
 636 0084 4421     		movs	r1, #68
 637 0086 2048     		ldr	r0, .L52+20
 638 0088 FFF7FEFF 		bl	HAL_I2C_Master_Transmit
 639              	.LVL36:
 191:Core/Src/app/initialization.c ****                                         (uint8_t *)&tps25750_bundle[off], n,
 640              		.loc 1 191 16 discriminator 1 view .LVU145
 641 008c 60B9     		cbnz	r0, .L50
 197:Core/Src/app/initialization.c ****         }
ARM GAS  /tmp/cc8lanbs.s 			page 19


 642              		.loc 1 197 13 is_stmt 1 view .LVU146
 197:Core/Src/app/initialization.c ****         }
 643              		.loc 1 197 17 is_stmt 0 view .LVU147
 644 008e 2C44     		add	r4, r4, r5
 645              	.LVL37:
 646              	.L40:
 197:Core/Src/app/initialization.c ****         }
 647              		.loc 1 197 17 view .LVU148
 648              	.LBE4:
 187:Core/Src/app/initialization.c ****             uint16_t n = (uint16_t)((tps25750_bundle_size - off) > TPS_BURST_CHUNK
 649              		.loc 1 187 20 is_stmt 1 discriminator 1 view .LVU149
 650 0090 A642     		cmp	r6, r4
 651 0092 0ED9     		bls	.L51
 652              	.LBB5:
 188:Core/Src/app/initialization.c ****                                     ? TPS_BURST_CHUNK
 653              		.loc 1 188 13 view .LVU150
 188:Core/Src/app/initialization.c ****                                     ? TPS_BURST_CHUNK
 654              		.loc 1 188 59 is_stmt 0 view .LVU151
 655 0094 331B     		subs	r3, r6, r4
 188:Core/Src/app/initialization.c ****                                     ? TPS_BURST_CHUNK
 656              		.loc 1 188 26 view .LVU152
 657 0096 B3F5807F 		cmp	r3, #256
 658 009a EBD8     		bhi	.L48
 190:Core/Src/app/initialization.c ****             if (HAL_I2C_Master_Transmit(&hi2c3, TPS_BURST_ADDR_DEFAULT,
 659              		.loc 1 190 61 view .LVU153
 660 009c B3B2     		uxth	r3, r6
 661 009e A2B2     		uxth	r2, r4
 188:Core/Src/app/initialization.c ****                                     ? TPS_BURST_CHUNK
 662              		.loc 1 188 22 discriminator 1 view .LVU154
 663 00a0 9B1A     		subs	r3, r3, r2
 664 00a2 9BB2     		uxth	r3, r3
 665 00a4 1D46     		mov	r5, r3
 666              	.LVL38:
 188:Core/Src/app/initialization.c ****                                     ? TPS_BURST_CHUNK
 667              		.loc 1 188 22 discriminator 1 view .LVU155
 668 00a6 E8E7     		b	.L42
 669              	.L50:
 194:Core/Src/app/initialization.c ****                 return INIT_FAILED;
 670              		.loc 1 194 17 is_stmt 1 view .LVU156
 194:Core/Src/app/initialization.c ****                 return INIT_FAILED;
 671              		.loc 1 194 23 is_stmt 0 view .LVU157
 672 00a8 C821     		movs	r1, #200
 673 00aa 1848     		ldr	r0, .L52+24
 674 00ac FFF7FEFF 		bl	tps_cmd
 675              	.LVL39:
 195:Core/Src/app/initialization.c ****             }
 676              		.loc 1 195 17 is_stmt 1 view .LVU158
 195:Core/Src/app/initialization.c ****             }
 677              		.loc 1 195 24 is_stmt 0 view .LVU159
 678 00b0 B7E7     		b	.L41
 679              	.LVL40:
 680              	.L51:
 195:Core/Src/app/initialization.c ****             }
 681              		.loc 1 195 24 view .LVU160
 682              	.LBE5:
 683              	.LBE3:
 202:Core/Src/app/initialization.c ****         return INIT_FAILED;
ARM GAS  /tmp/cc8lanbs.s 			page 20


 684              		.loc 1 202 5 is_stmt 1 view .LVU161
 202:Core/Src/app/initialization.c ****         return INIT_FAILED;
 685              		.loc 1 202 9 is_stmt 0 view .LVU162
 686 00b2 4FF47A71 		mov	r1, #1000
 687 00b6 1648     		ldr	r0, .L52+28
 688 00b8 FFF7FEFF 		bl	tps_cmd
 689              	.LVL41:
 202:Core/Src/app/initialization.c ****         return INIT_FAILED;
 690              		.loc 1 202 8 discriminator 1 view .LVU163
 691 00bc 0028     		cmp	r0, #0
 692 00be B0D1     		bne	.L41
 693              	.LBB6:
 206:Core/Src/app/initialization.c ****         do {
 694              		.loc 1 206 9 is_stmt 1 view .LVU164
 206:Core/Src/app/initialization.c ****         do {
 695              		.loc 1 206 23 is_stmt 0 view .LVU165
 696 00c0 FFF7FEFF 		bl	HAL_GetTick
 697              	.LVL42:
 698 00c4 0446     		mov	r4, r0
 699              	.LVL43:
 206:Core/Src/app/initialization.c ****         do {
 700              		.loc 1 206 23 view .LVU166
 701 00c6 08E0     		b	.L46
 702              	.LVL44:
 703              	.L45:
 210:Core/Src/app/initialization.c ****         } while ((HAL_GetTick() - t0) < 500u);
 704              		.loc 1 210 13 is_stmt 1 view .LVU167
 705 00c8 0A20     		movs	r0, #10
 706 00ca FFF7FEFF 		bl	HAL_Delay
 707              	.LVL45:
 211:Core/Src/app/initialization.c ****     }
 708              		.loc 1 211 39 view .LVU168
 211:Core/Src/app/initialization.c ****     }
 709              		.loc 1 211 19 is_stmt 0 view .LVU169
 710 00ce FFF7FEFF 		bl	HAL_GetTick
 711              	.LVL46:
 211:Core/Src/app/initialization.c ****     }
 712              		.loc 1 211 33 discriminator 1 view .LVU170
 713 00d2 001B     		subs	r0, r0, r4
 211:Core/Src/app/initialization.c ****     }
 714              		.loc 1 211 39 discriminator 1 view .LVU171
 715 00d4 B0F5FA7F 		cmp	r0, #500
 716 00d8 A3D2     		bcs	.L41
 717              	.L46:
 207:Core/Src/app/initialization.c ****             if (tps_get_mode(&mode) == HAL_OK && mode == TPS_MODE_APP)
 718              		.loc 1 207 9 is_stmt 1 view .LVU172
 208:Core/Src/app/initialization.c ****                 return INIT_OK;
 719              		.loc 1 208 13 view .LVU173
 208:Core/Src/app/initialization.c ****                 return INIT_OK;
 720              		.loc 1 208 17 is_stmt 0 view .LVU174
 721 00da 05A8     		add	r0, sp, #20
 722 00dc FFF7FEFF 		bl	tps_get_mode
 723              	.LVL47:
 208:Core/Src/app/initialization.c ****                 return INIT_OK;
 724              		.loc 1 208 16 discriminator 1 view .LVU175
 725 00e0 0346     		mov	r3, r0
 726 00e2 0028     		cmp	r0, #0
ARM GAS  /tmp/cc8lanbs.s 			page 21


 727 00e4 F0D1     		bne	.L45
 208:Core/Src/app/initialization.c ****                 return INIT_OK;
 728              		.loc 1 208 47 discriminator 2 view .LVU176
 729 00e6 0599     		ldr	r1, [sp, #20]
 730 00e8 024A     		ldr	r2, .L52
 731 00ea 9142     		cmp	r1, r2
 732 00ec ECD1     		bne	.L45
 733 00ee 99E7     		b	.L37
 734              	.LVL48:
 735              	.L47:
 208:Core/Src/app/initialization.c ****                 return INIT_OK;
 736              		.loc 1 208 47 discriminator 2 view .LVU177
 737              	.LBE6:
 155:Core/Src/app/initialization.c **** 
 738              		.loc 1 155 16 view .LVU178
 739 00f0 0123     		movs	r3, #1
 740 00f2 97E7     		b	.L37
 741              	.L53:
 742              		.align	2
 743              	.L52:
 744 00f4 41505020 		.word	542134337
 745 00f8 50544348 		.word	1212372048
 746 00fc 00000000 		.word	tps25750_bundle_size
 747 0100 50424D73 		.word	1934443088
 748 0104 00000000 		.word	tps25750_bundle
 749 0108 00000000 		.word	hi2c3
 750 010c 50424D65 		.word	1699562064
 751 0110 50424D63 		.word	1666007632
 752              		.cfi_endproc
 753              	.LFE224:
 755              		.section	.text.System_Initialization,"ax",%progbits
 756              		.align	1
 757              		.global	System_Initialization
 758              		.syntax unified
 759              		.thumb
 760              		.thumb_func
 762              	System_Initialization:
 763              	.LFB227:
 264:Core/Src/app/initialization.c **** 
 265:Core/Src/app/initialization.c **** /* =========================================================
 266:Core/Src/app/initialization.c ****  * Step table and runner
 267:Core/Src/app/initialization.c ****  * ========================================================= */
 268:Core/Src/app/initialization.c **** 
 269:Core/Src/app/initialization.c **** typedef InitStatus_t (*InitFn_t)(void);
 270:Core/Src/app/initialization.c **** 
 271:Core/Src/app/initialization.c **** typedef struct {
 272:Core/Src/app/initialization.c ****     const char *name;
 273:Core/Src/app/initialization.c ****     InitFn_t   fn;
 274:Core/Src/app/initialization.c ****     uint8_t     critical;
 275:Core/Src/app/initialization.c **** } InitStep_t;
 276:Core/Src/app/initialization.c **** 
 277:Core/Src/app/initialization.c **** static InitReport_t report[3] = {
 278:Core/Src/app/initialization.c ****     { "TPS25750", INIT_NOT_RUN, 1u },
 279:Core/Src/app/initialization.c ****     { "INA3221",  INIT_NOT_RUN, 0u },
 280:Core/Src/app/initialization.c ****     { "STPD01",   INIT_NOT_RUN, 0u },
 281:Core/Src/app/initialization.c **** };
 282:Core/Src/app/initialization.c **** 
ARM GAS  /tmp/cc8lanbs.s 			page 22


 283:Core/Src/app/initialization.c **** static const InitStep_t steps[3] = {
 284:Core/Src/app/initialization.c ****     { "TPS25750", init_tps25750, 1u },
 285:Core/Src/app/initialization.c ****     { "INA3221",  init_ina3221,  0u },
 286:Core/Src/app/initialization.c ****     { "STPD01",   init_stpd01,   0u },
 287:Core/Src/app/initialization.c **** };
 288:Core/Src/app/initialization.c **** 
 289:Core/Src/app/initialization.c **** uint8_t System_Initialization(void)
 290:Core/Src/app/initialization.c **** {
 764              		.loc 1 290 1 is_stmt 1 view -0
 765              		.cfi_startproc
 766              		@ args = 0, pretend = 0, frame = 0
 767              		@ frame_needed = 0, uses_anonymous_args = 0
 768 0000 F8B5     		push	{r3, r4, r5, r6, r7, lr}
 769              	.LCFI23:
 770              		.cfi_def_cfa_offset 24
 771              		.cfi_offset 3, -24
 772              		.cfi_offset 4, -20
 773              		.cfi_offset 5, -16
 774              		.cfi_offset 6, -12
 775              		.cfi_offset 7, -8
 776              		.cfi_offset 14, -4
 291:Core/Src/app/initialization.c ****     uint8_t failed = 0;
 777              		.loc 1 291 5 view .LVU180
 778              	.LVL49:
 292:Core/Src/app/initialization.c **** 
 293:Core/Src/app/initialization.c ****     for (uint8_t i = 0; i < 3u; i++) {
 779              		.loc 1 293 5 view .LVU181
 780              	.LBB7:
 781              		.loc 1 293 10 view .LVU182
 782              		.loc 1 293 18 is_stmt 0 view .LVU183
 783 0002 0024     		movs	r4, #0
 784              	.LBE7:
 291:Core/Src/app/initialization.c ****     uint8_t failed = 0;
 785              		.loc 1 291 13 view .LVU184
 786 0004 2646     		mov	r6, r4
 787              	.LBB12:
 788              		.loc 1 293 5 view .LVU185
 789 0006 08E0     		b	.L55
 790              	.LVL50:
 791              	.L56:
 792              	.LBB8:
 294:Core/Src/app/initialization.c ****         InitStatus_t st = INIT_FAILED;
 295:Core/Src/app/initialization.c **** 
 296:Core/Src/app/initialization.c ****         for (uint8_t attempt = 0; attempt < STEP_RETRIES; attempt++) {
 297:Core/Src/app/initialization.c ****             st = steps[i].fn();
 298:Core/Src/app/initialization.c ****             if (st == INIT_OK)
 299:Core/Src/app/initialization.c ****                 break;
 300:Core/Src/app/initialization.c ****             HAL_Delay(20);
 301:Core/Src/app/initialization.c ****         }
 302:Core/Src/app/initialization.c **** 
 303:Core/Src/app/initialization.c ****         report[i].status = st;
 793              		.loc 1 303 9 is_stmt 1 view .LVU186
 794              		.loc 1 303 26 is_stmt 0 view .LVU187
 795 0008 104B     		ldr	r3, .L63
 796 000a 03EBC403 		add	r3, r3, r4, lsl #3
 797 000e 1F71     		strb	r7, [r3, #4]
 304:Core/Src/app/initialization.c ****         if (st != INIT_OK)
ARM GAS  /tmp/cc8lanbs.s 			page 23


 798              		.loc 1 304 9 is_stmt 1 view .LVU188
 799              		.loc 1 304 12 is_stmt 0 view .LVU189
 800 0010 0FB1     		cbz	r7, .L58
 305:Core/Src/app/initialization.c ****             failed++;
 801              		.loc 1 305 13 is_stmt 1 view .LVU190
 802              		.loc 1 305 19 is_stmt 0 view .LVU191
 803 0012 0136     		adds	r6, r6, #1
 804              	.LVL51:
 805              		.loc 1 305 19 view .LVU192
 806 0014 F6B2     		uxtb	r6, r6
 807              	.L58:
 808              	.LVL52:
 809              		.loc 1 305 19 view .LVU193
 810              	.LBE8:
 293:Core/Src/app/initialization.c ****         InitStatus_t st = INIT_FAILED;
 811              		.loc 1 293 34 is_stmt 1 discriminator 1 view .LVU194
 812 0016 0134     		adds	r4, r4, #1
 813              	.LVL53:
 293:Core/Src/app/initialization.c ****         InitStatus_t st = INIT_FAILED;
 814              		.loc 1 293 34 is_stmt 0 discriminator 1 view .LVU195
 815 0018 E4B2     		uxtb	r4, r4
 816              	.LVL54:
 817              	.L55:
 293:Core/Src/app/initialization.c ****         InitStatus_t st = INIT_FAILED;
 818              		.loc 1 293 27 is_stmt 1 discriminator 2 view .LVU196
 819 001a 022C     		cmp	r4, #2
 820 001c 13D8     		bhi	.L62
 821              	.LBB11:
 822              	.LBB9:
 296:Core/Src/app/initialization.c ****             st = steps[i].fn();
 823              		.loc 1 296 22 is_stmt 0 view .LVU197
 824 001e 0025     		movs	r5, #0
 825              	.LBE9:
 294:Core/Src/app/initialization.c **** 
 826              		.loc 1 294 22 view .LVU198
 827 0020 0127     		movs	r7, #1
 828              	.L59:
 829              	.LVL55:
 830              	.LBB10:
 296:Core/Src/app/initialization.c ****             st = steps[i].fn();
 831              		.loc 1 296 43 is_stmt 1 discriminator 2 view .LVU199
 832 0022 012D     		cmp	r5, #1
 833 0024 F0D8     		bhi	.L56
 297:Core/Src/app/initialization.c ****             if (st == INIT_OK)
 834              		.loc 1 297 13 view .LVU200
 297:Core/Src/app/initialization.c ****             if (st == INIT_OK)
 835              		.loc 1 297 26 is_stmt 0 view .LVU201
 836 0026 04EB4402 		add	r2, r4, r4, lsl #1
 837 002a 094B     		ldr	r3, .L63+4
 838 002c 03EB8203 		add	r3, r3, r2, lsl #2
 839 0030 5B68     		ldr	r3, [r3, #4]
 297:Core/Src/app/initialization.c ****             if (st == INIT_OK)
 840              		.loc 1 297 18 view .LVU202
 841 0032 9847     		blx	r3
 842              	.LVL56:
 298:Core/Src/app/initialization.c ****                 break;
 843              		.loc 1 298 13 is_stmt 1 view .LVU203
ARM GAS  /tmp/cc8lanbs.s 			page 24


 298:Core/Src/app/initialization.c ****                 break;
 844              		.loc 1 298 16 is_stmt 0 view .LVU204
 845 0034 0746     		mov	r7, r0
 846 0036 0028     		cmp	r0, #0
 847 0038 E6D0     		beq	.L56
 300:Core/Src/app/initialization.c ****         }
 848              		.loc 1 300 13 is_stmt 1 view .LVU205
 849 003a 1420     		movs	r0, #20
 850              	.LVL57:
 300:Core/Src/app/initialization.c ****         }
 851              		.loc 1 300 13 is_stmt 0 view .LVU206
 852 003c FFF7FEFF 		bl	HAL_Delay
 853              	.LVL58:
 296:Core/Src/app/initialization.c ****             st = steps[i].fn();
 854              		.loc 1 296 66 is_stmt 1 discriminator 1 view .LVU207
 855 0040 0135     		adds	r5, r5, #1
 856              	.LVL59:
 296:Core/Src/app/initialization.c ****             st = steps[i].fn();
 857              		.loc 1 296 66 is_stmt 0 discriminator 1 view .LVU208
 858 0042 EDB2     		uxtb	r5, r5
 859              	.LVL60:
 296:Core/Src/app/initialization.c ****             st = steps[i].fn();
 860              		.loc 1 296 66 discriminator 1 view .LVU209
 861 0044 EDE7     		b	.L59
 862              	.LVL61:
 863              	.L62:
 296:Core/Src/app/initialization.c ****             st = steps[i].fn();
 864              		.loc 1 296 66 discriminator 1 view .LVU210
 865              	.LBE10:
 866              	.LBE11:
 867              	.LBE12:
 306:Core/Src/app/initialization.c ****         /* Non-critical failures degrade, critical ones too: the boot
 307:Core/Src/app/initialization.c ****          * always continues so the UI can display what went wrong. */
 308:Core/Src/app/initialization.c ****     }
 309:Core/Src/app/initialization.c **** 
 310:Core/Src/app/initialization.c ****     return failed;
 868              		.loc 1 310 5 is_stmt 1 view .LVU211
 311:Core/Src/app/initialization.c **** }
 869              		.loc 1 311 1 is_stmt 0 view .LVU212
 870 0046 3046     		mov	r0, r6
 871 0048 F8BD     		pop	{r3, r4, r5, r6, r7, pc}
 872              	.LVL62:
 873              	.L64:
 874              		.loc 1 311 1 view .LVU213
 875 004a 00BF     		.align	2
 876              	.L63:
 877 004c 00000000 		.word	report
 878 0050 00000000 		.word	steps
 879              		.cfi_endproc
 880              	.LFE227:
 882              		.section	.text.Init_GetReport,"ax",%progbits
 883              		.align	1
 884              		.global	Init_GetReport
 885              		.syntax unified
 886              		.thumb
 887              		.thumb_func
 889              	Init_GetReport:
ARM GAS  /tmp/cc8lanbs.s 			page 25


 890              	.LVL63:
 891              	.LFB228:
 312:Core/Src/app/initialization.c **** 
 313:Core/Src/app/initialization.c **** const InitReport_t *Init_GetReport(uint8_t *count)
 314:Core/Src/app/initialization.c **** {
 892              		.loc 1 314 1 is_stmt 1 view -0
 893              		.cfi_startproc
 894              		@ args = 0, pretend = 0, frame = 0
 895              		@ frame_needed = 0, uses_anonymous_args = 0
 896              		@ link register save eliminated.
 315:Core/Src/app/initialization.c ****     if (count != NULL)
 897              		.loc 1 315 5 view .LVU215
 898              		.loc 1 315 8 is_stmt 0 view .LVU216
 899 0000 08B1     		cbz	r0, .L66
 316:Core/Src/app/initialization.c ****         *count = 3u;
 900              		.loc 1 316 9 is_stmt 1 view .LVU217
 901              		.loc 1 316 16 is_stmt 0 view .LVU218
 902 0002 0322     		movs	r2, #3
 903 0004 0270     		strb	r2, [r0]
 904              	.L66:
 317:Core/Src/app/initialization.c ****     return report;
 905              		.loc 1 317 5 is_stmt 1 view .LVU219
 318:Core/Src/app/initialization.c **** }
 906              		.loc 1 318 1 is_stmt 0 view .LVU220
 907 0006 0148     		ldr	r0, .L67
 908              	.LVL64:
 909              		.loc 1 318 1 view .LVU221
 910 0008 7047     		bx	lr
 911              	.L68:
 912 000a 00BF     		.align	2
 913              	.L67:
 914 000c 00000000 		.word	report
 915              		.cfi_endproc
 916              	.LFE228:
 918              		.section	.rodata.str1.4,"aMS",%progbits,1
 919              		.align	2
 920              	.LC1:
 921 0000 54505332 		.ascii	"TPS25750\000"
 921      35373530 
 921      00
 922 0009 000000   		.align	2
 923              	.LC2:
 924 000c 494E4133 		.ascii	"INA3221\000"
 924      32323100 
 925              		.align	2
 926              	.LC3:
 927 0014 53545044 		.ascii	"STPD01\000"
 927      303100
 928              		.section	.rodata.steps,"a"
 929              		.align	2
 932              	steps:
 933 0000 00000000 		.word	.LC1
 934 0004 00000000 		.word	init_tps25750
 935 0008 01       		.byte	1
 936 0009 000000   		.space	3
 937 000c 0C000000 		.word	.LC2
 938 0010 00000000 		.word	init_ina3221
ARM GAS  /tmp/cc8lanbs.s 			page 26


 939 0014 00       		.byte	0
 940 0015 000000   		.space	3
 941 0018 14000000 		.word	.LC3
 942 001c 00000000 		.word	init_stpd01
 943 0020 00       		.byte	0
 944 0021 000000   		.space	3
 945              		.section	.data.report,"aw"
 946              		.align	2
 949              	report:
 950 0000 00000000 		.word	.LC1
 951 0004 03       		.byte	3
 952 0005 01       		.byte	1
 953 0006 0000     		.space	2
 954 0008 0C000000 		.word	.LC2
 955 000c 03       		.byte	3
 956 000d 00       		.byte	0
 957 000e 0000     		.space	2
 958 0010 14000000 		.word	.LC3
 959 0014 03       		.byte	3
 960 0015 00       		.byte	0
 961 0016 0000     		.space	2
 962              		.section	.rodata
 963              		.align	2
 964              		.set	.LANCHOR0,. + 0
 965              	.LC0:
 966 0000 006527   		.ascii	"\000e'"
 967              		.text
 968              	.Letext0:
 969              		.file 2 "/usr/arm-none-eabi/include/machine/_default_types.h"
 970              		.file 3 "/usr/arm-none-eabi/include/sys/_stdint.h"
 971              		.file 4 "Core/Inc/app/initialization.h"
 972              		.file 5 "Drivers/CMSIS/Device/ST/STM32F4xx/Include/stm32f401xc.h"
 973              		.file 6 "Drivers/STM32F4xx_HAL_Driver/Inc/stm32f4xx_hal_def.h"
 974              		.file 7 "Drivers/STM32F4xx_HAL_Driver/Inc/stm32f4xx_hal_dma.h"
 975              		.file 8 "Drivers/STM32F4xx_HAL_Driver/Inc/stm32f4xx_hal_i2c.h"
 976              		.file 9 "Core/Inc/i2c.h"
 977              		.file 10 "/usr/arm-none-eabi/include/string.h"
 978              		.file 11 "Drivers/STM32F4xx_HAL_Driver/Inc/stm32f4xx_hal.h"
 979              		.file 12 "<built-in>"
ARM GAS  /tmp/cc8lanbs.s 			page 27


DEFINED SYMBOLS
                            *ABS*:00000000 initialization.c
     /tmp/cc8lanbs.s:21     .text.init_stpd01:00000000 $t
     /tmp/cc8lanbs.s:26     .text.init_stpd01:00000000 init_stpd01
     /tmp/cc8lanbs.s:109    .text.init_stpd01:00000060 $d
     /tmp/cc8lanbs.s:114    .text.init_ina3221:00000000 $t
     /tmp/cc8lanbs.s:119    .text.init_ina3221:00000000 init_ina3221
     /tmp/cc8lanbs.s:202    .text.init_ina3221:00000064 $d
     /tmp/cc8lanbs.s:208    .text.tps_write:00000000 $t
     /tmp/cc8lanbs.s:213    .text.tps_write:00000000 tps_write
     /tmp/cc8lanbs.s:264    .text.tps_write:0000002c $d
     /tmp/cc8lanbs.s:269    .text.tps_read:00000000 $t
     /tmp/cc8lanbs.s:274    .text.tps_read:00000000 tps_read
     /tmp/cc8lanbs.s:357    .text.tps_read:00000050 $d
     /tmp/cc8lanbs.s:362    .text.tps_cmd:00000000 $t
     /tmp/cc8lanbs.s:367    .text.tps_cmd:00000000 tps_cmd
     /tmp/cc8lanbs.s:462    .text.tps_cmd:00000054 $d
     /tmp/cc8lanbs.s:467    .text.tps_get_mode:00000000 $t
     /tmp/cc8lanbs.s:472    .text.tps_get_mode:00000000 tps_get_mode
     /tmp/cc8lanbs.s:500    .text.init_tps25750:00000000 $t
     /tmp/cc8lanbs.s:505    .text.init_tps25750:00000000 init_tps25750
     /tmp/cc8lanbs.s:744    .text.init_tps25750:000000f4 $d
     /tmp/cc8lanbs.s:756    .text.System_Initialization:00000000 $t
     /tmp/cc8lanbs.s:762    .text.System_Initialization:00000000 System_Initialization
     /tmp/cc8lanbs.s:877    .text.System_Initialization:0000004c $d
     /tmp/cc8lanbs.s:949    .data.report:00000000 report
     /tmp/cc8lanbs.s:932    .rodata.steps:00000000 steps
     /tmp/cc8lanbs.s:883    .text.Init_GetReport:00000000 $t
     /tmp/cc8lanbs.s:889    .text.Init_GetReport:00000000 Init_GetReport
     /tmp/cc8lanbs.s:914    .text.Init_GetReport:0000000c $d
     /tmp/cc8lanbs.s:919    .rodata.str1.4:00000000 $d
     /tmp/cc8lanbs.s:929    .rodata.steps:00000000 $d
     /tmp/cc8lanbs.s:946    .data.report:00000000 $d
     /tmp/cc8lanbs.s:963    .rodata:00000000 $d

UNDEFINED SYMBOLS
HAL_I2C_Master_Transmit
hi2c1
HAL_I2C_Mem_Read
memcpy
hi2c3
HAL_I2C_Master_Receive
HAL_GetTick
HAL_Delay
tps25750_bundle_size
tps25750_bundle
