ARM GAS  /tmp/ccQ9amwR.s 			page 1


   1              		.cpu cortex-m4
   2              		.arch armv7e-m
   3              		.fpu fpv4-sp-d16
   4              		.eabi_attribute 27, 1
   5              		.eabi_attribute 28, 1
   6              		.eabi_attribute 20, 1
   7              		.eabi_attribute 21, 1
   8              		.eabi_attribute 23, 3
   9              		.eabi_attribute 24, 1
  10              		.eabi_attribute 25, 1
  11              		.eabi_attribute 26, 1
  12              		.eabi_attribute 30, 1
  13              		.eabi_attribute 34, 1
  14              		.eabi_attribute 18, 4
  15              		.file	"widgets.c"
  16              		.text
  17              	.Ltext0:
  18              		.cfi_sections	.debug_frame
  19              		.file 1 "Core/Src/ui/widgets.c"
  20              		.section	.text.battery_color,"ax",%progbits
  21              		.align	1
  22              		.syntax unified
  23              		.thumb
  24              		.thumb_func
  26              	battery_color:
  27              	.LVL0:
  28              	.LFB223:
   1:Core/Src/ui/widgets.c **** /**
   2:Core/Src/ui/widgets.c ****  * @file    widgets.c
   3:Core/Src/ui/widgets.c ****  * @brief   small reusable drawings: battery, graphs, rows, buttons, icons.
   4:Core/Src/ui/widgets.c ****  */
   5:Core/Src/ui/widgets.c **** 
   6:Core/Src/ui/widgets.c **** #include "ui/widgets.h"
   7:Core/Src/ui/widgets.c **** #include "ui/screens.h"     /* battery_color_pub() */
   8:Core/Src/ui/widgets.c **** #include "app/telemetry.h"
   9:Core/Src/ui/widgets.c **** #include <stdio.h>    /* snprintf */
  10:Core/Src/ui/widgets.c **** #include <string.h>   /* strlen   */
  11:Core/Src/ui/widgets.c **** 
  12:Core/Src/ui/widgets.c **** /* =========================================================
  13:Core/Src/ui/widgets.c ****  * PRIVATE HELPERS
  14:Core/Src/ui/widgets.c ****  * ========================================================= */
  15:Core/Src/ui/widgets.c **** 
  16:Core/Src/ui/widgets.c **** /**
  17:Core/Src/ui/widgets.c ****  * @brief  Local wrapper around battery_color_pub() from screens.c.
  18:Core/Src/ui/widgets.c ****  *         Avoids duplicating the colour logic here.
  19:Core/Src/ui/widgets.c ****  */
  20:Core/Src/ui/widgets.c **** static uint16_t battery_color(uint8_t pct)
  21:Core/Src/ui/widgets.c **** {
  29              		.loc 1 21 1 view -0
  30              		.cfi_startproc
  31              		@ args = 0, pretend = 0, frame = 0
  32              		@ frame_needed = 0, uses_anonymous_args = 0
  33              		.loc 1 21 1 is_stmt 0 view .LVU1
  34 0000 08B5     		push	{r3, lr}
  35              	.LCFI0:
  36              		.cfi_def_cfa_offset 8
  37              		.cfi_offset 3, -8
ARM GAS  /tmp/ccQ9amwR.s 			page 2


  38              		.cfi_offset 14, -4
  22:Core/Src/ui/widgets.c ****     return battery_color_pub(pct);
  39              		.loc 1 22 5 is_stmt 1 view .LVU2
  40              		.loc 1 22 12 is_stmt 0 view .LVU3
  41 0002 FFF7FEFF 		bl	battery_color_pub
  42              	.LVL1:
  23:Core/Src/ui/widgets.c **** }
  43              		.loc 1 23 1 view .LVU4
  44 0006 08BD     		pop	{r3, pc}
  45              		.cfi_endproc
  46              	.LFE223:
  48              		.section	.text.Widget_BatteryBar_Update,"ax",%progbits
  49              		.align	1
  50              		.global	Widget_BatteryBar_Update
  51              		.syntax unified
  52              		.thumb
  53              		.thumb_func
  55              	Widget_BatteryBar_Update:
  56              	.LVL2:
  57              	.LFB225:
  24:Core/Src/ui/widgets.c **** 
  25:Core/Src/ui/widgets.c **** /* =========================================================
  26:Core/Src/ui/widgets.c ****  * WIDGET: BATTERY BAR
  27:Core/Src/ui/widgets.c ****  * ========================================================= */
  28:Core/Src/ui/widgets.c **** 
  29:Core/Src/ui/widgets.c **** void Widget_BatteryBar_Draw(uint16_t x, uint16_t y, uint16_t w, uint16_t h, uint8_t pct)
  30:Core/Src/ui/widgets.c **** {
  31:Core/Src/ui/widgets.c ****     /* battery shape: round body, 2 px border, nub on right side.
  32:Core/Src/ui/widgets.c ****      * last 8 px of `w` belong to nub. */
  33:Core/Src/ui/widgets.c ****     uint16_t body_w = w - 8;
  34:Core/Src/ui/widgets.c **** 
  35:Core/Src/ui/widgets.c ****     GFX_DrawRoundRect(x,     y,     body_w,     h,     4, COLOR_LIGHTGRAY);
  36:Core/Src/ui/widgets.c ****     GFX_DrawRoundRect(x + 1, y + 1, body_w - 2, h - 2, 3, COLOR_LIGHTGRAY);
  37:Core/Src/ui/widgets.c **** 
  38:Core/Src/ui/widgets.c ****     /* nub, middle of right side */
  39:Core/Src/ui/widgets.c ****     ILI9341_FillRect(x + body_w + 1, y + h / 2 - 8, 5, 16, COLOR_LIGHTGRAY);
  40:Core/Src/ui/widgets.c **** 
  41:Core/Src/ui/widgets.c ****     Widget_BatteryBar_Update(x, y, w, h, pct);
  42:Core/Src/ui/widgets.c **** }
  43:Core/Src/ui/widgets.c **** 
  44:Core/Src/ui/widgets.c **** void Widget_BatteryBar_Update(uint16_t x, uint16_t y, uint16_t w, uint16_t h, uint8_t pct)
  45:Core/Src/ui/widgets.c **** {
  58              		.loc 1 45 1 is_stmt 1 view -0
  59              		.cfi_startproc
  60              		@ args = 4, pretend = 0, frame = 0
  61              		@ frame_needed = 0, uses_anonymous_args = 0
  62              		.loc 1 45 1 is_stmt 0 view .LVU6
  63 0000 2DE9F041 		push	{r4, r5, r6, r7, r8, lr}
  64              	.LCFI1:
  65              		.cfi_def_cfa_offset 24
  66              		.cfi_offset 4, -24
  67              		.cfi_offset 5, -20
  68              		.cfi_offset 6, -16
  69              		.cfi_offset 7, -12
  70              		.cfi_offset 8, -8
  71              		.cfi_offset 14, -4
  72 0004 82B0     		sub	sp, sp, #8
ARM GAS  /tmp/ccQ9amwR.s 			page 3


  73              	.LCFI2:
  74              		.cfi_def_cfa_offset 32
  75 0006 9DF82070 		ldrb	r7, [sp, #32]	@ zero_extendqisi2
  46:Core/Src/ui/widgets.c ****     /* redraw only inside, border stay — faster than _Draw().
  47:Core/Src/ui/widgets.c ****      * one solid fill bar inside battery shape. */
  48:Core/Src/ui/widgets.c ****     uint16_t inner_x = x + 4, inner_y = y + 4;
  76              		.loc 1 48 5 is_stmt 1 view .LVU7
  77              		.loc 1 48 14 is_stmt 0 view .LVU8
  78 000a 0430     		adds	r0, r0, #4
  79              	.LVL3:
  80              		.loc 1 48 14 view .LVU9
  81 000c 84B2     		uxth	r4, r0
  82              	.LVL4:
  83              		.loc 1 48 31 view .LVU10
  84 000e 0431     		adds	r1, r1, #4
  85              	.LVL5:
  86              		.loc 1 48 31 view .LVU11
  87 0010 8DB2     		uxth	r5, r1
  88              	.LVL6:
  49:Core/Src/ui/widgets.c ****     uint16_t inner_w = w - 8 - 8;          /* -nub -border*2 */
  89              		.loc 1 49 5 is_stmt 1 view .LVU12
  90              		.loc 1 49 14 is_stmt 0 view .LVU13
  91 0012 103A     		subs	r2, r2, #16
  92              	.LVL7:
  93              		.loc 1 49 14 view .LVU14
  94 0014 92B2     		uxth	r2, r2
  95              	.LVL8:
  50:Core/Src/ui/widgets.c ****     uint16_t inner_h = h - 8;
  96              		.loc 1 50 5 is_stmt 1 view .LVU15
  97              		.loc 1 50 14 is_stmt 0 view .LVU16
  98 0016 083B     		subs	r3, r3, #8
  99              	.LVL9:
 100              		.loc 1 50 14 view .LVU17
 101 0018 1FFA83F8 		uxth	r8, r3
 102              	.LVL10:
  51:Core/Src/ui/widgets.c ****     uint16_t fill_w  = (uint16_t)((uint32_t)inner_w * pct / 100);
 103              		.loc 1 51 5 is_stmt 1 view .LVU18
 104              		.loc 1 51 53 is_stmt 0 view .LVU19
 105 001c 02FB07F6 		mul	r6, r2, r7
 106              		.loc 1 51 59 view .LVU20
 107 0020 0D4B     		ldr	r3, .L7
 108              	.LVL11:
 109              		.loc 1 51 59 view .LVU21
 110 0022 A3FB0636 		umull	r3, r6, r3, r6
 111              		.loc 1 51 14 view .LVU22
 112 0026 C6F34F16 		ubfx	r6, r6, #5, #16
 113              	.LVL12:
  52:Core/Src/ui/widgets.c **** 
  53:Core/Src/ui/widgets.c ****     ILI9341_FillRect(inner_x, inner_y, inner_w, inner_h, COLOR_DARKGRAY);
 114              		.loc 1 53 5 is_stmt 1 view .LVU23
 115 002a 44F20823 		movw	r3, #16904
 116 002e 0093     		str	r3, [sp]
 117 0030 4346     		mov	r3, r8
 118 0032 2946     		mov	r1, r5
 119              	.LVL13:
 120              		.loc 1 53 5 is_stmt 0 view .LVU24
 121 0034 2046     		mov	r0, r4
ARM GAS  /tmp/ccQ9amwR.s 			page 4


 122              	.LVL14:
 123              		.loc 1 53 5 view .LVU25
 124 0036 FFF7FEFF 		bl	ILI9341_FillRect
 125              	.LVL15:
  54:Core/Src/ui/widgets.c ****     if (fill_w > 0)
 126              		.loc 1 54 5 is_stmt 1 view .LVU26
 127              		.loc 1 54 8 is_stmt 0 view .LVU27
 128 003a 16B9     		cbnz	r6, .L6
 129              	.L3:
  55:Core/Src/ui/widgets.c ****         ILI9341_FillRect(inner_x, inner_y, fill_w, inner_h, battery_color(pct));
  56:Core/Src/ui/widgets.c **** 
  57:Core/Src/ui/widgets.c ****     /* big % number drawn by caller (Screen_Main), not here */
  58:Core/Src/ui/widgets.c **** }
 130              		.loc 1 58 1 view .LVU28
 131 003c 02B0     		add	sp, sp, #8
 132              	.LCFI3:
 133              		.cfi_remember_state
 134              		.cfi_def_cfa_offset 24
 135              		@ sp needed
 136 003e BDE8F081 		pop	{r4, r5, r6, r7, r8, pc}
 137              	.LVL16:
 138              	.L6:
 139              	.LCFI4:
 140              		.cfi_restore_state
  55:Core/Src/ui/widgets.c ****         ILI9341_FillRect(inner_x, inner_y, fill_w, inner_h, battery_color(pct));
 141              		.loc 1 55 9 is_stmt 1 view .LVU29
 142 0042 3846     		mov	r0, r7
 143 0044 FFF7FEFF 		bl	battery_color
 144              	.LVL17:
  55:Core/Src/ui/widgets.c ****         ILI9341_FillRect(inner_x, inner_y, fill_w, inner_h, battery_color(pct));
 145              		.loc 1 55 9 is_stmt 0 discriminator 1 view .LVU30
 146 0048 0090     		str	r0, [sp]
 147 004a 4346     		mov	r3, r8
 148 004c 3246     		mov	r2, r6
 149 004e 2946     		mov	r1, r5
 150 0050 2046     		mov	r0, r4
 151 0052 FFF7FEFF 		bl	ILI9341_FillRect
 152              	.LVL18:
 153              		.loc 1 58 1 view .LVU31
 154 0056 F1E7     		b	.L3
 155              	.L8:
 156              		.align	2
 157              	.L7:
 158 0058 1F85EB51 		.word	1374389535
 159              		.cfi_endproc
 160              	.LFE225:
 162              		.section	.text.Widget_BatteryBar_Draw,"ax",%progbits
 163              		.align	1
 164              		.global	Widget_BatteryBar_Draw
 165              		.syntax unified
 166              		.thumb
 167              		.thumb_func
 169              	Widget_BatteryBar_Draw:
 170              	.LVL19:
 171              	.LFB224:
  30:Core/Src/ui/widgets.c ****     /* battery shape: round body, 2 px border, nub on right side.
 172              		.loc 1 30 1 is_stmt 1 view -0
ARM GAS  /tmp/ccQ9amwR.s 			page 5


 173              		.cfi_startproc
 174              		@ args = 4, pretend = 0, frame = 0
 175              		@ frame_needed = 0, uses_anonymous_args = 0
  30:Core/Src/ui/widgets.c ****     /* battery shape: round body, 2 px border, nub on right side.
 176              		.loc 1 30 1 is_stmt 0 view .LVU33
 177 0000 2DE9F043 		push	{r4, r5, r6, r7, r8, r9, lr}
 178              	.LCFI5:
 179              		.cfi_def_cfa_offset 28
 180              		.cfi_offset 4, -28
 181              		.cfi_offset 5, -24
 182              		.cfi_offset 6, -20
 183              		.cfi_offset 7, -16
 184              		.cfi_offset 8, -12
 185              		.cfi_offset 9, -8
 186              		.cfi_offset 14, -4
 187 0004 83B0     		sub	sp, sp, #12
 188              	.LCFI6:
 189              		.cfi_def_cfa_offset 40
 190 0006 0546     		mov	r5, r0
 191 0008 0E46     		mov	r6, r1
 192 000a 1746     		mov	r7, r2
 193 000c 9846     		mov	r8, r3
  33:Core/Src/ui/widgets.c **** 
 194              		.loc 1 33 5 is_stmt 1 view .LVU34
  33:Core/Src/ui/widgets.c **** 
 195              		.loc 1 33 14 is_stmt 0 view .LVU35
 196 000e A2F10804 		sub	r4, r2, #8
 197 0012 A4B2     		uxth	r4, r4
 198              	.LVL20:
  35:Core/Src/ui/widgets.c ****     GFX_DrawRoundRect(x + 1, y + 1, body_w - 2, h - 2, 3, COLOR_LIGHTGRAY);
 199              		.loc 1 35 5 is_stmt 1 view .LVU36
 200 0014 4CF21869 		movw	r9, #50712
 201 0018 CDF80490 		str	r9, [sp, #4]
 202 001c 0422     		movs	r2, #4
 203              	.LVL21:
  35:Core/Src/ui/widgets.c ****     GFX_DrawRoundRect(x + 1, y + 1, body_w - 2, h - 2, 3, COLOR_LIGHTGRAY);
 204              		.loc 1 35 5 is_stmt 0 view .LVU37
 205 001e 0092     		str	r2, [sp]
 206 0020 2246     		mov	r2, r4
 207 0022 FFF7FEFF 		bl	GFX_DrawRoundRect
 208              	.LVL22:
  36:Core/Src/ui/widgets.c **** 
 209              		.loc 1 36 5 is_stmt 1 view .LVU38
 210 0026 A8F10203 		sub	r3, r8, #2
 211 002a A7F10A02 		sub	r2, r7, #10
 212 002e 711C     		adds	r1, r6, #1
 213 0030 681C     		adds	r0, r5, #1
 214 0032 CDF80490 		str	r9, [sp, #4]
 215 0036 4FF0030C 		mov	ip, #3
 216 003a CDF800C0 		str	ip, [sp]
 217 003e 9BB2     		uxth	r3, r3
 218 0040 92B2     		uxth	r2, r2
 219 0042 89B2     		uxth	r1, r1
 220 0044 80B2     		uxth	r0, r0
 221 0046 FFF7FEFF 		bl	GFX_DrawRoundRect
 222              	.LVL23:
  39:Core/Src/ui/widgets.c **** 
ARM GAS  /tmp/ccQ9amwR.s 			page 6


 223              		.loc 1 39 5 view .LVU39
  39:Core/Src/ui/widgets.c **** 
 224              		.loc 1 39 24 is_stmt 0 view .LVU40
 225 004a 2C44     		add	r4, r4, r5
 226              	.LVL24:
  39:Core/Src/ui/widgets.c **** 
 227              		.loc 1 39 24 view .LVU41
 228 004c A4B2     		uxth	r4, r4
  39:Core/Src/ui/widgets.c **** 
 229              		.loc 1 39 40 view .LVU42
 230 004e 06EB5801 		add	r1, r6, r8, lsr #1
 231 0052 89B2     		uxth	r1, r1
  39:Core/Src/ui/widgets.c **** 
 232              		.loc 1 39 5 view .LVU43
 233 0054 0839     		subs	r1, r1, #8
 234 0056 0134     		adds	r4, r4, #1
 235 0058 CDF80090 		str	r9, [sp]
 236 005c 1023     		movs	r3, #16
 237 005e 0522     		movs	r2, #5
 238 0060 89B2     		uxth	r1, r1
 239 0062 A0B2     		uxth	r0, r4
 240 0064 FFF7FEFF 		bl	ILI9341_FillRect
 241              	.LVL25:
  41:Core/Src/ui/widgets.c **** }
 242              		.loc 1 41 5 is_stmt 1 view .LVU44
 243 0068 9DF82830 		ldrb	r3, [sp, #40]	@ zero_extendqisi2
 244 006c 0093     		str	r3, [sp]
 245 006e 4346     		mov	r3, r8
 246 0070 3A46     		mov	r2, r7
 247 0072 3146     		mov	r1, r6
 248 0074 2846     		mov	r0, r5
 249 0076 FFF7FEFF 		bl	Widget_BatteryBar_Update
 250              	.LVL26:
  42:Core/Src/ui/widgets.c **** 
 251              		.loc 1 42 1 is_stmt 0 view .LVU45
 252 007a 03B0     		add	sp, sp, #12
 253              	.LCFI7:
 254              		.cfi_def_cfa_offset 28
 255              		@ sp needed
 256 007c BDE8F083 		pop	{r4, r5, r6, r7, r8, r9, pc}
  42:Core/Src/ui/widgets.c **** 
 257              		.loc 1 42 1 view .LVU46
 258              		.cfi_endproc
 259              	.LFE224:
 261              		.section	.text.Widget_LineGraph_Trace,"ax",%progbits
 262              		.align	1
 263              		.global	Widget_LineGraph_Trace
 264              		.syntax unified
 265              		.thumb
 266              		.thumb_func
 268              	Widget_LineGraph_Trace:
 269              	.LVL27:
 270              	.LFB227:
  59:Core/Src/ui/widgets.c **** 
  60:Core/Src/ui/widgets.c **** /* =========================================================
  61:Core/Src/ui/widgets.c ****  * WIDGET: LINE GRAPH
  62:Core/Src/ui/widgets.c ****  * ========================================================= */
ARM GAS  /tmp/ccQ9amwR.s 			page 7


  63:Core/Src/ui/widgets.c **** 
  64:Core/Src/ui/widgets.c **** void Widget_LineGraph_Draw(uint16_t x, uint16_t y, uint16_t w, uint16_t h,
  65:Core/Src/ui/widgets.c ****                            int16_t *data, uint8_t data_len, uint8_t data_idx,
  66:Core/Src/ui/widgets.c ****                            int16_t val_min, int16_t val_max,
  67:Core/Src/ui/widgets.c ****                            uint16_t line_color, uint16_t bg_color)
  68:Core/Src/ui/widgets.c **** {
  69:Core/Src/ui/widgets.c ****     /* wipe graph area */
  70:Core/Src/ui/widgets.c ****     ILI9341_FillRect(x, y, w, h, bg_color);
  71:Core/Src/ui/widgets.c **** 
  72:Core/Src/ui/widgets.c ****     /* zero line when range cross zero.
  73:Core/Src/ui/widgets.c ****      * position: y + h * val_max / (val_max - val_min); top = val_max */
  74:Core/Src/ui/widgets.c ****     if (val_min < 0 && val_max > 0)
  75:Core/Src/ui/widgets.c ****     {
  76:Core/Src/ui/widgets.c ****         int32_t range   = (int32_t)val_max - val_min;
  77:Core/Src/ui/widgets.c ****         uint16_t zero_y = (uint16_t)(y + (uint32_t)h * (uint32_t)val_max / (uint32_t)range);
  78:Core/Src/ui/widgets.c ****         GFX_DrawHLine(x, zero_y, w, COLOR_DARKGRAY);
  79:Core/Src/ui/widgets.c ****     }
  80:Core/Src/ui/widgets.c **** 
  81:Core/Src/ui/widgets.c ****     /* thin border around graph */
  82:Core/Src/ui/widgets.c ****     GFX_DrawRect(x, y, w, h, COLOR_GRAY);
  83:Core/Src/ui/widgets.c **** 
  84:Core/Src/ui/widgets.c ****     Widget_LineGraph_Trace(x, y, w, h, data, data_len, data_idx,
  85:Core/Src/ui/widgets.c ****                            val_min, val_max, line_color);
  86:Core/Src/ui/widgets.c **** }
  87:Core/Src/ui/widgets.c **** 
  88:Core/Src/ui/widgets.c **** void Widget_LineGraph_Trace(uint16_t x, uint16_t y, uint16_t w, uint16_t h,
  89:Core/Src/ui/widgets.c ****                             int16_t *data, uint8_t data_len, uint8_t data_idx,
  90:Core/Src/ui/widgets.c ****                             int16_t val_min, int16_t val_max, uint16_t line_color)
  91:Core/Src/ui/widgets.c **** {
 271              		.loc 1 91 1 is_stmt 1 view -0
 272              		.cfi_startproc
 273              		@ args = 24, pretend = 0, frame = 24
 274              		@ frame_needed = 0, uses_anonymous_args = 0
 275              		.loc 1 91 1 is_stmt 0 view .LVU48
 276 0000 2DE9F04F 		push	{r4, r5, r6, r7, r8, r9, r10, fp, lr}
 277              	.LCFI8:
 278              		.cfi_def_cfa_offset 36
 279              		.cfi_offset 4, -36
 280              		.cfi_offset 5, -32
 281              		.cfi_offset 6, -28
 282              		.cfi_offset 7, -24
 283              		.cfi_offset 8, -20
 284              		.cfi_offset 9, -16
 285              		.cfi_offset 10, -12
 286              		.cfi_offset 11, -8
 287              		.cfi_offset 14, -4
 288 0004 89B0     		sub	sp, sp, #36
 289              	.LCFI9:
 290              		.cfi_def_cfa_offset 72
 291 0006 0390     		str	r0, [sp, #12]
 292 0008 0491     		str	r1, [sp, #16]
 293 000a 0592     		str	r2, [sp, #20]
 294 000c 9DF84C70 		ldrb	r7, [sp, #76]	@ zero_extendqisi2
 295 0010 9DF850B0 		ldrb	fp, [sp, #80]	@ zero_extendqisi2
 296 0014 BDF95480 		ldrsh	r8, [sp, #84]
 297 0018 BDF958A0 		ldrsh	r10, [sp, #88]
 298 001c BDF85C20 		ldrh	r2, [sp, #92]
ARM GAS  /tmp/ccQ9amwR.s 			page 8


 299              	.LVL28:
  92:Core/Src/ui/widgets.c ****     if (data_len == 0 || val_max == val_min) return;
 300              		.loc 1 92 5 is_stmt 1 view .LVU49
 301              		.loc 1 92 8 is_stmt 0 view .LVU50
 302 0020 002F     		cmp	r7, #0
 303 0022 4AD0     		beq	.L11
 304 0024 9946     		mov	r9, r3
 305              		.loc 1 92 23 discriminator 1 view .LVU51
 306 0026 C245     		cmp	r10, r8
 307 0028 47D0     		beq	.L11
  93:Core/Src/ui/widgets.c **** 
  94:Core/Src/ui/widgets.c ****     int32_t range = (int32_t)val_max - val_min;
 308              		.loc 1 94 5 is_stmt 1 view .LVU52
 309              		.loc 1 94 13 is_stmt 0 view .LVU53
 310 002a AAEB0803 		sub	r3, r10, r8
 311              	.LVL29:
 312              		.loc 1 94 13 view .LVU54
 313 002e 0693     		str	r3, [sp, #24]
 314              	.LVL30:
  95:Core/Src/ui/widgets.c **** 
  96:Core/Src/ui/widgets.c ****     /* draw line sample by sample.
  97:Core/Src/ui/widgets.c ****      * data live in ring buffer: oldest at data_idx, newest just before
  98:Core/Src/ui/widgets.c ****      * (wrap). draw left (old) to right (new). */
  99:Core/Src/ui/widgets.c ****     uint16_t prev_px = 0, prev_py = 0;
 315              		.loc 1 99 5 is_stmt 1 view .LVU55
 100:Core/Src/ui/widgets.c ****     uint8_t  first_point = 1;
 316              		.loc 1 100 5 view .LVU56
 101:Core/Src/ui/widgets.c **** 
 102:Core/Src/ui/widgets.c ****     for (uint8_t i = 0; i < data_len; i++)
 317              		.loc 1 102 5 view .LVU57
 318              	.LBB2:
 319              		.loc 1 102 10 view .LVU58
 320              		.loc 1 102 18 is_stmt 0 view .LVU59
 321 0030 0026     		movs	r6, #0
 322              	.LBE2:
 100:Core/Src/ui/widgets.c ****     uint8_t  first_point = 1;
 323              		.loc 1 100 14 view .LVU60
 324 0032 0123     		movs	r3, #1
 325              	.LVL31:
 100:Core/Src/ui/widgets.c ****     uint8_t  first_point = 1;
 326              		.loc 1 100 14 view .LVU61
 327 0034 0293     		str	r3, [sp, #8]
  99:Core/Src/ui/widgets.c ****     uint8_t  first_point = 1;
 328              		.loc 1 99 27 view .LVU62
 329 0036 3146     		mov	r1, r6
 330              	.LVL32:
  99:Core/Src/ui/widgets.c ****     uint8_t  first_point = 1;
 331              		.loc 1 99 14 view .LVU63
 332 0038 3046     		mov	r0, r6
 333              	.LVL33:
  99:Core/Src/ui/widgets.c ****     uint8_t  first_point = 1;
 334              		.loc 1 99 14 view .LVU64
 335 003a 0792     		str	r2, [sp, #28]
 336              	.LBB6:
 337              		.loc 1 102 5 view .LVU65
 338 003c 23E0     		b	.L13
 339              	.LVL34:
ARM GAS  /tmp/ccQ9amwR.s 			page 9


 340              	.L15:
 341              	.LBB3:
 103:Core/Src/ui/widgets.c ****     {
 104:Core/Src/ui/widgets.c ****         /* ring index, start from oldest */
 105:Core/Src/ui/widgets.c ****         uint8_t buf_idx = (data_idx + i) % data_len;
 106:Core/Src/ui/widgets.c ****         int16_t sample  = data[buf_idx];
 107:Core/Src/ui/widgets.c **** 
 108:Core/Src/ui/widgets.c ****         /* squash value into range */
 109:Core/Src/ui/widgets.c ****         if (sample > val_max) sample = val_max;
 110:Core/Src/ui/widgets.c ****         if (sample < val_min) sample = val_min;
 111:Core/Src/ui/widgets.c **** 
 112:Core/Src/ui/widgets.c ****         /* sample number -> pixel X */
 113:Core/Src/ui/widgets.c ****         uint16_t px = x + (uint16_t)((uint32_t)i * (w - 1) / (data_len - 1));
 342              		.loc 1 113 9 is_stmt 1 view .LVU66
 343              		.loc 1 113 55 is_stmt 0 view .LVU67
 344 003e 059A     		ldr	r2, [sp, #20]
 345 0040 551E     		subs	r5, r2, #1
 346              		.loc 1 113 50 view .LVU68
 347 0042 06FB05F5 		mul	r5, r6, r5
 348              		.loc 1 113 72 view .LVU69
 349 0046 7A1E     		subs	r2, r7, #1
 350              		.loc 1 113 60 view .LVU70
 351 0048 B5FBF2F5 		udiv	r5, r5, r2
 352              		.loc 1 113 18 view .LVU71
 353 004c 039A     		ldr	r2, [sp, #12]
 354 004e 12FA85F5 		uxtah	r5, r2, r5
 355 0052 ADB2     		uxth	r5, r5
 356              	.LVL35:
 114:Core/Src/ui/widgets.c **** 
 115:Core/Src/ui/widgets.c ****         /* sample value -> pixel Y (flip: screen Y grow down,
 116:Core/Src/ui/widgets.c ****          * big value must sit high) */
 117:Core/Src/ui/widgets.c ****         uint16_t py = (uint16_t)(y + h - 1 -
 357              		.loc 1 117 9 is_stmt 1 view .LVU72
 358              		.loc 1 117 36 is_stmt 0 view .LVU73
 359 0054 049A     		ldr	r2, [sp, #16]
 360 0056 02EB0904 		add	r4, r2, r9
 361 005a A4B2     		uxth	r4, r4
 118:Core/Src/ui/widgets.c ****                       (uint32_t)((int32_t)sample - val_min) * (h - 1) / range);
 362              		.loc 1 118 50 view .LVU74
 363 005c A3EB0803 		sub	r3, r3, r8
 364              	.LVL36:
 365              		.loc 1 118 66 view .LVU75
 366 0060 09F1FF32 		add	r2, r9, #-1
 367              		.loc 1 118 61 view .LVU76
 368 0064 02FB03F3 		mul	r3, r2, r3
 369              		.loc 1 118 71 view .LVU77
 370 0068 069A     		ldr	r2, [sp, #24]
 371 006a B3FBF2F3 		udiv	r3, r3, r2
 117:Core/Src/ui/widgets.c ****                       (uint32_t)((int32_t)sample - val_min) * (h - 1) / range);
 372              		.loc 1 117 44 view .LVU78
 373 006e E41A     		subs	r4, r4, r3
 374 0070 A4B2     		uxth	r4, r4
 117:Core/Src/ui/widgets.c ****                       (uint32_t)((int32_t)sample - val_min) * (h - 1) / range);
 375              		.loc 1 117 18 view .LVU79
 376 0072 013C     		subs	r4, r4, #1
 377 0074 A4B2     		uxth	r4, r4
 378              	.LVL37:
ARM GAS  /tmp/ccQ9amwR.s 			page 10


 119:Core/Src/ui/widgets.c **** 
 120:Core/Src/ui/widgets.c ****         if (!first_point)
 379              		.loc 1 120 9 is_stmt 1 view .LVU80
 380              		.loc 1 120 12 is_stmt 0 view .LVU81
 381 0076 029B     		ldr	r3, [sp, #8]
 382 0078 C3B1     		cbz	r3, .L22
 121:Core/Src/ui/widgets.c ****             GFX_DrawLine(prev_px, prev_py, px, py, line_color);
 122:Core/Src/ui/widgets.c ****         else
 123:Core/Src/ui/widgets.c ****             first_point = 0;
 383              		.loc 1 123 25 view .LVU82
 384 007a 0023     		movs	r3, #0
 385 007c 0293     		str	r3, [sp, #8]
 386              	.LVL38:
 387              	.L16:
 124:Core/Src/ui/widgets.c **** 
 125:Core/Src/ui/widgets.c ****         prev_px = px;
 388              		.loc 1 125 9 is_stmt 1 view .LVU83
 126:Core/Src/ui/widgets.c ****         prev_py = py;
 389              		.loc 1 126 9 view .LVU84
 390              		.loc 1 126 9 is_stmt 0 view .LVU85
 391              	.LBE3:
 102:Core/Src/ui/widgets.c ****     {
 392              		.loc 1 102 40 is_stmt 1 discriminator 1 view .LVU86
 393 007e 0136     		adds	r6, r6, #1
 394              	.LVL39:
 102:Core/Src/ui/widgets.c ****     {
 395              		.loc 1 102 40 is_stmt 0 discriminator 1 view .LVU87
 396 0080 F6B2     		uxtb	r6, r6
 397              	.LVL40:
 398              	.LBB4:
 399              		.loc 1 126 17 view .LVU88
 400 0082 2146     		mov	r1, r4
 125:Core/Src/ui/widgets.c ****         prev_py = py;
 401              		.loc 1 125 17 view .LVU89
 402 0084 2846     		mov	r0, r5
 403              	.LVL41:
 404              	.L13:
 125:Core/Src/ui/widgets.c ****         prev_py = py;
 405              		.loc 1 125 17 view .LVU90
 406              	.LBE4:
 102:Core/Src/ui/widgets.c ****     {
 407              		.loc 1 102 27 is_stmt 1 discriminator 2 view .LVU91
 408 0086 BE42     		cmp	r6, r7
 409 0088 17D2     		bcs	.L11
 410              	.LBB5:
 105:Core/Src/ui/widgets.c ****         int16_t sample  = data[buf_idx];
 411              		.loc 1 105 9 view .LVU92
 105:Core/Src/ui/widgets.c ****         int16_t sample  = data[buf_idx];
 412              		.loc 1 105 37 is_stmt 0 view .LVU93
 413 008a 0BEB0603 		add	r3, fp, r6
 105:Core/Src/ui/widgets.c ****         int16_t sample  = data[buf_idx];
 414              		.loc 1 105 42 view .LVU94
 415 008e 93FBF7F2 		sdiv	r2, r3, r7
 416 0092 07FB1233 		mls	r3, r7, r2, r3
 417              	.LVL42:
 106:Core/Src/ui/widgets.c **** 
 418              		.loc 1 106 9 is_stmt 1 view .LVU95
ARM GAS  /tmp/ccQ9amwR.s 			page 11


 106:Core/Src/ui/widgets.c **** 
 419              		.loc 1 106 31 is_stmt 0 view .LVU96
 420 0096 DBB2     		uxtb	r3, r3
 106:Core/Src/ui/widgets.c **** 
 421              		.loc 1 106 17 view .LVU97
 422 0098 129A     		ldr	r2, [sp, #72]
 423 009a 32F91330 		ldrsh	r3, [r2, r3, lsl #1]
 424              	.LVL43:
 109:Core/Src/ui/widgets.c ****         if (sample < val_min) sample = val_min;
 425              		.loc 1 109 9 is_stmt 1 view .LVU98
 109:Core/Src/ui/widgets.c ****         if (sample < val_min) sample = val_min;
 426              		.loc 1 109 12 is_stmt 0 view .LVU99
 427 009e 9A45     		cmp	r10, r3
 428 00a0 00DA     		bge	.L14
 109:Core/Src/ui/widgets.c ****         if (sample < val_min) sample = val_min;
 429              		.loc 1 109 38 discriminator 1 view .LVU100
 430 00a2 5346     		mov	r3, r10
 431              	.LVL44:
 432              	.L14:
 110:Core/Src/ui/widgets.c **** 
 433              		.loc 1 110 9 is_stmt 1 view .LVU101
 110:Core/Src/ui/widgets.c **** 
 434              		.loc 1 110 12 is_stmt 0 view .LVU102
 435 00a4 4345     		cmp	r3, r8
 436 00a6 CADA     		bge	.L15
 110:Core/Src/ui/widgets.c **** 
 437              		.loc 1 110 38 discriminator 1 view .LVU103
 438 00a8 4346     		mov	r3, r8
 439              	.LVL45:
 110:Core/Src/ui/widgets.c **** 
 440              		.loc 1 110 38 discriminator 1 view .LVU104
 441 00aa C8E7     		b	.L15
 442              	.LVL46:
 443              	.L22:
 121:Core/Src/ui/widgets.c ****         else
 444              		.loc 1 121 13 is_stmt 1 view .LVU105
 445 00ac 079B     		ldr	r3, [sp, #28]
 446 00ae 0093     		str	r3, [sp]
 447 00b0 2346     		mov	r3, r4
 448 00b2 2A46     		mov	r2, r5
 449 00b4 FFF7FEFF 		bl	GFX_DrawLine
 450              	.LVL47:
 121:Core/Src/ui/widgets.c ****         else
 451              		.loc 1 121 13 is_stmt 0 view .LVU106
 452 00b8 E1E7     		b	.L16
 453              	.LVL48:
 454              	.L11:
 121:Core/Src/ui/widgets.c ****         else
 455              		.loc 1 121 13 view .LVU107
 456              	.LBE5:
 457              	.LBE6:
 127:Core/Src/ui/widgets.c ****     }
 128:Core/Src/ui/widgets.c **** }
 458              		.loc 1 128 1 view .LVU108
 459 00ba 09B0     		add	sp, sp, #36
 460              	.LCFI10:
 461              		.cfi_def_cfa_offset 36
ARM GAS  /tmp/ccQ9amwR.s 			page 12


 462              		@ sp needed
 463 00bc BDE8F08F 		pop	{r4, r5, r6, r7, r8, r9, r10, fp, pc}
 464              		.loc 1 128 1 view .LVU109
 465              		.cfi_endproc
 466              	.LFE227:
 468              		.section	.text.Widget_LineGraph_Draw,"ax",%progbits
 469              		.align	1
 470              		.global	Widget_LineGraph_Draw
 471              		.syntax unified
 472              		.thumb
 473              		.thumb_func
 475              	Widget_LineGraph_Draw:
 476              	.LVL49:
 477              	.LFB226:
  68:Core/Src/ui/widgets.c ****     /* wipe graph area */
 478              		.loc 1 68 1 is_stmt 1 view -0
 479              		.cfi_startproc
 480              		@ args = 28, pretend = 0, frame = 0
 481              		@ frame_needed = 0, uses_anonymous_args = 0
  68:Core/Src/ui/widgets.c ****     /* wipe graph area */
 482              		.loc 1 68 1 is_stmt 0 view .LVU111
 483 0000 2DE9F04F 		push	{r4, r5, r6, r7, r8, r9, r10, fp, lr}
 484              	.LCFI11:
 485              		.cfi_def_cfa_offset 36
 486              		.cfi_offset 4, -36
 487              		.cfi_offset 5, -32
 488              		.cfi_offset 6, -28
 489              		.cfi_offset 7, -24
 490              		.cfi_offset 8, -20
 491              		.cfi_offset 9, -16
 492              		.cfi_offset 10, -12
 493              		.cfi_offset 11, -8
 494              		.cfi_offset 14, -4
 495 0004 87B0     		sub	sp, sp, #28
 496              	.LCFI12:
 497              		.cfi_def_cfa_offset 64
 498 0006 8146     		mov	r9, r0
 499 0008 8246     		mov	r10, r0
 500 000a 8846     		mov	r8, r1
 501 000c 8B46     		mov	fp, r1
 502 000e 1746     		mov	r7, r2
 503 0010 1E46     		mov	r6, r3
 504 0012 BDF94C40 		ldrsh	r4, [sp, #76]
 505 0016 BDF95050 		ldrsh	r5, [sp, #80]
  70:Core/Src/ui/widgets.c **** 
 506              		.loc 1 70 5 is_stmt 1 view .LVU112
 507 001a BDF858C0 		ldrh	ip, [sp, #88]
 508 001e CDF800C0 		str	ip, [sp]
 509 0022 FFF7FEFF 		bl	ILI9341_FillRect
 510              	.LVL50:
  74:Core/Src/ui/widgets.c ****     {
 511              		.loc 1 74 5 view .LVU113
  74:Core/Src/ui/widgets.c ****     {
 512              		.loc 1 74 8 is_stmt 0 view .LVU114
 513 0026 002C     		cmp	r4, #0
 514 0028 1EDB     		blt	.L26
 515              	.L24:
ARM GAS  /tmp/ccQ9amwR.s 			page 13


  82:Core/Src/ui/widgets.c **** 
 516              		.loc 1 82 5 is_stmt 1 view .LVU115
 517 002a 48F21043 		movw	r3, #33808
 518 002e 0093     		str	r3, [sp]
 519 0030 3346     		mov	r3, r6
 520 0032 3A46     		mov	r2, r7
 521 0034 5946     		mov	r1, fp
 522 0036 5046     		mov	r0, r10
 523 0038 FFF7FEFF 		bl	GFX_DrawRect
 524              	.LVL51:
  84:Core/Src/ui/widgets.c ****                            val_min, val_max, line_color);
 525              		.loc 1 84 5 view .LVU116
 526 003c BDF85430 		ldrh	r3, [sp, #84]
 527 0040 0593     		str	r3, [sp, #20]
 528 0042 0495     		str	r5, [sp, #16]
 529 0044 0394     		str	r4, [sp, #12]
 530 0046 9DF84830 		ldrb	r3, [sp, #72]	@ zero_extendqisi2
 531 004a 0293     		str	r3, [sp, #8]
 532 004c 9DF84430 		ldrb	r3, [sp, #68]	@ zero_extendqisi2
 533 0050 0193     		str	r3, [sp, #4]
 534 0052 109B     		ldr	r3, [sp, #64]
 535 0054 0093     		str	r3, [sp]
 536 0056 3346     		mov	r3, r6
 537 0058 3A46     		mov	r2, r7
 538 005a 5946     		mov	r1, fp
 539 005c 5046     		mov	r0, r10
 540 005e FFF7FEFF 		bl	Widget_LineGraph_Trace
 541              	.LVL52:
  86:Core/Src/ui/widgets.c **** 
 542              		.loc 1 86 1 is_stmt 0 view .LVU117
 543 0062 07B0     		add	sp, sp, #28
 544              	.LCFI13:
 545              		.cfi_remember_state
 546              		.cfi_def_cfa_offset 36
 547              		@ sp needed
 548 0064 BDE8F08F 		pop	{r4, r5, r6, r7, r8, r9, r10, fp, pc}
 549              	.LVL53:
 550              	.L26:
 551              	.LCFI14:
 552              		.cfi_restore_state
  74:Core/Src/ui/widgets.c ****     {
 553              		.loc 1 74 21 discriminator 1 view .LVU118
 554 0068 002D     		cmp	r5, #0
 555 006a DEDD     		ble	.L24
 556              	.LBB7:
  76:Core/Src/ui/widgets.c ****         uint16_t zero_y = (uint16_t)(y + (uint32_t)h * (uint32_t)val_max / (uint32_t)range);
 557              		.loc 1 76 9 is_stmt 1 view .LVU119
  76:Core/Src/ui/widgets.c ****         uint16_t zero_y = (uint16_t)(y + (uint32_t)h * (uint32_t)val_max / (uint32_t)range);
 558              		.loc 1 76 17 is_stmt 0 view .LVU120
 559 006c 2B1B     		subs	r3, r5, r4
  77:Core/Src/ui/widgets.c ****         GFX_DrawHLine(x, zero_y, w, COLOR_DARKGRAY);
 560              		.loc 1 77 9 is_stmt 1 view .LVU121
  77:Core/Src/ui/widgets.c ****         GFX_DrawHLine(x, zero_y, w, COLOR_DARKGRAY);
 561              		.loc 1 77 54 is_stmt 0 view .LVU122
 562 006e 3146     		mov	r1, r6
 563 0070 05FB01F1 		mul	r1, r5, r1
  77:Core/Src/ui/widgets.c ****         GFX_DrawHLine(x, zero_y, w, COLOR_DARKGRAY);
ARM GAS  /tmp/ccQ9amwR.s 			page 14


 564              		.loc 1 77 74 view .LVU123
 565 0074 B1FBF3F1 		udiv	r1, r1, r3
  77:Core/Src/ui/widgets.c ****         GFX_DrawHLine(x, zero_y, w, COLOR_DARKGRAY);
 566              		.loc 1 77 18 view .LVU124
 567 0078 18FA81F1 		uxtah	r1, r8, r1
 568              	.LVL54:
  78:Core/Src/ui/widgets.c ****     }
 569              		.loc 1 78 9 is_stmt 1 view .LVU125
 570 007c 44F20823 		movw	r3, #16904
 571 0080 3A46     		mov	r2, r7
 572 0082 89B2     		uxth	r1, r1
  78:Core/Src/ui/widgets.c ****     }
 573              		.loc 1 78 9 is_stmt 0 view .LVU126
 574 0084 4846     		mov	r0, r9
 575 0086 FFF7FEFF 		bl	GFX_DrawHLine
 576              	.LVL55:
  78:Core/Src/ui/widgets.c ****     }
 577              		.loc 1 78 9 view .LVU127
 578 008a CEE7     		b	.L24
 579              	.LBE7:
 580              		.cfi_endproc
 581              	.LFE226:
 583              		.section	.text.Widget_ValueLabel_Draw,"ax",%progbits
 584              		.align	1
 585              		.global	Widget_ValueLabel_Draw
 586              		.syntax unified
 587              		.thumb
 588              		.thumb_func
 590              	Widget_ValueLabel_Draw:
 591              	.LVL56:
 592              	.LFB228:
 129:Core/Src/ui/widgets.c **** 
 130:Core/Src/ui/widgets.c **** /* =========================================================
 131:Core/Src/ui/widgets.c ****  * WIDGET: VALUE LABEL
 132:Core/Src/ui/widgets.c ****  * ========================================================= */
 133:Core/Src/ui/widgets.c **** 
 134:Core/Src/ui/widgets.c **** #define LABEL_H  (GFX_FONT_SMALL_H + 2)
 135:Core/Src/ui/widgets.c **** #define VALUE_H  (GFX_FONT_MEDIUM_H + 2)
 136:Core/Src/ui/widgets.c **** 
 137:Core/Src/ui/widgets.c **** void Widget_ValueLabel_Draw(uint16_t x, uint16_t y,
 138:Core/Src/ui/widgets.c ****                             const char *label, const char *value_str,
 139:Core/Src/ui/widgets.c ****                             uint16_t value_color)
 140:Core/Src/ui/widgets.c **** {
 593              		.loc 1 140 1 is_stmt 1 view -0
 594              		.cfi_startproc
 595              		@ args = 4, pretend = 0, frame = 0
 596              		@ frame_needed = 0, uses_anonymous_args = 0
 597              		.loc 1 140 1 is_stmt 0 view .LVU129
 598 0000 F0B5     		push	{r4, r5, r6, r7, lr}
 599              	.LCFI15:
 600              		.cfi_def_cfa_offset 20
 601              		.cfi_offset 4, -20
 602              		.cfi_offset 5, -16
 603              		.cfi_offset 6, -12
 604              		.cfi_offset 7, -8
 605              		.cfi_offset 14, -4
 606 0002 83B0     		sub	sp, sp, #12
ARM GAS  /tmp/ccQ9amwR.s 			page 15


 607              	.LCFI16:
 608              		.cfi_def_cfa_offset 32
 609 0004 0746     		mov	r7, r0
 610 0006 0E46     		mov	r6, r1
 611 0008 1D46     		mov	r5, r3
 141:Core/Src/ui/widgets.c ****     /* Small grey label on top */
 142:Core/Src/ui/widgets.c ****     GFX_DrawString(x, y, label, &GFX_FontSmall, COLOR_LIGHTGRAY, COLOR_BG);
 612              		.loc 1 142 5 is_stmt 1 view .LVU130
 613 000a 40F64104 		movw	r4, #2113
 614 000e 0194     		str	r4, [sp, #4]
 615 0010 4CF21863 		movw	r3, #50712
 616              	.LVL57:
 617              		.loc 1 142 5 is_stmt 0 view .LVU131
 618 0014 0093     		str	r3, [sp]
 619 0016 084B     		ldr	r3, .L29
 620 0018 FFF7FEFF 		bl	GFX_DrawString
 621              	.LVL58:
 143:Core/Src/ui/widgets.c **** 
 144:Core/Src/ui/widgets.c ****     /* Large value below the label */
 145:Core/Src/ui/widgets.c ****     GFX_DrawString(x, y + LABEL_H, value_str, &GFX_FontMedium, value_color, COLOR_BG);
 622              		.loc 1 145 5 is_stmt 1 view .LVU132
 623 001c 3146     		mov	r1, r6
 624 001e 0A31     		adds	r1, r1, #10
 625 0020 0194     		str	r4, [sp, #4]
 626 0022 BDF82030 		ldrh	r3, [sp, #32]
 627 0026 0093     		str	r3, [sp]
 628 0028 044B     		ldr	r3, .L29+4
 629 002a 2A46     		mov	r2, r5
 630 002c 89B2     		uxth	r1, r1
 631 002e 3846     		mov	r0, r7
 632 0030 FFF7FEFF 		bl	GFX_DrawString
 633              	.LVL59:
 146:Core/Src/ui/widgets.c **** }
 634              		.loc 1 146 1 is_stmt 0 view .LVU133
 635 0034 03B0     		add	sp, sp, #12
 636              	.LCFI17:
 637              		.cfi_def_cfa_offset 20
 638              		@ sp needed
 639 0036 F0BD     		pop	{r4, r5, r6, r7, pc}
 640              	.LVL60:
 641              	.L30:
 642              		.loc 1 146 1 view .LVU134
 643              		.align	2
 644              	.L29:
 645 0038 00000000 		.word	GFX_FontSmall
 646 003c 00000000 		.word	GFX_FontMedium
 647              		.cfi_endproc
 648              	.LFE228:
 650              		.section	.text.Widget_ValueLabel_Update,"ax",%progbits
 651              		.align	1
 652              		.global	Widget_ValueLabel_Update
 653              		.syntax unified
 654              		.thumb
 655              		.thumb_func
 657              	Widget_ValueLabel_Update:
 658              	.LVL61:
 659              	.LFB229:
ARM GAS  /tmp/ccQ9amwR.s 			page 16


 147:Core/Src/ui/widgets.c **** 
 148:Core/Src/ui/widgets.c **** void Widget_ValueLabel_Update(uint16_t x, uint16_t y,
 149:Core/Src/ui/widgets.c ****                               const char *value_str, uint16_t value_color)
 150:Core/Src/ui/widgets.c **** {
 660              		.loc 1 150 1 is_stmt 1 view -0
 661              		.cfi_startproc
 662              		@ args = 0, pretend = 0, frame = 0
 663              		@ frame_needed = 0, uses_anonymous_args = 0
 664              		.loc 1 150 1 is_stmt 0 view .LVU136
 665 0000 2DE9F041 		push	{r4, r5, r6, r7, r8, lr}
 666              	.LCFI18:
 667              		.cfi_def_cfa_offset 24
 668              		.cfi_offset 4, -24
 669              		.cfi_offset 5, -20
 670              		.cfi_offset 6, -16
 671              		.cfi_offset 7, -12
 672              		.cfi_offset 8, -8
 673              		.cfi_offset 14, -4
 674 0004 82B0     		sub	sp, sp, #8
 675              	.LCFI19:
 676              		.cfi_def_cfa_offset 32
 677 0006 8046     		mov	r8, r0
 678 0008 1746     		mov	r7, r2
 679 000a 1E46     		mov	r6, r3
 151:Core/Src/ui/widgets.c ****     /* Erase only the value row (not the label, which is static).
 152:Core/Src/ui/widgets.c ****      * 120 px is wide enough to cover the longest possible value string
 153:Core/Src/ui/widgets.c ****      * (e.g. "-5000 mA" = 8 chars * 8 px = 64 px; 120 px for safety). */
 154:Core/Src/ui/widgets.c ****     ILI9341_FillRect(x, y + LABEL_H, 120, VALUE_H, COLOR_BG);
 680              		.loc 1 154 5 is_stmt 1 view .LVU137
 681 000c 0A31     		adds	r1, r1, #10
 682              	.LVL62:
 683              		.loc 1 154 5 is_stmt 0 view .LVU138
 684 000e 8CB2     		uxth	r4, r1
 685 0010 40F64105 		movw	r5, #2113
 686 0014 0095     		str	r5, [sp]
 687 0016 1223     		movs	r3, #18
 688              	.LVL63:
 689              		.loc 1 154 5 view .LVU139
 690 0018 7822     		movs	r2, #120
 691              	.LVL64:
 692              		.loc 1 154 5 view .LVU140
 693 001a 2146     		mov	r1, r4
 694              	.LVL65:
 695              		.loc 1 154 5 view .LVU141
 696 001c FFF7FEFF 		bl	ILI9341_FillRect
 697              	.LVL66:
 155:Core/Src/ui/widgets.c **** 
 156:Core/Src/ui/widgets.c ****     /* Write the new value */
 157:Core/Src/ui/widgets.c ****     GFX_DrawString(x, y + LABEL_H, value_str, &GFX_FontMedium, value_color, COLOR_BG);
 698              		.loc 1 157 5 is_stmt 1 view .LVU142
 699 0020 0195     		str	r5, [sp, #4]
 700 0022 0096     		str	r6, [sp]
 701 0024 044B     		ldr	r3, .L33
 702 0026 3A46     		mov	r2, r7
 703 0028 2146     		mov	r1, r4
 704 002a 4046     		mov	r0, r8
 705 002c FFF7FEFF 		bl	GFX_DrawString
ARM GAS  /tmp/ccQ9amwR.s 			page 17


 706              	.LVL67:
 158:Core/Src/ui/widgets.c **** }
 707              		.loc 1 158 1 is_stmt 0 view .LVU143
 708 0030 02B0     		add	sp, sp, #8
 709              	.LCFI20:
 710              		.cfi_def_cfa_offset 24
 711              		@ sp needed
 712 0032 BDE8F081 		pop	{r4, r5, r6, r7, r8, pc}
 713              	.LVL68:
 714              	.L34:
 715              		.loc 1 158 1 view .LVU144
 716 0036 00BF     		.align	2
 717              	.L33:
 718 0038 00000000 		.word	GFX_FontMedium
 719              		.cfi_endproc
 720              	.LFE229:
 722              		.section	.text.Widget_StatusIcon_Draw,"ax",%progbits
 723              		.align	1
 724              		.global	Widget_StatusIcon_Draw
 725              		.syntax unified
 726              		.thumb
 727              		.thumb_func
 729              	Widget_StatusIcon_Draw:
 730              	.LVL69:
 731              	.LFB230:
 159:Core/Src/ui/widgets.c **** 
 160:Core/Src/ui/widgets.c **** /* =========================================================
 161:Core/Src/ui/widgets.c ****  * WIDGET: STATUS ICON
 162:Core/Src/ui/widgets.c ****  * ========================================================= */
 163:Core/Src/ui/widgets.c **** 
 164:Core/Src/ui/widgets.c **** void Widget_StatusIcon_Draw(uint16_t x, uint16_t y, IconType_t type,
 165:Core/Src/ui/widgets.c ****                             const char *label, uint8_t active)
 166:Core/Src/ui/widgets.c **** {
 732              		.loc 1 166 1 is_stmt 1 view -0
 733              		.cfi_startproc
 734              		@ args = 4, pretend = 0, frame = 0
 735              		@ frame_needed = 0, uses_anonymous_args = 0
 736              		.loc 1 166 1 is_stmt 0 view .LVU146
 737 0000 2DE9F04F 		push	{r4, r5, r6, r7, r8, r9, r10, fp, lr}
 738              	.LCFI21:
 739              		.cfi_def_cfa_offset 36
 740              		.cfi_offset 4, -36
 741              		.cfi_offset 5, -32
 742              		.cfi_offset 6, -28
 743              		.cfi_offset 7, -24
 744              		.cfi_offset 8, -20
 745              		.cfi_offset 9, -16
 746              		.cfi_offset 10, -12
 747              		.cfi_offset 11, -8
 748              		.cfi_offset 14, -4
 749 0004 83B0     		sub	sp, sp, #12
 750              	.LCFI22:
 751              		.cfi_def_cfa_offset 48
 752 0006 0546     		mov	r5, r0
 753 0008 0C46     		mov	r4, r1
 754 000a 9B46     		mov	fp, r3
 755 000c 9DF83030 		ldrb	r3, [sp, #48]	@ zero_extendqisi2
ARM GAS  /tmp/ccQ9amwR.s 			page 18


 756              	.LVL70:
 167:Core/Src/ui/widgets.c ****     uint16_t icon_color = active ? COLOR_ACCENT : COLOR_DARKGRAY;
 757              		.loc 1 167 5 is_stmt 1 view .LVU147
 758              		.loc 1 167 14 is_stmt 0 view .LVU148
 759 0010 83B3     		cbz	r3, .L52
 760              	.LVL71:
 168:Core/Src/ui/widgets.c ****     if (active) {
 761              		.loc 1 168 5 is_stmt 1 view .LVU149
 169:Core/Src/ui/widgets.c ****         /* colours mean things: green bolt = eating power, green check =
 170:Core/Src/ui/widgets.c ****          * full, white plug = charger attached */
 171:Core/Src/ui/widgets.c ****         if (type == ICON_CHARGING || type == ICON_FULL) icon_color = COLOR_GREEN;
 762              		.loc 1 171 9 view .LVU150
 763              		.loc 1 171 35 is_stmt 0 view .LVU151
 764 0012 531E     		subs	r3, r2, #1
 765 0014 DBB2     		uxtb	r3, r3
 766              		.loc 1 171 12 view .LVU152
 767 0016 012B     		cmp	r3, #1
 768 0018 03D9     		bls	.L53
 172:Core/Src/ui/widgets.c ****         if (type == ICON_USB_C)                         icon_color = COLOR_WHITE;
 769              		.loc 1 172 9 is_stmt 1 view .LVU153
 770              		.loc 1 172 12 is_stmt 0 view .LVU154
 771 001a 12B3     		cbz	r2, .L54
 772 001c 4FF66046 		movw	r6, #64608
 773 0020 01E0     		b	.L37
 774              	.L53:
 171:Core/Src/ui/widgets.c ****         if (type == ICON_USB_C)                         icon_color = COLOR_WHITE;
 775              		.loc 1 171 68 discriminator 1 view .LVU155
 776 0022 4FF4FC66 		mov	r6, #2016
 777              	.L37:
 778              	.LVL72:
 173:Core/Src/ui/widgets.c ****         if (type == ICON_DISCHARGING)                   icon_color = COLOR_CYAN;
 779              		.loc 1 173 9 is_stmt 1 view .LVU156
 780              		.loc 1 173 12 is_stmt 0 view .LVU157
 781 0026 072A     		cmp	r2, #7
 782 0028 1ED0     		beq	.L62
 783              	.LVL73:
 784              	.L38:
 174:Core/Src/ui/widgets.c ****         if (type == ICON_TEMP_WARN)                     icon_color = COLOR_RED;
 785              		.loc 1 174 9 is_stmt 1 view .LVU158
 786              		.loc 1 174 12 is_stmt 0 view .LVU159
 787 002a 042A     		cmp	r2, #4
 788 002c 1FD0     		beq	.L63
 789              	.LVL74:
 790              	.L39:
 175:Core/Src/ui/widgets.c ****         if (type == ICON_TEMP_COLD)                     icon_color = COLOR_CYAN;
 791              		.loc 1 175 9 is_stmt 1 view .LVU160
 792              		.loc 1 175 12 is_stmt 0 view .LVU161
 793 002e 082A     		cmp	r2, #8
 794 0030 3CD0     		beq	.L64
 795              	.LVL75:
 796              	.L40:
 176:Core/Src/ui/widgets.c ****         if (type == ICON_ALERT)                         icon_color = COLOR_DANGER;
 797              		.loc 1 176 9 is_stmt 1 view .LVU162
 798              		.loc 1 176 12 is_stmt 0 view .LVU163
 799 0032 092A     		cmp	r2, #9
 800 0034 20D1     		bne	.L36
 801              		.loc 1 176 68 discriminator 1 view .LVU164
ARM GAS  /tmp/ccQ9amwR.s 			page 19


 802 0036 4FF47846 		mov	r6, #63488
 803              	.LVL76:
 804              	.L41:
 177:Core/Src/ui/widgets.c ****     }
 178:Core/Src/ui/widgets.c **** 
 179:Core/Src/ui/widgets.c ****     /* Each icon is drawn as a small geometric shape (8x8 px area).
 180:Core/Src/ui/widgets.c ****      * No bitmap images are used to save Flash memory. */
 181:Core/Src/ui/widgets.c ****     switch (type)
 182:Core/Src/ui/widgets.c ****     {
 183:Core/Src/ui/widgets.c ****         case ICON_USB_C:      /* plug outline */
 184:Core/Src/ui/widgets.c ****             GFX_DrawRoundRect(x, y + 1, 10, 6, 2, icon_color);
 185:Core/Src/ui/widgets.c ****             break;
 186:Core/Src/ui/widgets.c ****         case ICON_CHARGING:   /* zap bolt */
 187:Core/Src/ui/widgets.c ****             GFX_DrawLine(x + 6, y, x + 2, y + 5, icon_color);
 188:Core/Src/ui/widgets.c ****             GFX_DrawLine(x + 2, y + 5, x + 6, y + 4, icon_color);
 189:Core/Src/ui/widgets.c ****             GFX_DrawLine(x + 6, y + 4, x + 3, y + 8, icon_color);
 190:Core/Src/ui/widgets.c ****             break;
 191:Core/Src/ui/widgets.c ****         case ICON_FULL:       /* check mark, belly full */
 192:Core/Src/ui/widgets.c ****             GFX_DrawLine(x + 1, y + 4, x + 4, y + 7, icon_color);
 193:Core/Src/ui/widgets.c ****             GFX_DrawLine(x + 4, y + 7, x + 9, y + 1, icon_color);
 194:Core/Src/ui/widgets.c ****             break;
 195:Core/Src/ui/widgets.c ****         case ICON_TEMP_OK:
 196:Core/Src/ui/widgets.c ****         case ICON_TEMP_COLD:  /* same shape, colour say hot or cold */
 197:Core/Src/ui/widgets.c ****         case ICON_TEMP_WARN:  /* thermometer: stem + bulb */
 198:Core/Src/ui/widgets.c ****             GFX_DrawVLine(x + 4, y, 6, icon_color);
 199:Core/Src/ui/widgets.c ****             ILI9341_FillRect(x + 3, y + 6, 3, 3, icon_color);
 200:Core/Src/ui/widgets.c ****             break;
 201:Core/Src/ui/widgets.c ****         case ICON_OUTPUT_ON:  /* full dot */
 202:Core/Src/ui/widgets.c ****             ILI9341_FillRect(x + 2, y + 2, 6, 6, icon_color);
 203:Core/Src/ui/widgets.c ****             break;
 204:Core/Src/ui/widgets.c ****         case ICON_OUTPUT_OFF: /* empty dot */
 205:Core/Src/ui/widgets.c ****             GFX_DrawRect(x + 2, y + 2, 6, 6, icon_color);
 206:Core/Src/ui/widgets.c ****             break;
 207:Core/Src/ui/widgets.c ****         case ICON_ALERT:      /* "!" of danger */
 208:Core/Src/ui/widgets.c ****             ILI9341_FillRect(x + 4, y,     3, 6, icon_color);
 805              		.loc 1 208 13 is_stmt 1 view .LVU165
 806 003a 2B1D     		adds	r3, r5, #4
 807 003c 9BB2     		uxth	r3, r3
 808 003e 1F46     		mov	r7, r3
 809 0040 0096     		str	r6, [sp]
 810 0042 0623     		movs	r3, #6
 811 0044 0322     		movs	r2, #3
 812              	.LVL77:
 813              		.loc 1 208 13 is_stmt 0 view .LVU166
 814 0046 2146     		mov	r1, r4
 815              	.LVL78:
 816              		.loc 1 208 13 view .LVU167
 817 0048 3846     		mov	r0, r7
 818              	.LVL79:
 819              		.loc 1 208 13 view .LVU168
 820 004a FFF7FEFF 		bl	ILI9341_FillRect
 821              	.LVL80:
 209:Core/Src/ui/widgets.c ****             ILI9341_FillRect(x + 4, y + 8, 3, 2, icon_color);
 822              		.loc 1 209 13 is_stmt 1 view .LVU169
 823 004e 04F10801 		add	r1, r4, #8
 824 0052 0096     		str	r6, [sp]
 825 0054 0223     		movs	r3, #2
ARM GAS  /tmp/ccQ9amwR.s 			page 20


 826 0056 0322     		movs	r2, #3
 827 0058 89B2     		uxth	r1, r1
 828 005a 3846     		mov	r0, r7
 829 005c FFF7FEFF 		bl	ILI9341_FillRect
 830              	.LVL81:
 210:Core/Src/ui/widgets.c ****             break;
 831              		.loc 1 210 13 view .LVU170
 832 0060 7CE0     		b	.L51
 833              	.LVL82:
 834              	.L54:
 172:Core/Src/ui/widgets.c ****         if (type == ICON_DISCHARGING)                   icon_color = COLOR_CYAN;
 835              		.loc 1 172 68 is_stmt 0 discriminator 1 view .LVU171
 836 0062 4FF6FF76 		movw	r6, #65535
 837 0066 E0E7     		b	.L38
 838              	.LVL83:
 839              	.L62:
 173:Core/Src/ui/widgets.c ****         if (type == ICON_TEMP_WARN)                     icon_color = COLOR_RED;
 840              		.loc 1 173 68 discriminator 1 view .LVU172
 841 0068 40F2FF76 		movw	r6, #2047
 842              	.LVL84:
 173:Core/Src/ui/widgets.c ****         if (type == ICON_TEMP_WARN)                     icon_color = COLOR_RED;
 843              		.loc 1 173 68 discriminator 1 view .LVU173
 844 006c DFE7     		b	.L39
 845              	.LVL85:
 846              	.L63:
 174:Core/Src/ui/widgets.c ****         if (type == ICON_TEMP_COLD)                     icon_color = COLOR_CYAN;
 847              		.loc 1 174 68 discriminator 1 view .LVU174
 848 006e 4FF47846 		mov	r6, #63488
 849              	.LVL86:
 174:Core/Src/ui/widgets.c ****         if (type == ICON_TEMP_COLD)                     icon_color = COLOR_CYAN;
 850              		.loc 1 174 68 discriminator 1 view .LVU175
 851 0072 DEE7     		b	.L40
 852              	.LVL87:
 853              	.L52:
 167:Core/Src/ui/widgets.c ****     if (active) {
 854              		.loc 1 167 14 discriminator 2 view .LVU176
 855 0074 44F20826 		movw	r6, #16904
 856              	.L36:
 857              	.LVL88:
 181:Core/Src/ui/widgets.c ****     {
 858              		.loc 1 181 5 is_stmt 1 view .LVU177
 859 0078 092A     		cmp	r2, #9
 860 007a 6FD8     		bhi	.L51
 861 007c 01A3     		adr	r3, .L43
 862 007e 53F822F0 		ldr	pc, [r3, r2, lsl #2]
 863 0082 00BF     		.p2align 2
 864              	.L43:
 865 0084 B3000000 		.word	.L50+1
 866 0088 C9000000 		.word	.L49+1
 867 008c 0D010000 		.word	.L48+1
 868 0090 3D010000 		.word	.L44+1
 869 0094 3D010000 		.word	.L44+1
 870 0098 7D010000 		.word	.L47+1
 871 009c 91010000 		.word	.L46+1
 872 00a0 A5010000 		.word	.L45+1
 873 00a4 3D010000 		.word	.L44+1
 874 00a8 3B000000 		.word	.L41+1
ARM GAS  /tmp/ccQ9amwR.s 			page 21


 875              		.p2align 1
 876              	.L64:
 175:Core/Src/ui/widgets.c ****         if (type == ICON_ALERT)                         icon_color = COLOR_DANGER;
 877              		.loc 1 175 68 is_stmt 0 discriminator 1 view .LVU178
 878 00ac 40F2FF76 		movw	r6, #2047
 879              	.LVL89:
 175:Core/Src/ui/widgets.c ****         if (type == ICON_ALERT)                         icon_color = COLOR_DANGER;
 880              		.loc 1 175 68 discriminator 1 view .LVU179
 881 00b0 E2E7     		b	.L36
 882              	.LVL90:
 883              	.L50:
 184:Core/Src/ui/widgets.c ****             break;
 884              		.loc 1 184 13 is_stmt 1 view .LVU180
 885 00b2 611C     		adds	r1, r4, #1
 886              	.LVL91:
 184:Core/Src/ui/widgets.c ****             break;
 887              		.loc 1 184 13 is_stmt 0 view .LVU181
 888 00b4 0196     		str	r6, [sp, #4]
 889 00b6 0223     		movs	r3, #2
 890 00b8 0093     		str	r3, [sp]
 891 00ba 0623     		movs	r3, #6
 892 00bc 0A22     		movs	r2, #10
 893              	.LVL92:
 184:Core/Src/ui/widgets.c ****             break;
 894              		.loc 1 184 13 view .LVU182
 895 00be 89B2     		uxth	r1, r1
 896 00c0 2846     		mov	r0, r5
 897              	.LVL93:
 184:Core/Src/ui/widgets.c ****             break;
 898              		.loc 1 184 13 view .LVU183
 899 00c2 FFF7FEFF 		bl	GFX_DrawRoundRect
 900              	.LVL94:
 185:Core/Src/ui/widgets.c ****         case ICON_CHARGING:   /* zap bolt */
 901              		.loc 1 185 13 is_stmt 1 view .LVU184
 902 00c6 49E0     		b	.L51
 903              	.LVL95:
 904              	.L49:
 187:Core/Src/ui/widgets.c ****             GFX_DrawLine(x + 2, y + 5, x + 6, y + 4, icon_color);
 905              		.loc 1 187 13 view .LVU185
 906 00c8 AB1D     		adds	r3, r5, #6
 907 00ca 98B2     		uxth	r0, r3
 908              	.LVL96:
 187:Core/Src/ui/widgets.c ****             GFX_DrawLine(x + 2, y + 5, x + 6, y + 4, icon_color);
 909              		.loc 1 187 13 is_stmt 0 view .LVU186
 910 00cc 0746     		mov	r7, r0
 911 00ce AB1C     		adds	r3, r5, #2
 912 00d0 9AB2     		uxth	r2, r3
 913              	.LVL97:
 187:Core/Src/ui/widgets.c ****             GFX_DrawLine(x + 2, y + 5, x + 6, y + 4, icon_color);
 914              		.loc 1 187 13 view .LVU187
 915 00d2 631D     		adds	r3, r4, #5
 916 00d4 9BB2     		uxth	r3, r3
 917 00d6 0096     		str	r6, [sp]
 918 00d8 9A46     		mov	r10, r3
 919 00da 9146     		mov	r9, r2
 920 00dc 2146     		mov	r1, r4
 921              	.LVL98:
ARM GAS  /tmp/ccQ9amwR.s 			page 22


 187:Core/Src/ui/widgets.c ****             GFX_DrawLine(x + 2, y + 5, x + 6, y + 4, icon_color);
 922              		.loc 1 187 13 view .LVU188
 923 00de FFF7FEFF 		bl	GFX_DrawLine
 924              	.LVL99:
 188:Core/Src/ui/widgets.c ****             GFX_DrawLine(x + 6, y + 4, x + 3, y + 8, icon_color);
 925              		.loc 1 188 13 is_stmt 1 view .LVU189
 926 00e2 231D     		adds	r3, r4, #4
 927 00e4 99B2     		uxth	r1, r3
 928 00e6 0096     		str	r6, [sp]
 929 00e8 8846     		mov	r8, r1
 930 00ea 0B46     		mov	r3, r1
 931 00ec 3A46     		mov	r2, r7
 932 00ee 5146     		mov	r1, r10
 933 00f0 4846     		mov	r0, r9
 934 00f2 FFF7FEFF 		bl	GFX_DrawLine
 935              	.LVL100:
 189:Core/Src/ui/widgets.c ****             break;
 936              		.loc 1 189 13 view .LVU190
 937 00f6 04F10803 		add	r3, r4, #8
 938 00fa EA1C     		adds	r2, r5, #3
 939 00fc 0096     		str	r6, [sp]
 940 00fe 9BB2     		uxth	r3, r3
 941 0100 92B2     		uxth	r2, r2
 942 0102 4146     		mov	r1, r8
 943 0104 3846     		mov	r0, r7
 944 0106 FFF7FEFF 		bl	GFX_DrawLine
 945              	.LVL101:
 190:Core/Src/ui/widgets.c ****         case ICON_FULL:       /* check mark, belly full */
 946              		.loc 1 190 13 view .LVU191
 947 010a 27E0     		b	.L51
 948              	.LVL102:
 949              	.L48:
 192:Core/Src/ui/widgets.c ****             GFX_DrawLine(x + 4, y + 7, x + 9, y + 1, icon_color);
 950              		.loc 1 192 13 view .LVU192
 951 010c 2B1D     		adds	r3, r5, #4
 952 010e 9AB2     		uxth	r2, r3
 953              	.LVL103:
 192:Core/Src/ui/widgets.c ****             GFX_DrawLine(x + 4, y + 7, x + 9, y + 1, icon_color);
 954              		.loc 1 192 13 is_stmt 0 view .LVU193
 955 0110 1746     		mov	r7, r2
 956 0112 E31D     		adds	r3, r4, #7
 957 0114 9BB2     		uxth	r3, r3
 958 0116 211D     		adds	r1, r4, #4
 959              	.LVL104:
 192:Core/Src/ui/widgets.c ****             GFX_DrawLine(x + 4, y + 7, x + 9, y + 1, icon_color);
 960              		.loc 1 192 13 view .LVU194
 961 0118 681C     		adds	r0, r5, #1
 962              	.LVL105:
 192:Core/Src/ui/widgets.c ****             GFX_DrawLine(x + 4, y + 7, x + 9, y + 1, icon_color);
 963              		.loc 1 192 13 view .LVU195
 964 011a 0096     		str	r6, [sp]
 965 011c 9846     		mov	r8, r3
 966 011e 89B2     		uxth	r1, r1
 967 0120 80B2     		uxth	r0, r0
 968 0122 FFF7FEFF 		bl	GFX_DrawLine
 969              	.LVL106:
 193:Core/Src/ui/widgets.c ****             break;
ARM GAS  /tmp/ccQ9amwR.s 			page 23


 970              		.loc 1 193 13 is_stmt 1 view .LVU196
 971 0126 631C     		adds	r3, r4, #1
 972 0128 05F10902 		add	r2, r5, #9
 973 012c 0096     		str	r6, [sp]
 974 012e 9BB2     		uxth	r3, r3
 975 0130 92B2     		uxth	r2, r2
 976 0132 4146     		mov	r1, r8
 977 0134 3846     		mov	r0, r7
 978 0136 FFF7FEFF 		bl	GFX_DrawLine
 979              	.LVL107:
 194:Core/Src/ui/widgets.c ****         case ICON_TEMP_OK:
 980              		.loc 1 194 13 view .LVU197
 981 013a 0FE0     		b	.L51
 982              	.LVL108:
 983              	.L44:
 198:Core/Src/ui/widgets.c ****             ILI9341_FillRect(x + 3, y + 6, 3, 3, icon_color);
 984              		.loc 1 198 13 view .LVU198
 985 013c 281D     		adds	r0, r5, #4
 986              	.LVL109:
 198:Core/Src/ui/widgets.c ****             ILI9341_FillRect(x + 3, y + 6, 3, 3, icon_color);
 987              		.loc 1 198 13 is_stmt 0 view .LVU199
 988 013e 3346     		mov	r3, r6
 989 0140 0622     		movs	r2, #6
 990              	.LVL110:
 198:Core/Src/ui/widgets.c ****             ILI9341_FillRect(x + 3, y + 6, 3, 3, icon_color);
 991              		.loc 1 198 13 view .LVU200
 992 0142 2146     		mov	r1, r4
 993              	.LVL111:
 198:Core/Src/ui/widgets.c ****             ILI9341_FillRect(x + 3, y + 6, 3, 3, icon_color);
 994              		.loc 1 198 13 view .LVU201
 995 0144 80B2     		uxth	r0, r0
 996 0146 FFF7FEFF 		bl	GFX_DrawVLine
 997              	.LVL112:
 199:Core/Src/ui/widgets.c ****             break;
 998              		.loc 1 199 13 is_stmt 1 view .LVU202
 999 014a A11D     		adds	r1, r4, #6
 1000 014c E81C     		adds	r0, r5, #3
 1001 014e 0096     		str	r6, [sp]
 1002 0150 0323     		movs	r3, #3
 1003 0152 1A46     		mov	r2, r3
 1004 0154 89B2     		uxth	r1, r1
 1005 0156 80B2     		uxth	r0, r0
 1006 0158 FFF7FEFF 		bl	ILI9341_FillRect
 1007              	.LVL113:
 200:Core/Src/ui/widgets.c ****         case ICON_OUTPUT_ON:  /* full dot */
 1008              		.loc 1 200 13 view .LVU203
 1009              	.L51:
 211:Core/Src/ui/widgets.c ****         case ICON_DISCHARGING: /* arrow down, battery giving */
 212:Core/Src/ui/widgets.c ****             GFX_DrawVLine(x + 4, y, 6, icon_color);
 213:Core/Src/ui/widgets.c ****             GFX_DrawVLine(x + 5, y, 6, icon_color);
 214:Core/Src/ui/widgets.c ****             GFX_DrawLine(x + 1, y + 4, x + 4, y + 8, icon_color);
 215:Core/Src/ui/widgets.c ****             GFX_DrawLine(x + 8, y + 4, x + 5, y + 8, icon_color);
 216:Core/Src/ui/widgets.c ****             break;
 217:Core/Src/ui/widgets.c ****         default:
 218:Core/Src/ui/widgets.c ****             break;
 219:Core/Src/ui/widgets.c ****     }
 220:Core/Src/ui/widgets.c **** 
ARM GAS  /tmp/ccQ9amwR.s 			page 24


 221:Core/Src/ui/widgets.c ****     /* Text label next to the icon */
 222:Core/Src/ui/widgets.c ****     GFX_DrawString(x + 14, y + 1, label, &GFX_FontSmall, icon_color, COLOR_BG);
 1010              		.loc 1 222 5 view .LVU204
 1011 015c 611C     		adds	r1, r4, #1
 1012 015e 05F10E00 		add	r0, r5, #14
 1013 0162 40F64103 		movw	r3, #2113
 1014 0166 0193     		str	r3, [sp, #4]
 1015 0168 0096     		str	r6, [sp]
 1016 016a 234B     		ldr	r3, .L65
 1017 016c 5A46     		mov	r2, fp
 1018 016e 89B2     		uxth	r1, r1
 1019 0170 80B2     		uxth	r0, r0
 1020 0172 FFF7FEFF 		bl	GFX_DrawString
 1021              	.LVL114:
 223:Core/Src/ui/widgets.c **** }
 1022              		.loc 1 223 1 is_stmt 0 view .LVU205
 1023 0176 03B0     		add	sp, sp, #12
 1024              	.LCFI23:
 1025              		.cfi_remember_state
 1026              		.cfi_def_cfa_offset 36
 1027              		@ sp needed
 1028 0178 BDE8F08F 		pop	{r4, r5, r6, r7, r8, r9, r10, fp, pc}
 1029              	.LVL115:
 1030              	.L47:
 1031              	.LCFI24:
 1032              		.cfi_restore_state
 202:Core/Src/ui/widgets.c ****             break;
 1033              		.loc 1 202 13 is_stmt 1 view .LVU206
 1034 017c A11C     		adds	r1, r4, #2
 1035              	.LVL116:
 202:Core/Src/ui/widgets.c ****             break;
 1036              		.loc 1 202 13 is_stmt 0 view .LVU207
 1037 017e A81C     		adds	r0, r5, #2
 1038              	.LVL117:
 202:Core/Src/ui/widgets.c ****             break;
 1039              		.loc 1 202 13 view .LVU208
 1040 0180 0096     		str	r6, [sp]
 1041 0182 0623     		movs	r3, #6
 1042 0184 1A46     		mov	r2, r3
 1043              	.LVL118:
 202:Core/Src/ui/widgets.c ****             break;
 1044              		.loc 1 202 13 view .LVU209
 1045 0186 89B2     		uxth	r1, r1
 1046 0188 80B2     		uxth	r0, r0
 1047 018a FFF7FEFF 		bl	ILI9341_FillRect
 1048              	.LVL119:
 203:Core/Src/ui/widgets.c ****         case ICON_OUTPUT_OFF: /* empty dot */
 1049              		.loc 1 203 13 is_stmt 1 view .LVU210
 1050 018e E5E7     		b	.L51
 1051              	.LVL120:
 1052              	.L46:
 205:Core/Src/ui/widgets.c ****             break;
 1053              		.loc 1 205 13 view .LVU211
 1054 0190 A11C     		adds	r1, r4, #2
 1055              	.LVL121:
 205:Core/Src/ui/widgets.c ****             break;
 1056              		.loc 1 205 13 is_stmt 0 view .LVU212
ARM GAS  /tmp/ccQ9amwR.s 			page 25


 1057 0192 A81C     		adds	r0, r5, #2
 1058              	.LVL122:
 205:Core/Src/ui/widgets.c ****             break;
 1059              		.loc 1 205 13 view .LVU213
 1060 0194 0096     		str	r6, [sp]
 1061 0196 0623     		movs	r3, #6
 1062 0198 1A46     		mov	r2, r3
 1063              	.LVL123:
 205:Core/Src/ui/widgets.c ****             break;
 1064              		.loc 1 205 13 view .LVU214
 1065 019a 89B2     		uxth	r1, r1
 1066 019c 80B2     		uxth	r0, r0
 1067 019e FFF7FEFF 		bl	GFX_DrawRect
 1068              	.LVL124:
 206:Core/Src/ui/widgets.c ****         case ICON_ALERT:      /* "!" of danger */
 1069              		.loc 1 206 13 is_stmt 1 view .LVU215
 1070 01a2 DBE7     		b	.L51
 1071              	.LVL125:
 1072              	.L45:
 212:Core/Src/ui/widgets.c ****             GFX_DrawVLine(x + 5, y, 6, icon_color);
 1073              		.loc 1 212 13 view .LVU216
 1074 01a4 2B1D     		adds	r3, r5, #4
 1075 01a6 9BB2     		uxth	r3, r3
 1076 01a8 1F46     		mov	r7, r3
 1077 01aa 3346     		mov	r3, r6
 1078 01ac 0622     		movs	r2, #6
 1079              	.LVL126:
 212:Core/Src/ui/widgets.c ****             GFX_DrawVLine(x + 5, y, 6, icon_color);
 1080              		.loc 1 212 13 is_stmt 0 view .LVU217
 1081 01ae 2146     		mov	r1, r4
 1082              	.LVL127:
 212:Core/Src/ui/widgets.c ****             GFX_DrawVLine(x + 5, y, 6, icon_color);
 1083              		.loc 1 212 13 view .LVU218
 1084 01b0 3846     		mov	r0, r7
 1085              	.LVL128:
 212:Core/Src/ui/widgets.c ****             GFX_DrawVLine(x + 5, y, 6, icon_color);
 1086              		.loc 1 212 13 view .LVU219
 1087 01b2 FFF7FEFF 		bl	GFX_DrawVLine
 1088              	.LVL129:
 213:Core/Src/ui/widgets.c ****             GFX_DrawLine(x + 1, y + 4, x + 4, y + 8, icon_color);
 1089              		.loc 1 213 13 is_stmt 1 view .LVU220
 1090 01b6 6B1D     		adds	r3, r5, #5
 1091 01b8 9BB2     		uxth	r3, r3
 1092 01ba 1846     		mov	r0, r3
 1093 01bc 3346     		mov	r3, r6
 1094 01be 0622     		movs	r2, #6
 1095 01c0 2146     		mov	r1, r4
 1096 01c2 8146     		mov	r9, r0
 1097 01c4 FFF7FEFF 		bl	GFX_DrawVLine
 1098              	.LVL130:
 214:Core/Src/ui/widgets.c ****             GFX_DrawLine(x + 8, y + 4, x + 5, y + 8, icon_color);
 1099              		.loc 1 214 13 view .LVU221
 1100 01c8 231D     		adds	r3, r4, #4
 1101 01ca 99B2     		uxth	r1, r3
 1102 01cc 04F10803 		add	r3, r4, #8
 1103 01d0 9BB2     		uxth	r3, r3
 1104 01d2 681C     		adds	r0, r5, #1
ARM GAS  /tmp/ccQ9amwR.s 			page 26


 1105 01d4 0096     		str	r6, [sp]
 1106 01d6 9846     		mov	r8, r3
 1107 01d8 3A46     		mov	r2, r7
 1108 01da 0F46     		mov	r7, r1
 1109 01dc 80B2     		uxth	r0, r0
 1110 01de FFF7FEFF 		bl	GFX_DrawLine
 1111              	.LVL131:
 215:Core/Src/ui/widgets.c ****             break;
 1112              		.loc 1 215 13 view .LVU222
 1113 01e2 05F10800 		add	r0, r5, #8
 1114 01e6 0096     		str	r6, [sp]
 1115 01e8 4346     		mov	r3, r8
 1116 01ea 4A46     		mov	r2, r9
 1117 01ec 3946     		mov	r1, r7
 1118 01ee 80B2     		uxth	r0, r0
 1119 01f0 FFF7FEFF 		bl	GFX_DrawLine
 1120              	.LVL132:
 216:Core/Src/ui/widgets.c ****         default:
 1121              		.loc 1 216 13 view .LVU223
 1122 01f4 B2E7     		b	.L51
 1123              	.L66:
 1124 01f6 00BF     		.align	2
 1125              	.L65:
 1126 01f8 00000000 		.word	GFX_FontSmall
 1127              		.cfi_endproc
 1128              	.LFE230:
 1130              		.section	.text.Widget_Button_Draw,"ax",%progbits
 1131              		.align	1
 1132              		.global	Widget_Button_Draw
 1133              		.syntax unified
 1134              		.thumb
 1135              		.thumb_func
 1137              	Widget_Button_Draw:
 1138              	.LVL133:
 1139              	.LFB231:
 224:Core/Src/ui/widgets.c **** 
 225:Core/Src/ui/widgets.c **** /* =========================================================
 226:Core/Src/ui/widgets.c ****  * WIDGET: MENU ROW
 227:Core/Src/ui/widgets.c ****  * ========================================================= */
 228:Core/Src/ui/widgets.c **** 
 229:Core/Src/ui/widgets.c **** void Widget_Button_Draw(uint16_t x, uint16_t y, uint16_t w, uint16_t h,
 230:Core/Src/ui/widgets.c ****                         const char *text, uint8_t selected)
 231:Core/Src/ui/widgets.c **** {
 1140              		.loc 1 231 1 view -0
 1141              		.cfi_startproc
 1142              		@ args = 8, pretend = 0, frame = 8
 1143              		@ frame_needed = 0, uses_anonymous_args = 0
 1144              		.loc 1 231 1 is_stmt 0 view .LVU225
 1145 0000 2DE9F043 		push	{r4, r5, r6, r7, r8, r9, lr}
 1146              	.LCFI25:
 1147              		.cfi_def_cfa_offset 28
 1148              		.cfi_offset 4, -28
 1149              		.cfi_offset 5, -24
 1150              		.cfi_offset 6, -20
 1151              		.cfi_offset 7, -16
 1152              		.cfi_offset 8, -12
 1153              		.cfi_offset 9, -8
ARM GAS  /tmp/ccQ9amwR.s 			page 27


 1154              		.cfi_offset 14, -4
 1155 0004 85B0     		sub	sp, sp, #20
 1156              	.LCFI26:
 1157              		.cfi_def_cfa_offset 48
 1158 0006 8046     		mov	r8, r0
 1159 0008 0F46     		mov	r7, r1
 1160 000a 1446     		mov	r4, r2
 1161 000c 1D46     		mov	r5, r3
 1162 000e 9DF83460 		ldrb	r6, [sp, #52]	@ zero_extendqisi2
 232:Core/Src/ui/widgets.c ****     uint16_t tw = (uint16_t)(strlen(text) * (GFX_FONT_SMALL_W + 1) - 1);
 1163              		.loc 1 232 5 is_stmt 1 view .LVU226
 1164              		.loc 1 232 30 is_stmt 0 view .LVU227
 1165 0012 0C98     		ldr	r0, [sp, #48]
 1166              	.LVL134:
 1167              		.loc 1 232 30 view .LVU228
 1168 0014 FFF7FEFF 		bl	strlen
 1169              	.LVL135:
 1170              		.loc 1 232 19 discriminator 1 view .LVU229
 1171 0018 C0EBC000 		rsb	r0, r0, r0, lsl #3
 1172 001c 1FFA80FC 		uxth	ip, r0
 1173              		.loc 1 232 14 discriminator 1 view .LVU230
 1174 0020 0CF1FF3C 		add	ip, ip, #-1
 1175 0024 1FFA8CFC 		uxth	ip, ip
 1176              	.LVL136:
 233:Core/Src/ui/widgets.c ****     uint16_t tx = x + (w > tw ? (w - tw) / 2 : 0);
 1177              		.loc 1 233 5 is_stmt 1 view .LVU231
 1178              		.loc 1 233 21 is_stmt 0 view .LVU232
 1179 0028 A445     		cmp	ip, r4
 1180 002a 2CD2     		bcs	.L72
 1181              		.loc 1 233 36 discriminator 1 view .LVU233
 1182 002c A4EB0C0C 		sub	ip, r4, ip
 1183              	.LVL137:
 1184              		.loc 1 233 42 discriminator 1 view .LVU234
 1185 0030 0CEBDC7C 		add	ip, ip, ip, lsr #31
 1186              		.loc 1 233 21 discriminator 1 view .LVU235
 1187 0034 CCF34F0C 		ubfx	ip, ip, #1, #16
 1188              	.L68:
 1189              		.loc 1 233 14 discriminator 3 view .LVU236
 1190 0038 C444     		add	ip, ip, r8
 1191 003a 1FFA8CF3 		uxth	r3, ip
 1192 003e 9946     		mov	r9, r3
 1193              	.LVL138:
 234:Core/Src/ui/widgets.c ****     uint16_t ty = y + (h > GFX_FONT_SMALL_H ? (h - GFX_FONT_SMALL_H) / 2 : 0);
 1194              		.loc 1 234 5 is_stmt 1 view .LVU237
 1195              		.loc 1 234 21 is_stmt 0 view .LVU238
 1196 0040 082D     		cmp	r5, #8
 1197 0042 23D9     		bls	.L73
 1198              		.loc 1 234 50 discriminator 1 view .LVU239
 1199 0044 A5F10803 		sub	r3, r5, #8
 1200              		.loc 1 234 70 discriminator 1 view .LVU240
 1201 0048 03EBD373 		add	r3, r3, r3, lsr #31
 1202              		.loc 1 234 21 discriminator 1 view .LVU241
 1203 004c C3F34F03 		ubfx	r3, r3, #1, #16
 1204              	.L69:
 1205              		.loc 1 234 14 discriminator 3 view .LVU242
 1206 0050 3B44     		add	r3, r3, r7
 1207 0052 9BB2     		uxth	r3, r3
ARM GAS  /tmp/ccQ9amwR.s 			page 28


 1208 0054 0393     		str	r3, [sp, #12]
 1209              	.LVL139:
 235:Core/Src/ui/widgets.c **** 
 236:Core/Src/ui/widgets.c ****     if (selected) {
 1210              		.loc 1 236 5 is_stmt 1 view .LVU243
 1211              		.loc 1 236 8 is_stmt 0 view .LVU244
 1212 0056 DEB1     		cbz	r6, .L70
 237:Core/Src/ui/widgets.c ****         GFX_FillRoundRect(x, y, w, h, 4, COLOR_ACCENT);
 1213              		.loc 1 237 9 is_stmt 1 view .LVU245
 1214 0058 4FF66046 		movw	r6, #64608
 1215 005c 0196     		str	r6, [sp, #4]
 1216 005e 0423     		movs	r3, #4
 1217 0060 0093     		str	r3, [sp]
 1218 0062 2B46     		mov	r3, r5
 1219 0064 2246     		mov	r2, r4
 1220 0066 3946     		mov	r1, r7
 1221 0068 4046     		mov	r0, r8
 1222              	.LVL140:
 1223              		.loc 1 237 9 is_stmt 0 view .LVU246
 1224 006a FFF7FEFF 		bl	GFX_FillRoundRect
 1225              	.LVL141:
 238:Core/Src/ui/widgets.c ****         GFX_DrawString(tx, ty, text, &GFX_FontMedium, COLOR_BLACK, COLOR_ACCENT);
 1226              		.loc 1 238 9 is_stmt 1 view .LVU247
 1227 006e 0196     		str	r6, [sp, #4]
 1228 0070 0023     		movs	r3, #0
 1229 0072 0093     		str	r3, [sp]
 1230 0074 114B     		ldr	r3, .L75
 1231 0076 0C9A     		ldr	r2, [sp, #48]
 1232 0078 0399     		ldr	r1, [sp, #12]
 1233 007a 4846     		mov	r0, r9
 1234 007c FFF7FEFF 		bl	GFX_DrawString
 1235              	.LVL142:
 1236              	.L67:
 239:Core/Src/ui/widgets.c ****     } else {
 240:Core/Src/ui/widgets.c ****         GFX_FillRoundRect(x, y, w, h, 4, COLOR_DARKGRAY);
 241:Core/Src/ui/widgets.c ****         GFX_DrawString(tx, ty, text, &GFX_FontMedium, COLOR_WHITE, COLOR_DARKGRAY);
 242:Core/Src/ui/widgets.c ****     }
 243:Core/Src/ui/widgets.c **** }
 1237              		.loc 1 243 1 is_stmt 0 view .LVU248
 1238 0080 05B0     		add	sp, sp, #20
 1239              	.LCFI27:
 1240              		.cfi_remember_state
 1241              		.cfi_def_cfa_offset 28
 1242              		@ sp needed
 1243 0082 BDE8F083 		pop	{r4, r5, r6, r7, r8, r9, pc}
 1244              	.LVL143:
 1245              	.L72:
 1246              	.LCFI28:
 1247              		.cfi_restore_state
 233:Core/Src/ui/widgets.c ****     uint16_t ty = y + (h > GFX_FONT_SMALL_H ? (h - GFX_FONT_SMALL_H) / 2 : 0);
 1248              		.loc 1 233 21 discriminator 2 view .LVU249
 1249 0086 4FF0000C 		mov	ip, #0
 1250              	.LVL144:
 233:Core/Src/ui/widgets.c ****     uint16_t ty = y + (h > GFX_FONT_SMALL_H ? (h - GFX_FONT_SMALL_H) / 2 : 0);
 1251              		.loc 1 233 21 discriminator 2 view .LVU250
 1252 008a D5E7     		b	.L68
 1253              	.LVL145:
ARM GAS  /tmp/ccQ9amwR.s 			page 29


 1254              	.L73:
 234:Core/Src/ui/widgets.c **** 
 1255              		.loc 1 234 21 discriminator 2 view .LVU251
 1256 008c 0023     		movs	r3, #0
 1257 008e DFE7     		b	.L69
 1258              	.LVL146:
 1259              	.L70:
 240:Core/Src/ui/widgets.c ****         GFX_DrawString(tx, ty, text, &GFX_FontMedium, COLOR_WHITE, COLOR_DARKGRAY);
 1260              		.loc 1 240 9 is_stmt 1 view .LVU252
 1261 0090 44F20826 		movw	r6, #16904
 1262 0094 0196     		str	r6, [sp, #4]
 1263 0096 0423     		movs	r3, #4
 1264 0098 0093     		str	r3, [sp]
 1265 009a 2B46     		mov	r3, r5
 1266 009c 2246     		mov	r2, r4
 1267 009e 3946     		mov	r1, r7
 1268 00a0 4046     		mov	r0, r8
 1269              	.LVL147:
 240:Core/Src/ui/widgets.c ****         GFX_DrawString(tx, ty, text, &GFX_FontMedium, COLOR_WHITE, COLOR_DARKGRAY);
 1270              		.loc 1 240 9 is_stmt 0 view .LVU253
 1271 00a2 FFF7FEFF 		bl	GFX_FillRoundRect
 1272              	.LVL148:
 241:Core/Src/ui/widgets.c ****     }
 1273              		.loc 1 241 9 is_stmt 1 view .LVU254
 1274 00a6 0196     		str	r6, [sp, #4]
 1275 00a8 4FF6FF73 		movw	r3, #65535
 1276 00ac 0093     		str	r3, [sp]
 1277 00ae 034B     		ldr	r3, .L75
 1278 00b0 0C9A     		ldr	r2, [sp, #48]
 1279 00b2 0399     		ldr	r1, [sp, #12]
 1280 00b4 4846     		mov	r0, r9
 1281 00b6 FFF7FEFF 		bl	GFX_DrawString
 1282              	.LVL149:
 1283              		.loc 1 243 1 is_stmt 0 view .LVU255
 1284 00ba E1E7     		b	.L67
 1285              	.L76:
 1286              		.align	2
 1287              	.L75:
 1288 00bc 00000000 		.word	GFX_FontMedium
 1289              		.cfi_endproc
 1290              	.LFE231:
 1292              		.section	.text.Widget_MenuRow_Draw,"ax",%progbits
 1293              		.align	1
 1294              		.global	Widget_MenuRow_Draw
 1295              		.syntax unified
 1296              		.thumb
 1297              		.thumb_func
 1299              	Widget_MenuRow_Draw:
 1300              	.LVL150:
 1301              	.LFB232:
 244:Core/Src/ui/widgets.c **** 
 245:Core/Src/ui/widgets.c **** void Widget_MenuRow_Draw(uint16_t x, uint16_t y, uint16_t w, uint16_t h,
 246:Core/Src/ui/widgets.c ****                          const char *text, uint8_t selected)
 247:Core/Src/ui/widgets.c **** {
 1302              		.loc 1 247 1 is_stmt 1 view -0
 1303              		.cfi_startproc
 1304              		@ args = 8, pretend = 0, frame = 0
ARM GAS  /tmp/ccQ9amwR.s 			page 30


 1305              		@ frame_needed = 0, uses_anonymous_args = 0
 1306              		.loc 1 247 1 is_stmt 0 view .LVU257
 1307 0000 70B5     		push	{r4, r5, r6, lr}
 1308              	.LCFI29:
 1309              		.cfi_def_cfa_offset 16
 1310              		.cfi_offset 4, -16
 1311              		.cfi_offset 5, -12
 1312              		.cfi_offset 6, -8
 1313              		.cfi_offset 14, -4
 1314 0002 82B0     		sub	sp, sp, #8
 1315              	.LCFI30:
 1316              		.cfi_def_cfa_offset 24
 1317 0004 0446     		mov	r4, r0
 1318 0006 9DF81C00 		ldrb	r0, [sp, #28]	@ zero_extendqisi2
 1319              	.LVL151:
 248:Core/Src/ui/widgets.c ****     uint16_t text_y = y + (h > GFX_FONT_SMALL_H ? (h - GFX_FONT_SMALL_H) / 2 : 0);
 1320              		.loc 1 248 5 is_stmt 1 view .LVU258
 1321              		.loc 1 248 25 is_stmt 0 view .LVU259
 1322 000a 082B     		cmp	r3, #8
 1323 000c 1FD9     		bls	.L81
 1324              		.loc 1 248 54 discriminator 1 view .LVU260
 1325 000e A3F1080C 		sub	ip, r3, #8
 1326              		.loc 1 248 74 discriminator 1 view .LVU261
 1327 0012 0CEBDC7C 		add	ip, ip, ip, lsr #31
 1328              		.loc 1 248 25 discriminator 1 view .LVU262
 1329 0016 CCF34F0C 		ubfx	ip, ip, #1, #16
 1330              	.L78:
 1331              		.loc 1 248 14 discriminator 3 view .LVU263
 1332 001a 8C44     		add	ip, ip, r1
 1333 001c 1FFA8CF5 		uxth	r5, ip
 1334 0020 2E46     		mov	r6, r5
 1335              	.LVL152:
 249:Core/Src/ui/widgets.c **** 
 250:Core/Src/ui/widgets.c ****     if (selected)
 1336              		.loc 1 250 5 is_stmt 1 view .LVU264
 1337              		.loc 1 250 8 is_stmt 0 view .LVU265
 1338 0022 B8B1     		cbz	r0, .L79
 251:Core/Src/ui/widgets.c ****     {
 252:Core/Src/ui/widgets.c ****         /* Selected row: accent background + dark text. */
 253:Core/Src/ui/widgets.c ****         GFX_FillRoundRect(x, y, w, h, 4, COLOR_ACCENT);
 1339              		.loc 1 253 9 is_stmt 1 view .LVU266
 1340 0024 4FF66046 		movw	r6, #64608
 1341 0028 0196     		str	r6, [sp, #4]
 1342 002a 0420     		movs	r0, #4
 1343 002c 0090     		str	r0, [sp]
 1344 002e 2046     		mov	r0, r4
 1345 0030 FFF7FEFF 		bl	GFX_FillRoundRect
 1346              	.LVL153:
 254:Core/Src/ui/widgets.c ****         GFX_DrawString(x + 8, text_y, text, &GFX_FontMedium, COLOR_BLACK, COLOR_ACCENT);
 1347              		.loc 1 254 9 view .LVU267
 1348 0034 04F10800 		add	r0, r4, #8
 1349 0038 0196     		str	r6, [sp, #4]
 1350 003a 0023     		movs	r3, #0
 1351 003c 0093     		str	r3, [sp]
 1352 003e 104B     		ldr	r3, .L83
 1353 0040 069A     		ldr	r2, [sp, #24]
 1354 0042 2946     		mov	r1, r5
ARM GAS  /tmp/ccQ9amwR.s 			page 31


 1355 0044 80B2     		uxth	r0, r0
 1356 0046 FFF7FEFF 		bl	GFX_DrawString
 1357              	.LVL154:
 1358              	.L77:
 255:Core/Src/ui/widgets.c ****     }
 256:Core/Src/ui/widgets.c ****     else
 257:Core/Src/ui/widgets.c ****     {
 258:Core/Src/ui/widgets.c ****         /* Normal row: dark background + light text. */
 259:Core/Src/ui/widgets.c ****         GFX_FillRoundRect(x, y, w, h, 4, COLOR_DARKGRAY);
 260:Core/Src/ui/widgets.c ****         GFX_DrawString(x + 8, text_y, text, &GFX_FontMedium, COLOR_WHITE, COLOR_DARKGRAY);
 261:Core/Src/ui/widgets.c ****     }
 262:Core/Src/ui/widgets.c **** }...
 1359              		.loc 1 262 1 is_stmt 0 view .LVU268
 1360 004a 02B0     		add	sp, sp, #8
 1361              	.LCFI31:
 1362              		.cfi_remember_state
 1363              		.cfi_def_cfa_offset 16
 1364              		@ sp needed
 1365 004c 70BD     		pop	{r4, r5, r6, pc}
 1366              	.LVL155:
 1367              	.L81:
 1368              	.LCFI32:
 1369              		.cfi_restore_state
 248:Core/Src/ui/widgets.c ****     uint16_t text_y = y + (h > GFX_FONT_SMALL_H ? (h - GFX_FONT_SMALL_H) / 2 : 0);
 1370              		.loc 1 248 25 discriminator 2 view .LVU269
 1371 004e 4FF0000C 		mov	ip, #0
 1372 0052 E2E7     		b	.L78
 1373              	.LVL156:
 1374              	.L79:
 259:Core/Src/ui/widgets.c ****         GFX_FillRoundRect(x, y, w, h, 4, COLOR_DARKGRAY);
 1375              		.loc 1 259 9 is_stmt 1 view .LVU270
 1376 0054 44F20825 		movw	r5, #16904
 1377              	.LVL157:
 259:Core/Src/ui/widgets.c ****         GFX_FillRoundRect(x, y, w, h, 4, COLOR_DARKGRAY);
 1378              		.loc 1 259 9 is_stmt 0 view .LVU271
 1379 0058 0195     		str	r5, [sp, #4]
 1380 005a 0420     		movs	r0, #4
 1381 005c 0090     		str	r0, [sp]
 1382 005e 2046     		mov	r0, r4
 1383 0060 FFF7FEFF 		bl	GFX_FillRoundRect
 1384              	.LVL158:
 260:Core/Src/ui/widgets.c ****         GFX_DrawString(x + 8, text_y, text, &GFX_FontMedium, COLOR_WHITE, COLOR_DARKGRAY);
 1385              		.loc 1 260 9 is_stmt 1 view .LVU272
 1386 0064 04F10800 		add	r0, r4, #8
 1387 0068 0195     		str	r5, [sp, #4]
 1388 006a 4FF6FF73 		movw	r3, #65535
 1389 006e 0093     		str	r3, [sp]
 1390 0070 034B     		ldr	r3, .L83
 1391 0072 069A     		ldr	r2, [sp, #24]
 1392 0074 3146     		mov	r1, r6
 1393 0076 80B2     		uxth	r0, r0
 1394 0078 FFF7FEFF 		bl	GFX_DrawString
 1395              	.LVL159:
 1396              		.loc 1 262 1 is_stmt 0 view .LVU273
 1397 007c E5E7     		b	.L77
 1398              	.L84:
 1399 007e 00BF     		.align	2
ARM GAS  /tmp/ccQ9amwR.s 			page 32


 1400              	.L83:
 1401 0080 00000000 		.word	GFX_FontMedium
 1402              		.cfi_endproc
 1403              	.LFE232:
 1405              		.text
 1406              	.Letext0:
 1407              		.file 2 "/usr/arm-none-eabi/include/machine/_default_types.h"
 1408              		.file 3 "/usr/arm-none-eabi/include/sys/_stdint.h"
 1409              		.file 4 "/usr/lib/gcc/arm-none-eabi/16.1.0/include/stddef.h"
 1410              		.file 5 "Core/Inc/display/gfx.h"
 1411              		.file 6 "Core/Inc/ui/widgets.h"
 1412              		.file 7 "/usr/arm-none-eabi/include/string.h"
 1413              		.file 8 "Core/Inc/ui/screens.h"
 1414              		.file 9 "Core/Inc/display/ili9341.h"
ARM GAS  /tmp/ccQ9amwR.s 			page 33


DEFINED SYMBOLS
                            *ABS*:00000000 widgets.c
     /tmp/ccQ9amwR.s:21     .text.battery_color:00000000 $t
     /tmp/ccQ9amwR.s:26     .text.battery_color:00000000 battery_color
     /tmp/ccQ9amwR.s:49     .text.Widget_BatteryBar_Update:00000000 $t
     /tmp/ccQ9amwR.s:55     .text.Widget_BatteryBar_Update:00000000 Widget_BatteryBar_Update
     /tmp/ccQ9amwR.s:158    .text.Widget_BatteryBar_Update:00000058 $d
     /tmp/ccQ9amwR.s:163    .text.Widget_BatteryBar_Draw:00000000 $t
     /tmp/ccQ9amwR.s:169    .text.Widget_BatteryBar_Draw:00000000 Widget_BatteryBar_Draw
     /tmp/ccQ9amwR.s:262    .text.Widget_LineGraph_Trace:00000000 $t
     /tmp/ccQ9amwR.s:268    .text.Widget_LineGraph_Trace:00000000 Widget_LineGraph_Trace
     /tmp/ccQ9amwR.s:469    .text.Widget_LineGraph_Draw:00000000 $t
     /tmp/ccQ9amwR.s:475    .text.Widget_LineGraph_Draw:00000000 Widget_LineGraph_Draw
     /tmp/ccQ9amwR.s:584    .text.Widget_ValueLabel_Draw:00000000 $t
     /tmp/ccQ9amwR.s:590    .text.Widget_ValueLabel_Draw:00000000 Widget_ValueLabel_Draw
     /tmp/ccQ9amwR.s:645    .text.Widget_ValueLabel_Draw:00000038 $d
     /tmp/ccQ9amwR.s:651    .text.Widget_ValueLabel_Update:00000000 $t
     /tmp/ccQ9amwR.s:657    .text.Widget_ValueLabel_Update:00000000 Widget_ValueLabel_Update
     /tmp/ccQ9amwR.s:718    .text.Widget_ValueLabel_Update:00000038 $d
     /tmp/ccQ9amwR.s:723    .text.Widget_StatusIcon_Draw:00000000 $t
     /tmp/ccQ9amwR.s:729    .text.Widget_StatusIcon_Draw:00000000 Widget_StatusIcon_Draw
     /tmp/ccQ9amwR.s:865    .text.Widget_StatusIcon_Draw:00000084 $d
     /tmp/ccQ9amwR.s:875    .text.Widget_StatusIcon_Draw:000000ac $t
     /tmp/ccQ9amwR.s:1126   .text.Widget_StatusIcon_Draw:000001f8 $d
     /tmp/ccQ9amwR.s:1131   .text.Widget_Button_Draw:00000000 $t
     /tmp/ccQ9amwR.s:1137   .text.Widget_Button_Draw:00000000 Widget_Button_Draw
     /tmp/ccQ9amwR.s:1288   .text.Widget_Button_Draw:000000bc $d
     /tmp/ccQ9amwR.s:1293   .text.Widget_MenuRow_Draw:00000000 $t
     /tmp/ccQ9amwR.s:1299   .text.Widget_MenuRow_Draw:00000000 Widget_MenuRow_Draw
     /tmp/ccQ9amwR.s:1401   .text.Widget_MenuRow_Draw:00000080 $d

UNDEFINED SYMBOLS
battery_color_pub
ILI9341_FillRect
GFX_DrawRoundRect
GFX_DrawLine
GFX_DrawRect
GFX_DrawHLine
GFX_DrawString
GFX_FontSmall
GFX_FontMedium
GFX_DrawVLine
strlen
GFX_FillRoundRect
